土耳古
一口話
一合目
一時金
一昼夜
一直線
一本気
一本道
一毛作
一夕話
引火点
引当金
引用文
雨合羽
遠心分
遠心力
遠地点
遠日点
黄金国
黄金色
黄道光
黄道色
黄白色
少女心
音楽会
音声学
下手人
下水道
下足番
下町風
下馬先
何時間
夏時間
夏木立
火山岩
火食鳥
火星人
火木土
花時計
花電車
画学紙
画用紙
会計学
会見記
回帰線
海王星
絵日記
絵文字
外科学
外国語
外国人
外野手
外来語
楽天家
活字体
魚市場
京人形
教科書
玉虫色
近日点
金時計
九星家
空手家
空手形
兄弟子
兄弟分
計算書
計算木
月水金
月長石
原子雲
原子力
原生林
言語学
古文学
五十音
五線紙
五大国
後半生
交読文
光電子
光電池
公海上
公教会
公生活
公分母
公文書
公用語
公用車
公用文
口下手
口角力
口小言
口上手
工学科
考古学
高校生
高分子
黒雲母
黒水引
黒曜岩
黒曜石
今月分
今時分
今朝方
今道心
三原色
三元色
三行半
三下半
三国一
三十戸
三大国
三本足
三毛作
山女魚
山水画
山茶花
山林学
四角形
子会社
糸電話
時計台
時計店
自国語
自立語
自立心
七角形
室内楽
社会学
社会人
社用車
弱小国
秋刀魚
十五夜
十三夜
十字火
十字形
十字線
十二分
十文字
十六夜
出生地
出入国
出目金
出来高
出来秋
出来心
出来星
出力線
書記長
女学生
女子高
女子大
小学校
小学生
小細工
小切手
小麦色
小文字
小食家
少食家
少年会
上下線
上水道
上中下
上天気
食生活
心電図
心理学
新入生
新年会
新聞紙
新聞社
人間学
人口学
人工雨
人工雪
人工池
人工林
人心地
人体学
人力車
二王門
図書室
水力学
星気体
晴後雨
正教会
正中線
正電気
正方形
生番組
声楽家
青海原
青少年
青二才
石首魚
赤外線
赤十字
赤電話
雪上車
先入見
千一夜
千秋楽
千石船
千鳥足
前口上
村時雨
村八分
多角形
多原子
多年草
大学生
大多数
大中小
大文字
大目玉
大理石
大口魚
男子高
地下室
地下道
地形図
地元紙
地理学
竹細工
中学校
中学生
中間国
中間子
中間体
中古車
中国語
中国人
中心地
中心点
中水道
中南米
中立国
昼食会
長時間
長方形
長方体
直弟子
直方体
通行止
通行人
天王星
天下一
天気図
天体学
天体図
天道虫
天文家
天文学
天文台
電気工
電通大
電話室
電話線
東海道
東北人
頭文字
同音語
同学年
同心円
同父母
同分母
内外人
内外野
内親王
内地人
内地米
内弟子
内野手
南北朝
二原子
二国間
二直角
二分木
二毛作
日本画
日本海
日本間
日本語
日本紙
日本車
日本食
日本人
日本晴
日本茶
日本刀
日本風
入会金
入学金
入学生
入出力
入場門
入道雲
入力線
売買高
八角形
八九分
八千草
八百長
半円形
半夏生
半長形
半直線
半母音
父兄会
分科会
分教場
分光学
分工場
分水線
米国人
母国語
北海道
北国人
本国人
本草学
明細書
明赤色
木工場
門下生
夜学校
夜汽車
夜光虫
野心家
立方体
六角形
話下手
馬刀貝
一家言
黄玉石
古文書
五角形
三角形
出生数
早合点
八分目
生字引
一分金
弟弟子
先先月
前前回
出入口
丸木船
来来週
音楽学
小売店
右中間
生一本
半月形
会社立
地方紙
地方色
地下水
大音声
外耳道
日時計
自自公
石南花
古新聞
行楽地
一分半
金切声
茶話会
十八金
貝細工
火口原
中高生
五万米
小切子
大人気
頭字語
黄金虫
組合頭
金石文
細小魚
町工場
親会社
生理学
晴雨計
四分六
子午線
金赤色
明後年
空下手
音楽家
通用門
社会科
高学年
国文学
手引書
売上高
秋田犬
夕月夜
小人数
星月夜
多人数
目八分
出合頭
出会頭
回教国
空元気
空中線
空気口
口上書
口語文
口語体
後見人
八文字
金文字
金石学
金魚草
用水池
通学生
通風口
読書人
読書力
読書会
読書室
読書家
父母会
歩合算
歩数計
中心角
中間色
冬木立
手細工
昼光色
土気色
社交家
石切場
石火矢
石竹色
石細工
百万言
春分点
見目形
車大工
新人王
新字体
親切気
親文字
親日家
親兄弟
文人画
文明国
文語文
文語体
日本一
日本犬
日本学
人工語
人文字
人国記
船大工
水中花
水時計
水理学
小天地
小手先
小正月
小休止
小作人
小作米
右心室
国文科
活人画
活用形
活用語
活字本
遠山里
青年会
青電話
名文家
売上金
校友会
学友会
女文字
女学校
女道楽
地下線
地中海
地文学
地形学
電力計
電話口
西日本
四天王
四分円
紙四手
四半分
道中記
海水魚
海食台
黒文字
町内会
町道場
出走馬
近地点
近海魚
絵草紙
絵草子
話上手
話半分
母子草
大入道
大八車
大公国
大広間
大白鳥
大海原
大黒天
大山木
太刀先
多毛作
左心室
入会地
男文字
心電計
長町場
長四角
知日家
声明書
花文字
花水木
花鳥画
月見草
外字紙
木太刀
木戸番
木食虫
千六本
森林学
雨台風
聞上手
思考力
赤新聞
赤電車
生体学
生活力
雲上人
天理教
角細工
前半生
立太子
立会人
岩石学
食道楽
白地図
白雲石
雪月花
風力計
風切羽
風馬牛
早少女
早場米
海馬回
火星年
左中間
小東京
食肉目
新正月
先生方
先先週
同母姉
土台石
風土記
明朝体
百千鳥
友人間
木金土
火木金
米市場
語学力
工作室
工場長
校長室
国語学
国内線
作用点
姉妹校
紙細工
社長室
手羽先
女子校
親切心
船長室
男子校
電子音
同国人
白色光
理工科
三国人
黄土色
車前草
十姉妹
書見台
新生活
船会社
長母音
矢車草
多言語
水道水
顔文字
一太刀
引用書
画学生
絵空言
外車船
角目鳥
長電話
入出金
入門書
小女子
多国間
内科学
野太刀
長太刀
北東風
何方道
少人数
中高年
王太子
五車星
紙風船
小太刀
声明文
空白文
色校正
新弟子
大金星
強電線
弱電線
七方出
電子線
大会社
入口点
野生犬
白雲木
赤四手
水文学
親時計
長角牛
分教会
肉食鳥
頭子音
名門校
日本円
国家間
金市場
日朝間
首長国
日本新
合計数
中止形
学生会
半通夜
手紙文
一分野
地上絵
外来魚
金光教
大本教
八正道
楽天地
数直線
大人数
大学校
歌番組
中国茶
日本通
北前船
日本米
合口音
古書店
通知書
国語科
三合会
金花虫
歩行虫
天南星
白金黒
赤目魚
白色体
人間道
南十字
十二直
青人草
雲母虫
食用花
数時間
半数体
外出先
水上下
多雨林
山水牛
文目鳥
百声鳥
田長鳥
時鳥草
行行子
石千鳥
小千鳥
黒歌鳥
二文字
時計草
色見本
線形虫
多年生
上気道
天気雨
百合科
火山毛
秋分点
母文字
直言歌
近点年
近点月
川八目
名目上
花角力
茶立虫
米食鳥
走行会
絵手紙
午後一
地元語
天人鳥
黄立羽
赤羽太
大社教
犬四手
中子星
土人形
通用口
雨四光
古時計
千里竹
口頭語
車前子
車前科
三光鳥
文字間
米国車
多聞天
多門天
広目天
内道場
川水雲
時間目
会話形
原文語
出回線
出口点
色空間
同時間
入回線
入力行
頭首工
本切羽
青文字
天門冬
会見場
川原毛
水水母
図工室
上方語
東京語
電子雲
星間雲
日本国
半時間
赤茶色
下足室
西王母
半魚人
八足門
生毛体
天目台
白雲母
秋田貝
教父学
空手道
入力文
出土地
古地理
海毛虫
計算上
大野貝
金水引
千鳥草
船食虫
数分間
半人工
黒茶色
立体角
丸文字
地百足
石百足
小新聞
大新聞
小電力
自小作
外交家
工作船
計画書
社交場
四方竹
新市場
青金石
竹麦魚
体言止
土日月
日月火
森林地
方言学
四本足
地図学
水風船
通話口
分生子
天文方
矢場女
文学書
手弱女
七曜星
五時教
分光計
出出虫
大草原
十二門
友千鳥
千草色
少女子
川千鳥
中間線
東日本
中日本
先行馬
学園長
南大門
丸太船
丸子船
語中音
風船玉
書道家
手本紙
毛切石
月雪花
立女形
家父入
親子月
時雨月
秋風月
七夜月
花見月
田計里
風来人
三角貝
風台風
玉貝科
水字貝
朝顔貝
中心体
雪野原
中心線
親王家
女子会
大水青
南大頭
春早手
中山道
大強風
長日月
金雲母
方頭魚
夜光貝
中学年
口分田
高土間
手羽元
大親友
文明人
大百科
夏本番
大手行
半地下
切戸口
国立大
番外地
一門会
女兄弟
女姉妹
男兄弟
人気校
前小口
大作家
古文字
春時雨
黒南風
南東風
公立校
国公立
国家語
人間力
新方言
十二天
小玉貝
長春花
太白星
白木耳
日本字
青花紙
九角形
十角形
六角星
四王天
秋入学
会話力
土中水
合子草
大気光
夜光雲
大道走
小道走
上目線
生活科
言語音
切紙絵
高野紙
五文字
学生語
山谷風
青海牛
内国人
中京間
金地金
家電店
青色光
電車道
女子力
日本馬
黒電話
文語形
口語形
線文字
東京人
大原女
外国米
分子雲
姉妹語
矢細工
通行本
中国学
中年男
中年女
木活字
白千鳥
大千鳥
大三元
一手間
原画家
手元金
小三元
新天地
生活音
本土人
赤水母
文字数
雪中花
下足場
一生分
草書体
日出国
子牛肉
女校長
外来科
車社会
土手道
秋出水
小弓引
天道教
正長石
天青石
上国石
電気石
黄長石
大太刀
人肉食
国絵図
父子草
入手先
夜直鳥
火水母
古地図
女王国
校正室
自生地
北日本
南日本
大日本
東京円
家出人
大食家
原糸体
音楽室
地元車
大教室
言語野
行書体
原生地
水先人
人工光
赤古里
近点角
黄赤色
日天子
月天子
下中音
大海馬
大手紙
出来年
大正月
女正月
田字草
家父長
山野草
水千鳥
土通草
土木通
小米草
白文字
岩南天
肉食魚
年長組
見学会
数週間
数百万
多音字
四元数
八元数
半紙本
新聞学
十二夜
姉妹船
月火水
火水木
水木金
電話番
人文学
中心力
山母子
作用線
時計学
石大工
赤黒木
合体字
女社長
人工肉
心字池
右万字
左万字
花前線
手羽肉
後番組
外交上
生活語
通用音
絵地図
地方風
文字絵
朝夕食
通気口
室内犬
室外犬
前会計
外見上
西夏語
手入力
大赤字
分子線
原子線
原田石
岩手石
下気道
引用元
通知音
会話語
火山学
花鳥図
大先生
鳥目絵
正体字
男社会
金明竹
八王子
天下人
右上手
左上手
青竹色
人数分
二分心
茶道口
赤黄色
計算手
小中高
地名学
光回線
中古語
中古文
八八花
母教会
日語校
上方絵
南海道
西海道
新出語
本場風
電話台
会計室
公立大
新古車