土耳古
悪感化
悪天使
安楽死
安酒場
安全期
安定化
暗号化
暗黒期
暗赤色
委員会
委員長
意気地
意地悪
意味合
医院長
医化学
医学界
医学生
医学部
医薬品
一安心
一局部
一元化
一口話
一合目
一仕事
一時金
一次元
一神教
一身上
一体化
一対一
一代記
一大事
一昼夜
一直線
一等国
一等車
一等親
一等星
一本気
一本道
一毛作
一夕話
一両年
引火点
引取人
引当金
引用文
飲食店
飲食物
雨合羽
運送屋
運転手
運動員
運動会
運動場
運動力
円運動
円記号
園遊会
遠心分
遠心力
遠地点
遠日点
横文字
黄金国
黄金色
黄道光
黄道色
黄道面
黄白色
黄表紙
黄緑色
少女心
温度計
音楽会
音声学
下級生
下仕事
下手人
下手物
下宿屋
下宿人
下水道
下世話
下線部
下相談
下足番
下台所
下町風
下馬先
化学式
化学上
化学線
化学品
化合物
化石学
何時間
何代目
夏時間
夏場所
夏大根
夏木立
家具屋
家庭科
科学院
火口湖
火山岩
火食鳥
火星人
火打石
火木土
花時計
花電車
荷馬車
画一化
画学紙
画用紙
会計学
会見記
会社員
回帰線
回路図
海王星
海岸線
海水着
絵日記
絵文字
開回路
開業医
開口部
階級章
外科医
外科学
外国語
外国人
外野手
外用薬
外来語
学園祭
学部生
学部長
楽天家
活字体
活動家
活発化
漢時代
漢方薬
岩手県
顔写真
気分屋
客商売
休茶屋
休息所
牛小屋
魚市場
京人形
教科書
教習所
教習生
業界紙
曲線美
玉虫色
近代化
近日点
金時計
銀行員
九星家
区役所
苦学生
具体化
空部屋
空手家
空手形
空集合
空相場
空対空
空対地
兄弟子
兄弟分
計算書
計算木
軽音楽
軽気球
軽工業
血友病
月水金
月長石
犬小屋
犬追物
研究員
研究会
研究室
研究生
県知事
見世物
見物人
原始人
原始林
原子雲
原子病
原子力
原生林
原動力
言語学
古事記
古写本
古生物
古代語
古代人
古筆家
古物商
古文学
古本屋
五十音
五線紙
五大国
五大洋
後進国
後頭部
後発品
後半生
交代員
交通路
交読文
光化学
光電子
光電池
公海上
公教会
公使館
公生活
公倍数
公分母
公文書
公有地
公有物
公有林
公用語
公用車
公用文
口下手
口角力
口言葉
口小言
口上手
口入屋
口返答
向学心
向上心
向心力
工学科
工具入
工作物
広島県
考古学
行列式
高級品
高校生
高山病
高所病
高知県
高分子
合宿所
合理化
国全土
黒雲母
黒死病
黒水引
黒曜岩
黒曜石
今月分
今時分
今世界
今朝方
今道心
今様歌
作業場
作業服
作曲家
三角波
三業地
三原色
三元色
三行半
三下半
三国一
三次元
三十戸
三十路
三重県
三乗根
三世相
三大国
三等分
三本足
三毛作
三葉虫
山火事
山間部
山形県
山口県
山女魚
山小屋
山水画
山茶花
山林学
仕事場
仕事台
仕事着
仕事箱
仕上工
仕入先
仕方話
仕様書
仕立屋
仕立物
使用人
使用方
四角形
四次元
四半期
子画面
子会社
子守歌
市役所
市有地
市有物
思春期
糸切歯
糸電話
歯科医
歯科学
事業化
事業家
事業界
事業主
事業所
事業部
事実上
時間表
時計屋
時計皿
時計台
時計店
次世代
耳鼻科
自国語
自転車
自動化
自動車
自由化
自由業
自立語
自立心
式次第
七角形
七五調
七福神
七面鳥
室内楽
実業家
実時間
実用化
写真屋
写真家
写真顔
写真帳
写生画
写生文
社会悪
社会学
社会人
社会面
社用車
社用族
車高短
車用品
車両化
弱小国
弱体化
主教室
主計局
主食物
主人顔
主人公
主人役
主題歌
手荷物
受身形
秋田県
秋刀魚
終止形
終着駅
終電車
集中線
集配人
住生活
十五夜
十三夜
十字火
十字形
十字線
十字路
十二宮
十二分
十文字
十六夜
重言葉
重工業
重手代
重大化
重箱読
重母音
重役会
出血死
出港船
出仕事
出身校
出身地
出世間
出世作
出世頭
出生地
出前持
出土品
出入国
出発点
出品国
出品人
出品物
出放題
出目金
出来高
出来事
出来秋
出来心
出来星
出力線
所持品
所有地
所有物
書記長
助太刀
女学生
女子高
女子大
商業化
商業界
商業学
商業地
商業文
商工業
商取引
商売気
商売人
商品学
商用化
商用語
商用文
小学校
小学生
小間物
小気味
小細工
小作農
小切手
小道具
小麦色
小文字
小食家
少食家
少年院
少年会
上下線
上下動
上級生
上向線
上申書
上水道
上中下
上調子
上天気
上等品
上半期
上半身
上表紙
乗合船
乗車駅
乗車口
乗組員
乗馬服
乗用車
植物園
植木屋
食生活
心電図
心理学
新学期
新形式
新時代
新生物
新入生
新年会
新発売
新聞紙
新聞社
申命記
真四角
真人間
真正直
真正面
真田虫
真面目
親画面
親近感
人一倍
人間界
人間学
人間業
人間苦
人間味
人口学
人工雨
人工雪
人工池
人工林
人事院
人心地
人相見
人相書
人体学
人物画
人力車
二王門
図書館
図書室
水化物
水銀柱
水商売
水族館
水道屋
水平線
水面下
水力学
数係数
世界一
世界人
世間話
世話人
星気体
晴後雨
正会員
正教員
正教会
正社員
正中線
正電気
正投手
正当化
正反対
正方形
正面図
生意気
生化学
生番組
生物学
生放送
声楽家
西海岸
西半球
西洋人
青海原
青春期
青少年
青森県
青二才
石首魚
石川県
赤外線
赤血球
赤十字
赤電話
雪上車
先学期
先進国
先天病
先入見
先入主
千一夜
千三屋
千秋楽
千石船
千代紙
千鳥足
千葉県
千両箱
前口上
前進力
前世界
前頭部
前半期
前夜祭
全荷重
全強風
全身病
全人生
全世界
全速力
全地方
全二重
村時雨
相手方
相対死
相当数
草野球
速度計
村八分
多角形
多原子
多次元
多重化
多数決
多島海
多年草
多面角
多面体
多様化
太平洋
大平洋
体育家
体育館
体温計
対角化
対角線
対話式
待合室
代言人
代書人
代数学
代数式
代表作
代表部
代用食
代用肉
代用品
代理業
代理人
代理店
代理部
大家族
大学院
大学生
大黒柱
大使館
大寺院
大主教
大西洋
大多数
大中小
大都会
大反対
大部分
大文字
大目玉
大理石
大和絵
大口魚
炭化物
短時間
男子高
地下化
地下室
地下鉄
地下道
地形図
地元紙
地対空
地対地
地平線
地理学
竹細工
茶道具
着心地
着番号
中医学
中央口
中央部
中学校
中学生
中間駅
中間国
中間子
中間体
中級品
中古車
中古品
中国語
中国人
中仕切
中心地
中心点
中水道
中長期
中南米
中二階
中波長
中立国
中立面
昼食会
柱時計
注意点
注文品
丁字形
長音階
長時間
長方形
長方体
長野県
直取引
直弟子
直方体
通行止
通行人
定足数
庭仕事
鉄工所
天王星
天下一
天気運
天気屋
天気図
天主教
天上界
天体学
天体図
天道虫
天文家
天文学
天文台
見世番
転校生
点火薬
点鼻薬
電気工
電気代
電子化
電通大
電流計
電話局
電話室
電話線
電話帳
登山客
島根県
東海岸
東海道
東京着
東京都
東京発
東西屋
東半球
東北人
東洋人
東洋通
東洋風
当世風
当世流
等温式
等温線
等高線
等身大
頭文字
動向表
動植物
動物園
動物化
動物界
動物学
動物相
動力学
同意見
同意語
同音語
同学年
同期式
同期生
同級生
同時代
同心円
同族会
同父母
同分母
内科医
内外人
内外野
内曲球
内出血
内申書
内親王
内地人
内地米
内弟子
内服薬
内野手
内遊星
内用薬
南半球
南北朝
二返事
二階家
二階屋
二業地
二原子
二国間
二次元
二十重
二重身
二重星
二乗根
二進木
二線式
二直角
二等親
二等分
二分木
二毛作
日本画
日本海
日本間
日本語
日本紙
日本式
日本車
日本酒
日本食
日本人
日本晴
日本茶
日本刀
日本風
日用品
入会金
入会式
入学金
入学式
入学生
入出力
入場門
入湯客
入道雲
入母屋
入力線
年代記
農作業
波止場
波戸場
馬小屋
売買高
白血球
白血病
八角形
八九分
八重雲
八重歯
八千草
八千代
八百屋
八百長
発行所
発生学
発電所
発表会
半円形
半音階
半夏生
半開国
半長形
半直線
半二重
半病人
半部族
半母音
反意語
反対語
反対色
反動家
反発力
反物屋
反陽子
板金屋
美少女
美少年
美人局
鼻下長
鼻出血
百合根
百面相
百葉箱
氷点下
表具屋
表二階
表日本
表面化
表面上
病理学
父兄会
部屋代
部屋着
風土病
福島県
物理学
分科会
分界線
分教場
分光学
分工場
分水界
分水線
分配金
分列式
文化祭
文庫化
文庫本
文字列
平安京
平安朝
平屋根
平行線
平生着
平土間
平年作
平方形
平方根
平方和
平面形
平面図
平和国
米国人
米上院
勉強家
母国語
放水路
放送局
放物線
方形波
北海道
北国人
北半球
本金庫
本国人
本場所
本場物
本草学
本調子
万葉集
命中数
明細書
明赤色
明日葉
面相筆
木工場
問題点
門下生
門外漢
夜会服
夜学校
夜間部
夜汽車
夜光虫
夜仕事
夜商人
夜想曲
野球場
野球部
野心家
野放図
有声音
有体物
有名人
有理式
有理数
由来書
遊園地
遊歩道
予科生
予算上
予想屋
予想高
用語集
陽子線
陽電子
来学期
落語家
理化学
理学部
理事長
立体感
立方体
流行歌
流星雨
両国語
力仕事
練習場
六角形
六十路
六大州
話下手
馬刀貝
一家言
黄玉石
下半期
下半身
研究所
古道具
古文書
五角形
五倍子
三角形
三味線
出生数
出来物
早合点
弟息子
南氷洋
八分目
美男子
北氷洋
合言葉
石決明
生字引
一分金
一分銀
絵葉書
弟弟子
面白味
表表紙
合州国
小意気
小間使
五大州
三角州
仕放題
写生帳
先先月
前前回
天宮図
天球図
出入口
取引先
乗心地
花言葉
鼻高高
引出物
丸暗記
丸木船
夜見世
来来週
音楽学
音楽祭
表六玉
工学部
帳本人
小売店
話言葉
発起人
安心感
医科学
一時期
引受人
右中間
円相場
開発部
期待感
生一本
地球上
半月形
会社立
文筆業
病原体
地方紙
地方色
地下水
直円柱
中生代
大音声
流行語
外耳道
日時計
回送車
自自公
筆記帳
受取人
石南花
決勝点
古新聞
工作員
行楽地
行進曲
一分半
金牛宮
金切声
茶話会
集合体
時代相
自作農
十八金
貝細工
火口原
中高生
新登場
五万米
五真米
小切子
大人気
頭字語
黄金虫
根切虫
深海魚
調理場
組合頭
一場面
予定表
金石文
小役人
細小魚
町工場
豆電球
豆台風
身勝手
耳学問
水仕事
生返事
肉体美
親会社
六面体
流動食
青年期
生理学
晴雨計
世間体
四分六
子午線
新開地
新生代
新世界
金赤色
明後年
空下手
空取引
音楽家
一生面
神通力
旅商人
通用門
終列車
手仕事
社会科
実社会
勝負事
対向車
車中談
文学部
日記帳
始業式
宿根草
船火事
船着場
水道局
高学年
国文学
三等星
四死球
自由形
実生活
写真集
手引書
消息通
大食漢
太陽年
多神教
売上高
陽電気
前頭葉
秋田犬
夕月夜
小人数
星月夜
多人数
目八分
矢羽根
出合頭
出会頭
寺子屋
寺小屋
流線形
運送人
運送店
運送船
運送業
運動具
運動界
運転台
君主国
回送店
回教国
回遊船
回遊魚
帰化人
明文化
工作品
工業化
工業国
工業界
空元気
空中線
空気口
空返事
空想力
空想家
公文所
公用物
口上書
口語文
口語体
後日談
後見人
発火点
発会式
発光体
発言力
発育期
発明品
発明家
発電子
発頭人
八文字
八面体
金文字
金石学
金物屋
金魚草
飲用水
飲酒家
感化院
感光紙
感想文
急病人
暗号文
暗号学
暗記物
暗黒面
暗緑色
古生代
苦心談
東洋学
重合体
重馬場
動力計
用水池
用水路
通学生
通知表
通風口
読後感
読書人
読書力
読書会
読書室
読書界
読書家
分子式
分数式
配当金
配電所
配電線
配線図
父母会
歩合算
歩数計
注文先
注文服
注意力
注意書
豆板銀
投書家
油送船
中心角
中国服
中間色
冬木立
終業式
手工業
手文庫
手相見
手細工
昼光色
村役場
都市化
都会人
着火点
着物地
着道楽
書記局
土用波
土石流
土気色
社会化
社会部
社交界
社交家
石切場
石火矢
石竹色
石細工
真分数
身上持
実用品
実行力
実体化
実物大
実習生
勝手口
勝手元
登山家
登記所
取入口
取引所
取引高
取立金
取次店
取放題
送電線
病院船
百万言
茶屋酒
野次馬
野路子
局地風
春分点
春場所
対話体
荷受人
荷送人
漢文学
漢方医
漢数字
見目形
見取図
見習工
研究家
調馬場
調理人
調理台
家庭着
車大工
光度計
新人王
新生面
新字体
新聞業
親切気
親文字
親日家
親兄弟
親和力
文人画
文化人
文学界
文明国
文章語
文筆家
文語文
文語体
米問屋
火事場
火薬庫
美文調
美食家
美顔水
自由詩
自身番
自乗根
自負心
開会式
開校式
二刀流
二期作
日本一
日本化
日本犬
日本学
日向水
人工語
人文字
人国記
人相学
筆記体
番小屋
板目紙
板金工
板門店
板屋貝
始球式
等深線
等語線
秋日和
秋場所
宿直室
正反合
役人風
役員会
船大工
船小屋
水中花
水平面
水平動
水泳着
水茶屋
水時計
水理学
追羽根
追羽子
駅馬車
部分品
部分食
消息文
小天地
小手先
小正月
小休止
小作人
小作米
小豆色
小売商
小夜曲
小荷物
答申書
有気音
右心室
国文科
国有化
国有地
国有林
国言葉
活人画
活用形
活用語
活字本
遠山里
相手役
相弟子
相部屋
相談役
相談所
箱馬車
青年会
青写真
青物屋
青電話
名文家
売上金
命名式
世界語
世話役
世話物
顔見世
安山岩
安定感
体重計
指人形
指南役
指南車
指南番
医原病
皮細工
交声曲
校友会
校正係
学友会
学生服
学用品
学校医
教会員
教育長
教育学
教育界
教育家
女文字
女学校
女店員
女道楽
庭木戸
紙一重
紙表紙
地下線
地中海
地文学
地方病
地平面
地形学
整流子
整理部
神学校
神話学
電力計
電気屋
電波星
電話口
引立役
西日本
西洋化
西洋式
西洋画
西洋風
西洋紙
四天王
四分円
紙四手
四半分
四角柱
四面体
計時係
道中記
道化方
道具方
道具屋
道具箱
海水魚
海洋学
海食台
海運業
黒文字
湯文字
商業国
落花生
落第生
落第点
丁子油
丁字路
町人物
町内会
町役人
町役場
町道場
定式化
定住地
定期船
歌会始
出走馬
鉄火場
鉄石心
鉄面皮
近代詩
近地点
近体詩
近海魚
練習曲
練習帳
練習船
絵図面
絵画館
絵草紙
絵草子
話上手
話半分
話相手
母子草
大入道
大人物
大八車
大公国
大広間
大白鳥
大礼服
大回転
大豆油
大和歌
大海原
大神宮
大部屋
大根足
大時代
大黒天
大道具
大業物
大福帳
大山木
太刀先
太刀持
太古代
太平楽
太陽虫
太陽神
多毛作
多方面
直走路
植生図
植物油
食物油
植物学
植物界
左心室
気動車
入会地
内反足
男文字
心配事
心意気
心電計
羊小屋
羊皮紙
洋皮紙
洋画家
洋服屋
洋品店
記事文
起工式
起電力
里言葉
里神楽
理事会
理想化
理想家
鳥小屋
薬用酒
薬局方
薬理学
長丁場
長町場
長大息
長水路
長四角
帳面面
所作事
所持金
所番地
強化米
知日家
声明書
花文字
花水木
花鳥画
銀世界
銀白色
銀行界
銀行家
銀行業
銀細工
店屋物
決勝線
決算期
月世界
月見草
外字紙
外交員
外洋船
外商部
木工所
木工具
木太刀
木戸番
木石漢
木炭画
木食虫
目鼻立
高度計
高級車
高高指
高島田
高温計
高調子
県人会
毛皮商
面会人
千六本
進入路
進水式
進行形
進行係
集会所
集金人
三角柱
三重苦
三等親
森林学
屋台店
屋形船
屋根屋
羽二重
羽根車
雨台風
時代色
時代物
仕切書
草屋根
緑十字
緑玉石
緑柱石
緑黄色
形式美
玉子酒
本予算
本島人
聞上手
全音階
代理母
思考力
思想界
思想家
福音書
農作物
農業国
玉手箱
赤道祭
赤新聞
赤電車
生体学
生命力
生命線
生物界
生活力
生活苦
軽口話
軽合金
雲上人
田植歌
田園詩
天理教
流行目
流行色
流行病
流動体
流動物
角細工
前半生
立太子
立方根
立会人
立見客
葉緑体
談話室
岩石学
旅日記
旅行先
旅行家
旅行記
旅館業
食用油
食前酒
食品店
食道楽
弓取式
白地図
白雲石
雪月花
雪見酒
短水路
短日月
短音階
風力計
風切羽
風向計
風物詩
風速計
風馬牛
早少女
早見表
早教育
早場米
楽屋話
畑水練
七曜表
小見世
短期間
大宮人
会員章
海水温
海馬回
火星年
近海物
玉整理
具申書
古生界
古代切
左中間
七面体
商店主
小東京
食肉目
進行相
新正月
新発明
深夜族
実数体
青化物
世界新
石油王
先生方
先先週
前進角
前住所
草月流
対生葉
太陽光
電動式
当直員
登山口
動安定
同母姉
土台石
内角球
生学問
日運動
白金族
筆記具
平教員
秒時計
深緑色
風土記
文語調
文明館
放生会
明朝体
名投手
名場面
百千鳥
大和心
友人間
有力馬
緑白色
木金土
火木金
地表面
全自動
意見書
米市場
内安打
悪玉化
暗号帳
一体感
一等地
運動家
駅長室
会計係
開放感
開通式
活動力
金魚屋
銀時計
研究科
研究心
後半期
語学力
工作室
工場長
幸福感
校長室
行楽客
行商人
高音部
高等科
国語学
国内線
作業員
作用点
始発駅
姉妹校
紙細工
自習室
実業界
社長室
手羽先
手配書
集中力
出世魚
女子校
小品集
食文化
新年号
真実味
親切心
人事部
売春宿
生息地
船長室
全国紙
組合員
太陽風
体育祭
対数表
大病人
短大生
男子校
地球人
中心部
注文書
転送先
転入生
電子音
登山道
都市部
投手力
投書箱
当事国
同国人
二重丸
入場式
年代物
農学部
白色光
発着所
発売元
文教族
文章題
放水車
明細表
面会室
薬学部
有名校
遊休地
理工科
理事国
練習所
練習生
和声学
大洋州
三国人
三悪道
黄土色
間氷期
丸屋根
円屋根
三和音
始生代
子安貝
小安貝
車前草
大葉子
十姉妹
書見台
消息子
新生活
船会社
大仕事
大代表
大発会
大発生
長母音
日計表
農学校
矢車草
立面図
四十路
全日本
医科研
多言語
水道水
顔文字
一次式
一太刀
引用書
運動学
家庭医
火工品
花式図
画学生
回転角
回転計
回転子
回転体
回転面
絵空事
絵空言
絵物語
外車船
外出血
角目鳥
長電話
申立人
入出金
入門書
着手金
二次体
小女子
短母音
多国間
大銀行
地方局
内科学
番号帳
野太刀
長太刀
北東風
白鼻心
何方道
開口数
手作業
小動物
少子化
少人数
大金持
大発見
長期間
冬作物
同年代
旅客船
両方向
中高年
王太子
工場主
大天使
多者間
五車星
生命体
下宿生
新開発
入植地
商品力
紙風船
小太刀
仕入高
声明文
空白文
色校正
新弟子
同部屋
部屋頭
星取表
大金星
四本柱
新十両
新三役
根岸流
場所入
悪送球
五面体
受取書
強電線
弱電線
七方出
雨波貝
手取金
電子線
木炭車
全面安
買物客
返読点
農業家
農場主
半島国
半島人
大会社
登下校
自由人
自由画
女子部
植物相
大画面
自走式
入口点
本部長
大事業
分社化
野生犬
交流会
田虫葉
小真弓
白雲木
赤四手
八十代
昼食代
行動学
負電気
負電荷
水文学
重力場
親時計
女主人
集客力
兄者人
短角牛
長角牛
平社員
小部分
小部屋
小取回
反対番
勉強会
古着屋
大火事
実空間
意味深
後夜祭
親代代
一本化
分教会
中童子
肉食鳥
頭子音
対馬音
漢字音
皮表紙
火皿貝
落下物
住空間
二等車
写真画
様子見
記者室
橋本病
空手着
名門校
代書屋
決定打
京言葉
学問所
薬業界
日本円
使命感
国家間
新発見
両国間
金市場
日朝間
大角豆
首長国
急転回
身八口
形式上
日本新
調度品
文章体
商売女
合計数
回想記
豆黄金
五本指
水和物
中止形
作業着
遊里語
勝負服
一形式
万葉調
食事代
色指定
色指数
重力子
農園主
学生会
動画家
集合知
半通夜
重電気
安定期
丁度今
大流行
長方向
新首相
手紙文
一分野
一家族
地上絵
仕事口
内面化
外来魚
仕事始
金光教
大本教
仕事運
勉強運
八正道
楽天地
白点病
大進歩
数直線
大人数
点数係
大学校
起業家
入社式
送風口
有理化
歌番組
気取子
白身魚
赤身魚
毛表皮
中国茶
中国酒
日本通
登場感
北前船
客室係
日本米
鼻母音
大和文
開口音
合口音
予算委
形式知
後頭葉
返答書
毛様体
朝自習
氷下魚
都知事
古書店
花見酒
汽水湖
通知書
一見客
学校祭
大学祭
国語科
前庭球
死荷重
名古屋
北九州
三合会
人面魚
金花虫
歩行虫
大角羊
真章魚
水章魚
天南星
白金黒
受発注
赤目魚
白色体
木登魚
人屋根
人間道
原始星
南十字
十二直
青人草
路線図
雲母虫
医学書
感動文
九十路
食用花
数時間
言葉数
読者数
半数体
二倍体
外出先
水上下
動作主
県病院
多雨林
医方明
山水牛
新当流
大発作
小発作
文目鳥
百声鳥
田長鳥
油点草
時鳥草
行行子
石千鳥
小千鳥
黒歌鳥
来次第
重陽子
五角柱
六角柱
八角柱
太陽鳥
二文字
時計草
少林流
同族列
同族体
色見本
線形虫
多角化
多年生
上気道
原生代
中新世
始新世
古神道
遊水地
天気雨
庭見草
決定木
水深計
転出先
水平社
百合科
動原体
話題作
美化語
火山列
火山毛
風配図
根本悪
秋分点
色茶屋
交番所
運動部
母文字
半整数
直言歌
近点年
近点月
二次林
全画面
川八目
夜開草
名目上
葉書大
花角力
白羊宮
人馬宮
茶立虫
馬追虫
世界線
米食鳥
進学校
走行会
進行波
糸球体
後氷期
倍数体
一倍体
三倍体
四倍体
絵手紙
午後一
地元語
進行役
調子笛
六調子
太食調
大食調
陽音階
天人鳥
運動着
黄立羽
男根期
真羽太
赤羽太
三大洋
引赤薬
発赤薬
神楽笛
式年祭
時代祭
神社局
神田祭
全真教
大社教
神理教
神習教
実行教
黒住教
神宮教
犬四手
陽明学
歯列弓
中子星
土人形
通用口
落書帳
和集合
雨四光
古時計
感電死
千里竹
口頭語
山言葉
車前子
車前科
真名本
真字本
問題集
三光鳥
太平州
点耳薬
表形式
文字間
車葉草
見島牛
音楽界
米国車
多聞天
多門天
広目天
持国天
女学院
内道場
館内図
待雪草
都鳥貝
川水雲
正定業
島四国
本地身
身口意
小商人
軽速歩
時間目
消化力
代行業
同意書
十進数
八進数
一次局
横倍角
画面上
会話形
記号列
空白化
空白列
決定表
原文語
公開文
行起点
行番号
行方向
高速化
高度化
国番号
細分化
指定子
字方向
次元数
実引数
実行文
実体文
実体木
受動局
終着局
集中化
集中局
重回帰
出回線
出口点
上下列
色空間
全集合
全体語
対話形
代入文
地球局
地上波
地図帳
注記行
直定数
定数式
電子式
動作行
同期化
同時間
二次局
二重化
入回線
入力行
倍長語
表計算
部品表
部分語
部分木
部分列
文書化
文書館
文番号
本体部
用語表
列番号
頭首工
開発元
電気式
本切羽
野球人
同世代
楽屋口
通学路
宮大工
大神楽
代神楽
青文字
小羊歯
天門冬
表外字
空港駅
会見場
反主流
西洋語
医歯薬
多幸感
肉筆画
川原毛
公教育
様式化
商学部
水水母
角部屋
風化岩
全面高
回向文
小山羊
子山羊
強意見
鉄道駅
神楽歌
図工室
高等部
上方語
東京語
電子対
電子雲
人工湖
人口湖
天気祭
飲酒店
町全体
植物館
星間雲
神明社
中二病
高負荷
日本国
半時間
期間工
指文字
外出着
大時化
赤茶色
鼻科学
問題化
下足室
西王母
半魚人
受身文
受動文
代当主
山王祭
八足門
生毛体
天目台
一次回
金時豆
白雲母
本発明
多様体
開集合
点集合
長者貝
秋田貝
動物間
使君子
四君子
同意味
万代草
教父学
空手道
入力文
出土地
古地理
海毛虫
計算上
旅人木
大野貝
方向角
和時計
金水引
一対多
多対多
千鳥草
船食虫
四角豆
記号学
相手先
数分間
先取点
半自動
半人工
黄体期
黒茶色
立体角
木化石
遊走子
有色体
事自体
金羊皮
放出音
代表所
平歯車
物自体
丸文字
長期化
放流水
後世方
古医方
地百足
石百足
田平子
声楽曲
小新聞
大新聞
業界人
発売所
表題曲
三柱門
国交相
小電力
火消役
定火消
返金口
自小作
火打金
回帰式
海緑石
旅行社
地下駅
開区間
外交家
工作船
計画書
太陽柱
正整数
高次元
遊女屋
部活動
待合所
新体詩
社交服
社交場
発送電
西洋館
大商人
四方竹
整理屋
二進数
新市場
青金石
負投手
竹麦魚
体言止
土日月
日月火
森林地
研究部
方言学
発音学
発声学
四本足
地図学
水風船
大相場
通話口
土取場
文言葉
路地口
美人画
板屋根
天一神
分生子
遊山船
天文方
人工物
矢場女
大地主
公転面
女言葉
男言葉
文学書
手弱女
七曜星
畑仕事
調整役
実動車
五時教
分光計
放物面
面開発
天明調
女部屋
男部屋
女神子
出出虫
和算家
大草原
水仕女
新面目
新世代
十二門
談林風
雲級図
友千鳥
千草色
少女子
八十神
川千鳥
役者絵
家族会
中間線
世代間
東日本
中日本
先行馬
回転数
学園長
洋服店
打麦場
鳥追歌
細工所
南大門
内路地
外路地
平安宮
一本指
丸太船
丸子船
語中音
六神丸
風船玉
重病人
和漢薬
持小屋
書道家
手本紙
毛切石
部屋方
部屋子
月雪花
立女形
家父入
茶屋女
遊山所
上荷船
木工品
作物所
進物所
親子月
春待月
雪待月
神有月
神去月
時雨月
早緑月
雪消月
秋風月
七夜月
風待月
花見月
言語化
細工物
薬味皿
三具足
新聞屋
六知事
子宮口
女地主
田計里
岩面高
風来人
三角貝
風台風
玉貝科
水字貝
朝顔貝
中心体
雪野原
雪氷学
終着点
人工歯
一生物
取調室
中心線
平面角
実世界
親王家
問注所
牛肉屋
生息子
出合宿
一本歯
女子会
年始着
自動式
大水青
五七調
取水口
期近物
中間期
大服茶
大福茶
百物語
南大頭
落下音
鼻音化
行動力
春日和
春早手
新局面
発受電
全地球
中山道
平家星
立飲屋
青緑色
大強風
開花期
長日月
金雲母
金緑石
病院長
重力計
重力波
大勝負
配合土
青血引
方頭魚
夜光貝
研究書
中学年
運送品
運動野
筆写体
古代米
口分田
高土間
文具店
州知事
商品化
中央駅
対立王
同一化
水死体
転落死
食事会
有力紙
南海岸
近代人
手羽元
大親友
大病院
転写紙
文明人
起動力
走時表
赤星病
大百科
新発意
夏本番
食後酒
送水口
放水口
取出口
遠島船
大手行
投入口
半地下
仕手柱
切戸口
中正面
名物男
国立大
農村部
和文体
入庫車
朝学習
番外地
生活面
同期元
同期先
太物店
実行委
指数化
一門会
気血水
女兄弟
女姉妹
男兄弟
出場所
記号化
暗記力
発想力
文章力
目安箱
生物体
多文化
一行物
小屋組
人気校
乗船場
前小口
大問題
大作家
丁重語
小屋根
大屋根
古文字
春時雨
黒南風
南東風
同期会
相手国
一方向
公立校
国公立
流動化
国家語
実用語
音楽院
人間力
新方言
集会室
十二天
談話会
意気組
着地点
月見酒
海面下
全米一
小玉貝
上手物
薬物学
数字根
自由帳
荷物車
全作品
色度図
軽車両
上行路
下行路
長春花
太白星
白木耳
神足通
宿命通
六神通
重役室
新方式
夏学期
平地林
西洋流
日向夏
来月号
食中酒
百一物
荷物室
氷小豆
十八界
事業体
日本字
青花紙
外交配
九角形
十角形
六角星
地球化
化楽天
四王天
学級会
秋入学
和定食
会話力
前受金
土中水
合子草
海水面
予算化
大気光
夜光雲
出発地
三角部
大道走
小道走
化石水
発明王
肉歯目
商用車
上目線
意生身
集電体
直音化
鉄工場
重歯目
火口箱
生活科
近世語
言語音
切紙絵
黄金期
交通局
高野紙
間期死
次次発
雨落石
野面石
五文字
銀文字
品文字
発起書
学生語
作動油
深夜業
問題作
山谷風
曲物屋
青海牛
原発相
高速船
内内定
五具足
内国人
中京間
新古品
金地金
家電店
岩緑青
買相場
売相場
黄皮木
青色光
事業場
電車道
指点字
高重力
女子力
工具箱
日本馬
図書係
金物店
洋品屋
黒電話
太陽族
洋学校
予定死
文語形
口語形
女真語
線文字
箱水母
東京人
大原女
三遊間
牛皮消
外国米
夜出発
名調子
分子雲
姉妹語
上代語
三美神
入園式
終園式
見送人
小旅行
美青年
矢細工
通行本
中国学
決起会
角柱形
中年男
中年女
木活字
合意点
白千鳥
大千鳥
大三元
一手間
運次第
原画家
手元金
小三元
中北部
新天地
生活音
本土人
赤水母
文字数
文字式
大守宮
雪中花
野生化
仕事人
万病薬
下足場
一生分
家相学
身体上
血肉化
草書体
日出国
子牛肉
放送分
道路上
反定立
代用語
前夜式
送話口
女校長
地下湖
病人食
生活感
外来科
場所代
等寒線
配当表
実用書
車社会
多客期
土手道
寒苦鳥
新小豆
秋出水
中世語
小弓引
歌曲集
見物客
古今集
天道教
自分流
人工葉
正長石
天青石
上国石
鉄重石
電気石
葉長石
黄長石
親指族
中等部
小学部
社有地
大太刀
八頭身
大湯屋
人肉食
代用魚
和人地
式内社
練習台
国絵図
父子草
入手先
夜直鳥
火水母
内整理
七事式
昔人間
古地図
女王国
金庫番
勝負所
校正室
終油礼
薬味酒
自生地
北日本
南日本
大日本
東京円
高山族
家出人
月面車
生命感
深見草
鉄平石
運上金
内定式
内定先
大食家
正電荷
運用長
活荷重
線同期
鉄道線
買取屋
細糸期
部分音
原糸体
電話代
波長計
和小物
音楽室
平和学
練習会
美文字
地元車
皮肉屋
主調音
相談室
文科相
神幸祭
大教室
神学生
言語野
作業道
暗者女
円柱形
行書体
暗電流
原生地
丸大豆
波来土
水先人
人工光
定着氷
多年氷
流氷野
赤古里
近点角
荷物番
大海指
黄赤色
局方品
寒水石
小玉銀
二代目
日天子
月天子
近親調
下中音
大海馬
味玉子
出来役
発行人
意向形
水族園
実写化
都心部
当駅止
行列店
部屋食
整氷車
水温計
真正午
首長族
通話表
出荷先
活用表
旅行客
調理室
作品集
小売業
大手紙
決算書
病院食
出来年
世話係
生地屋
学習書
決死行
町名主
大正月
女正月
平面波
玉羊歯
田字草
足病医
家父長
運転室
同重体
宮入貝
山野草
水千鳥
土通草
土木通
水道代
両全花
小米草
三道具
白文字
石持草
一重草
玉緑茶
農用地
岩南天
写字室
世間知
花見客
根生葉
根出葉
教育力
女体化
計算式
死生学
等生化
売子宿
化身話
物語風
前日談
四和音
三全音
多様式
肉食魚
九面体
十面体
年長組
物見台
部分和
整級数
様式美
一線級
見学会
魚問屋
数週間
数百万
行動家
植字工
多音字
四元数
八元数
電動車
点電荷
半紙本
海羊歯
姉者人
米国化
都大路
作業台
地電流
新聞学
十二夜
代数和
土負貝
姉妹船
七大州
月火水
火水木
水木金
波食台
電話番
白丁花
地母神
転車台
人文学
長整数
短整数
中心力
生薬学
花大根
黒目豆
黒大豆
山母子
二等星
作用線
先発品
立体美
県大会
反古紙
二遊間
落下点
使役犬
行動食
原田病
下部屋
時計学
高身長
平行調
火山湖
開水路
文章家
路面店
合金鉄
鉄合金
石大工
返礼品
赤黒木
歌物語
合体字
高級感
大悪人
子実体
先先代
女社長
人工肉
大根葉
話題化
心字池
右万字
左万字
番組表
全人代
花緑青
半化石
花前線
手羽肉
部分肉
小家族
後番組
進化形
青海波
高級紙
食人族
当時物
外交上
銀古美
金古美
左横書
右横書
生活語
男体化
空気感
当時品
美食学
黒字化
通用音
日本流
小麦畑
絵地図
向岸流
地方風
文字絵
石油箱
山羊毛
近代語
自分事
朝夕食
和洋室
発着駅
室内着
美人湯
道路族
本登記
通気口
新入荷
毛筆画
所場代
起始点
室内犬
室外犬
前会計
今週号
有口湖
外見上
同日着
西夏語
赤身肉
手入力
大赤字
分子線
原子線
線形化
原田石
岩手石
南部石
下気道
一定数
母者人
父者人
上祭服
文化面
返送品
物理行
打言葉
引用元
通知音
調子物
合流車
地上階
地下階
会話語
究理学
転路手
定番化
火山学
花鳥図
海外県
大先生
鳥目絵
正体字
男社会
金明竹
八王子
着物屋
天下人
調整池
真行草
使用感
指南書
植物肉
左半身
右半身
駅係員
新商品
右上手
左上手
県外人
内水面
前打音
社長業
上面図
定食屋
青竹色
自主練
大豆肉
竹小豆
人新世
火神鳴
水神鳴
人数分
島言葉
区画線
定住化
旅行業
心配顔
二分心
有名店
手間代
茶道口
赤黄色
教育相
計算手
日本病
小中高
有声化
活字化
物名歌
人工鼻
地名学
代用字
学習帳
勝負運
光回線
中古語
中古文
八八花
母教会
来店客
真名文
真字文
日語校
具体詩
洋食化
筆文字
上方絵
橋上駅
地上駅
名言集
客体化
南海道
西海道
体表面
新出語
本場風
電話台
会計室
大転子
小転子
公立大
地頭代
三和土
飲食業
一次会
三次会
神前式
安息角
上級品
新古車
作動音