護美箱
以色列
加答児
久留子
土耳古
破天連
白耳義
愛犬家
愛好家
愛国心
愛唱歌
愛唱曲
愛知県
愛弟子
愛読書
悪感化
悪材料
悪質化
悪習慣
悪条件
悪天候
悪天使
圧電気
圧力計
圧力波
安楽死
安酒場
安全器
安全期
安定化
安定器
暗号化
暗黒期
暗証化
暗赤色
案山子
案内係
案内所
案内書
委員会
委員長
委任状
意気地
意固地
意識体
意地悪
意味合
移動体
衣食住
医院長
医化学
医学界
医学史
医学士
医学生
医学部
医師会
医師法
医務室
医薬品
井戸車
井戸水
井戸側
育英会
育児院
育児園
育児室
育児食
育児法
育種家
育種所
一安心
一院制
一音節
一局部
一見識
一元化
一戸建
一口話
一合目
一昨夜
一酸化
一仕事
一時金
一次元
一周期
一周年
一重桜
一神教
一身上
一世紀
一切経
一体化
一対一
一代記
一大事
一昼夜
一直線
一定量
一転機
一等国
一等車
一等賞
一等親
一等星
一等卒
一等兵
一本気
一本松
一本道
一面観
一面識
一毛作
一目散
一夕話
一両年
一輪車
印画紙
印刷機
印刷業
印刷工
印刷紙
印刷社
印刷術
印刷所
印刷人
印刷物
印字機
印度教
印度人
印判師
印半天
引火点
引取人
引当金
引用句
引用文
飲食店
飲食物
飲水量
飲料水
右大臣
雨合羽
雨量計
運送屋
運転士
運転手
運転席
運動員
運動会
運動場
運動費
運動量
運動力
運輸省
運輸相
営業畑
営業部
栄養価
栄養士
栄養素
永久歯
永子作
永小作
永年間
英会話
英語版
英国人
英作文
英数字
英単語
英文学
英文法
円運動
円記号
円虫類
園遊会
演算機
演算子
遠眼鏡
遠近法
遠心機
遠心分
遠心力
遠地点
遠日点
塩化物
塩加減
塩素酸
応接間
応接室
応答能
応用力
横文字
黄金国
黄金術
黄金色
黄口児
黄鉄鉱
黄道光
黄道色
黄道帯
黄道面
黄白色
黄表紙
黄変米
黄緑色
岡山県
岡場所
沖積期
沖積世
沖積土
沖仲仕
沖縄県
少女心
温度計
音楽会
音楽史
音声学
下院議
下級職
下級生
下協議
下検査
下検分
下仕事
下士官
下手人
下手物
下宿屋
下宿人
下宿料
下準備
下水管
下水道
下世話
下線部
下相談
下足番
下足料
下台所
下町風
下馬先
下馬評
下付金
化学式
化学上
化学戦
化学線
化学品
化合物
化石学
仮記入
仮議長
仮受取
仮出所
仮小屋
仮条約
仮進級
仮政府
仮調印
仮定形
仮定法
仮入学
仮分数
仮名文
仮名本
何時間
何代目
価格差
価格帯
価格表
価電子
加工業
加工紙
加工歯
加工税
加工費
加工品
加算器
加算機
加入金
加配米
加判人
可燃物
可能法
可変数
可変長
夏羽織
夏時間
夏場所
夏大根
夏木立
家具屋
家政婦
家族達
家庭科
科学院
果実酒
果実店
果物屋
火加減
火口湖
火山岩
火食鳥
火成岩
火星人
火打石
火木土
花時計
花電車
花野菜
荷馬車
貨物駅
貨物船
過去形
過半数
過不足
過保護
過労死
画一化
画学紙
画用紙
会員証
会員制
会議室
会議所
会議場
会議録
会計学
会計官
会計士
会見記
会社員
解集合
解像力
解毒薬
解熱薬
回帰線
回想録
回復力
回路図
改札口
改正案
改定版
改良点
海王星
海岸線
海産業
海産物
海商法
海水着
海水浴
海兵隊
絵日記
絵文字
開回路
開業医
開口部
階級章
外科医
外科学
外交官
外国語
外国人
外国製
外祖父
外務省
外野手
外野席
外用薬
外来語
格子戸
格子点
格子面
格変化
学園祭
学期末
学協会
学生証
学部生
学部長
楽天家
活字体
活性化
活性炭
活動家
活発化
寒帯林
刊行会
完結文
完成品
官求品
幹事会
幹事長
幹部会
感知器
感無量
慣用句
漢時代
漢方薬
漢民族
管楽器
管理局
管理職
管理人
観光客
観光団
観光地
観自在
観世音
観戦記
間接税
関心事
関西弁
関節技
関東弁
丸太材
丸天井
円天井
眼科医
岩手県
顔写真
寄宿舎
寄生虫
岐阜県
希元素
希土類
機械化
機械語
機関車
機業家
機動隊
機動力
機能語
気圧計
気化器
気化熱
気管支
気苦労
気象学
気象台
気分屋
季節風
紀行文
規格化
基準化
規準化
記者団
記述子
記数法
記念館
起重機
技術力
議事堂
議事録
客商売
逆効果
逆行列
逆提案
逆輸入
休茶屋
休息所
休養室
宮崎県
急停車
救急車
救急箱
救世軍
救世主
求職係
求心力
求人口
泣上戸
給電線
給湯器
給付金
旧教徒
旧形式
旧市街
旧思想
旧字体
旧主人
旧世界
旧正月
旧体制
旧大陸
旧年末
牛小屋
居酒屋
居住地
居留守
居留地
許可書
魚貝類
魚市場
京阪神
京人形
京都府
競争力
共益費
共学制
共産化
共産軍
共進会
共通語
共通点
共同線
共同体
協同体
共有地
共有物
共和国
共和制
協議員
協議会
協議官
協議所
協商国
協定案
協定書
協約国
協約書
境界線
強綿薬
強力粉
教育省
教科書
教会史
教材費
教習所
教習生
教職員
橋頭保
興行化
興行師
興行主
興信所
興信録
業界紙
業界初
曲芸師
曲線美
曲独楽
曲馬師
曲馬団
極楽鳥
玉虫色
均一化
禁反言
近代化
近代史
近日点
金鉱地
金時計
金属間
金満家
金輪際
銀行員
九官鳥
九星家
九星術
句読点
句読法
区役所
苦学生
苦労人
具体化
具体例
空部屋
空手家
空手形
空集合
空相場
空対空
空対地
空中戦
空冷式
熊本県
群馬県
軍楽手
軍楽隊
軍楽長
軍国色
軍資金
軍事上
軍事通
軍事犯
軍事費
軍事面
軍事力
軍政府
軍政部
軍隊化
軍隊式
軍団長
軍放送
軍用機
軍用金
軍用犬
軍用品
軍令部
係争物
兄弟愛
兄弟子
兄弟分
形態素
経営学
経常費
計画案
計算書
計算木
計理士
経理士
軽音楽
軽気球
軽金属
軽工業
軽犯罪
軽労働
芸術家
芸能界
芸能人
決死隊
決勝戦
結合子
血液型
血色素
血友病
月水金
月長石
月例会
健康児
健康体
健康地
健康美
健筆家
建造物
建築家
検温器
検眼医
検問所
検量線
犬小屋
犬張子
犬追物
研究員
研究会
研究室
研究生
研修員
研修課
研修生
県知事
見世物
見積書
見物人
原画像
原形質
原材料
原産地
原産物
原始人
原始林
原子雲
原子価
原子説
原子戦
原子病
原子量
原子力
原住民
原色版
原成岩
原生林
原動機
原動力
原判決
現在地
現時代
現時点
現住所
現代詩
現代人
言語学
限界点
限度額
個人差
個別化
古井戸
古事記
古写本
古生物
古戦場
古代語
古代史
古代人
古典学
古典語
古伝説
古版本
古筆家
古武道
古物商
古文学
古本屋
固定給
固定子
固定長
五十音
五線紙
五大国
五大洋
五辺形
五目飯
五輪旗
後始末
後進国
後頭部
後発品
後半生
交易会
交際家
交際国
交際上
交際費
交際法
交戦国
交代員
交代制
交通費
交通量
交通路
交読文
交付金
光化学
光合成
光通信
光電子
光電池
光熱費
公安官
公会堂
公海上
公開状
公共心
公共物
公教会
公使館
公証人
公生活
公定価
公徳心
公倍数
公分母
公文書
公法人
公民科
公民館
公務員
公約数
公有地
公有物
公有林
公用語
公用車
公用文
功名心
効果音
効率化
厚生省
口下手
口角力
口言葉
口述書
口小言
口上手
口入屋
口返答
口約束
向学心
向上心
向心力
好加減
好事家
好色漢
好人物
好男子
好都合
工学科
工具入
工作物
広告社
広告主
広島県
広報官
校正刷
構成子
構造体
構文法
構文木
考古学
航空機
航空便
行政官
行政府
行列式
講演会
鉱山業
鉱物学
香川県
香味料
高機能
高気圧
高級品
高血圧
高校生
高山病
高周波
高所病
高水準
高性能
高知県
高電位
高飛車
高品質
高分子
合議制
合宿所
合唱隊
合唱団
合成語
合成酒
合成物
合成力
合同軍
合法化
合理化
告別式
国際化
国際法
国産車
国事犯
国税局
国全土
国防費
国務省
国連旗
黒雲母
黒眼鏡
黒死病
黒水引
黒水熱
黒曜岩
黒曜石
今月分
今月末
今時分
今世界
今世紀
今朝方
今道心
今様歌
混成語
混成団
混分数
佐賀県
差機関
再下付
再帰熱
再起動
再協議
再教育
再禁止
再軍備
再建築
再検査
再交付
再工事
再構成
再構築
再試験
再試行
再試合
再出発
再生産
再生品
再生法
再製品
再選挙
再組織
再測量
再注文
再調査
再調整
再定義
再提案
再投資
再投票
再入学
再入国
再配置
再配分
再発行
再発足
再評価
再服役
再分配
再編成
再保険
再放送
再輸出
再輸入
再来月
再来週
再来年
最終回
最小化
最小限
最少限
最新式
最前戦
最前線
最大化
最低限
最適化
才未満
菜種油
在庫品
在校生
罪悪感
財政力
埼玉県
造酒屋
作業衣
作業場
作業費
作業服
作曲家
作詩法
作戦上
作務衣
刷毛先
刷毛目
殺風景
雑記帳
雑木林
三角波
三角法
三業地
三原色
三元色
三行半
三下半
三国一
三差路
三次元
三十戸
三十路
三重県
三重殺
三重唱
三乗根
三世相
三大国
三大節
三等分
三文判
三本足
三面鏡
三毛作
三葉虫
三輪車
参賀帳
参観人
参議院
参考書
参考人
参考品
参事会
参事官
参政官
和佐比
山火事
山間部
山形県
山口県
山女魚
山小屋
山水画
山茶花
山梨県
山林学
不見目
産科学
酸化物
酸性雨
酸中毒
仕事師
仕事場
仕事台
仕事着
仕事箱
仕上工
仕置場
仕入先
仕方話
仕様書
仕立屋
仕立物
使節団
使徒書
使徒達
使用人
使用方
使用法
使用料
使用量
使用例
司令官
司令室
司令部
史学家
史料館
四角形
四次元
四半期
四輪車
士君子
始祖鳥
子画面
子会社
子守歌
市街戦
市街地
市長選
市民法
市役所
市有地
市有物
師団長
志願兵
思春期
思想犯
指示先
指定席
指導部
指話法
氏子札
氏子帳
糸切歯
糸電話
試運転
試金石
試験官
試験管
試験法
試作機
試作品
試算表
試着室
資本金
資料室
歯科医
歯科学
歯神経
事業化
事業家
事業界
事業主
事業所
事業税
事業部
事件表
事故歴
事実上
事務員
事務家
事務会
事務官
事務器
事務局
事務室
事務所
事務長
事務服
事務量
似顔絵
似顔画
似非事
似非親
児童画
文字典
持続力
時間給
時間帯
時間表
時計屋
時計皿
時計台
時計店
次世代
滋賀県
滋養分
示力図
耳鼻科
自意識
自衛隊
自家製
自画像
自国語
自治省
自治体
自然数
自然林
自転車
自動化
自働化
自動車
自由化
自由業
自由席
自立語
自立心
式次第
識別子
七角形
七五調
七福神
七辺形
七面鳥
室内楽
実業家
実験群
実験室
実時間
実測図
実用化
舎利塩
写植機
写真屋
写真家
写真顔
写真師
写真術
写真帳
写真版
写生画
写生文
社会悪
社会学
社会人
社会面
社用車
社用族
謝肉祭
車海老
車高短
車用品
車両化
借入金
借用書
弱音器
弱材料
弱小国
弱体化
主眼点
主教室
主計局
主産地
主産物
主治医
主食物
主人顔
主人公
主人役
主成分
主製品
主題歌
主要駅
主要国
主要点
手加減
手荷物
手工芸
手術室
手信語
手数料
手品師
手料理
酒石酸
受信機
受信器
受信側
受身形
受像機
受付係
受話器
受話機
授業料
周囲長
周極星
周波数
周波帯
周辺国
修院長
修験道
修辞学
修辞法
修整版
修正案
修道院
修道会
修道士
修道女
修理屋
修理工
修理代
拾得物
秋田県
秋刀魚
終止形
終着駅
終電車
週刊紙
集中線
集配人
住所録
住生活
住民税
住民票
十五夜
十三夜
十字火
十字街
十字軍
十字形
十字線
十字路
十進制
十進法
十二宮
十二支
十二単
十二分
十文字
十六夜
重言葉
重火器
重禁固
重金属
重工業
重酸素
重手代
重水素
重戦車
重大化
重箱読
重母音
重役会
重量感
重労働
寄居虫
出格子
出願人
出漁期
出金額
出血死
出港船
出札係
出札口
出札所
出産数
出仕事
出資額
出資金
出初式
出身校
出身地
出世間
出世作
出世頭
出生地
出前持
出張員
出張所
出張店
出土品
出入国
出発点
出版屋
出版界
出版業
出版元
出版費
出版部
出版物
出版法
出品国
出品人
出品物
出不精
出無精
出放題
出目金
出来高
出来事
出来秋
出来心
出来星
出力線
準会員
準教員
準決勝
準社員
準大手
準備金
初期化
初産婦
初場所
初体験
初対面
初任給
所在地
所持品
所帯主
所得税
所有地
所有物
書記長
助教授
助産院
助産所
助産婦
助成金
助太刀
女学生
女子高
女子大
女性器
女性像
女性美
女便所
商学士
商慣習
商議員
商業化
商業界
商業街
商業学
商業史
商業地
商業文
商工業
商取引
商船旗
商船隊
商店街
商売気
商売人
商品学
商務官
商務省
商用化
商用語
商用文
小火器
小学校
小学生
小間物
小気味
小型化
小細工
小作農
小児科
小松菜
小切手
小説家
小道具
小麦色
小麦粉
小判型
小判形
小文字
小文節
少国民
少資本
小食家
少食家
少年院
少年会
少年団
少年法
招待状
松竹梅
消音器
消火器
消失点
消費税
消費量
消防士
消防車
省電力
証明書
上下線
上下動
上級生
上景気
上古史
上向線
上申書
上水道
上製本
上中下
上調子
上天気
上等品
上等兵
上半期
上半身
上表紙
乗合船
乗算器
乗車駅
乗車口
乗組員
乗馬隊
乗馬服
乗務員
乗用車
常習犯
常分数
情報化
情報元
情報量
条件文
植物園
植民地
植木屋
織物業
職員室
職能給
色眼鏡
食管法
食生活
食堂車
食料品
信号旗
信号機
信号手
信号所
信号灯
信心家
信任状
信用状
心停止
心電図
心不全
心理学
心理戦
新快速
新学期
新潟県
新幹線
新記録
新技術
新形式
新建材
新時代
新世紀
新生物
新製品
新体制
新入生
新年会
新発売
新聞紙
新聞社
申告箱
申命記
真意義
真空管
真空帯
真四角
真似事
真人間
真正直
真正面
真清水
真田虫
真面目
神経科
神経質
神経節
神経戦
親画面
親近感
親馬鹿
親不幸
人一倍
人格化
人間愛
人間界
人間学
人間業
人間技
人間苦
人間味
人形師
人件費
人口学
人工雨
人工雪
人工池
人工林
人事院
人事課
人種学
人情本
人情味
人心地
人真似
人生観
人相見
人相書
人造湖
人造米
人体学
人非人
人物画
人物像
人物評
人文史
人望家
人民軍
人名録
人力車
人類愛
人類学
人類史
二王門
図書館
図書室
水化物
水銀柱
水産業
水産物
水酸化
水商売
水族館
水道屋
水道管
水兵服
水平線
水面下
水力学
水冷式
数億年
数係数
数表示
世界一
世界史
世界人
世間話
世紀末
世帯主
世話焼
世話人
制球力
制作室
制動機
制動手
性悪説
性教育
成績表
成文化
政治家
政治学
政治力
整流器
星気体
星条旗
星状体
晴後雨
正会員
正規軍
正規兵
正義感
正教員
正教会
正教師
正字法
正社員
正書法
正常化
正則化
正中線
正電気
正投手
正当化
正反対
正比例
正方形
正面図
生意気
生化学
生活費
生産高
生産地
生態学
生番組
生物学
生物戦
生放送
精神科
声楽家
製図家
製造品
製粉所
西海岸
西半球
西洋人
青海原
青春期
青少年
青信号
青森県
青天井
青銅色
青二才
静岡県
静止画
静電気
税理士
石首魚
石川県
石炭酸
石版画
積立金
赤外線
赤血球
赤十字
赤電話
切断図
切断面
接続語
接続口
接着力
接頭語
接頭辞
設計図
説得力
説明書
雪花菜
雪合戦
雪上車
先学期
先史学
先住民
先進国
先天病
先日付
先入観
先入見
先入主
先任順
先発隊
千一夜
千三屋
千秋楽
千石船
千卒長
千代紙
千鳥足
千葉県
千里眼
千両箱
選挙戦
前衛戦
前額部
前景気
前口上
前借金
前照灯
前進力
前世界
前世紀
前登録
前頭部
前任地
前半期
前半戦
前夜祭
全荷重
全強風
全国民
全市民
全質化
全住民
全勝軍
全身像
全身病
全身浴
全人格
全人生
全世界
全勢力
全製品
全責任
全速力
全地方
全天候
全二重
全日制
全能力
祖父母
組織化
群時雨
村時雨
倉庫業
相手方
相対死
相当数
総会屋
総決算
総資産
総辞職
総人口
総選挙
総目録
総理府
総領事
草野球
走査線
送受信
送別会
増刊号
造園術
側面観
側面図
測候所
測長機
測量図
速度計
卒業式
卒業生
孫息子
村八分
多角形
多原子
多次元
多重化
多数決
多島海
多年草
多変数
多辺形
多面角
多面体
多様化
太平洋
大平洋
打楽器
体育家
体育館
体温器
体温計
体験談
体量器
対応版
対角化
対角線
対義語
対象体
対情報
対話式
帯分数
待合室
貸金庫
貸付金
代願人
代議員
代議士
代言人
代書人
代数学
代数式
代燃車
代表格
代表作
代表団
代表部
代表例
代用食
代用肉
代用品
代理業
代理人
代理店
代理部
台風眼
大家族
大学院
大学生
大学卒
大競争
大型機
大好物
大黒柱
大災害
大祭司
大阪府
大使館
大司教
大寺院
大主教
大成功
大西洋
大多数
大中小
大都会
大統領
大反対
大部分
大文字
大文節
大目玉
大理石
大和絵
大口魚
単一化
単一形
単音節
単漢字
単眼鏡
単語集
単行書
単行本
単子葉
単試合
単色画
単色光
単数型
単発機
単比例
単弁花
単本位
単葉機
単利表
単利法
炭化物
炭酸塩
炭酸水
短時間
断頭台
断熱材
断末間
男子高
男便所
地下化
地下街
地下室
地下鉄
地下道
地形図
地元紙
地質学
地対空
地対地
地平線
地理学
竹細工
茶道具
茶飯事
着心地
着番号
中位数
中医学
中央口
中央部
中学校
中学生
中間駅
中間国
中間子
中間体
中級品
中共軍
中古車
中古品
中耕機
中国語
中国人
中仕切
中心地
中心点
中水道
中世史
中性子
中長期
中南米
中二階
中年増
中波長
中立国
中立面
中力粉
中労委
仲人口
仲買人
仲立人
昼興行
昼食会
柱時計
注意点
注意報
注文品
虫眼鏡
貯金箱
貯水池
丁字形
丁定規
調印式
調査票
調味料
長音階
長崎県
長時間
長方形
長方体
長野県
直取引
直接税
直接費
直談判
直弟子
直方体
追試験
追体験
通過駅
通行止
通行人
通信員
低価格
低学年
低気圧
低教会
低金利
低血圧
低周波
低順位
低所得
低水準
低性能
低成長
低電位
低能児
低物価
低利金
停止線
停船場
停留所
定位置
定型詩
定時制
定足数
定比例
庭仕事
鉄工所
鉄鉱石
鉄板焼
天井灯
天王星
天下一
天眼鏡
天眼通
天気運
天気屋
天気図
天才児
天産物
天主教
天上界
天然色
天体学
天体図
天長節
天動説
天道虫
天日法
天文家
天文学
天文台
見世番
転校生
点火薬
点眼器
点眼水
点数制
点鼻薬
伝音器
伝記物
伝声管
伝声器
伝送先
伝送路
伝道師
伝道船
伝馬船
田舎道
田舎風
電圧計
電解液
電解質
電気工
電気代
電算機
電子化
電通大
電熱器
電流計
電話機
電話局
電話室
電話線
電話帳
登山客
努力家
土建屋
筆頭菜
逆様事
島根県
投光器
投資家
東海岸
東海道
東京着
東京都
東京発
東西屋
東半球
東北人
東洋人
東洋通
東洋風
湯治場
当世風
当世流
等圧式
等圧線
等温式
等温線
等高線
等身大
統計学
統語学
統合化
統制線
頭文字
動員令
動向表
動植物
動物愛
動物園
動物化
動物界
動物学
動物質
動物相
動脈血
動力学
同位体
同意義
同意見
同意語
同音語
同学年
同期式
同期生
同義語
同級生
同居人
同好会
同国民
同志会
同時代
同種類
同情心
同心円
同人種
同性愛
同素体
同族会
同父母
同分母
導火線
導電体
銅版画
得意気
得意先
徳島県
特許主
特許法
特効薬
特産物
特待生
特別委
毒科学
毒見役
毒味役
独居室
独禁法
独立心
読心術
栃木県
奈良県
内科医
内外人
内外野
内曲球
内国産
内祝言
内出血
内証話
内申書
内親王
内大臣
内地人
内地米
内弟子
内服薬
内務省
内野手
内野席
内遊星
内容物
内用薬
内陸国
南極海
南極光
南極星
南極帯
南極洋
南半球
南方産
南北朝
二返事
二院制
二階家
二階屋
二業地
二原子
二国間
二次元
二十重
二重唱
二重織
二重身
二重星
二重税
二重底
二乗根
二進法
二進木
二線式
二直角
二等賞
二等親
二等分
二等兵
二分木
二本差
二毛作
二輪車
二連式
二連発
肉料理
日刊紙
日光浴
日本画
日本海
日本間
日本軍
日本語
日本史
日本紙
日本式
日本車
日本酒
日本食
日本人
日本晴
日本製
日本側
日本茶
日本刀
日本風
日用品
入会金
入会式
入学金
入学式
入学生
入漁料
入港料
入国税
入出力
入場税
入場門
入場料
入湯客
入道雲
入母屋
入力線
任命式
任命状
熱血漢
熱帯魚
熱力学
年賀状
年会費
年産額
年始状
年代記
年代順
能楽堂
能動態
能文家
能弁家
能率給
農作業
農産物
波止場
波戸場
波打際
破落戸
馬鹿力
馬鹿話
馬小屋
敗戦国
敗北感
配管工
梅雨期
売笑婦
売上票
売買高
博愛家
博士号
博物学
博物館
白血球
白血病
目利安
八折判
八角形
八九分
八重雲
八重桜
八重歯
八千草
八千代
八百屋
八百長
八辺形
発禁本
発見料
発行所
発信音
発信側
発生学
発電機
発電所
発表会
判検事
判断力
判任官
判別式
半意識
半円形
半塩水
半音階
半可通
半夏生
半過去
半開国
半官報
半月刊
半減期
半身像
半身浴
半世紀
半製品
半長形
半直線
半導体
半独立
半二重
半病人
半部族
半母音
半面識
反意語
反逆人
反政府
反体制
反対語
反対色
反対側
反対票
反動家
反発力
反比例
反物屋
反物質
反陽子
板金屋
犯罪学
非営利
非課税
非活動
非許容
非金属
非公開
非公式
非合法
非常口
非常識
非常線
非線形
非線型
非対応
非同期
非売品
非民主
飛行家
飛行機
飛行士
飛行場
飛行船
備後表
美術館
美術品
美少女
美少年
美人局
美容院
美容師
鼻下長
鼻眼鏡
鼻出血
必治薬
必要事
必要品
必要物
筆不精
筆無精
百貨店
百合根
百卒長
百分比
百面相
百葉箱
標準化
標準語
氷河期
氷点下
表記法
表具屋
表具師
表示書
表示灯
表示物
表二階
表日本
表面化
表面上
評議員
評議会
病理学
貧民街
不安気
不安心
不安定
不意気
不衛生
不可解
不可逆
不可欠
不可知
不可能
不可分
不格好
無格好
不確実
不活化
不活動
不完全
不気味
無気味
不規則
不義理
不均質
不具合
不景気
不決断
不決定
不結果
不健康
不健全
不検束
不見識
不公正
不公平
不行状
不合格
不合理
不細工
不参加
不賛成
不思議
不死身
不死鳥
不似合
不時着
不自然
不自由
不手際
不十分
不勝手
不消化
不条理
不信義
不信実
不信心
不信任
不心得
不親切
不人気
不人情
不世出
不成功
不成績
不成立
不整合
不整脈
不正確
不正規
不正直
不節制
不戦勝
不相応
不足勝
不注意
不調和
不定期
不定法
不適切
不適当
不適任
不都合
不等辺
不統一
不動産
不動心
不同意
不同化
不導体
不道徳
不道理
不得意
不得手
不徳漢
不特定
不熱心
不必要
不評判
不品行
不等号
無風流
不風流
不文法
不文明
不勉強
不本意
不満足
不名数
不明確
不夜城
不用意
不用品
不養生
不利益
不流通
不良化
不良品
不量見
不連続
付加税
付属語
付属書
付属節
付属品
付属物
付帯犯
夫婦仲
婦女子
婦人科
婦人服
富山県
府知事
父兄会
武家物
武器庫
武器倉
武士道
武者絵
武勇伝
武力戦
部屋代
部屋着
部落民
風土病
副会長
副議長
副産物
副司令
副社長
副首相
副食物
副牧師
副領事
復習文
福井県
福岡県
福島県
複合語
複雑化
複数個
複素数
複葉機
仏教徒
仏舎利
仏生会
物真似
物品税
物理学
分科会
分解能
分界線
分岐駅
分岐線
分岐点
分教場
分極化
分光学
分光器
分工場
分散型
分子説
分子量
分水界
分水線
分度器
分配金
分別心
分類学
分類表
分列式
文化祭
文化財
文学史
文学賞
文庫化
文庫本
文字列
文節数
文部省
兵学校
兵器庫
兵器工
兵庫県
兵法家
平安京
平安朝
平易化
平屋根
平均点
平行線
平城京
平生着
平底船
平土間
平等観
平年作
平方形
平方根
平方和
平面鏡
平面形
平面図
平和国
米海軍
米議会
米空軍
米国人
米国民
米上院
米陸軍
変圧器
変圧所
変化球
変光星
変成岩
変声期
変速機
変調波
変電所
変分学
変流器
編集子
編集部
便衣隊
便利屋
勉強家
弁護士
弁護人
弁護団
弁護料
弁財天
弁才天
弁証学
弁証法
弁当屋
弁当箱
弁務官
弁理士
保安林
保育園
保管金
保管証
保管人
保管物
保管料
保管林
保健医
保健婦
保険医
保険金
保険証
保険料
保護金
保護国
保護司
保護色
保護税
保護鳥
保護領
保証金
保証人
保証付
保身術
保全会
保有米
保養院
保養地
母国語
母集団
母性愛
包容力
報告書
報道官
放水路
放送局
放物線
方形波
方程式
方面隊
法務省
暴走族
暴風雨
暴力団
望遠鏡
貿易業
貿易品
貿易法
防音室
防寒服
防止法
防総省
防長官
防毒面
北海道
北極海
北極熊
北極光
北極星
北極洋
北国人
北半球
牧場鳥
牧草地
本会議
本街道
本格化
本金庫
本建築
本国人
本試験
本場所
本場物
本草学
本調子
末始終
万国史
万国民
万葉集
満州国
未解決
未開発
未確定
未刊行
未完成
未記入
未教育
未経過
未経験
未決算
未決定
未公表
未耕地
未消化
未成品
未製品
未然形
未組織
未知数
未着手
未丁年
未通女
未定義
未登記
未配当
未発見
未発行
未発達
未発表
未来型
未来像
民営化
民間人
民芸品
民事上
民主化
民主国
民数記
民族学
民族史
民約説
夢心地
夢想家
夢遊病
無愛想
不愛想
無意識
無意味
無花果
無感覚
無関係
無関心
無気力
無限小
無限大
無作法
不作法
無手順
無重力
無条件
無水物
無制限
無政府
無声音
無責任
無線機
無造作
無雑作
無保証
無防備
無理数
無礼講
名付親
命中数
命令形
命令書
命令文
命令法
明細書
明赤色
明日葉
綿織物
面相筆
毛織物
木工場
木製品
木版画
目玉焼
目的語
目的地
問題児
問題点
門下生
門外漢
夜会服
夜学校
夜間部
夜汽車
夜光虫
夜仕事
夜商人
夜想曲
野球場
野球部
野菜畑
野心家
野放図
約半分
薬効物
輸出入
輸送機
輸入額
友好国
有意義
有限個
有声音
有体物
有名人
有理式
有理数
由来書
遊園地
遊歩道
予科生
予算案
予算上
予選会
予想屋
予想高
予知夢
予定案
予定説
予備員
予備科
予備金
予備校
予備室
予備隊
予備馬
予備費
予備品
予備兵
予備役
予報音
予防線
予防法
予防薬
予約語
余所見
余所目
余水路
余白注
用語集
葉緑素
陽子線
陽電子
養老院
来学期
来世紀
落語家
落成式
理化学
理学部
理事長
理容師
陸運局
立体感
立方体
立法府
流行歌
流星雨
留学生
留守居
留守電
留守番
旅客機
両議院
両国語
両手利
両成敗
両用機
料金所
料理屋
料理店
料理法
量子化
領事館
力仕事
力織機
力不足
輪転機
類義語
令夫人
例年祭
冷血漢
冷水浴
歴史家
歴史画
歴史学
歴史観
歴史上
歴代史
練習場
連合会
連体形
連帯感
連用形
労働歌
労働祭
労働省
労働力
労役場
六角形
六角堂
六三制
六十路
六重唱
六大州
六辺形
六連発
話下手
馬刀貝
仕付方
悪感情
一家言
一個人
一昨年
一夜妻
黄玉石
黄銅鉱
黄熱病
下半期
下半身
給油所
決定版
研究所
古印紙
古道具
古文書
五角形
五倍子
三角形
三味線
借家人
出生数
出来物
人頭税
勢力家
早合点
直輸出
直輸入
停車場
弟息子
天日塩
南氷洋
売春婦
八分目
美男子
不器量
不知火
不適格
不面目
不用心
無用心
副読本
平信徒
保育所
保健所
保養所
北氷洋
万国旗
万能薬
合言葉
有田焼
石決明
安全弁
生字引
一分金
一分銀
絵葉書
弟弟子
面白味
表表紙
火災流
歌留多
加留多
合州国
計算機
計算器
健康方
健康法
小意気
耕運機
交差点
小間使
五大州
差出人
三角州
仕放題
注連縄
写真機
写真器
写生帳
出版社
言葉典
数寄屋
切断機
先先月
前前回
総売上
玉子焼
直接法
直説法
天花粉
天宮図
天球図
出入口
取引先
同士打
二階建
乗心地
飲兵衛
初節句
花言葉
鼻高高
引出物
単衣物
人差指
告天子
比目魚
不活発
不始末
不仕末
不断着
古武士
不調法
無調法
丸暗記
丸木船
未成年
未青年
夜見世
来来週
音楽学
音楽祭
関係調
清元節
旗二流
表六玉
兵六玉
証取法
工学部
最大限
自営業
資本家
食中毒
速達便
張本人
帳本人
通産省
小売店
大前提
話言葉
不燃物
法学部
発起人
無期限
無機物
無神経
無生物
有機物
要注意
復調器
安心感
医科学
一時期
引受人
右中間
営業所
栄養学
円相場
演出家
改良種
開発部
管制官
基準法
期待感
機関紙
義太夫
議定書
急成長
防水布
不分明
生一本
価千金
地球上
軍人風
半月形
会社立
金属製
安息香
貿易風
文筆業
病原体
地動説
地方版
地方紙
地方色
地下水
知能犯
直円柱
中生代
中性塩
大道芸
大音声
土着民
栄養分
流行語
副神経
副総理
外耳道
外交団
格天井
白昼夢
白中夢
羽布団
半月弁
比電荷
日時計
必要悪
方眼紙
法医学
法制局
老夫婦
回送車
老人力
序破急
付属校
自自公
筆記帳
植物質
受取人
石南花
六連星
高祖父
未整理
居場所
居心地
競走馬
競馬場
禁止法
芸術院
芸術祭
決勝点
建設省
建築学
検察官
検事正
研究官
現行犯
個個人
古新聞
固定費
後半戦
公式戦
好景気
好成績
工作員
行楽地
行進曲
居合道
一分半
金牛宮
金切声
茶話会
用務員
飛道具
赤信号
集合体
時代相
実験台
自作農
重電機
受動態
十八金
下意識
貝細工
火口原
観相学
検流計
複数形
海松貝
馬鹿貝
中高生
新登場
五万米
五真米
総務部
小切子
大人気
頭字語
高電圧
黄金虫
根切虫
四重唱
五重唱
便利帳
深海魚
調理場
貸本屋
組合頭
観客席
一場面
予定表
金石文
小役人
細小魚
町工場
孫弟子
豆電球
豆台風
身勝手
耳学問
水仕事
目的格
無事故
無理式
生返事
熱機関
肉体美
日章旗
大喜利
親会社
歴青炭
連合軍
理解力
里程標
老眼鏡
六面体
良導体
緑地帯
料理人
両生類
流動食
流星群
清教徒
青年期
生理学
晴雨計
製造業
製造元
世界観
世間体
責任感
責道具
四分六
子午線
支配人
新開地
新生代
新世界
素人目
自然界
金赤色
和楽器
手土産
再配布
明後年
空下手
空取引
音楽家
一生面
神通力
落葉松
旅商人
水位計
水位標
熱気球
空梅雨
音楽堂
用兵術
通用門
配給米
逆比例
終刊号
終列車
手仕事
社会科
実社会
勝負事
証人台
放牧地
野球熱
対向車
車中談
文学士
文学部
日記帳
始業式
試験場
宿根草
船火事
船着場
水道局
水酸基
高学年
国際人
国文学
再開発
最高級
最高検
最重点
最前列
三等星
産業界
四死球
支店長
治験薬
自衛官
自由形
自由型
実生活
写真集
主税局
授賞式
受賞式
州政府
集大成
手引書
寄生木
消化器
食肉類
省力化
小市民
消息通
小前提
相乗積
素寒貧
帯電体
大食漢
太陽年
多神教
灯台守
売上高
陽電気
有機体
夢物語
財産家
前頭葉
造物主
造船所
無一物
無辺際
空念仏
応接係
秋田犬
夕月夜
小人数
星月夜
多人数
貨客船
目八分
無常感
無常観
年格好
矢羽根
出合頭
出会頭
寺子屋
寺小屋
流線形
流線型
禁漁期
水様液
断断固
院外団
官給品
管財人
園芸学
園芸家
衛生上
衛生兵
衛生学
衛生隊
衛星国
軍略家
運送人
運送店
運送料
運送船
運送費
運送業
運動具
運動界
運転台
運転費
運営費
運輸量
君主国
郡役所
回送店
回帰熱
回教国
回教徒
回転機
回復期
回遊船
回遊魚
帰化人
混入物
混合林
混合物
混合酒
混合語
混合機
混交林
混成岩
混成物
混成品
混成酒
混血児
混和物
混種語
均等化
血圧計
血清学
血液学
血統書
無一文
無水酸
無欠席
無名指
無灯火
無自覚
無体物
無投票
無利子
無利息
無表情
無定形
無定見
無所属
無重量
無風帯
無計画
無能力
無教育
無配当
無得点
無理解
無着陸
無税品
無統制
無意義
無試験
無資力
無資格
無線局
無機質
無競争
馬鹿面
明文化
工作品
工芸品
工学士
工事費
工務店
工業化
工業国
工業界
功労金
空元気
空中線
空出張
空世辞
空気口
空気浴
空返事
空軍力
空景気
空証文
空想力
空想家
公文所
公民学
公用物
公共財
公害病
公害罪
公証料
公選制
松食虫
口上書
口真似
口語文
口語体
後日談
後見人
半永久
発火点
発会式
発光体
発声法
発言力
発育期
発明品
発明家
発信人
発動機
発情期
発想法
発電子
発熱量
発頭人
反逆児
反逆罪
反復説
返信料
敗残兵
八文字
八面体
破防法
破産法
金文字
金欠病
金本位
金石学
金物屋
金魚草
金解禁
飲用水
飲仲間
飲酒家
減速材
減塩食
感化院
感圧紙
感光紙
感情家
感覚毛
感覚点
感覚器
感想文
感謝状
感謝祭
急行便
急病人
合成紙
合唱曲
給水所
給水管
給油船
給費生
暗号文
暗号学
暗記物
暗黒面
暗黒街
暗緑色
禁制品
禁治産
禁酒法
禁衛隊
禁輸品
古生代
苦心談
固形物
格子造
航空学
航空病
航空路
航空隊
航海術
航続力
行在所
行政法
東洋学
東宮職
重合体
重馬場
動力計
種種相
用水池
用水路
用器画
通行税
通学生
通知表
通知票
通信社
通信費
通風口
通風機
通話料
同位角
読後感
読書人
読書力
読書会
読書室
読書界
読書家
非人情
非合理
非国民
非現業
非衛生
分子式
分相応
分数式
分類法
仏文科
配分法
配当金
配給所
配達人
配達先
配達料
配電所
配電線
配線図
飛行服
飛行便
飛行隊
父母会
父性愛
鹿角菜
歩合制
歩合算
歩行器
歩数計
独立国
独立祭
独立語
独習書
独演会
主任制
注文先
注文服
注意力
注意書
豆板銀
頭足類
投石機
投石器
投書家
投票所
投票箱
投機心
逆光線
逆命題
逆関数
逆輸出
油圧器
油送船
油送管
輸入品
輸入税
輸出品
輸出税
輸送船
輸送量
輸送費
輸精管
中心角
中国服
中性紙
中和熱
中間色
首実検
首実験
祖国愛
組織力
昔気質
借地料
守備兵
守備隊
守護神
受信人
受領証
受験生
受験料
受験票
授産所
冬木立
終身官
終夜灯
終業式
手工業
手不足
手内職
手文庫
手弁当
手付金
手札型
手芸品
手相見
手真似
手配師
手術台
手術衣
手細工
手塩皿
手話法
昼光色
昼夜帯
酸化鉄
酸性岩
酸性紙
村夫子
村役場
損害額
都市化
都会人
都議会
着火点
着物地
着信局
着眼点
着道楽
書留料
書記局
書記官
書院造
土用波
土石流
土気色
土団子
土建業
土産話
社内報
社会化
社会部
社交界
社交家
社務所
石切場
石火矢
石合戦
石竹色
石材商
石炭紀
石細工
図案家
貯木場
貯金局
貯炭所
団子鼻
団結心
転路器
断面図
真分数
身上持
実用品
実行力
実体化
実物大
実習生
実務家
実際家
実録物
実験式
質問書
勝手口
勝手元
勝負師
登山家
登記所
登記料
証人席
取入口
取引所
取引高
取立金
取次店
取放題
総力戦
総支出
総本店
総本家
総花式
総動員
足温器
速記術
速記録
走馬灯
送水管
送気管
送油管
送金額
送信機
送風機
送話器
送電線
方位角
方解石
防火戸
防火線
防雪林
防寒具
放水管
放火罪
放送法
放電管
放熱器
病虫害
病院船
百万言
茶屋酒
予約金
野次馬
野良着
香具師
野営地
野路子
区民税
局地風
春分点
春場所
隊商宿
対位法
対戦車
対話体
加算税
加薬飯
建白書
建具屋
建設業
建築士
建築物
建築費
建議案
荷受人
荷送人
寒気団
漢文学
漢方医
漢数字
間欠熱
見目形
見取図
見張所
見習工
不見転
現代化
現代語
現在高
現行法
現実化
現実感
現象学
現象界
現業員
現像液
刊行物
研究家
研修所
周波計
調印国
調教師
調馬師
調馬場
調理人
調理台
調理師
毒人参
毒物学
居留民
家庭着
家屋税
家政学
家政科
家族法
車大工
車井戸
夏季熱
往生際
広告料
広告費
広告業
広報部
横断面
鉱物質
光行差
光度計
光量子
光電管
新人王
新生児
新生面
新字体
新紀元
新教徒
新造語
新聞業
新聞種
新興国
親切気
親文字
親日家
親兄弟
親任式
親任官
親告罪
親和力
親衛兵
親衛隊
最上級
最下位
最多数
最高点
切分法
絶交状
絶対量
節博士
未来形
物件費
物相飯
文人画
文化人
文化史
文芸学
文学界
文明国
文章語
文筆家
文語文
文語体
文選工
米産地
米問屋
迷信家
火山帯
火山脈
火事場
火薬庫
美女桜
美文調
美食家
美容術
美術史
美術界
美術家
美意識
美顔水
美顔術
資本財
資産家
自由詩
自在画
自身番
自制心
自治会
自治領
自乗根
自負心
自責点
自然人
自然力
自然死
自然法
自然美
自然生
自然観
結氷期
結団式
一工夫
一苦労
開会式
開校式
開票所
付着力
府議会
豊水期
二刀流
二期作
二期制
日本一
日本化
日本犬
日本学
日向水
日照計
日曜版
人工語
人文字
人国記
人相学
人間像
比例式
比重計
筆記体
編年史
編年体
編集長
番小屋
番号札
板目紙
板金工
板門店
板屋貝
始末屋
始末書
始球式
式部官
式部省
試験紙
等深線
等語線
秋日和
秋場所
宿直室
酒造家
酒造場
酒造業
提示部
適不適
正反合
正念場
政治犯
政治屋
政府案
政務官
政略家
役人風
役力士
役不足
約不足
役員会
船大工
船小屋
船外機
水中花
水加減
水平面
水平動
水圧計
水圧機
水成岩
水泳着
水茶屋
水耕法
水害地
水時計
水理学
水産学
水量計
水道料
水準器
水銀灯
追分節
追羽根
追羽子
追送検
追複曲
輪番制
類似点
類音語
駅馬車
液量計
不断草
不等式
不徳義
不確定
部分品
部分食
部隊長
副知事
副都心
材木屋
材木商
財政学
財界人
財務官
財産税
在来種
在来線
在学生
在留民
採炭所
災害地
考現学
考証学
考課表
宮内省
招待客
招待席
照明器
照度計
焼死体
焼野原
消化液
消化管
消去法
消防団
消防隊
消毒器
消毒薬
消息文
消費財
消費材
小天地
小手先
小正月
小休止
小作人
小作米
小作料
小豆色
小売商
小児病
小利口
小夜曲
小便所
小荷物
小馬鹿
答申書
有功章
有気音
有名税
有税品
有意差
右心室
国文法
国文科
国民服
国民軍
国有化
国有地
国有林
国言葉
国防色
国防省
国連軍
国産品
国営化
国境線
国際色
国際語
活人画
活用形
活用語
活字本
活版本
活版屋
過去帳
遠山里
保安官
保育器
保証書
保護林
相手役
相似形
相弟子
相部屋
相場師
相続人
相続税
相談役
相談所
想像力
箱馬車
素人芸
青年会
青年団
青写真
青物屋
青電話
青銅器
情報部
清朝体
清算人
清算書
静力学
静水圧
静物画
静脈血
精白米
精油所
精神力
精神病
精製法
精製品
星雲説
評判記
名人芸
名文家
名店街
名望家
名義人
民有林
売上金
命名式
世界語
世話役
世話物
移民法
残余額
残念賞
線香代
散文詩
散水車
産出高
産科医
殺人罪
山査子
義兄弟
義和団
義勇兵
義勇軍
顔見世
言行録
言葉質
基本給
基地局
旗行列
季節感
器量人
器楽曲
安山岩
安死術
安全灯
安定感
案内状
案内図
利休色
利久色
低山帯
低次元
矢飛白
体重計
指人形
指示薬
指南役
指南車
指南番
医原病
皮細工
極前線
極悪人
交声曲
交配種
校友会
校正係
学士院
学友会
学生服
学用品
学芸会
学校医
教区民
教会法
教会員
教会堂
教育長
教育学
教育法
教育界
教育家
教育費
教則本
教授会
教授法
教護院
女文字
女所帯
女世帯
女学校
女店員
女性化
女性学
女道楽
庭木戸
紙一重
紙表紙
地下線
地中海
地文学
地方病
地方税
地平面
地衣類
地形学
地政学
地質図
成人式
成人病
成文法
成年式
成長点
整流子
整理部
神学士
神学校
神信心
神格化
神経学
神経病
神無月
神話学
電子管
電力計
電気屋
電気量
電位差
電波法
電波星
電信局
電信柱
電信機
電動機
電報料
電話口
電話料
電機子
引立役
演芸会
演習林
演説家
西日本
西洋化
西洋式
西洋画
西洋風
西洋紙
四天王
四六判
四分円
紙四手
四辺形
四半分
四角柱
四面体
死生観
死産児
深山桜
深成岩
計時係
計量法
計量器
計数管
持久力
持久戦
持参人
持参金
市民税
市議会
得業士
得意顔
統制品
統計表
道中記
道化方
道化師
道具方
道具屋
道具箱
道祖神
道義心
道徳心
道徳学
道徳家
導波管
導関数
祝賀会
条約国
波布茶
増大号
滋養物
婦人会
婦人病
海上法
海水魚
海老茶
海軍省
海洋学
海食台
海運業
黒文字
夢判断
湯文字
湯加減
上得意
商業国
落花生
落第生
落第点
許可制
許可証
許容量
丁子油
丁字帯
丁字路
打物師
町人物
町内会
町役人
町役場
町村制
町道場
町議会
定式化
定住地
定価表
定例会
定着液
定期船
積分学
積雪量
寄付金
寄留地
寄宿生
寄宿料
歌会始
出走馬
鉄火場
鉄石心
鉄面皮
鉄道便
機内食
機械工
機械学
機械油
機関士
機関庫
近代詩
近地点
近体詩
近海魚
近眼鏡
練兵場
練習曲
練習帳
練習船
連小便
連合国
連判状
連隊長
連隊旗
連動機
連結器
連歌師
列伝体
会社法
絵図面
絵画館
絵草紙
絵草子
観兵式
観桜会
観測所
観測船
観察力
観察眼
話上手
話半分
話相手
母子草
牧羊犬
牧羊地
牧師館
救助船
救助隊
救命具
救急法
救護所
球面鏡
告発状
製氷所
製氷機
製氷器
製糸業
製材所
製版所
製油所
製茶業
製紙業
製粉業
製粉機
製塩業
製鉄所
製鉄業
大入道
大人物
大八車
大小便
大公国
大本営
大広間
大白鳥
大礼服
大気圧
大回転
大団円
大自然
大豆油
大見得
大車輪
大往生
大英断
大和歌
大海原
大神宮
大逆罪
大部屋
大宮司
大根足
大時代
大動脈
大黒天
大道具
大過去
大業物
大福帳
大演習
大静脈
大山木
太刀先
太刀持
太公望
太古代
太平楽
太陽虫
太陽灯
太陽神
太陽熱
多毛作
多方面
多肉果
多肉質
多血質
多足類
多発機
直走路
植毛術
植生図
植字機
植物油
食物油
植物学
植物界
置手紙
徳用品
徳義心
特別号
特別法
特別機
特売品
特売場
特価品
特科兵
特級酒
特約店
特産品
特許料
特集号
左大臣
左心室
差出口
差配人
賛美歌
塩化銀
塩水湖
気保養
気送管
気候学
気候帯
気動車
気無精
愛妻家
愛書家
愛鳥家
入会地
入園料
内反足
内接円
内証事
南洋材
南極点
男文字
男性美
男所帯
心配事
心得顔
心意気
心電計
羊小屋
羊皮紙
洋皮紙
養父母
養育費
養魚池
養魚場
洋画家
洋服屋
洋品店
象皮病
営林局
営造物
営業費
桜前線
規則書
規格判
規格品
紀元節
記事文
記念物
記念品
記念祭
記者席
記録係
起工式
起動機
起電力
起電機
里言葉
里神楽
理事会
理財家
理想化
理想型
理想家
鳥小屋
鳥観図
鳥類学
薬包紙
薬用酒
薬局方
薬局法
薬事法
薬理学
労務課
表面積
長丁場
長町場
長大息
長水路
長四角
長期戦
長談義
長談議
帳面面
常平倉
常夜灯
常得意
定得意
常設館
常備金
常備軍
常備薬
所有格
所作事
所持金
所得顔
所番地
初一念
初生児
初年兵
初航海
初等科
境界標
景教徒
強力犯
強化米
強行軍
強制力
競争心
競技会
競技場
競売人
競馬馬
知日家
知識人
声明書
支出額
支度金
支配力
技能賞
技術士
枝折戸
単性花
戦利品
戦車隊
戦時色
戦病死
戦術家
戦略上
戦略家
戦勝国
税務官
税関長
説明文
説教師
説経節
花文字
花水木
花粉管
花鳥画
貨物車
限定版
根菜類
眼鏡屋
銀本位
銀世界
銀白色
銀行界
銀行家
銀行業
銀細工
店屋物
点火器
点眼薬
法人税
法学士
法治国
法理学
法務局
品評会
快気祝
快男子
快男児
快速船
快記録
決断力
決勝線
決算期
決議文
決議案
月世界
月見草
月経帯
外字紙
外交員
外信部
外洋船
外祖母
外商部
外接円
外輪船
木工所
木工具
木太刀
木戸番
木石漢
木炭画
木食虫
木綿糸
木綿物
目分量
目見得
目鼻立
高山帯
高圧線
高度計
高祖母
高級車
高高指
高島田
高温計
高等官
高調子
高積雲
県人会
県民税
県議会
毛皮商
毛細管
略記法
両性花
魚河岸
魚類学
漁色家
漁業法
慣用語
慣習法
面会人
満天下
万灯会
綿火薬
綿実油
綿製品
千六本
千分比
進入灯
進入路
進水式
進行形
進行係
集札係
集会所
集光器
集金人
集魚灯
集散地
雑役夫
雑役婦
雑貨商
三角比
三角柱
三角旗
三重苦
三連勝
三等賞
三等親
森林学
森林法
森林浴
森林帯
検圧器
検事局
検波器
検定料
検査役
検査官
検案書
検眼鏡
協和音
接合子
接受国
接待係
接待費
接客婦
接客業
屋台店
屋形船
屋根屋
羽二重
羽根車
雨台風
時代色
時代物
志願書
能力給
仕切書
仕手戦
事業団
司法官
色事師
色素体
草団子
草屋根
草競馬
造石高
造石税
造林学
造船業
造営物
造営費
緑十字
緑玉石
緑柱石
緑黄色
録音機
形式美
形象化
形態学
耕作地
耕作物
幸運児
玉子酒
印紙税
本予算
本島人
肥満児
聞上手
陸半球
陸軍省
陸海空
陸屋根
陸産物
陸戦隊
全音階
選手団
選科生
選挙人
選挙法
選球眼
代理母
代議制
貸出金
貸費生
思考力
思想界
思想家
側頭葉
測地学
測地線
測定法
測深機
測量船
測程器
富士額
福音書
遊技場
遊泳術
遊牧民
遊興税
遊興費
農地法
農作物
農牧地
農業国
農機具
肉用種
復水器
復古調
復活祭
複十字
複本位
複写紙
複写機
複比例
福利表
複利法
複複線
報知機
玉手箱
赤毛布
赤道祭
赤新聞
赤鉄鉱
赤電車
赤銅色
陽極線
護身術
護送車
護送船
護衛兵
生体学
生兵法
生命力
生命線
生物界
生活力
生活苦
生計費
生徒会
生産力
生産物
生産財
生産費
性犯罪
経世家
経師屋
経産婦
経営費
経験談
軽口話
軽合金
軽業師
熱伝導
熱帯夜
熱帯林
熱帯病
熱容量
熱量計
熱電対
熱器具
織物商
職員録
職階制
職務給
職業病
末代物
雲上人
田舎家
田植歌
田園詩
天理教
構成員
構造式
講習会
講義録
講談師
流布本
流行目
流行眼
流行色
流行児
流行病
流通税
流動体
流動物
流量計
好一対
好下物
好天気
好色本
好色家
好角家
好材料
好取組
好結果
好戦国
貿易商
約束事
約定書
角細工
炭酸紙
前半生
立小便
立太子
立方根
立会人
立行司
立体戦
立体鏡
立志伝
立見客
立見席
立往生
林産物
葉菜類
葉緑体
談話室
岩石学
岩田帯
岩清水
旅日記
旅行先
旅行家
旅行記
旅芸人
旅興行
旅館業
食人種
食用油
食前酒
食品店
食道楽
食塩水
弓取式
留置場
老人病
老大国
老大家
老練家
白人種
白日夢
白玉粉
白地図
白灯油
白兵戦
白雲石
白鉄鉱
白銅貨
白熱灯
白熱戦
雪月花
雪見酒
雪景色
変曲点
短毛種
短水路
短日月
短兵急
短音階
風力計
風切羽
風水害
風向計
風物詩
風速計
風馬牛
風景画
風雲児
早少女
早生児
早見表
早教育
早産児
早場米
楽屋話
楽器店
畑水練
連分数
七曜表
織女星
小見世
素反応
素因数
総二階
短期間
徒競走
雑所得
布団皮
安保理
易損品
一要素
歌合戦
運動領
英数国
英文科
栄養短
大宮人
会員章
会計課
解散説
海水温
海馬回
角分散
過現未
過失犯
火星年
貨物便
空約束
皮財布
関西馬
関数族
寒冷地
外国勢
旧軍人
共和政
去勢牛
近海物
技術面
玉整理
苦味素
具申書
具体案
軍国調
軍当局
競輪場
検査員
研米機
現体制
古生界
古代切
細動脈
採綿器
左中間
殺人犯
三国志
散歩道
在東京
雑居地
雑文家
示圧計
子音群
止音器
市街図
止血帯
糸状虫
自然増
下着類
七面体
松根油
小主観
商店主
小東京
消毒液
商人街
食肉目
食連星
進行相
新正月
新発明
真犯人
深夜族
自公民
辞職願
辞書類
実数体
実関数
事務屋
地元民
弱電器
条里制
女性軍
女生徒
女性徒
水酸根
静圧比
生活法
青化物
正教授
整経機
製作所
生産額
制酸薬
製材業
清子音
政治色
生徒数
製氷皿
世界新
積算法
石油王
節炭器
線織面
戦時下
先生方
先先週
先着順
前車輪
前進角
前住所
草月流
早東戦
総務局
早明戦
総予算
組織体
増加分
増税案
帯黄色
対生葉
太陽光
多音節
多極化
単位元
単勝式
大祖父
団地族
知覚知
力関係
知情意
茶器組
中以上
中辞典
沖積統
中毒死
定期便
適時打
天然塩
電動式
電報局
投機熱
東照宮
当直員
都議選
徳川方
徳川家
徳川勢
登山口
特級品
動安定
道議会
道交法
銅相場
動物達
同母姉
土台石
読解力
努力賞
内角球
生学問
日運動
日本領
入金票
入港税
農漁民
白金族
判決文
貝独楽
筆記具
筆耕料
必読書
平教員
秒時計
深緑色
仏文学
風土記
付年表
物価高
文語調
文士連
分相機
文明館
放生会
明朝体
名作選
名投手
名場面
毛製品
百千鳥
安月給
大和心
友人間
有力馬
容積比
立明戦
緑白色
労働相
木金土
火木金
支持力
主応力
試験機
液状化
地表面
正規化
全自動
変調器
導入部
主信号
混合器
回折損
自然類
主要部
葉節点
参院選
変成器
意見書
米市場
内安打
愛校心
悪玉化
暗号帳
位相差
意識下
移転先
育児書
一体感
一等地
印刷屋
運動家
英米人
英米法
駅長室
演習場
音楽隊
仮登記
加速器
家計費
歌唱力
花火師
課題曲
貨物室
会計係
解決法
解説書
解放感
開放感
改札係
改造車
改良品
海外版
開通式
学芸員
学生課
学年末
活動力
慣用音
観光局
観賞魚
基準点
基本語
寄港地
機械科
機関室
機関長
技術料
義務感
給水車
競争馬
教務課
教養部
興行界
金魚屋
銀時計
訓練所
訓練生
形成期
形容語
軽量級
芸術品
建設費
建築業
検出器
研究科
研究心
研究費
現代史
現代版
現地人
個体群
個体差
固定票
後半期
語学力
口話法
工作室
工場長
幸福感
広報課
校長室
構成比
構築物
航海士
行楽客
行商人
行政学
講演料
高音部
高度差
高等科
合格点
合成音
国語学
国際線
国内線
国内法
最終案
採石場
採点表
材料費
作業員
作用点
雑貨店
参加国
散兵線
仕事量
四季報
始発駅
姉妹校
志望校
指導員
指導力
支給額
紙細工
紙製品
試作車
試乗車
資本力
自習室
自信家
識別力
質量数
実業界
実験場
実体鏡
社長室
車内灯
手羽先
手配書
受信料
受領書
修正液
集中力
重圧感
重量級
出演料
出世魚
準備室
順応力
初飛行
助手席
女子校
女友達
小品集
消防法
照会先
照準器
賞金王
常識家
常識人
食文化
新刊書
新人賞
新造船
新年号
申告書
申告制
真実味
親切心
人事部
人情話
図書費
図像学
世帯数
制動灯
売春宿
性行動
性道徳
性本能
成長期
政府米
整数比
整備工
生息地
精算所
精算書
精肉店
精米所
製作費
製造所
製本屋
西洋史
青果物
積分法
接近戦
接続駅
設備費
戦車兵
船長室
選挙民
全国紙
組合員
組合費
組織学
組織票
倉庫番
相似点
総務課
送付先
測定器
測量器
測量士
太陽風
体育祭
対数表
大型車
大病人
単数形
短大生
短編集
団体客
男子校
地球人
中心部
中隊長
注文書
貯水量
調査員
調査団
調理法
直行便
通産相
通知状
低音部
定期戦
定常波
定年制
提出物
転居先
転送先
転入生
転任先
伝導体
電子音
登山道
登録料
都市部
投手戦
投手力
投書箱
投票数
東洋史
当事国
統率力
同国人
同情票
道徳上
得意客
得票数
特製品
特選品
特大号
特注品
特等席
特別室
特別職
特別席
読取機
読取器
二極化
二重丸
二分法
日程表
日付印
入館料
入場式
年代物
燃料費
農学部
配水管
梅雨空
白色光
発信局
発着所
発売元
反省会
反則金
版画家
美術書
美術商
美術部
標識灯
標準型
表現力
不変量
復元力
復原力
複製品
分隊長
分布図
文教族
文章題
文法書
平常心
編集局
弁当代
保育料
保健室
保険屋
歩合給
放水車
法改正
防衛費
満足感
未開人
未開地
未来学
名人戦
命名法
明細表
面会室
目的物
薬学部
油圧計
輸送力
有価物
有効打
有名校
遊休地
予備軍
予約係
予約制
予約席
理工科
理事国
料金表
料理番
量記号
領海線
類似品
練習機
練習所
練習生
連続体
労働法
和声学
和声法
大洋州
三国人
保佐人
合議体
三悪道
対世効
平水夫
黄土色
間氷期
丸屋根
円屋根
逆回転
極低温
軽電機
鉱産物
今川焼
再加工
最後列
三和音
不生女
産油国
始生代
子安貝
小安貝
実定法
車前草
大葉子
十姉妹
書見台
消息子
新生活
性科学
生野菜
船会社
帯広告
帯番組
大仕事
大所帯
大代表
大発会
大発生
単母音
仲見世
長母音
転貸借
独航船
日計表
農学校
副音声
防風林
無安打
名文句
矢車草
夕景色
陸海軍
立面図
冷暗所
四十路
水不足
大年増
全日本
医科研
多言語
情報学
精算人
好選手
水道水
顔文字
悪液質
位相語
移住民
一次式
一太刀
引用書
羽状脈
運動学
塩化金
塩化鉄
塩化銅
塩素水
横領罪
温帯林
下属音
仮道管
仮導管
加熱器
夏布団
家庭医
科学史
果菜類
火工品
花式図
花信風
過給機
過熱器
画学生
回転角
回転計
回転子
回転体
回転面
快楽説
海人酸
海洋法
海陸風
絵空事
絵空言
絵物語
外貨建
外気浴
外航船
外国法
外車船
外出血
外性器
外務員
確信犯
角測量
角目鳥
完全数
官能基
感熱紙
管状花
総務省
財務省
未知語
長電話
日常品
村議会
申立人
入出金
調査部
受講生
英国民
豆知識
入門書
着手金
留守録
英英語
鉄格子
二次体
小女子
短母音
鉱物油
人民元
大法官
多国間
改正法
間接費
工程線
試験薬
事故死
失見当
出血熱
信任票
信用買
政府軍
生産量
接続料
線量計
大銀行
男女比
地上戦
地方局
通信料
低体温
独唱会
内科学
売上税
不交付
法史学
無効票
旧漢字
番号帳
野太刀
長太刀
長刀術
北東風
白鼻心
再生紙
運営上
健康上
好条件
高金利
最上階
最年少
最年長
何方道
個人戦
団体戦
開口数
実体験
手作業
最終章
小型車
小動物
少子化
少人数
大金持
大発見
調査官
長期間
直営店
冬作物
同年代
年度末
不美人
名演技
友愛会
旅客船
両方向
青粉毒
道州制
中高年
王太子
工場主
君主制
君主政
大天使
多者間
関東軍
五車星
生命体
州議会
州議選
研修会
通信文
下宿生
熱発生
底意地
新開発
入植地
照明灯
協議書
商品力
農漁業
紙風船
小太刀
仕入高
声明文
高成長
経財相
組織図
外適応
開教師
魚料理
保温材
銀行印
部単位
空白文
指示子
通路側
多民族
色校正
決定戦
新弟子
心技体
三役格
十両格
同部屋
不戦敗
部屋頭
星取表
大金星
四本柱
準年寄
新十両
新三役
新大関
再十両
絵番付
板番付
再出場
根岸流
紙番付
力士会
道産子
場所入
番付表
常陸梅
悪送球
味加減
五面体
受取書
強電線
弱電線
七方出
出張費
登山隊
雨波貝
北寄貝
能天気
能転気
清水器
試用版
付加語
建具師
輸入量
導波路
手取金
電子線
連合体
木炭車
全面安
性産業
部長付
調査役
副長官
買物客
性体験
返読点
農業家
農場主
不足分
半島国
半島人
大建築
機関手
配置薬
大会社
登録証
答弁書
登下校
貯金帳
無教会
受信箱
外交史
自由人
自由画
女子部
投機師
細工師
経営面
耳年増
厚労省
参加費
悪知識
植物相
経産省
大画面
自走式
文科省
文化省
標本室
辞書学
本選挙
入口点
光造形
務長官
本部長
投薬量
政調会
弁明書
外交術
農水省
農水産
投開票
大事業
必殺技
分社化
昨年夏
野生犬
過電圧
加電圧
犯罪歴
光熱水
総支部
複合機
交流会
満作科
一財産
田虫葉
金糸梅
小真弓
白雲木
山法師
赤四手
八十代
昼食代
不快感
行動学
省略形
変化形
酸性土
学務課
負電気
負電荷
歯周病
反義語
水文学
外国産
基本法
好印象
大変化
強結合
弱結合
近似解
重力場
物性学
風信子
男友達
親時計
女主人
解氷期
散布図
分散図
総合職
客単価
集客力
兄者人
不可算
短角牛
長角牛
非主要
芸者屋
平社員
料理長
大海老
大試合
小部分
小部屋
小取回
入構証
増改築
反対番
貿易上
勉強会
個体数
低燃費
停車駅
好業績
歴史書
空気圧
最速化
古着屋
所属長
大火事
高利益
実空間
京阪奈
意味深
後夜祭
通過点
四分位
親代代
円関数
一本化
分教会
中童子
肉食鳥
土佐犬
短周期
不支持
頭子音
末子音
対馬音
漢字音
皮表紙
金型費
絶好調
特許品
火皿貝
落下物
中心街
日本初
貸金業
保険業
住空間
二等車
写真画
様子見
観相術
外事課
五葉松
生産児
利酒師
統語法
記者室
総書記
橋本病
空手着
天井画
音博士
貿易船
漁船員
無人駅
名門校
代書屋
校務員
決定打
京言葉
大日経
大自在
土産物
学問所
開山堂
念持仏
時限目
薬業界
日本円
入管法
自然史
支配下
使命感
今週末
全財産
国家間
目的税
実行犯
新発見
両国間
主要因
平均台
記録面
金市場
男生徒
男性徒
日朝間
設計書
作業量
大角豆
交雑種
不正常
群青色
混合薬
感性界
水産品
輸出額
無公害
案内人
経理部
不信感
経理課
首長国
七変化
世界初
世帯員
信用残
業務課
業務部
業務上
固有種
求積法
旧石器
急転回
身八口
浴衣地
中高型
頭高型
平板型
重犯罪
故意犯
形式上
議運委
事情通
不採算
日本新
調度品
文章体
落羽松
給油機
面接官
商売女
殺人課
輸入米
国産米
新素材
学士号
合計数
回想記
武勇談
豆黄金
最重要
五本指
温度差
日本鹿
支出金
関連語
不織布
水和物
不登校
中止法
中止形
作業着
無農薬
遊里語
理容室
勝負服
防衛省
防衛力
大浴場
現実味
悪印象
持久走
小便器
金準備
一形式
万葉調
着信音
非軍事
新冷戦
総重量
食事代
会費制
全方位
色無地
色指定
色指数
共作曲
現地着
当社比
現場着
重力子
調査課
無足人
過去問
大部隊
総画数
農園主
学生会
清潔感
動画家
集合知
半通夜
食器類
重電気
人工弁
改良型
安定期
丁度今
大流行
保安係
市民軍
大陸法
案内役
長方向
松果体
移民局
構造物
新首相
焼香台
手紙文
医師団
研修医
血流量
検査法
海綿状
粉末状
一分野
一家族
地上絵
急性期
性機能
栄養物
健康人
仕事口
内面化
無力感
外来種
手術代
大失敗
統一感
技術点
講書始
非協力
問題群
用語法
関税局
外来魚
理念型
身分証
公述人
特別会
仕事始
交通課
法輪功
国務院
報告例
修理店
大勝利
情報通
資金力
夫婦間
新成人
大事件
新設校
金光教
大本教
沖縄戦
無回答
仕事運
健康運
勉強運
八正道
三法印
失敗作
記者証
演技力
検死官
卒園式
輸入国
楽天地
白点病
大進歩
数直線
大人数
点数係
族議員
産学官
逆方向
大学校
起業家
灯台草
厚労相
大逆手
黒人兵
多毛類
入社式
差別語
送風口
独身男
新人類
有理化
有利化
犯人像
歌番組
気取子
非識字
新平民
白身魚
赤身魚
車検証
毛表皮
中国茶
中国酒
日本通
登場感
北前船
再発信
貿易量
特急便
再配達
新体験
新政府
衣料品
昭和史
男性観
女性観
技師長
二輪草
炭素税
記録会
総所得
女性語
客室係
社説面
大事故
無答責
基本金
六国史
日本紀
日本米
開音節
鼻母音
大和文
開口音
合口音
助産師
強談判
予算委
周産期
指小辞
給紙機
表現法
形式知
準体言
道府県
後頭葉
年相応
返答書
合計額
毛様体
朝自習
自然体
氷下魚
都知事
熱分解
大豆粉
古書店
花見酒
汽水湖
氷河湖
伝来語
中国史
分波器
老婦人
通知書
人鳥類
白衛軍
府県制
一見客
準新作
本波布
人間型
三分法
学校祭
大学祭
国語科
非常食
唱歌集
集合財
海綿体
前庭球
技術屋
死荷重
静荷重
下級財
上級財
逆進税
比例税
多関節
自由財
中間財
正常財
名古屋
北九州
三合会
初会合
便失禁
人面魚
金花虫
歩行虫
大角羊
豆象虫
大象虫
真章魚
団子虫
眼鏡熊
水章魚
天南星
順序数
周期表
三博士
無原罪
光伝導
光電導
受注額
水素化
酸素酸
白金黒
送信部
金属音
精神波
国交省
受発注
大佐賀
非売知
比売知
赤目魚
眼奈太
総議員
白色体
木登魚
公公然
説話集
人屋根
集団犯
結合犯
集合犯
人間道
人格神
原始星
南十字
十二直
宿曜経
行程表
準教授
青人草
路線図
受信音
衣魚虫
雲母虫
九州弁
東北弁
食品群
連勝式
音変化
外果皮
内果皮
中果皮
医学書
感動文
副部長
九十路
食用花
高灯台
数時間
集中型
言葉数
読者数
原子団
半数体
二倍体
外出先
屋久鹿
水上機
水上下
動作主
田楽焼
地球照
県病院
無修正
整合説
対応説
多雨林
上新粉
転法輪
土産品
医方明
置時計
山水牛
桜海老
新当流
常不軽
大発作
小発作
古皮質
旧皮質
新皮質
後成説
前成説
共感覚
浅羽鳥
文目鳥
百声鳥
無常鳥
田長鳥
油点草
時鳥草
合法鳥
行行子
石千鳥
小千鳥
黒歌鳥
喜知次
来次第
不可得
制気口
肉団子
精進物
重陽子
五角柱
六角柱
八角柱
半固体
円口類
相転移
太陽鳥
酒石英
牛海老
二文字
時計草
長鼻類
少林流
公会議
熱的死
同族列
同族体
中立説
共進化
赤芽球
変形体
波状熱
色見本
機織鳥
弓作成
知知武
無足類
輪虫類
線虫類
線形虫
慣用法
大原則
総務相
多角化
多年生
波布草
想像上
防衛戦
防衛線
自然食
輸出国
無着色
事例集
上気道
士師記
共鳴器
発音器
問答法
仏教書
仏教家
散布体
原生代
完新世
中新世
始新世
最新世
現在世
古神道
海綿質
海綿鉄
五大老
遊水地
天気雨
庭見草
初時雨
決定木
料理書
水深計
残圧計
土産店
主原因
転出先
統計法
水平社
六観音
七観音
百合科
貧毛類
血清病
動原体
話題作
満州族
手水舎
再転送
指燃草
美化語
毒電波
火山群
火山列
火山毛
風配図
根本悪
張力計
所属先
変動費
秋分点
酸化数
小口径
提案書
色茶屋
交番所
運動部
文芸部
母文字
作編曲
労組法
量子数
相制説
半整数
直言歌
最悪期
近点年
近点月
児童会
頭状花
二次林
加圧器
面積計
内容語
横海老
気功師
母平均
前年比
全画面
川八目
経由地
前意識
九谷焼
丁字桜
大島桜
富士桜
夜開草
名目上
要出典
葉書大
林務官
失敗談
花角力
明清楽
白羊宮
人馬宮
茶立虫
馬追虫
竹節虫
世界線
銀河群
銀河団
米食鳥
進学校
走行会
進行波
物質波
波動説
物質量
検知器
十八禁
大連立
順不同
表現型
空燃比
糸球体
包合語
後氷期
倍数体
一倍体
三倍体
基本数
四倍体
絵手紙
午後一
予報円
着衣泳
地元語
精米機
経営上
採金地
雑貨屋
意味不
進行役
調子笛
六調子
太食調
大食調
陽音階
天人鳥
香雨鳥
生態型
地方型
陸水学
出糸管
花独活
運動着
軍配虫
黄立羽
男根期
板皮類
真羽太
赤羽太
打席数
編集版
金鉱脈
塩基対
三大洋
関八州
道陸神
絵馬堂
式部職
天満宮
引赤薬
発赤薬
神楽笛
式年祭
教部省
時代祭
例大祭
神社局
無格社
神田祭
全真教
大社教
神理教
神習教
実行教
黒住教
大成教
神宮教
犬四手
熊四手
陽明学
低料金
初出場
歯列弓
大阪弁
性理学
検電器
中子星
土人形
標本化
高圧水
大型化
類型化
四等官
調光器
法句経
通用口
法規制
書記素
落書帳
静音化
一体型
十辺形
辞書形
最高額
深径覚
準同型
和集合
有限型
十二経
雨四光
現在形
五文型
心血管
中書省
門下省
利用料
都察院
給食室
複勝式
複試合
古時計
立志式
感電死
司法省
千里竹
文明史
古英語
中英語
非定型
備前焼
満州語
思案顔
構想力
工場街
口頭語
山言葉
重量法
車前子
車前科
中務省
治部省
民部省
左弁官
真名本
真字本
問題集
小海老
陸宿借
岡宿借
三光鳥
内陸部
太平州
点耳薬
防衛相
統合体
給油口
食習慣
木綿綿
表形式
文字間
成果物
観念化
条虫類
走野老
車葉草
西洋梨
見島牛
安定液
地方官
音楽界
羽織虫
男性器
口内謝
円貨建
米国車
自在天
多聞天
多門天
広目天
増長天
持国天
正観音
女学院
節約家
内道場
館内図
明治節
地久節
四大節
体験版
一限目
小事件
均田制
五香粉
待雪草
松雪草
都鳥貝
川水雲
形容句
接中辞
正定業
輸配送
大師堂
島四国
分類群
二名法
三白眼
加持身
本地身
身口意
小商人
非日常
救貧法
司会役
付着物
温野菜
原体験
理学士
参考本
周辺化
自明解
軽速歩
時間目
守衛所
食料費
武道家
非通知
消化力
急接近
消灯令
希塩酸
弱塩基
弱塩酸
観月会
技術員
代行業
同意書
整水器
十進数
八進数
移行期
移動局
一次局
英文字
演算器
演算数
演算表
演算部
応答側
横倍角
下位語
仮引数
仮原文
仮手続
仮想局
仮配列
可変部
課金制
過負荷
画面上
会話形
回線群
外部型
完全版
関連図
基底解
基本文
記号列
起動側
逆編集
共通化
共通線
局管理
空状態
空白化
空白列
係数器
型定義
計数器
決定表
検出部
原資料
原文語
減算器
現位置
現在点
現地化
現付番
現要素
限定子
固有色
公開文
構成節
構成体
構造型
構文素
行位置
行起点
行番号
行方向
高画質
高速化
高度化
国番号
差分法
再計算
再始動
再実行
再接続
再設定
再組立
再送信
最終版
最上位
最新版
最大数
細分化
雑時間
参照先
参照線
散布量
算術式
算術文
算術和
指定子
指動輪
試験群
試験体
字方向
次元数
自立型
実引数
実効長
実行文
実体文
実体木
手順書
受動局
修正版
終着局
集合型
集中化
集中局
重回帰
出回線
出口点
準内字
順序木
順番列
順編成
初期点
商用版
消光比
照合機
証明証
上位語
上下限
上下列
情報群
条件式
色空間
色指標
色写像
色分解
信号局
新機能
親要素
数字句
数表現
整数型
正規形
製表機
製品化
製品版
積分器
全集合
全体語
走査器
送信器
送信側
増分量
束指標
属性型
属性表
多機能
多義語
対話型
対話形
代入文
大容量
単位列
単方向
知識木
地球局
地上波
地図帳
中断点
注記行
直定数
通信行
通信節
通信量
通信路
通知型
低損失
低電力
低容量
定数式
電子式
登録機
登録器
等化器
統一化
動画像
動作行
同位列
同期化
同時間
特定子
内容長
内容部
二次局
二重化
入回線
入力行
入力順
入力類
任意型
年日付
配電器
倍長語
発信元
発生順
非直結
必要語
表計算
表示器
表示面
表要素
付番群
部品表
部分語
部分木
部分列
副電力
副要求
復号化
複号化
復号器
復調機
複合局
複合式
複合文
複合法
複数行
分散化
分周器
文関数
文字像
文書化
文書館
文書型
文番号
文脈列
平均化
米政府
辺線種
母関数
本体部
未規定
名前群
明確化
木構造
有効化
用語表
要求側
要素型
要素数
略成語
量集合
列番号
列変数
連結式
連続紙
出版地
可能形
航時機
無性語
管理官
頭首工
計測器
保管庫
開発元
最高限
回転灯
直観像
単語表
電気式
本切羽
選炭機
副申書
複合体
受容器
資金面
大分類
野球人
公労委
公労法
深川飯
名産地
保健師
客観化
同世代
楽屋口
内輪差
不適合
高学歴
通学路
空心菜
歴代志
宮大工
豊後梅
大神楽
代神楽
木付子
満天星
青文字
小羊歯
天門冬
木工芸
数種類
鉱工業
極最近
精算機
着色料
分注器
送信所
照会状
輸送車
手術着
表外字
最大手
法務部
空港駅
身分制
留置所
法教育
会見場
非球面
個人間
反主流
西洋語
医歯薬
民法典
新材料
低学歴
常態化
多幸感
肉筆画
黒鹿毛
青鹿毛
川原毛
主演作
公教育
自由民
保健省
様式化
資料館
商学部
不適正
雑種犬
事故米
色再現
正典化
調心輪
小型犬
中型犬
大型犬
水水母
近現代
構造色
法整備
先導車
北極点
角部屋
風化岩
送付状
地元産
発信機
無調整
順位表
全面高
回向文
同志愛
同士愛
小山羊
子山羊
強意見
鉄道駅
温水器
神楽歌
相似比
文芸家
愛飲家
実業団
図工室
一風景
高等部
上方語
東京語
性形質
後形質
単結合
対生成
電子対
電子雲
単量体
人工湖
人口湖
未来人
天気祭
飲酒店
大王松
町全体
左官屋
法人格
得意技
植物館
星間雲
好対照
神明社
神明造
落葉状
複母音
中二病
当番兵
導水管
高負荷
労働官
日本国
半時間
期間工
指文字
外出着
天師道
大時化
大馬鹿
青野菜
協和語
日満語
整備士
配位子
独参湯
帳台構
赤茶色
口径食
口径比
紀伝体
鼻科学
問題化
下足室
最大量
職務上
保水力
属人法
西王母
新書判
半魚人
受身文
受動文
測量家
代当主
山王祭
八足門
増解結
好青年
生毛体
応答長
空港税
北極線
南極線
特技兵
試合場
雑性花
天目台
一次回
金時豆
白雲母
大角鹿
太陽鏡
性反応
単弓類
無弓類
本発明
多様体
交易路
積集合
開集合
差集合
点集合
余集合
分岐学
長者貝
主原料
不応期
秋田貝
合成数
作用素
箱海老
有限体
動物間
使君子
四君子
同意味
万代草
産官学
教父学
談義所
現金化
最後発
何種類
共分散
空手道
五加木
電熱線
入力文
出土地
四重禁
石製品
車輪石
油菜科
古地理
美容室
親水基
海毛虫
実経験
計算上
熱電子
旅人木
大野貝
方向角
和時計
金水引
集積化
一対多
多対多
梨子地
慣行犯
活版所
統一法
再集計
千鳥草
船食虫
真旗魚
眼旗魚
目旗魚
四角豆
記号学
相手先
記号素
最高位
数分間
着味液
和解案
種付花
先取点
半自動
半人工
全面積
黒旗魚
常連客
飛行体
海松菜
夜香木
連理草
黄体期
京都賞
白粉焼
資料集
老年期
法務官
評価減
連合野
量水計
黒茶色
立体角
理想像
理財学
木化石
変化量
葉状体
遊走子
有色体
事自体
豊年祭
最高神
共役角
目的因
形相因
質料因
動力因
作用因
木質化
明順応
暗順応
無任所
無性芽
無月経
無感動
夏安居
冬安居
金羊皮
可能態
自然学
放電灯
放出音
放散虫
報時球
法制史
博言学
代表所
楽団員
平歯車
文章法
粉白粉
物自体
石材店
常光線
明治期
意志力
丸文字
航海法
長期化
副検事
河川水
放流水
出荷料
過電流
後世方
古医方
建築史
世界像
地百足
石百足
営巣地
田平子
防水着
非友好
非現実
談義本
光線束
声楽曲
文庫版
計量化
計量士
衛星船
白変種
小新聞
大新聞
業界人
張見世
黄血塩
周転円
検査係
発売所
度田舎
表題曲
三柱門
白飛白
月下香
前評判
統計量
現代戦
修士号
学習法
四分法
仮種皮
国交相
小電力
火消役
定火消
走鳥類
国民食
枝角類
児童館
格技場
返金口
自小作
原初元
三益友
三損友
現病歴
学位記
火打金
回帰式
海洋底
海緑石
旅行社
地下駅
開区間
開頭術
外交家
消防船
工作船
熱固定
計画書
太陽柱
女同士
男同士
正整数
高次元
陸上部
遊女屋
部活動
留年生
必勝法
長半径
原単位
停留場
待合所
新体詩
社交服
社交場
発送電
現代文
報連相
児童書
去年末
再整理
西洋館
熱帯国
講義室
内毒素
最下部
黄金比
教育令
徳政令
大商人
和包丁
新内節
四方竹
整理屋
根保証
再判定
留意点
二進数
音便形
発光器
輸送科
士大夫
修道服
新市場
青金石
旧情報
熱損失
光損失
成長面
負投手
高得点
竹麦魚
指導標
仮想化
体言止
土日月
日月火
森林地
建設地
完成版
研究部
印度洋
編入学
安全帯
未登録
外省人
本省人
因州弁
出雲弁
発信地
基本形
基本型
生政治
方言学
示談金
発音学
発声学
大貧民
顔画像
力本説
非自立
完結相
州長官
接続法
条件法
農耕地
牛製品
形成体
再発表
四本足
地図学
現地語
差分商
水風船
大相場
通話口
土取場
文言葉
良質紙
天気輪
大学士
逆転写
豆電灯
構築子
前期比
報道人
報道局
報道部
向河岸
今戸焼
路地口
美人画
護身刀
板屋根
製造場
運弓法
観音堂
液冷式
木工師
地底湖
方位神
天一神
分生子
遊山船
天文方
接眼鏡
人工物
不正解
金梅草
天然型
極東風
佐波理
開成所
矢場女
出養生
博打打
大地主
公転面
造像記
造仏所
線積分
女言葉
男言葉
官有地
文学書
演芸場
演芸館
限量子
面格子
名残雪
初松魚
小望月
手弱女
七曜星
畑仕事
初当選
佐保神
季言葉
調整役
光量計
開発費
実動車
実働車
低重力
交際術
五時教
分光計
都護府
給水船
港則法
白子漁
造形物
弁財船
弁才船
貯水場
演説会
放物面
面開発
小倉織
天明調
女部屋
男部屋
賛助員
女神子
副意識
現実界
出出虫
和算家
十三仏
仏足石
可住地
得意場
大草原
水仕女
新面目
新世代
転輪王
質問状
箱眼鏡
十二門
分国法
談林風
命数法
植生帯
山地帯
雲級図
友千鳥
千草色
少女子
平山城
八十神
川千鳥
群千鳥
役者絵
一分判
強弱法
家族会
中間線
総務会
月平均
年平均
世代間
情報館
生型法
切妻造
事故機
通常型
東日本
中日本
財政面
先行馬
遊説先
借用語
無人機
小豆飯
同位面
回転数
支石墓
不定形
学園長
一中節
洋服店
整備室
国防相
打麦場
門付歌
鳥追歌
細工所
武家造
南大門
内路地
外路地
平安宮
一本指
丸太船
新選組
丸子船
両院制
語中音
育種学
六神丸
風船玉
重病人
小料理
仏馬力
料飲店
団子屋
立版古
野博打
講談本
和漢薬
非暴力
持小屋
大目付
物質界
精神界
書道家
宿営地
新所帯
新世帯
細石器
日輪草
地財法
手本紙
毛切石
部屋方
部屋子
横兵庫
手織機
自然木
月雪花
立女形
観世流
能太夫
水白粉
飯売女
高評価
家父入
絶好機
茶屋女
遊山所
結構人
共同湯
女弁士
上荷船
発条指
長岡京
応天門
朝堂院
平城宮
発馬機
木工品
作物所
進物所
飛香舎
昭陽舎
手続法
実体法
英議会
親子月
春待月
雪待月
神在月
神有月
神去月
時雨月
早緑月
梅見月
雪消月
秋風月
七夜月
風待月
常夏月
松風月
花残月
花見月
夢見月
言語化
船首像
石版刷
足関節
細工物
水機関
薬味皿
鹿火屋
海兵団
三具足
不変化
赤富士
接着面
新聞屋
六知事
寺務所
落成祝
無境化
無国境
無境界
航海図
航海長
再発見
文脈化
居合刀
絵羽織
人外境
支配頭
無点本
提重箱
子宮口
完全花
完全葉
女地主
田計里
岩面高
指示語
風来人
海松食
三角貝
風台風
鳥飼病
玉貝科
水字貝
朝顔貝
未分化
動物極
植物極
中心体
変成帯
構造線
雪眼鏡
雪野原
暴風雪
雪量計
雪氷学
大雪加
終着点
人工歯
内性器
平準化
一生物
民有地
取調室
馬鹿鳥
中心線
銀食器
女祭司
都人士
消防夫
女教師
女司祭
平面角
肉布団
実世界
投機家
岩苦菜
親王家
問注所
鉱山学
牛肉屋
指定単
生息子
管理費
大手術
小手術
出合宿
梅花祭
長信銀
一本歯
反語法
副大臣
女子会
年始着
冬景色
自動式
実験所
保安院
雨久花
大水青
原発巣
転移巣
公保険
保険薬
自国民
防護服
守護人
松阪牛
土佐弁
無角牛
無角類
観音経
五七調
大会旗
菜種菜
川崎病
仲立業
二量体
三量体
四量体
強精薬
取水口
期近物
中間期
大店法
評価損
評価益
部民制
人別帳
大服茶
大福茶
神楽堂
初富士
初景色
初東風
告解師
百物語
南大頭
大漁旗
配給制
落下音
鼻音化
黒熱病
黒化液
高品位
行動力
民間薬
春日和
貝寄風
仮入部
体制側
都市型
春早手
技科大
技術科
新局面
健康病
最遠点
制水弁
電力量
発受電
全地球
機能面
中山道
不安感
養生法
食道鏡
類似体
平家星
立飲屋
静電場
静脈圧
青緑色
青化法
好決算
賛成票
留学先
清政府
電子戦
電位計
最深部
集音機
集積点
大強風
開花期
長角果
長日月
経産相
鏡像体
鉱石車
金輪王
鉄芽球
金雲母
金緑石
病院長
重力計
重力波
酸性塩
精製塩
自然塩
水中毒
酸素化
酸性化
大資本
大勝負
酸化銅
配合土
部分群
青血引
方頭魚
禁帯出
望遠魚
夜光貝
達成感
過形成
研究書
中学年
運送品
運動野
感覚野
運動覚
造精器
筆写体
古代米
原料費
点灯管
口分田
通行証
通行料
非連続
高土間
満州人
文具店
米軍機
絶対悪
州知事
犯罪人
再結成
商品化
中央駅
田舎人
古美術
対立王
軽質油
美容法
重質油
同一化
水死体
少年課
転落死
政財界
食事会
有力紙
講師料
総菜屋
成道会
相続分
家族観
調査法
教養人
護民官
名選手
調査隊
仏教国
南海岸
常灯明
古武術
売春街
近接学
近代人
手羽元
大親友
大病院
転写紙
軍事化
車輪止
高流量
絶飲食
印判屋
文明人
起動力
走時表
演習室
通気管
赤銅鉱
赤星病
質問表
準学士
大百科
新発意
総合館
夏本番
食後酒
送水口
放水口
貧歯類
財政家
取出口
遠島船
土手焼
単語帳
伝説上
大手行
投入口
大満足
半地下
熱成形
水金梅
仕手柱
目付柱
大臣柱
切戸口
中正面
出発便
結節点
解散風
電灯線
名物男
公選法
順位戦
人情家
国立大
失望感
農村部
修正法
大量死
仮決定
訓読文
機材庫
漢文典
和文体
漢文法
入庫車
洋包丁
包丁人
包丁師
追加額
朝学習
説明会
接続先
番外地
精神面
生活面
同期元
同期先
非可分
好位置
特別賞
再逆転
最終戦
太物店
配送便
鉄無地
実行委
指数化
前月比
調速機
制度化
軍高官
空調機
社員証
一門会
気血水
八反織
試験室
試験台
女兄弟
女姉妹
男兄弟
出場所
記号化
出張版
小所帯
暗記力
発想力
出題例
文章力
目安箱
給湯室
無酸素
有酸素
謝礼金
観光業
往来物
給茶機
給茶器
生物体
演芸人
赤字額
多文化
一行物
小屋組
神経毒
有毒物
製造国
出資法
人気校
民有化
両院協
制服組
乗船場
前小口
先安観
最終便
大問題
意義素
区間賞
三連休
高価格
大作家
丁重語
調査局
自分史
講習料
保安上
成績書
小屋根
大屋根
正気散
宮内官
武道館
古文字
春時雨
黒南風
南東風
同期会
黒人参
相手国
一方向
議長国
飼育員
利用客
接続便
公立校
国公立
女性史
英仏独
金属量
重元素
流動化
国家語
実用語
三単現
民族上
人種上
音楽院
家族愛
上質葉
職業人
人間力
新方言
男性語
集会室
十二天
関節面
手札判
談話会
測高器
測光器
未開国
人造石
自然石
希少種
略礼服
職人技
料理酒
意気組
太夫元
複分解
内陸湖
無口湖
不満気
着地点
室内灯
月見酒
内容美
内容積
海面下
全米一
衛兵所
血液病
小玉貝
八千種
香道具
共学校
非常灯
白海老
上手物
夢日記
薬物学
数字根
高塩分
少年兵
自由帳
改編期
荷物車
立位置
全作品
色度図
軽車両
上行路
下行路
長春花
太白星
白木耳
神足通
宿命通
六神通
機械室
営業員
重役室
予告灯
新方式
夏学期
脈管学
丸耳象
平地林
西洋流
全快祝
日向夏
要相談
来月号
来月末
有機米
食中酒
百一物
野生児
保安課
保育士
保育室
荷物室
氷小豆
十八界
事業体
有資格
楽天観
代謝物
日本字
青花紙
愛玉子
愛好会
種分化
種形成
外交配
九角形
二個一
十角形
六角星
輪状種
化石種
地球化
高精細
連体格
化楽天
四王天
相借家
入門機
学級会
半自治
秋入学
結合角
和定食
会話力
黒歴史
前受金
土中水
合子草
海水面
美容液
予算化
塩場菜
左義長
健全化
海松色
海松茶
水松茶
無色界
日野菜
大気光
大気差
対日照
夜光雲
航空法
国内製
動物種
女関係
植物種
移民団
出発地
苦鉄質
風適法
造山帯
遊漁船
発信力
島皮質
三角部
毒性学
比内鳥
大道走
小道走
法令線
五念門
球状帯
未解明
化石水
赤色灯
事件屋
矢状面
発明王
肉歯目
鼻周囲
商用車
上目線
意生身
集電体
測量学
直音化
鉄工場
動物群
重歯目
個人語
老人語
火口箱
貨物箱
日不見
逆写像
生活科
近世語
言語音
側面音
低線量
乗車証
暴走車
切紙絵
衛生局
現代風
黄金期
交通局
建設局
現業職
高野紙
外因死
間期死
次次発
雨落石
野面石
初登場
印刷局
無信心
五文字
鏡文字
銀文字
縄文字
品文字
独歩高
独歩安
発起書
沖言葉
学生語
製品群
共変量
検出力
作動油
語形成
最新作
方言量
和製語
社内便
深夜業
問題作
最近親
半規管
酒造米
山谷風
曲物屋
青海牛
国王印
証言台
初公開
原発相
世界博
万国博
府民税
都民税
高速船
内内定
五具足
角質化
内国人
田舎間
中京間
未回答
新古品
金地金
家電店
道議選
知事選
機能美
大絶賛
家内制
岩緑青
買相場
売相場
愛国歌
混合体
黄皮木
青色光
眼鏡店
再注目
自信作
原風景
事業場
電車道
技術書
石鳥居
平家造
平屋造
平屋建
平家建
綿毛布
発色団
無酸紙
玉形弁
玉型弁
路線価
指点字
木造船
英語力
高重力
女子力
工具箱
日本馬
図書係
製板所
金物店
洋品屋
黒電話
太陽族
圧力差
易行道
松虫草
沖縄学
洋学校
木質部
予定死
迷子犬
迷子札
文語形
口語形
浅木炭
自然光
禁止令
案内申
平家節
民族服
生出演
女真語
野生種
再導入
線文字
何百個
箱水母
東京人
大阪人
細断機
保冷車
大原女
三遊間
集印帳
四不像
口白鹿
牛皮消
旗章学
外国米
読書灯
民放局
強塩基
快速調
夜出発
心雑音
迷演技
名調子
星形成
分子雲
姉妹語
上代語
大正解
三美神
関西人
入園式
終園式
大賛成
見送人
自然犯
法定犯
馬鹿女
資本主
肉製品
小旅行
情熱家
美青年
年増女
経験上
体節制
貸方票
円周角
球状体
西京焼
便所神
熱暴走
主要紙
不協和
矢細工
野風増
通行本
無過失
命令調
中国学
有機酸
無機酸
古記録
節度使
差別化
帰属感
再入力
残業代
決起会
角柱形
応量器
病害虫
中年男
中年女
具現化
木活字
富士講
最寄駅
分化能
帰化種
副主席
給食費
最貧国
制作費
財務相
組積造
着火材
着火燃
分光法
合意点
白千鳥
大千鳥
熱雑音
大三元
選考会
一手間
運次第
名義上
原画家
手元金
手許金
小三元
中北部
新天地
仏教語
大音量
英語人
混血人
生活音
本土人
赤水母
構成型
養成所
文字数
文字式
検査所
無所得
製氷室
現行品
魚焼器
大守宮
雪中花
野生化
再手術
改良版
仕事人
四行連
万病薬
日銀法
録音室
長財布
下足場
一生分
家相学
身体上
血肉化
塩酸塩
不告知
絶対数
厚表紙
草書体
修理人
外人妻
学術書
日出国
生合成
機械類
子牛肉
放送分
道路上
反定立
代用語
前夜式
非整合
準安定
送話口
老人学
側頭部
武士団
女校長
線条体
登録車
地下湖
人形焼
固定客
復帰作
養成校
生産国
不明点
病人食
生活感
給水池
大演説
結節状
結合価
現地紙
成木責
犯罪死
正選手
外来科
形成術
正位置
逆位置
場所代
等寒線
配当表
術中死
実用書
車社会
組織球
多客期
陽解法
評価式
大変形
土手道
止血法
利用法
精子数
失血死
松葉貝
冬野菜
寒苦鳥
新小豆
花独楽
生活史
秋出水
中世語
小弓引
故買屋
歌曲集
殺人刀
西洋種
素屋根
飼育室
労働服
見物客
調査室
古今集
争議団
火格子
天道教
光分解
自分流
人工葉
伝統食
食養生
回復薬
正長石
自然銅
自然銀
福地鉱
天青石
黒銅鉱
大阪石
上国石
鉄重石
電気石
葉長石
魚眼石
黄長石
親指族
保証状
守護代
未来記
基準線
中等部
小学部
機種変
許容差
社有地
有力説
大太刀
両性愛
銀舎利
八頭身
大湯屋
人肉食
四川省
代用魚
和人地
式内社
保護法
練習台
国絵図
父子草
単花果
電子版
入手先
地方史
夜直鳥
仮住所
製造物
確定力
争点効
信義則
手相術
火水母
発芽米
九輪草
放牧場
水平器
接平面
重積分
内整理
布教師
医務官
住居費
七事式
名演説
好試合
配送料
原資産
五街道
昔人間
文法上
工程表
大便所
未着品
特許群
低栄養
古地図
無料化
絶対知
入山料
天然水
料理通
天然物
寒梅粉
女王国
金庫番
勝負所
電波料
校正室
終油礼
薬味酒
最古参
自生地
二戸建
正義漢
北日本
南日本
大日本
大感謝
東京円
光増感
古民家
高山族
単連結
科技相
便所飯
判例集
家出人
月面車
生命感
深見草
演武場
反戦歌
鉄平石
人生初
赤海老
運上金
等圧面
縄文人
内定式
内定先
弁護側
大食家
検察側
発熱体
夫婦墓
無化調
低評価
炭火焼
正電荷
現役生
運用長
活荷重
新知識
線同期
支社長
適応力
鉄道線
副成分
魚付林
買取屋
法文化
細糸期
部分音
原糸体
糸状体
精製所
精細管
電話代
等張液
競走場
競売買
波長計
非表示
内航船
和小物
好中球
音楽室
神統記
平和学
新境地
相手側
練習会
静岡茶
貨物機
義父母
反省文
根野菜
公記録
清明祭
美文字
地元車
皮肉屋
大念仏
夜行便
主調音
最下階
生成器
席次表
助変数
育種価
相談室
母分散
相関図
送信元
燃料庫
文科相
神幸祭
要領書
最大級
大教室
低品質
法格言
人造語
仏具店
人口減
郡内織
神経管
神学生
入湯税
好酸球
野試合
言語野
生死観
無人化
今現在
法人化
作業道
暗者女
非円形
着陸船
休刊号
夕河岸
仮予約
円柱形
円柱状
重低音
行書体
要求書
事務職
暗電流
市条例
原生地
卒原発
減原発
丸大豆
分類辞
火輪船
評価額
終末期
保有熱
波来土
四法印
水先人
白帯下
無性愛
人工光
週休制
定着氷
多年氷
谷氷河
流氷野
周氷河
合成薬
赤古里
近点角
荷物番
大陸命
大陸指
大海令
大海訓
大海指
全体像
黄赤色
教料書
局方品
寒水石
小玉銀
快感帯
大評判
兵役法
色浴衣
二代目
未公開
常動曲
月経期
対象化
非平和
日天子
月天子
近親調
下中音
塩対応
人定法
制定法
短半径
極半径
知覚力
大海馬
味玉子
均田法
出来役
意識化
室外機
試作版
発行人
意向形
水族園
青果店
実写化
都心部
当駅止
配席図
行列店
提案箱
部屋食
国産化
未申告
保安部
整氷車
水温計
真正午
首長族
通話表
点灯夫
両政府
肥満体
軍基地
出荷先
正規生
活用表
旅行客
典型例
過期産
正期産
採血法
応相談
風営法
戦争屋
金属質
天然木
天然林
理義字
原告団
好評価
調理室
整流管
作品集
小売業
衛生士
自衛団
大手紙
均質化
太極旗
決算書
孫会社
病院食
出来年
自治州
自治県
不安顔
地方札
角変位
変位計
世話係
特商法
無線家
冬戦争
生地屋
学習書
銀行法
決死行
町年寄
町名主
大正月
女正月
人民服
経験則
条件表
中戦車
豆戦車
軽戦車
平面波
編曲家
逆格子
玉羊歯
田字草
足病医
家父長
運転室
輸送管
同圧線
同重体
宮入貝
海老根
確率場
山野草
水千鳥
土通草
土木通
水道代
社号標
両全花
風散布
小米草
非正規
商慣行
一輪草
重過失
対当額
単性説
仮現説
三道具
鉄観音
車輪梅
小豆梨
中国梨
白文字
石持草
大字報
方形造
一重草
八進法
玉緑茶
農用地
岩南天
写字室
報告会
世間知
花見客
根生葉
根出葉
準光速
再発明
日本型
輸入車
大得意
高断熱
教育力
銅配線
変速比
功労賞
女体化
計算式
死生学
等生化
売子宿
化身話
大博士
職分田
定積分
面積分
体積分
陽関数
基本列
物語風
失敗学
全順序
大博打
前日談
道徳経
四和音
三全音
多様式
商習慣
固定側
肉食魚
多能工
単能工
産子数
判子絵
河川学
九面体
十面体
年長組
物見台
多動児
試写会
雨羽織
部分和
整級数
基本群
熱化学
健常児
様式美
一線級
無香料
古気候
見学会
設定画
魚問屋
数週間
数百万
行動家
植字工
救急科
性経験
限定品
多音字
四元数
八元数
清真教
造営材
電動車
香港人
動静脈
点電荷
悪茶利
半紙本
海羊歯
分岐器
紀年法
正電極
負電極
姉者人
理容店
理容所
美容所
美容店
米国化
水素水
都大路
作業台
地電流
新聞学
量化子
公現祭
十二夜
代数和
接戦州
登高器
土負貝
増加量
職人芸
不定元
自殺点
姉妹船
七大州
保留音
月火水
火水木
水木金
波食台
外連味
愛上男
民主制
電話番
労基法
観相家
救貧院
白丁花
地母神
転車台
賞金首
現代病
航空図
人文学
共重合
馬鹿安
長整数
短整数
点検口
無限定
中心力
生薬学
中毒学
旧車会
逆電圧
花大根
黒目豆
黒大豆
山母子
生配信
右左折
造船学
物理量
天中殺
集成材
非自明
二等星
低予算
農民工
調査船
作用線
司政官
先発品
迷子石
給食係
風成土
風積土
量水標
量水器
水準点
測量標
早付木
類型学
機会犯
立体美
子守熊
帯気音
無気音
県大会
求知心
独自色
相変態
軍事学
八路軍
反故紙
反古紙
船名録
信号書
二遊間
落下点
移入種
使役犬
入学祝
内破音
入破音
再生毛
救急隊
防衛軍
非会員
横断線
後備役
社名版
英国病
司令船
機械船
殺虫灯
地面師
野戦食
行動食
草本帯
原田病
老年学
下部屋
時計学
管理上
行政上
軽四輪
包有物
暗号法
高身長
共同浴
計測学
平行調
竹夫人
竹婦人
火山湖
足留薬
開水路
調節器
英語学
文章家
路面店
合金鉄
鉄合金
法科学
民間機
魚子織
石大工
日常語
燃料油
電解水
返礼品
丸眼鏡
余因子
赤黒木
通信使
無機塩
出国税
歌物語
低炭素
無課金
合体字
共鳴箱
高級感
大悪人
大罪人
当身技
子実体
弱冷車
先先代
安置所
安置室
主戦場
路側帯
女社長
査定額
内製化
人工肉
軽禁固
風水説
風水師
八角鏡
神対応
仕事観
築年数
大根葉
小説化
石包丁
基本音
東名阪
話題化
関特演
国防軍
心字池
右万字
左万字
借金苦
天然石
情報局
番組表
全人代
飼育箱
花緑青
深井戸
国民病
示性式
特産種
半化石
準化石
一兵卒
単二型
単三型
単四型
単五型
単六型
人造氷
花前線
通信士
加工肉
成型肉
成形肉
結着肉
手羽肉
部分肉
小家族
後番組
非上場
事務方
進化形
銅合金
育児語
最有力
青海波
清海波
青海破
高級紙
板発条
個人店
食人族
当時物
太極図
不幸話
実質上
外交上
交流戦
銀古美
金古美
少年愛
左横書
右横書
生活語
化学種
男体化
薬種屋
薬種商
空気感
分断線
当時品
美食学
黒字化
関節学
調査書
体組成
体組織
対戦台
予備罪
通用音
統治下
日本流
追加点
新大陸
小麦畑
飼育場
絵地図
向岸流
新常態
副反応
地方風
解決案
目的化
重弁花
文字絵
停留点
残便感
造形美
造型美
極地法
塩風害
石油箱
山羊毛
合羽版
消防組
省人化
防護団
近代語
極弱火
自分事
野菜室
合弁花
内内示
混合気
旗指物
指小旗
通風管
構内図
航空戦
群知能
朝夕食
和洋室
発着駅
大改正
単独室
室内着
精選版
仏弟子
政官財
仏教学
食料庫
過去世
過去生
単回答
両墓制
美人湯
建設族
道路族
本登記
登録税
通気口
給気口
資産税
氷河学
新入荷
印刷版
福建省
海南省
河北省
河南省
湖北省
湖南省
青海省
山東省
山西省
雲南省
毛筆画
所場代
単独犯
解体屋
起始点
区議会
酸味料
計算量
計量学
室内犬
室外犬
前会計
得点王
不均一
今週号
飲友達
有口湖
男性化
外見上
負動産
同日着
営業税
西夏語
赤身肉
分散相
検修場
手入力
大赤字
分散質
血清型
外毒素
姉妹群
分子線
原子線
指導医
可食部
様似鉱
豊羽鉱
桜井鉱
空間群
文様群
線形化
赤金鉱
原田石
岩手石
南部石
団地妻
下気道
種実類
梨状果
新鉱物
管理員
構造化
断面積
円仏教
管理士
未加工
一定数
母者人
父者人
告解場
上祭服
属人化
文化面
年金額
浴仏会
開心術
災害級
内容量
美人妻
内容品
返送品
原産国
物理行
自社製
検査薬
法制化
義務化
運送状
保管所
制限高
売物件
打言葉
引用元
通知音
小気候
大辞典
小辞典
調子物
料金箱
合流車
地上階
黄信号
地下階
会話語
自然金
断食月
究理学
転路手
定番化
初仕事
火山学
花鳥図
海外県
大先生
鳥目絵
正体字
男社会
福建語
芸者上
金明竹
新型車
松葉油
八王子
競売品
消防官
鉱業法
位置皿
時計士
着物屋
天下人
無給医
待機室
調整池
真行草
戦上手
金銀銅
使用感
指南書
植物肉
特化型
左半身
右半身
根付魚
後部席
主婦業
物置台
参加賞
牧場主
街路灯
素十六
中秋節
駅係員
五大陸
新商品
右上手
左上手
県外人
検事長
内水面
理容院
初出品
前打音
仏名会
残念会
冷水機
冷水器
事故車
試遊台
社長業
試遊版
武道場
少女愛
油井管
近過去
遠過去
根性悪
上面図
定食屋
青竹色
訓練場
交際官
波状雲
女性形
男性形
自主練
大豆肉
未精製
機織業
古参兵
回春型
果生型
初版本
竹小豆
文武官
人新世
梅花皮
火神鳴
水神鳴
酒合戦
鉱物相
保護室
人数分
島言葉
感想戦
区画線
花粉学
確定石
区民館
無意志
上質紙
無効化
取調官
野合戦
営業車
不殺生
梅春物
休耕地
定住化
入力法
旅行業
成果給
心配顔
業績給
在中物
二分心
性表現
有名店
大隊長
定型文
手間代
茶道口
赤黄色
火災雲
男子便
不定休
対人戦
物産館
素物語
保護犬
支局長
国民兵
教育相
準二世
配達員
非政府
政治局
有料化
製造機
地方民
計算手
指関節
属和音
春野菜
夏野菜
秋野菜
最終財
基本財
小番付
日本病
兵部省
公議所
集議院
小中高
野菜類
戦間期
原典版
湯治客
無声化
有声化
生命愛
貧書生
選仏場
品不足
活字化
節分草
物名歌
春景色
雨景色
人工鼻
観光省
比体積
地名学
知能線
低地帯
仏料理
夢見草
洋食器
沖縄語
画像石
再考察
代用字
無観客
服加減
団子魚
学習帳
勝負運
光回線
国政術
中古語
中古文
領主制
八八花
案内記
母教会
来店客
真名文
真字文
日語校
自候生
空士長
地理極
具体詩
民芸紙
営業力
病因学
東京弁
洋食化
参加型
京野菜
日留試
筆文字
手加工
上方絵
橋上駅
地上駅
精液量
治工具
三戦神
祝勝会
紙加工
後加工
名言集
野菜庫
前景化
場外戦
客体化
南海道
西海道
体表面
連通管
仕付銀
最外側
二連球
準特急
長崎絵
色上質
特厚口
新出語
本場風
小隊長
内因死
電話台
神南備
復元品
会計室
大転子
小転子
反応式
黒種草
府県税
勢力図
天地眼
固形食
火田民
公立大
生木綿
大合唱
地頭代
花札屋
工芸家
配置図
三和土
飲食業
動画師
一次会
三次会
力加減
神前式
最確数
安息角
金包包
上級品
子生婦
幸運夫
最高作
新古車
絶不調
訓練機
天主堂
産業化
協賛金
作動音
正規品
立法院