我利勉
護美箱
以色列
加答児
久留子
土耳古
破天連
白耳義
愛郷心
愛犬家
愛好家
愛国心
愛唱歌
愛唱曲
愛蔵版
愛知県
愛弟子
愛読書
悪感化
悪材料
悪質化
悪習慣
悪条件
悪推量
悪天候
悪天使
圧延機
圧延鋼
圧痛点
圧電気
圧力計
圧力波
安楽死
安酒場
安全域
安全器
安全期
安定化
安定器
暗号化
暗黒期
暗証化
暗赤色
案山子
案内係
案内所
案内書
委員会
委員長
委任状
意気地
意固地
意識体
意地悪
意味合
意味論
異機種
異性体
異星人
異体字
異分子
移動体
胃下垂
衣食住
異和感
遺家族
遺言書
遺言状
遺失物
遺伝学
遺伝子
遺伝病
遺伝法
遺留品
医院長
医化学
医学界
医学史
医学士
医学生
医学部
医師会
医師法
医務室
医薬品
井戸車
井戸水
井戸側
育英会
育児院
育児園
育児室
育児食
育児法
育種家
育種所
一安心
一院制
一音節
一局部
一筋道
一筋縄
一見識
一元化
一元論
一戸建
一口話
一合目
一昨晩
一昨夜
一酸化
一仕事
一時金
一次元
一周期
一周年
一重桜
一神教
一神論
一身上
一寸先
一世紀
一切経
一体化
一対一
一代記
一大事
一段落
一昼夜
一直線
一定量
一転機
一等国
一等車
一等賞
一等親
一等星
一等卒
一等兵
一本気
一本松
一本道
一幕物
一面観
一面識
一毛作
一目散
一夕話
一覧表
一両年
一輪車
印画紙
印刻師
印刷機
印刷業
印刷工
印刷紙
印刷社
印刷術
印刷所
印刷人
印刷物
印字機
印象派
印度教
印度人
印判師
印半天
引火点
引取人
引当金
引用句
引用文
飲食店
飲食物
飲水量
飲料水
右大臣
宇宙学
宇宙食
宇宙人
宇宙線
宇宙船
宇宙服
雨合羽
雨量計
運送屋
運転士
運転手
運転席
運動員
運動会
運動場
運動費
運動量
運動力
運命論
運輸省
運輸相
営業畑
営業部
営林署
映画化
映画館
映画社
映画評
映写機
栄養価
栄養士
栄養素
永久歯
永子作
永小作
永住権
永年間
英会話
英語版
英国人
英作文
英数字
英単語
英文学
英文法
円運動
円記号
円虫類
園遊会
演算機
演算子
演奏会
遠眼鏡
遠近法
遠心機
遠心分
遠心力
遠地点
遠日点
塩化物
塩加減
塩素酸
応接間
応接室
応答能
応用力
横座標
横文字
黄金国
黄金術
黄金色
黄金律
黄口児
黄鉄鉱
黄道光
黄道色
黄道帯
黄道面
黄白色
黄表紙
黄変米
黄緑色
岡山県
岡場所
沖積期
沖積世
沖積層
沖積土
沖仲仕
沖縄県
少女心
温度計
音楽会
音楽史
音声学
下院議
下級職
下級生
下協議
下検査
下検分
下降線
下仕事
下士官
下手人
下手物
下宿屋
下宿人
下宿料
下準備
下水管
下水道
下世話
下線部
下層土
下相談
下足番
下足料
下台所
下町風
下馬先
下馬評
下付金
下腹部
化学式
化学上
化学戦
化学線
化学品
化合物
化石学
化石層
仮記入
仮議長
仮受取
仮出所
仮処分
仮小屋
仮条約
仮進級
仮政府
仮調印
仮定形
仮定法
仮入学
仮納金
仮納税
仮分数
仮名文
仮名本
何時間
何代目
価格差
価格帯
価格表
価値観
価電子
加工業
加工紙
加工歯
加工税
加工賃
加工費
加工品
加算器
加算機
加除式
加入金
加入権
加配米
加判人
加盟国
加盟店
可視化
可燃物
可能法
可変数
可変長
夏羽織
夏至線
夏至点
夏時間
夏時刻
夏場所
夏大根
夏木立
家具屋
家政婦
家族達
家庭科
科学院
果実酒
果実店
果樹園
果物屋
河童巻
火加減
火口湖
火山灰
火山岩
火食鳥
火成岩
火星人
火打石
火木土
花時計
花電車
花野菜
花林糖
荷馬車
貨物駅
貨物船
過去形
過激派
過半数
過不足
過保護
過労死
我物顔
画一化
画学紙
画用紙
会員券
会員証
会員制
会議室
会議所
会議場
会議録
会計学
会計官
会計士
会見記
会社員
解決策
解集合
解像力
解毒薬
解熱薬
回帰線
回数券
回想録
回復力
回路図
改革案
改札口
改正案
改定版
改良点
海王星
海岸線
海産業
海産物
海商法
海水着
海水浴
海兵隊
灰神楽
灰青色
灰白質
灰白色
灰緑色
絵巻物
絵日記
絵文字
開回路
開業医
開口部
階級章
外科医
外科学
外交官
外国語
外国人
外国製
外祖父
外務省
外野手
外野席
外用薬
外来語
街路樹
拡張化
格子戸
格子窓
格子点
格子面
格納庫
格変化
確認書
確率論
角砂糖
学園祭
学期末
学協会
学生証
学部生
学部長
楽観論
楽天家
割引券
割当額
活字体
活性化
活性炭
活動家
活動誌
活発化
寒帯林
寒暖計
刊行会
完結文
完成品
官求品
官公庁
官庁街
幹事会
幹事長
幹部会
感知器
感動詞
感無量
慣用句
漢時代
漢方薬
漢民族
看護学
看護士
看護卒
看護長
看護婦
看護兵
看護法
看板屋
看病人
管楽器
管理局
管理職
管理人
簡易化
簡素化
簡体字
簡略化
観光客
観光団
観光地
観自在
観世音
観戦記
観覧車
間接税
間奏曲
間投詞
関心事
関西弁
関節技
関東弁
丸太材
丸天井
円天井
眼科医
岩手県
顔写真
危険視
危険物
喜歌劇
寄宿舎
寄生虫
岐阜県
希元素
希土類
揮発油
期待値
機械化
機械語
機関車
機業家
機動隊
機動力
機能語
帰納法
気圧計
気化器
気化熱
気管支
気苦労
気象学
気象台
気象庁
気分屋
気密室
汽車賃
季節風
紀行文
規格化
基準化
規準化
規定値
記者団
記述子
記数法
記念館
貴金属
貴重品
貴族院
貴婦人
起重機
技術力
疑問詞
疑問文
議決権
議事堂
議事録
客商売
逆効果
逆行列
逆探知
逆提案
逆輸入
敵同士
休茶屋
休息所
休養室
宮崎県
宮内庁
急行券
急降下
急停車
救急車
救急箱
救護班
救済策
救世軍
救世主
求職係
求心力
求人口
求人誌
泣上戸
給電線
給湯器
給付金
旧教徒
旧形式
旧市街
旧思想
旧字体
旧主人
旧世界
旧正月
旧体制
旧大陸
旧年末
牛小屋
牛乳屋
居酒屋
居住地
居留守
居留地
許可書
魚貝類
魚市場
京阪神
京人形
京都府
供給源
供給地
供給路
供出米
供述書
供物台
競争力
共益費
共学制
共産化
共産軍
共産党
共進会
共通語
共通点
共同線
共同体
協同体
共有地
共有物
共和国
共和制
共和党
協議員
協議会
協議官
協議所
協商国
協奏曲
協定案
協定書
協約国
協約書
協力鋼
境界線
強綿薬
強力粉
教育省
教科書
教会史
教材費
教習所
教習生
教職員
橋頭保
胸三寸
興行化
興行師
興行主
興信所
興信録
業界紙
業界初
曲芸師
曲線美
曲独楽
曲馬師
曲馬団
極楽鳥
極座標
玉砂利
玉虫色
勤務員
勤務先
均一化
禁反言
筋肉痛
近似値
近代化
近代史
近日点
金鉱地
金時計
金属間
金平糖
金満家
金輪際
公孫樹
銀行員
九官鳥
九星家
九星術
句読点
句読法
区役所
苦学生
苦労人
具体化
具体策
具体例
空部屋
空手家
空手形
空集合
空相場
空対空
空対地
空中戦
空冷式
熊本県
群馬県
軍楽手
軍楽隊
軍楽長
軍官憲
軍国色
軍資金
軍事上
軍事通
軍事犯
軍事費
軍事面
軍事力
軍政府
軍政部
軍隊化
軍隊式
軍団長
軍放送
軍用機
軍用金
軍用犬
軍用品
軍令部
係争物
兄弟愛
兄弟子
兄弟分
形態素
形容詞
系図学
系統樹
系列化
経営学
経済界
経済学
経済力
経常費
計画案
計算尺
計算書
計算木
計理士
経理士
警告音
警察官
警察署
警察庁
警視庁
警報音
軽音楽
軽歌劇
軽気球
軽金属
軽工業
軽犯罪
軽労働
芸術家
芸能界
芸能人
劇映画
劇作家
劇文学
欠勤届
欠席届
決死隊
決勝戦
決定権
穴居人
結果論
結合子
血液型
血色素
血友病
月刊誌
月水金
月長石
月例会
健康児
健康体
健康地
健康美
健筆家
建造物
建築家
検温器
検眼医
検問所
検量線
犬小屋
犬張子
犬追物
研究員
研究会
研究室
研究生
研修員
研修課
研修生
絹織物
県知事
見世物
見積書
見物人
原画像
原形質
原裁判
原材料
原産地
原産物
原始人
原始林
原子雲
原子価
原子説
原子戦
原子病
原子量
原子力
原住民
原色版
原寸大
原成岩
原生林
原動機
原動力
原判決
現在地
現時代
現時点
現住所
現代詩
現代人
言語学
限界点
限度額
個人差
個人展
個別化
古井戸
古事記
古写本
古生物
古戦場
古銭学
古泉学
古代語
古代史
古代人
古典学
古典語
古典派
古伝説
古版本
古筆家
古武道
古物商
古文学
古本屋
呼吸器
呼吸法
固定給
固定子
固定長
固有値
五十音
五線紙
五大国
五大洋
五辺形
五目飯
五輪旗
後始末
後進国
後頭部
後発品
後半生
誤作動
誤動作
交易会
交際家
交際国
交際上
交際費
交際法
交戦権
交戦国
交代員
交代制
交通費
交通量
交通路
交読文
交付金
候補生
候補地
光化学
光合成
光磁気
光通信
光電子
光電池
光熱費
公安官
公会堂
公海上
公開状
公共心
公共物
公教会
公使館
公証人
公生活
公定価
公徳心
公倍数
公分母
公文書
公法人
公民科
公民館
公民権
公務員
公約数
公有地
公有物
公有林
公用語
公用車
公用文
功名心
効果音
効率化
厚生省
口下手
口角力
口供書
口言葉
口座係
口述書
口小言
口上手
口忠実
口入屋
口返答
口約束
向学心
向上心
向心力
好加減
好事家
好色漢
好人物
好男子
好都合
工学科
工具入
工作物
広告社
広告主
広島県
広報官
校正刷
構成子
構造体
構文法
構文木
皇太后
皇太子
考古学
航空機
航空券
航空便
行政官
行政府
行列式
講演会
鉱山業
鉱物学
降雨量
降水量
香川県
香味料
高圧縮
高機能
高気圧
高級品
高血圧
高校生
高山病
高姿勢
高周波
高所病
高水準
高性能
高知県
高電位
高飛車
高品質
高分子
合議制
合宿所
合唱隊
合唱団
合成語
合成酒
合成物
合成力
合奏調
合同軍
合法化
合理化
刻一刻
告別式
国際化
国際法
国産車
国事犯
国税局
国税庁
国全土
国防費
国務省
国連旗
黒雲母
黒眼鏡
黒砂糖
黒死病
黒水引
黒水熱
黒装束
黒内障
黒曜岩
黒曜石
骨組織
今月分
今月末
今時分
今世界
今世紀
今朝方
今道心
今様歌
混成語
混成団
混分数
佐賀県
差機関
砂時計
座席表
座談会
座布団
再下付
再確認
再割引
再感染
再帰熱
再起動
再協議
再教育
再禁止
再軍備
再建築
再検査
再検討
再交付
再工事
再構成
再構築
再降臨
再試験
再試行
再試合
再従兄
再従弟
再出発
再処理
再上映
再生産
再生品
再生法
再製品
再洗礼
再選挙
再組織
再創造
再測量
再注文
再調査
再調整
再定義
再提案
再投資
再投票
再入学
再入国
再配置
再配分
再発行
再発足
再評価
再武装
再服役
再分配
再編成
再保険
再放送
再輸出
再輸入
再来月
再来週
再来年
再臨派
最高裁
最高潮
最終回
最小化
最小限
最少限
最小値
最新式
最盛期
最前戦
最前線
最大化
最大値
最低限
最適化
才未満
菜種油
裁決書
裁断師
裁判官
裁判権
裁判所
裁判上
裁判人
裁判長
在庫品
在校生
罪悪感
財政難
財政力
埼玉県
造酒屋
作業衣
作業場
作業費
作業服
作曲家
作詩法
作戦上
作務衣
刷毛先
刷毛目
殺風景
雑記帳
雑木林
三角筋
三角波
三角法
三業地
三原色
三元色
三行半
三下半
三国一
三差路
三次元
三尺帯
三十戸
三十路
三重県
三重殺
三重唱
三重奏
三乗根
三世相
三大国
三大節
三等分
三文判
三本足
三幕物
三面鏡
三毛作
三葉虫
三輪車
参賀帳
参観人
参議院
参考書
参考人
参考品
参事会
参事官
参政官
参政権
和佐比
山火事
山間部
山形県
山口県
山女魚
山小屋
山水画
山茶花
山羊座
山梨県
山林学
不見目
産科学
産卵口
蚕糸業
蚕卵紙
酸化物
酸性雨
酸中毒
仕事師
仕事場
仕事台
仕事着
仕事箱
仕手株
仕上工
仕置場
仕入先
仕方話
仕訳書
仕訳帳
仕訳表
仕様書
仕立屋
仕立券
仕立物
使節団
使徒書
使徒達
使用権
使用人
使用方
使用法
使用料
使用量
使用例
司法権
司令官
司令室
司令部
史学家
史料館
四角形
四次元
四重奏
四半期
四輪車
士君子
始祖鳥
子画面
子会社
子供達
子守歌
市街戦
市街地
市長選
市民権
市民法
市役所
市有地
市有物
師団長
志願兵
思春期
思想犯
指揮官
指揮所
指揮棒
指示詞
指示先
指定券
指定席
指導部
指話法
死亡数
氏子札
氏子帳
私自身
私書箱
私生活
私有地
糸切歯
糸電話
至急便
至東京
視覚化
視神経
試運転
試供品
試金石
試験官
試験管
試験法
試作機
試作品
試算表
試着室
資本金
資料室
歯科医
歯科学
歯神経
事業化
事業家
事業界
事業主
事業所
事業税
事業部
事件表
事故歴
事実上
事務員
事務家
事務会
事務官
事務器
事務机
事務局
事務室
事務所
事務長
事務服
事務量
似顔絵
似顔画
似非事
似非親
児童画
児童劇
文字典
持続力
時間割
時間給
時間帯
時間表
時系列
時計屋
時計皿
時計台
時計店
時刻表
時代劇
次世代
次善策
滋賀県
滋養分
磁性層
示力図
耳鼻科
自意識
自衛隊
自家製
自画像
自己流
自国語
自治省
自治体
自然数
自然林
自尊心
自転車
自動化
自働化
自動詞
自動車
自由化
自由業
自由席
自由党
自立語
自立心
式次第
識別子
七角形
七五調
七福神
七辺形
七面鳥
室内楽
実業家
実験群
実験室
実行権
実時間
実測図
実用化
舎利塩
写植機
写真屋
写真家
写真顔
写真師
写真術
写真帳
写真版
写真班
写生画
写生文
射手座
射的場
社会悪
社会学
社会人
社会党
社会面
社外秘
社用車
社用族
謝肉祭
車海老
車高短
車用品
車両化
借地権
借入金
借用書
若年型
弱音器
弱材料
弱小国
弱体化
主観論
主眼点
主教室
主計局
主権国
主産地
主産物
主治医
主情論
主食物
主人顔
主人公
主人役
主成分
主製品
主戦論
主題歌
主導権
主要駅
主要国
主要点
主流派
主力株
手加減
手荷物
手工芸
手術室
手信語
手数料
手品師
手料理
酒石酸
受信機
受信器
受信側
受身形
受精卵
受像機
受付係
受話器
受話機
授業料
収税官
収税所
収税人
収入源
収入役
収納額
収容所
収容力
周囲長
周極星
周波数
周波帯
周辺国
周遊券
宗主国
就業地
就職口
就職先
就職難
就任式
修院長
修験道
修辞学
修辞法
修整版
修正案
修道院
修道会
修道士
修道女
修理屋
修理工
修理代
拾得物
秋田県
秋刀魚
終止形
終着駅
終電車
衆議院
週刊紙
週刊誌
集中線
集配人
住所録
住生活
住宅街
住宅地
住宅難
住民税
住民票
十五夜
十三夜
十字火
十字街
十字軍
十字形
十字線
十字路
十進制
十進法
十二宮
十二支
十二単
十二分
十文字
十六夜
従業員
従兄弟
従姉妹
従来型
重言葉
重火器
重禁固
重金属
重工業
重酸素
重手代
重水素
重戦車
重大化
重大視
重箱読
重母音
重役会
重要視
重量感
重労働
寄居虫
縮刷版
熟字訓
出格子
出願人
出漁期
出漁権
出金額
出血死
出港船
出札係
出札口
出札所
出産数
出仕事
出資額
出資金
出初式
出身校
出身地
出世間
出世作
出世頭
出生地
出前持
出張員
出張所
出張店
出土品
出入国
出納係
出発点
出版屋
出版界
出版業
出版元
出版費
出版部
出版物
出版法
出品国
出品人
出品物
出不精
出無精
出放題
出目金
出来高
出来事
出来秋
出来心
出来星
出来値
出力線
準会員
準教員
準決勝
準社員
準大手
準備金
純文学
純米酒
処世術
初期化
初期値
初産婦
初場所
初体験
初対面
初誕生
初任給
所在地
所持品
所帯主
所得税
所有権
所有地
所有物
署名式
書簡集
書記長
書誌学
諸器械
諸問題
助教授
助産院
助産所
助産婦
助数詞
助成金
助太刀
助動詞
女学生
女子高
女子大
女性器
女性像
女性美
女便所
除雪車
除幕式
傷病兵
商学士
商慣習
商議員
商業化
商業界
商業街
商業学
商業史
商業地
商業文
商工業
商取引
商船旗
商船隊
商店街
商売気
商売筋
商売人
商売敵
商標権
商品学
商品券
商務官
商務省
商用化
商用語
商用文
将来像
小火器
小学校
小学生
小間物
小気味
小規模
小型化
小細工
小作農
小児科
小松菜
小切手
小説家
小道具
小麦色
小麦粉
小判型
小判形
小文字
小文節
少国民
少資本
小食家
少食家
少数党
少年院
少年会
少年団
少年法
承認状
招待券
招待状
松竹梅
消音器
消火器
消失点
消息筋
消費税
消費量
消防士
消防車
消防署
照射法
省電力
証明書
障害物
上下線
上下動
上級生
上景気
上古史
上向線
上場株
上申書
上水道
上製本
上奏文
上層雲
上層階
上層土
上層風
上中下
上調子
上天気
上等品
上等兵
上納金
上納米
上半期
上半身
上表紙
乗降場
乗合船
乗算器
乗車駅
乗車券
乗車口
乗車賃
乗組員
乗馬隊
乗馬服
乗務員
乗用車
常習犯
常分数
常緑樹
情報化
情報源
情報元
情報量
条件文
蒸留水
植物園
植民地
植木屋
織物業
職員室
職能給
色眼鏡
色収差
食管法
食生活
食堂車
食料品
信号旗
信号機
信号手
信号所
信号灯
信心家
信任状
信用状
心臓部
心停止
心電図
心不全
心理学
心理戦
新快速
新学期
新潟県
新幹線
新記録
新技術
新形式
新建材
新時代
新世紀
新生物
新製品
新体制
新体操
新庁舎
新入生
新年会
新発売
新聞紙
新聞社
深呼吸
深刻化
申告箱
申命記
真意義
真空管
真空帯
真四角
真似事
真人間
真正直
真正面
真清水
真善美
真田虫
真面目
神経科
神経質
神経節
神経戦
神秘学
親画面
親近感
親孝行
親馬鹿
親不孝
親不幸
親密感
人一倍
人格化
人格権
人間愛
人間界
人間学
人間業
人間技
人間苦
人間味
人形師
人件費
人口学
人工雨
人工雪
人工池
人工林
人事院
人事課
人種学
人情劇
人情本
人情味
人心地
人真似
人生観
人生派
人相見
人相書
人造湖
人造米
人体学
人非人
人物画
人物像
人物評
人文史
人望家
人民軍
人名録
人力車
人類愛
人類学
人類史
仁王門
二王門
仁王力
図書館
図書室
垂直線
推進機
水化物
水銀柱
水源地
水産業
水産物
水酸化
水商売
水蒸気
水族館
水道屋
水道管
水兵服
水平線
水面下
水力学
水冷式
数億年
数係数
数表示
世界一
世界史
世界人
世間話
世紀末
世捨人
世帯主
世話焼
世話人
制海権
制球力
制空権
制作室
制動機
制動手
性悪説
性教育
性成熟
成績表
成文化
政治家
政治学
政治力
整理券
整流器
星気体
星条旗
星状体
晴後雨
正会員
正規軍
正規兵
正義感
正教員
正教会
正教師
正誤表
正視眼
正字法
正社員
正書法
正常化
正則化
正中線
正電気
正投手
正当化
正統派
正反対
正比例
正方形
正面図
生意気
生化学
生活難
生活費
生産高
生産地
生石灰
生態学
生番組
生物学
生物戦
生放送
精神科
聖歌隊
声楽家
製鋼業
製鋼所
製図家
製造品
製粉所
西海岸
西半球
西部劇
西洋人
青海原
青春期
青少年
青信号
青森県
青天井
青銅色
青二才
静岡県
静止画
静電気
税務署
税理士
石首魚
石川県
石炭酸
石版画
積乱雲
積立金
赤外線
赤血球
赤十字
赤電話
切断図
切断面
接続語
接続口
接続詞
接着力
接頭語
接頭辞
設計図
説得力
説明書
雪花菜
雪合戦
雪上車
絶対値
絶対論
泉貨紙
先学期
先議権
先験論
先史学
先住民
先進国
先天病
先日付
先入観
先入見
先入主
先任順
先発隊
千一夜
千三屋
千秋楽
千石船
千卒長
千代紙
千鳥足
千葉県
千里眼
千両箱
宣教師
専門家
専門語
専門章
専門店
洗面器
洗面所
選挙権
選挙戦
選手権
前衛戦
前額部
前景気
前口上
前借金
前照灯
前進力
前世界
前世紀
前奏曲
前置詞
前登録
前頭部
前任地
前半期
前半戦
前夜祭
善知識
全荷重
全会衆
全強風
全候補
全国民
全市民
全質化
全住民
全勝軍
全身像
全身病
全身浴
全人格
全人生
全世界
全勢力
全盛期
全製品
全責任
全速力
全単射
全地方
全天候
全二重
全日制
全能力
全反射
全民衆
全論点
祖父母
組織化
創刊号
創業費
創作権
創作力
創世期
創世記
創造説
創造物
創造力
群時雨
村時雨
倉庫業
奏鳴曲
操縦席
相手方
相対死
相対値
相対論
相当数
総会屋
総決算
総資産
総辞職
総収入
総人口
総選挙
総務庁
総目録
総理府
総領事
草野球
走査線
送受信
送別会
増刊号
造園術
側面観
側面図
測候所
測長機
測量図
速度計
属性値
卒業式
卒業生
存在論
孫息子
尊王家
尊王党
尊敬語
村八分
多角形
多元論
多原子
多次元
多重化
多神論
多数決
多段階
多島海
多年草
多変数
多辺形
多面角
多面体
多様化
太平洋
大平洋
打楽器
体育家
体育館
体温器
体温計
体系化
体験談
体裁上
体操場
体量器
対応値
対応版
対角化
対角線
対義語
対象体
対情報
対話式
帯分数
待合室
貸金庫
貸付金
代願人
代議員
代議士
代言人
代書人
代数学
代数式
代燃車
代表格
代表作
代表団
代表部
代表例
代名詞
代用食
代用肉
代用品
代理業
代理権
代理人
代理店
代理部
台風眼
大宇宙
大家族
大学院
大学生
大学卒
大規模
大競争
大型機
大好物
大黒柱
大災害
大祭司
大阪府
大使館
大司教
大寺院
大主教
大成功
大西洋
大蔵省
大多数
大中小
大都会
大統領
大反対
大部分
大文字
大文節
大目玉
大理石
大和絵
宅急便
宅配便
大口魚
単一化
単一形
単音節
単漢字
単眼鏡
単語集
単行書
単行本
単座機
単子葉
単試合
単縦列
単純化
単色画
単色光
単数型
単発機
単比例
単弁花
単本位
単葉機
単利表
単利法
探検隊
探険隊
探査機
探知機
探知器
炭化物
炭酸塩
炭酸水
炭素鋼
短時間
短縮形
誕生石
断頭台
断熱材
断末間
男子高
男便所
値段表
地下化
地下街
地下室
地下鉄
地下道
地形図
地元紙
地質学
地対空
地対地
地平線
地理学
竹細工
茶道具
茶飯事
着心地
着番号
着物姿
中位数
中医学
中央口
中央部
中学校
中学生
中間駅
中間国
中間子
中間層
中間体
中間派
中規模
中級品
中共軍
中古車
中古品
中耕機
中国語
中国人
中仕切
中心地
中心点
中水道
中世史
中性子
中長期
中道派
中南米
中二階
中年増
中波長
中立国
中立面
中力粉
中労委
仲裁人
仲人口
仲買人
仲立人
忠臣蔵
昼興行
昼食会
柱時計
注意点
注意報
注射器
注文品
虫眼鏡
著作権
著述家
貯金箱
貯水池
丁字形
丁定規
調印式
調査票
調味料
長音階
長崎県
長時間
長方形
長方体
長野県
直映館
直取引
直接税
直接費
直銭形
直談判
直弟子
直方体
追試験
追体験
通過駅
通行止
通行人
通信員
低価格
低学年
低気圧
低教会
低金利
低血圧
低周波
低順位
低所得
低水準
低性能
低成長
低賃金
低電位
低能児
低脳児
低物価
低利金
停止線
停船場
停留所
定位置
定期券
定型詩
定時制
定足数
定比例
庭仕事
提供側
敵部隊
鉄工所
鉄鉱石
鉄染色
鉄板焼
天井灯
天井裏
天王星
天下一
天眼鏡
天眼通
天気運
天気屋
天気図
天皇家
天皇旗
天皇制
天才児
天産物
天蚕糸
天主教
天守閣
天上界
天然色
天体学
天体図
天長節
天頂点
天動説
天道虫
天日法
天文家
天文学
天文台
展示会
展示物
展望台
展覧会
店頭株
見世番
転校生
転入届
点火薬
点眼器
点眼水
点光源
点数制
点鼻薬
伝音器
伝記物
伝声管
伝声器
伝染毒
伝染病
伝送先
伝送路
伝道師
伝道船
伝馬船
田舎道
田舎風
電圧計
電解液
電解質
電気工
電気代
電算機
電子化
電磁気
電磁石
電車賃
電通大
電熱器
電流計
電話機
電話局
電話室
電話線
電話帳
登山客
努力家
土下座
土建屋
筆頭菜
逆様事
党派心
島根県
投光器
投資家
投票権
東海岸
東海道
東京着
東京都
東京発
東西屋
東天紅
東半球
東北人
東洋人
東洋通
東洋風
湯治場
当世風
当世流
等圧式
等圧線
等温式
等温線
等高線
等身大
統計学
統語学
統合化
統制線
頭頂部
頭文字
動員令
動向表
動植物
動物愛
動物園
動物化
動物界
動物学
動物誌
動物質
動物相
動脈血
動名詞
動力学
動力源
同位体
同意義
同意見
同意語
同一視
同音語
同学年
同期式
同期生
同義語
同級生
同居人
同好会
同国民
同志会
同時代
同種類
同情心
同心円
同人種
同性愛
同素体
同窓会
同窓生
同族会
同父母
同分母
同盟軍
同盟国
導火線
導電体
銅版画
得意気
得意先
徳島県
特異点
特急券
特許権
特許主
特許法
特効薬
特産物
特待生
特派員
特別委
毒科学
毒見役
毒味役
独居室
独禁法
独立心
独立班
読者層
読心術
栃木県
奈良県
内科医
内外人
内外野
内割引
内曲球
内国産
内祝言
内出血
内証話
内申書
内親王
内大臣
内地人
内地米
内弟子
内服薬
内幕話
内務省
内野手
内野席
内遊星
内容物
内用薬
内陸国
南極海
南極光
南極星
南極帯
南極洋
南半球
南方産
南北朝
難破船
二返事
二院制
二階家
二階屋
二業地
二筋道
二元論
二原子
二国間
二次元
二十重
二重唱
二重織
二重身
二重星
二重税
二重奏
二重窓
二重底
二乗根
二進法
二進木
二線式
二直角
二等賞
二等親
二等分
二等兵
二頭筋
二分木
二本差
二本棒
二毛作
二輪車
二連式
二連発
肉料理
日刊紙
日系人
日光浴
日射病
日照権
日本画
日本海
日本間
日本軍
日本語
日本史
日本紙
日本式
日本車
日本酒
日本食
日本人
日本晴
日本製
日本側
日本茶
日本刀
日本風
日用品
乳兄弟
乳状液
乳製品
乳石英
乳白色
乳母車
乳幼児
乳用牛
入会金
入会権
入会式
入学金
入学式
入学生
入学難
入漁権
入漁料
入港料
入国税
入射角
入手難
入出力
入場券
入場権
入場税
入場門
入場料
入湯客
入道雲
入母屋
入力線
任命式
任命状
熱拡散
熱血漢
熱帯魚
熱力学
年賀状
年会費
年産額
年始状
年代記
年代順
能楽堂
能動態
能文家
能弁家
能率給
脳出血
脳貧血
農作業
農産物
波止場
波戸場
波打際
派生語
破傷風
破落戸
馬鹿力
馬鹿話
馬小屋
拝火教
敗戦国
敗北感
背番号
肺活量
配管工
梅雨期
売笑婦
売上票
売買高
博愛家
博士号
博物学
博物館
博覧会
白眼視
白血球
白血病
白子干
目利安
麦芽糖
八折判
八角形
八九分
八重雲
八重桜
八重歯
八千草
八千代
八潮路
八百屋
八百長
八辺形
発禁本
発見料
発行所
発信音
発信側
発生学
発電機
発電所
発表会
判検事
判断力
判任官
判別式
半意識
半円形
半塩水
半音階
半可通
半夏生
半過去
半開国
半官報
半貴石
半月刊
半減期
半身像
半身浴
半世紀
半製品
半長形
半直線
半導体
半独立
半二重
半病人
半部族
半母音
半面識
反意語
反革命
反逆人
反射鏡
反政府
反体制
反対語
反対色
反対側
反対党
反対票
反対論
反動家
反動派
反発力
反比例
反物屋
反物質
反陽子
反乱軍
板金屋
犯罪学
否定語
否定文
批評家
批評眼
秘書室
非営利
非課税
非活動
非許容
非金属
非公開
非公式
非合法
非常口
非常識
非常線
非線形
非線型
非対応
非同期
非売品
非民主
飛行家
飛行機
飛行士
飛行場
飛行船
備後表
備忘録
美術館
美術品
美少女
美少年
美人局
美容院
美容師
鼻下長
鼻眼鏡
鼻呼吸
鼻出血
必治薬
必要事
必要品
必要物
筆不精
筆無精
百貨店
百合根
百卒長
百分比
百面相
百葉箱
標準化
標準語
氷河期
氷砂糖
氷点下
表記法
表具屋
表具師
表決権
表示書
表示灯
表示物
表二階
表日本
表面化
表面上
評議員
評議会
評論家
病理学
貧民街
不安気
不安心
不安定
不意気
不衛生
不可解
不可逆
不可欠
不可誤
不可視
不可知
不可能
不可分
不拡大
不格好
無格好
不確実
不活化
不活動
不完全
不気味
無気味
不規則
不規律
不義理
不均質
不具合
不敬罪
不景気
不経済
不決断
不決定
不結果
不健康
不健全
不検束
不見識
不公正
不公平
不行状
不合格
不合理
不細工
不参加
不賛成
不思議
不死身
不死鳥
不似合
不時着
不自然
不自由
不手際
不十分
不従順
不熟練
不純物
不所存
不勝手
不承知
不承認
不消化
不条理
不信義
不信実
不信心
不信任
不心得
不親切
不人気
不人情
不世出
不成功
不成績
不成立
不整合
不整脈
不正確
不正規
不正直
不誠意
不誠実
不節制
不戦勝
不善感
不相応
不足勝
不体裁
不退転
不注意
不調和
不定期
不定詞
不定法
不適切
不適当
不適任
不都合
不等辺
不統一
不動産
不動心
不同意
不同化
不導体
不道徳
不道理
不得意
不得策
不得手
不徳漢
不特定
不認承
不熱心
不必要
不評判
不品行
不等号
無風流
不風流
不服従
不分割
不文法
不文明
不文律
不勉強
不本意
不満足
不名数
不明確
不明朗
不夜城
不用意
不用品
不養生
不利益
不流通
不良化
不良品
不料簡
不量見
不連続
不老泉
付加税
付属語
付属書
付属節
付属品
付属物
付帯犯
夫婦仲
婦女子
婦人科
婦人服
富山県
府知事
父兄会
武家物
武器庫
武器倉
武士道
武者絵
武装具
武装船
武勇伝
武力戦
部屋代
部屋着
部外秘
部落民
風土病
副会長
副議長
副産物
副司令
副社長
副首相
副収入
副食物
副牧師
副領事
復習文
福井県
福岡県
福島県
腹上死
腹話術
複合語
複雑化
複数個
複素数
複葉機
仏教徒
仏舎利
仏生会
仏頂面
物真似
物品税
物理学
分科会
分解能
分界線
分岐駅
分岐線
分岐点
分教場
分極化
分光学
分光器
分工場
分散型
分子説
分子量
分水界
分水線
分担額
分担金
分度器
分配金
分別心
分類学
分類表
分列式
文化祭
文化財
文学史
文学賞
文庫化
文庫本
文字列
文節数
文部省
並行線
兵学校
兵器庫
兵器工
兵庫県
兵法家
平安京
平安朝
平易化
平屋根
平均値
平均点
平均律
平行線
平行棒
平城京
平生着
平底船
平土間
平等観
平等権
平年作
平方形
平方根
平方和
平面鏡
平面形
平面図
平和国
閉回路
閉経期
閉世界
米海軍
米議会
米空軍
米国人
米国民
米上院
米陸軍
変圧器
変圧所
変異体
変化球
変光星
変成岩
変声期
変奏曲
変速機
変調波
変電所
変分学
変流器
片一方
片手間
片田舎
編集子
編集部
便衣隊
便利屋
勉強家
弁護士
弁護人
弁護団
弁護料
弁財天
弁才天
弁証学
弁証法
弁証論
弁当屋
弁当箱
弁務官
弁理士
保安林
保育園
保管金
保管証
保管人
保管物
保管料
保管林
保健医
保健婦
保険医
保険金
保険証
保険料
保護金
保護国
保護司
保護色
保護税
保護鳥
保護領
保守党
保証金
保証人
保証付
保障付
保身術
保全会
保存量
保有米
保養院
保養地
補助金
母国語
母集団
母性愛
包容力
報告書
報道官
放射線
放射能
放水路
放送局
放物線
方形波
方程式
方面隊
法王庁
法務省
法律上
亡祖父
忘年会
暴走族
暴風雨
暴力団
望遠鏡
棒暗記
貿易業
貿易品
貿易法
防音室
防寒服
防止法
防総省
防長官
防毒面
北海道
北極海
北極熊
北極光
北極星
北極洋
北国人
北半球
牧場鳥
牧草地
本会議
本街道
本格化
本金庫
本建築
本国人
本試験
本場所
本場物
本草学
本調子
末始終
万国史
万国民
万葉集
満州国
未解決
未開発
未確定
未刊行
未完成
未記入
未教育
未経過
未経験
未決済
未決算
未決定
未公表
未耕地
未熟児
未処置
未処分
未消化
未成品
未製品
未然形
未組織
未知数
未着手
未丁年
未通女
未定義
未登記
未配当
未発見
未発行
未発達
未発表
未亡人
未来型
未来像
未来派
密売品
民営化
民間人
民芸品
民事上
民主化
民主国
民主党
民衆駅
民数記
民族学
民族史
民約説
夢心地
夢想家
夢遊病
無愛想
不愛想
無意識
無意味
無花果
映日果
無感覚
無関係
無関心
無気力
無言劇
無限小
無限大
無降水
無作法
不作法
無手順
無宗派
無重力
無条件
無水物
無制限
無政府
無声音
無責任
無節操
無線機
無造作
無雑作
無担保
無保証
無防備
無理数
無礼講
名付親
命中数
命令形
命令書
命令文
命令法
明細書
明赤色
明日葉
鳴門巻
綿織物
面相筆
毛織物
木工場
木製品
木版画
目玉焼
目的語
目的地
問題児
問題点
門下生
門外漢
夜会服
夜学校
夜間部
夜汽車
夜光虫
夜仕事
夜商人
夜想曲
野外劇
野球場
野球部
野菜畑
野心家
野放図
約半分
薬効物
輸出入
輸送機
輸入額
優勝旗
優勝馬
優生学
優先株
優先権
優待券
優等賞
優等生
優良株
優良児
優良馬
優良品
友好国
有意義
有限個
有神論
有声音
有体物
有頂天
有頂点
有平糖
有名人
有理式
有理数
由来書
遊園地
遊歩道
遊覧船
郵政省
郵送料
郵便屋
郵便局
郵便物
予科生
予算案
予算上
予選会
予想屋
予想高
予知夢
予定案
予定説
予備員
予備科
予備金
予備校
予備室
予備隊
予備馬
予備費
予備品
予備兵
予備役
予報音
予防策
予防線
予防法
予防薬
予約語
余所見
余所目
余水路
余白注
幼児語
用語集
用心棒
葉緑素
陽子線
陽電子
養老院
来学期
来客筋
来世紀
落語家
落成式
乱高下
理化学
理学部
理事長
理容師
裏書人
裏千家
裏貸屋
裏長屋
裏背戸
裏表紙
裏面史
裏木戸
陸運局
立候補
立体感
立体派
立方体
立法府
流行歌
流星雨
留学生
留守居
留守電
留守番
旅客機
両議院
両国語
両手利
両成敗
両陛下
両用機
料金所
料理屋
料理店
料理法
量子化
領事館
領収書
領収証
力仕事
力織機
力不足
臨場感
輪転機
類義語
令夫人
例年祭
冷血漢
冷水浴
冷蔵庫
冷蔵車
冷蔵船
冷蔵法
歴史家
歴史画
歴史学
歴史観
歴史劇
歴史上
歴代史
練習場
連合会
連体形
連体詞
連帯感
連用形
労働歌
労働祭
労働省
労働党
労働力
労農党
労役場
六角形
六角堂
六三制
六十路
六重唱
六重奏
六大州
六辺形
六連発
話下手
馬刀貝
仕付方
悪感情
一家言
一個人
一昨年
一私人
一夜妻
黄玉石
黄銅鉱
黄熱病
下半期
下半身
給油所
決定版
研究所
古印紙
古道具
古文書
五角形
五倍子
三角形
三味線
借家人
出生数
出来物
人頭税
勢力家
創造主
早合点
大聖堂
直輸出
直輸入
停車場
弟息子
天日塩
南氷洋
派出所
売春婦
八分目
美男子
不器量
不知火
不適格
不面目
不用心
無用心
副読本
平信徒
片頭痛
保育所
保健所
保養所
北氷洋
万国旗
万能薬
密入国
裏日本
合言葉
青大将
貴方方
有田焼
石決明
安全弁
生字引
一分金
一分銀
絵葉書
従祖父
弟弟子
面白味
表表紙
拡声器
拡声機
火災流
歌留多
加留多
合衆国
合州国
勤王家
計算機
計算器
健康方
健康法
小意気
耕運機
交差点
小間使
五大州
差出人
三角州
七宝焼
仕放題
注連縄
写真機
写真器
写生帳
出版社
言葉典
吸取紙
数寄屋
切断機
先先月
善後策
前前回
総売上
尊皇王
縦社会
玉子焼
段段畑
乳飲子
乳飲児
直接法
直説法
手忠実
天花粉
天宮図
天球図
出入口
取引先
同士打
二階建
延人員
延日数
乗心地
飲兵衛
初節供
初節句
花言葉
鼻高高
引出物
単衣物
人差指
告天子
比目魚
不活発
不始末
不仕末
不断着
古武士
不調法
無調法
前売券
丸暗記
丸木船
未成年
未青年
夜見世
来来週
音楽学
音楽祭
関係調
清元節
百済楽
自民党
旗二流
表六玉
兵六玉
証取法
工学部
最大限
自営業
資本家
食中毒
速達便
張本人
帳本人
通産省
小売店
大前提
話言葉
不燃物
法学部
発起人
無期限
無機物
無神経
無生物
有機物
要注意
復調器
安心感
医科学
一時期
引受人
右中間
営業所
栄養学
円相場
演出家
横断幕
屋台骨
仮面劇
改良種
開発部
管制官
基準法
期待感
機関紙
機関誌
義太夫
議定書
急成長
防水布
不分明
生一本
度外視
価千金
地球上
軍人風
半月形
樹枝状
会社立
可処分
金属製
安息香
操人形
貿易風
文筆業
病原体
地動説
地方版
地方紙
地方色
地磁気
地下水
知能犯
知識欲
直円柱
中生代
中性塩
大道芸
大音声
断裁機
断裁器
電磁波
土着民
道徳律
栄養分
流行語
副神経
副総理
冬将軍
外耳道
外交団
格天井
白昼夢
白中夢
羽布団
半月弁
半熟卵
針仕事
比電荷
日時計
必要悪
方眼紙
法医学
法制局
因果律
除電針
老夫婦
回送車
老人力
序破急
付属校
自自公
公明党
筆記帳
植物質
受取人
石南花
六連星
高祖父
未整理
居場所
居心地
競走馬
競馬場
禁止法
芸術院
芸術祭
決勝点
血糖値
建設省
建築学
検察官
検察庁
検事正
研究官
現行犯
現段階
個個人
古新聞
固定費
後半戦
公式戦
好景気
好成績
工作員
広葉樹
皇民党
行楽地
行進曲
行政権
居合道
一分半
金牛宮
金切声
茶話会
用務員
飛道具
赤信号
集合体
時代相
実験台
磁力線
自作農
磁鉄鉱
蒸発皿
重電機
受動態
十八金
従価税
熟練工
従属節
下意識
貝細工
火口原
観相学
片貿易
検流計
複数形
海松貝
馬鹿貝
中高生
新登場
五万米
五真米
総務部
私小説
拡大鏡
小切子
大人気
頭字語
高電圧
球座標
三頭筋
黄金虫
根切虫
四重唱
五重唱
五重奏
便利帳
深海魚
情報誌
調理場
貸本屋
組合頭
内視鏡
観客席
一場面
予定表
木戸銭
起磁力
金石文
子供心
後配株
小役人
細小魚
苦灰石
町工場
孫弟子
豆電球
豆台風
身勝手
耳学問
水資源
水仕事
目的格
無事故
無理式
生演奏
生返事
熱機関
肉体美
日章旗
大喜利
親会社
乱開発
乱気流
歴青炭
連合軍
理解力
理想郷
里程標
老眼鏡
六面体
良導体
緑地帯
料理人
両生類
量子論
流動食
流星群
政府筋
清教徒
青年期
生理学
晴雨計
製造業
製造元
世界観
世間体
責任感
石灰水
責道具
射幸心
四分六
子午線
支配人
新開地
進化論
神経痛
新生代
新世界
素人目
自然界
金赤色
和楽器
手土産
再配布
非常勤
語源学
明後年
空下手
空取引
音楽家
一生面
神通力
落葉松
雑収入
接骨木
旅商人
八宝菜
宝石店
水位計
水位標
熱気球
胃腸薬
空梅雨
音楽堂
用兵術
通用門
配給米
逆比例
終刊号
終列車
手仕事
手間賃
社会科
党大会
実社会
勝負事
証人台
放牧地
訪問着
茶番劇
野球熱
預貯金
対向車
車中談
文学士
文学部
日記帳
日銀券
始業式
試験場
宿根草
船火事
船着場
水道局
水酸基
高学年
国際人
国土庁
国文学
再開発
再認識
最高級
最高検
最重点
最前列
三等星
産業界
四死球
支店長
私文書
治験薬
自衛官
自治権
自由形
自由型
実生活
写真集
主税局
首脳部
主脳部
授賞式
受賞式
州政府
集大成
大犬座
小犬座
手引書
寄生木
消化器
食肉類
省力化
小冊子
小市民
消息通
小前提
相乗積
装身具
素寒貧
帯電体
大食漢
退職金
太陽年
探照灯
多神教
灯台守
売上高
陽電気
有機体
夢物語
財産家
前頭葉
造物主
造船所
無一物
無辺際
空念仏
応接係
秋田犬
夕月夜
小人数
星月夜
出生届
多人数
貨客船
目八分
無常感
無常観
暗暗裏
登録済
年格好
矢羽根
革命歌
革命家
出合頭
出会頭
寺子屋
寺小屋
流線形
流線型
禁漁期
水様液
退紅色
断断固
院外団
券売機
巻積雲
絹積雲
官給品
管財人
園芸学
園芸家
宣伝屋
宣伝員
宣伝費
宣伝戦
宣言書
宣告書
衛生上
衛生兵
衛生学
衛生隊
衛星国
軍略家
運送人
運送店
運送料
運送船
運送費
運送業
運動具
運動界
運転台
運転費
運営費
運輸量
君主国
郡役所
骨仕事
骨相学
骨格筋
回収金
回送店
回帰熱
回教国
回教徒
回転機
回復期
回遊船
回遊魚
胃腸病
帰化人
貴公子
遺失品
遺留分
混入物
混合林
混合物
混合酒
混合語
混合機
混交林
混成岩
混成物
混成品
混成酒
混血児
混和物
混種語
均等化
均等割
血圧計
血清学
血液学
血統書
模造品
無一文
無水酸
無欠席
無欠勤
無名指
無灯火
無自覚
無体物
無批判
無投票
無利子
無利息
無表情
無価値
無定形
無定見
無所属
無重量
無風帯
無神論
無計画
無能力
無教育
無配当
無得点
無理解
無規律
無着陸
無税品
無統制
無意義
無試験
無資力
無資格
無精卵
無線局
無機質
無警告
無警察
無競争
馬鹿面
明文化
工作品
工芸品
工学士
工事費
工務店
工業化
工業国
工業界
功労金
空元気
空中線
空中権
空出張
空世辞
空気口
空気浴
空返事
空軍力
空景気
空証文
空想力
空想家
空論家
公文所
公民学
公用物
公共財
公害病
公害罪
公証料
公選制
松食虫
口上書
口真似
口語文
口語体
口語訳
後日談
後見人
半永久
判事補
発火点
発会式
発光体
発声法
発言力
発言権
発育期
発明品
発明家
発信人
発射台
発射薬
発案権
発動機
発情期
発想法
発電子
発熱量
発頭人
反逆児
反逆罪
反復説
返信料
敗残兵
八文字
八面体
片山里
片脳油
片意地
拝物教
拝観料
破防法
破産法
金文字
金欠病
金本位
金石学
金物屋
金魚草
金解禁
飲用水
飲仲間
飲酒家
減速材
減塩食
感化院
感圧紙
感光紙
感染原
感情家
感情論
感覚毛
感覚点
感覚器
感覚論
感想文
感謝状
感謝祭
吸入器
吸音材
急行便
急病人
急進派
急進党
合成紙
合唱曲
給水所
給水管
給油船
給費生
暗号文
暗号学
暗記物
暗黒面
暗黒街
暗緑色
応急策
禁制品
禁治産
禁酒法
禁衛隊
禁輸品
古生代
苦心談
固形物
格子造
航空学
航空病
航空路
航空隊
航海術
航続力
戸主権
戸障子
行在所
行政法
東洋学
東宮職
重合体
重馬場
動力計
種種相
童話劇
用水池
用水路
用益権
用器画
通行税
通学生
通知表
通知票
通信社
通信費
通風口
通風機
通話料
同位角
読後感
読書人
読書力
読書会
読書室
読書界
読書家
非人情
非合理
非国民
非武装
非現業
非戦論
非衛生
悲喜劇
悲観論
分子式
分相応
分数式
分類法
仏文科
配分法
配当金
配給所
配達人
配達先
配達料
配電所
配電線
配線図
飛行服
飛行便
飛行隊
補給路
父母会
父性愛
布団蒸
鹿角菜
歩合制
歩合算
歩行器
歩数計
独立国
独立祭
独立語
独立権
独奏会
独習書
独断論
独創力
独演会
主任制
注文先
注文服
注射針
注射液
注意力
注意書
株主権
豆板銀
頭足類
頭頂骨
投石機
投石器
投射角
投書家
投票所
投票箱
投機心
逆光線
逆命題
逆宣伝
逆関数
逆輸出
油圧器
油送船
油送管
輸入品
輸入税
輸出品
輸出税
輸卵管
輸送船
輸送量
輸送費
輸精管
中心角
中国服
中性紙
中和熱
中間色
首実検
首実験
祖国愛
組織力
昔気質
借地料
守備兵
守備隊
守護神
討論会
受信人
受益権
受領証
受難曲
受難週
受難節
受難劇
受験生
受験料
受験票
授乳期
授産所
冬木立
冬至線
終末論
終身官
終夜灯
終業式
手工業
手不足
手内職
手文庫
手弁当
手付金
手札型
手芸品
手相見
手真似
手配師
手術台
手術衣
手細工
手塩皿
手話法
昼光色
昼夜帯
酸化鉄
酸性岩
酸性紙
村夫子
村役場
損害額
都市化
都会人
都議会
著作物
著作家
著述業
着尺地
着火点
着物地
着信局
着眼点
着道楽
署名国
諸外国
書生論
書留料
書記局
書記官
書院造
書簡文
土用波
土石流
土気色
土団子
土性骨
土建業
土俵際
土産話
社内報
社会化
社会部
社交界
社交家
社務所
石切場
石火矢
石合戦
石灰石
石灰乳
石灰岩
石竹色
石材商
石炭紀
石炭層
石細工
図案家
図書券
貯木場
貯金局
貯炭所
貯蔵所
貯蔵品
貯蔵室
専用車
専用機
専有権
専売局
専売品
専門化
専門医
専門書
団子鼻
団結心
団結権
転化糖
転路器
断面図
真分数
真骨頂
至上権
身上持
実用品
実在論
実行力
実体化
実体論
実物大
実習生
実務家
実証論
実際家
実録物
実験式
質問書
勝手口
勝手元
勝負師
登山家
登記所
登記料
証人席
蒸気圧
蒸気船
蒸汽船
蒸発熱
蒸留酒
蒸留器
取入口
取引所
取引高
取立金
取次店
取放題
取巻連
宗主権
宗門改
宗教心
宗教学
宗教画
宗教家
宗教劇
窓際族
総力戦
総大将
総支出
総本店
総本家
総花式
総指揮
総動員
足忠実
足温器
速記術
速記録
従属国
従量税
走馬灯
送水管
送気管
送油管
送金額
送信機
送風機
送話器
送電線
方位角
方法論
方解石
防火戸
防火線
防砂林
防雪林
防寒具
防衛庁
放水管
放火罪
放送法
放送劇
放電管
放熱器
病虫害
病院船
並木道
並木路
百万言
除外例
除草器
茶屋酒
予約金
野次馬
野良着
香具師
野営地
野路子
野暮天
射利心
謝恩会
区民税
局地風
推計学
推進力
推進器
春分点
春場所
隊商宿
対位法
対応策
対頂角
対戦車
対話体
加算税
加薬飯
建白書
建具屋
建設業
建築士
建築物
建築費
建議案
荷受人
荷送人
寒気団
漢文学
漢方医
漢数字
間欠泉
間欠熱
簡単服
見目形
見取図
見張所
見習工
不見転
現代化
現代語
現在高
現行法
現実化
現実感
現象学
現象界
現象論
現業員
現像液
刊行物
研究家
研修所
看護人
周波計
周期律
調印国
調律師
調教師
調馬師
調馬場
調理人
調理台
調理師
毒人参
毒物学
居住権
居留民
家系図
家庭着
家屋税
家政学
家政科
家族法
処女地
処女作
処女林
処世訓
車大工
車井戸
車馬賃
夏季熱
往生際
皇室費
広告料
広告費
広告業
広報部
横断面
鉱物質
光行差
光度計
光量子
光電管
新人王
新生児
新生面
新字体
新紀元
新教徒
新造語
新聞業
新聞種
新興国
親切気
親文字
親日家
親兄弟
親任式
親任官
親告罪
親和力
親衛兵
親衛隊
最上級
最下位
最多数
最高点
最敬礼
切分法
絶交状
絶対量
節博士
未来形
物件費
物相飯
物納税
文人画
文化人
文化史
文化庁
文体論
文芸学
文学界
文学論
文明国
文章語
文章論
文筆家
文語文
文語体
文選工
米産地
米問屋
迷信家
旗魚座
火山帯
火山脈
火事場
火薬庫
美女桜
美文調
美食家
美容術
美術史
美術界
美術家
美意識
美顔水
美顔術
資本財
資産家
資産株
自由詩
自由権
自主権
自在画
自身番
自制心
自治会
自治領
自乗根
自負心
自責点
自然人
自然力
自然死
自然法
自然美
自然生
自然観
自衛権
自警団
結氷期
結団式
結納金
一工夫
一寸見
一苦労
開会式
開校式
開票所
開閉器
開閉機
筋電図
付着力
府議会
豊水期
棒磁石
認可証
認証官
認識票
認識論
二刀流
二期作
二期制
日本一
日本化
日本犬
日本学
日向水
日照計
日曜版
人工語
人文字
人気株
人国記
人相学
人間像
秘書官
秘書課
密造酒
密貿易
密輸入
密輸出
密輸品
比例式
比重計
筆記体
編年史
編年体
編集長
番小屋
番号札
板目紙
板金工
板門店
板屋貝
始末屋
始末書
始球式
式部官
式部省
試験紙
以遠権
等深線
等語線
秋日和
秋場所
宿命論
宿直室
酒造家
酒造場
酒造業
提示部
適不適
正反合
正念場
政治犯
政治屋
政府案
政党員
政務官
政略家
役人風
役力士
役不足
約不足
役員会
沿海州
船大工
船小屋
船外機
水中花
水加減
水平面
水平動
水圧計
水圧機
水成岩
水利権
水泳着
水茶屋
水耕法
水害地
水時計
水理学
水産庁
水産学
水量計
水道料
水準器
水銀灯
追分節
追羽根
追羽子
追送検
追複曲
論理学
輪番制
類似点
類音語
尺取虫
駅馬車
液量計
不忠実
不断草
不等式
不徳義
不確定
部分品
部分食
部隊長
背文字
背任罪
背格好
背筋力
派出婦
副知事
副都心
材木屋
材木商
財政学
財界人
財務官
財産税
財産権
在来種
在来線
在学生
在留民
採油権
採炭所
採算株
災害地
考現学
考証学
考課表
宮内省
招待客
招待席
照明器
照度計
焼死体
焼野原
消化液
消化管
消去法
消石灰
消防庁
消防団
消防隊
消毒器
消毒薬
消息文
消費財
消費材
小天地
小手先
小正月
小休止
小会派
小宇宙
小作人
小作米
小作料
小作権
小豆色
小売商
小児病
小利口
小夜曲
小便所
小荷物
小馬鹿
小熊座
答申書
有功章
有気音
有名税
有税品
有意差
有難味
右心室
国文法
国文科
国民服
国民軍
国有化
国有地
国有林
国言葉
国防色
国防省
国連軍
国産品
国営化
国境線
国際色
国際語
郵便車
郵便受
郵便船
郵便箱
活人画
活用形
活用語
活字本
活版本
活版屋
活断層
過大視
過去帳
遠山里
遠視眼
保存食
保安官
保育器
保証書
保護林
腹八分
腹足類
腹具合
腹時計
相手役
相似形
相弟子
相部屋
相場師
相続人
相続税
相談役
相談所
想像力
箱馬車
素人芸
青内障
青年会
青年団
青写真
青物屋
青電話
青銅器
情報部
清朝体
清算人
清算書
静力学
静水圧
静物画
静脈血
精白米
精白糖
精油所
精神力
精神病
精勤賞
精製法
精製品
精製糖
星雲説
評判記
名人芸
名文家
名店街
名望家
名義人
民有林
民約論
民衆化
売上金
命名式
延長戦
世界語
世間並
世話役
世話物
移民法
残余額
残念賞
線香代
砂利道
砂防林
散文詩
散水車
産出高
産卵期
産科医
殺人罪
山査子
義兄弟
義和団
義勇兵
義勇軍
顔見世
言行録
言葉質
基本給
基地局
旗行列
季刊誌
季節感
器量人
器楽曲
安山岩
安死術
安全灯
安定感
案内状
案内図
利己心
利休色
利久色
利権屋
低山帯
低次元
低姿勢
矢飛白
体重計
指人形
指示薬
指南役
指南車
指南番
医原病
革細工
皮細工
革新派
極大値
極小値
極限値
極前線
極悪人
交声曲
交配種
校友会
校正係
学士院
学友会
学生服
学用品
学芸会
学校医
教区民
教会法
教会員
教会堂
教育長
教育学
教育法
教育界
教育家
教育費
教皇庁
教則本
教授会
教授法
教護院
女子供
女文字
女所帯
女世帯
女学校
女店員
女性化
女性学
女道楽
若大将
若年寄
若草色
庭木戸
紙一重
紙表紙
地上権
地下線
地中海
地文学
地方病
地方税
地平面
地衣類
地形学
地役権
地政学
地域差
地誌学
地蔵顔
地質図
成人式
成人病
成文法
成文律
成年式
成長点
成長株
成熟期
整流子
整理部
神学士
神学校
神信心
神格化
神経学
神経病
神無月
神話学
電子管
電力計
電気屋
電気量
電位差
電波法
電波星
電信局
電信柱
電信機
電動機
電報料
電話口
電話料
電磁場
電機子
引立役
演芸会
演習林
演説家
演劇界
洗礼式
洗車場
洗面台
洗眼薬
西日本
西洋化
西洋式
西洋画
西洋風
西洋紙
四天王
四六判
四分円
紙四手
四辺形
四半分
四角柱
四面体
死亡届
死生観
死装束
死産児
私生子
私生児
私有物
私家集
細密画
針千本
針供養
針葉樹
探究心
探求心
探海灯
探検家
探険家
深山桜
深成岩
計時係
計量法
計量器
計数管
持久力
持久戦
持参人
持参金
市民税
市議会
得業士
得意顔
統制品
統治権
統計表
道中記
道化方
道化師
道具方
道具屋
道具箱
道祖神
道義心
道徳心
道徳学
道徳家
導波管
導関数
祝賀会
条約国
波布茶
増大号
層位学
層積雲
滋養物
磁力計
磁気学
磁性体
婦人会
婦人病
海上法
海上権
海水魚
海老茶
海軍省
海洋学
海食台
海運業
海潮音
黒文字
夢判断
場外株
湯文字
湯加減
上得意
商業国
落札値
落花生
落第生
落第点
落葉樹
許可制
許可証
許容量
丁子油
丁字帯
丁字路
打物師
町人物
町内会
町役人
町役場
町村制
町道場
町議会
定収入
定式化
定住地
定価表
定例会
定規座
定着液
定期船
定義域
策源地
積分学
積雪量
積極策
争議権
寄付金
寄留地
寄宿生
寄宿料
歌会始
出走馬
出版権
退蔵品
鉄火巻
鉄火場
鉄石心
鉄面皮
鉄道便
鉄鋼業
機内食
機密費
機械工
機械学
機械油
機械論
機関士
機関庫
近代詩
近代劇
近地点
近体詩
近海魚
近視眼
近眼鏡
温泉郷
練兵場
練習曲
練習帳
練習船
連小便
連子窓
連合国
連判状
連隊長
連隊旗
連動機
連結器
連歌師
列伝体
会社法
絵図面
絵画館
絵草紙
絵草子
権利金
観兵式
観念論
観客層
観桜会
観測所
観測船
観察力
観察眼
観覧券
観覧席
観覧料
話上手
話半分
話相手
母子草
母系制
牧羊犬
牧羊地
牧師館
求人難
救助船
救助隊
救命具
救急法
救難船
救護所
球面鏡
告発状
傷害罪
障子紙
製氷所
製氷機
製氷器
製糸業
製材所
製版所
製油所
製革業
製茶業
製紙業
製粉業
製粉機
製塩業
製鉄所
製鉄業
製糖所
製糖業
大入道
大人物
大八車
大上段
大小便
大公国
大手筋
大本営
大広間
大白鳥
大礼服
大気圧
大回転
大団円
大自然
大豆油
大見得
大車輪
大往生
大英断
大和歌
大海原
大神宮
大逆罪
大将軍
大部屋
大宮司
大根足
大時代
大動脈
大黒天
大衆化
大衆紙
大道具
大過去
大業物
大福帳
大演習
大静脈
大熊座
大蔵経
大憲章
大山木
太刀先
太刀持
太刀筋
太公望
太古代
太平楽
太陽虫
太陽灯
太陽神
太陽熱
多毛作
多方面
多肉果
多肉質
多血質
多足類
多発機
多数派
直走路
植毛術
植生図
植字機
植物油
食物油
植物学
植物界
植樹祭
置手紙
徳用品
徳義心
特別号
特別法
特別機
特売品
特売場
特価品
特待券
特科兵
特級酒
特約店
特産品
特許庁
特許料
特集号
左大臣
左心室
差出口
差配人
賛美歌
圧縮機
圧縮器
塩化銀
塩水湖
塩類泉
気保養
気送管
気候学
気候帯
気動車
気無精
愛妻家
愛書家
愛鳥家
入会地
入園料
内反足
内接円
内証事
納戸色
納付金
納骨堂
納税額
南洋材
南極点
賃仕事
賃借権
賃貸人
賃貸借
男文字
男性美
男所帯
心配事
心得顔
心意気
心電計
心臓病
羊小屋
羊皮紙
洋皮紙
養父母
養育費
養蚕業
養魚池
養魚場
洋画家
洋服屋
洋品店
洋裁師
象皮病
営林局
営造物
営業費
桜前線
規則書
規格判
規格品
改進党
紀元節
記号論
記名株
記事文
記念物
記念品
記念祭
記者席
記録係
起工式
起動機
起電力
起電機
興行権
里言葉
里神楽
理事会
理神論
理財家
理想化
理想型
理想家
理論家
裏番組
鳥小屋
鳥観図
鳥類学
薬包紙
薬用酒
薬局方
薬局法
薬事法
薬理学
労務課
労働権
表面積
表情筋
長丁場
長町場
長大息
長水路
長四角
長広舌
長期戦
長談義
長談議
帳面面
常平倉
常夜灯
常得意
定得意
常設館
常備金
常備軍
常備薬
作劇術
創作家
所有格
所作事
所持金
所得顔
所番地
初一念
初生児
初年兵
初航海
初等科
将軍家
将軍職
境界標
景教徒
強力犯
強化米
強行軍
強制力
映写幕
映画界
競争心
競技会
競技場
競売人
競馬馬
知日家
知識人
声明書
聖公会
聖家族
聖誕祭
支出額
支度金
支配力
支配権
技能賞
技術士
枝折戸
枝垂桜
単子論
単性花
戦中派
戦利品
戦車隊
戦前派
戦後派
戦時色
戦病死
戦術家
戦略上
戦略家
戦勝国
展望車
展開図
税務官
税関長
説明文
説教師
説経節
花文字
花水木
花形株
花供養
花粉管
花鳥画
貨物車
限定版
根菜類
眼鏡屋
銀本位
銀世界
銀白色
銀行券
銀行界
銀行家
銀行業
銀砂子
銀細工
店屋物
点火器
点眼薬
法人税
法王権
法学士
法治国
法律学
法律家
法律案
法理学
法務局
品評会
快気祝
快男子
快男児
快速船
快記録
決定論
決断力
決勝線
決算期
決議文
決議案
決議権
月世界
月見草
月経帯
外字紙
外交員
外信部
外洋船
外祖母
外商部
外接円
外輪船
木工所
木工具
木太刀
木戸番
木石漢
木炭画
木食虫
木賃宿
木綿糸
木綿物
木綿針
目分量
目見得
目的論
目鼻立
高山帯
高圧線
高度計
高祖母
高級車
高高指
高島田
高温計
高等官
高層雲
高障害
高潮線
高調子
高積雲
県人会
県民税
県議会
毛皮商
毛細管
略記法
両性花
魚河岸
魚類学
漁色家
漁業法
漁業権
慣用語
慣習法
面会人
満天下
万灯会
綿火薬
綿実油
綿製品
千六本
千分比
進入灯
進入路
進水式
進行形
進行係
進歩党
集札係
集合論
集会所
集光器
集金人
集魚灯
集散地
雑役夫
雑役婦
雑貨商
三角比
三角柱
三角座
三角旗
三重苦
三段目
三連勝
三等賞
三等親
森林学
森林法
森林浴
森林帯
検圧器
検事局
検波器
検定料
検査役
検査官
検案書
検眼鏡
検潮器
検糖計
協和音
接合子
接受国
接待係
接待費
接客婦
接客業
接骨医
臨時費
臨港線
屋台店
屋形船
屋根屋
屋根裏
宇宙論
宇宙観
羽二重
羽根車
雨台風
時代色
時代物
時計座
志願書
耳小骨
能力給
能装束
仕切書
仕手戦
事業団
司法官
色事師
色素体
草団子
草屋根
草創期
草競馬
造石高
造石税
造林学
造船業
造営物
造営費
幼友達
幼年期
幼児期
操車係
操車場
操業費
操縦士
劇中劇
乳児院
緑十字
緑内障
緑玉石
緑柱石
緑黄色
録音機
蔵書家
蔵書票
郷土史
郷土色
郷土愛
形成層
形式美
形象化
形態学
形態論
耕作地
耕作物
幸運児
危機感
玉子酒
乱反射
乱数表
乱層雲
乱調子
印紙税
本予算
本体論
本島人
本格派
肥満児
問題劇
聞上手
陸半球
陸軍省
陸海空
陸屋根
陸産物
陸蒸気
陸戦隊
全音階
選手団
選科生
選挙人
選挙法
選球眼
代理母
代議制
貸出金
貸費生
子供服
小馬座
思考力
思想界
思想家
思想劇
側頭葉
測地学
測地線
測定法
測深機
測量船
測程器
富士絹
富士額
福音書
遊技場
遊泳術
遊牧民
遊興税
遊興費
遊覧地
遊覧客
農地法
農作物
農牧地
農業国
農機具
肉用種
復水器
復古調
復活祭
複十字
複本位
複写紙
複写機
複比例
福利表
複利法
複座機
複複線
報知機
脳外科
脳神経
脳梅毒
玉手箱
赤毛布
赤砂糖
赤道祭
赤新聞
赤鉄鉱
赤電車
赤銅色
陽極線
護身術
護送車
護送船
護衛兵
生存権
生体学
生兵法
生命力
生命線
生物界
生活力
生活苦
生計費
生徒会
生産力
生産物
生産財
生産費
性犯罪
性善説
敬老会
警世家
警防団
警官隊
警報器
警報機
警察犬
警察権
経世家
経師屋
経済人
経済法
経済家
経産婦
経営費
経営権
経営難
経験談
経験論
軽口話
軽合金
軽業師
軽演劇
燃料棒
難行道
難問題
熱処理
熱伝導
熱射病
熱帯夜
熱帯林
熱帯病
熱容量
熱量計
熱電対
熱器具
織物商
職員録
職階制
職務給
職業病
末代物
雲上人
田舎家
田植歌
田園詩
天井値
天理教
構成員
構造式
講習会
講義録
講談師
異文化
異教徒
翌翌年
流布本
流行目
流行眼
流行色
流行児
流行病
流通税
流動体
流動物
流量計
好一対
好下物
好天気
好色本
好色家
好角家
好材料
好取組
好結果
好戦国
好敵手
貿易商
約束事
約定書
穀象虫
角細工
紅毛人
紅白粉
紅衛兵
炭酸紙
前半生
前衛派
立小便
立太子
立方根
立会人
立行司
立体戦
立体鏡
立志伝
立見客
立見席
立法権
立往生
林野庁
林産物
葉菜類
葉緑体
談話室
岩石学
岩田帯
岩清水
旅日記
旅行先
旅行家
旅行記
旅芸人
旅興行
旅館業
食人種
食用油
食前酒
食品店
食道楽
食塩水
弓取式
留守宅
留置場
老人病
老大国
老大家
老練家
白人種
白内障
白日夢
白玉粉
白地図
白灯油
白兵戦
白砂糖
白鳥座
白装束
白雲石
白鉄鉱
白銅貨
白熱灯
白熱戦
雪月花
雪見酒
雪割草
雪景色
変曲点
礼拝堂
短毛種
短水路
短日月
短兵急
短音階
染色体
染物屋
風力計
風切羽
風水害
風向計
風物詩
風物誌
風速計
風馬牛
風鳥座
風景画
風雲児
早少女
早生児
早見表
早教育
早産児
早場米
降車口
降雨林
降神術
降雪量
楽屋話
楽器店
畑水練
連分数
臨界点
七曜表
織女星
省資源
小見世
素反応
素因数
総二階
短期間
単糖類
徒競走
雑所得
布団皮
安保理
易損品
一要素
一層目
歌合戦
宇宙博
運動領
英数国
英文科
栄養源
栄養短
大宮人
親分株
会員章
会計課
解散説
界磁極
海水温
海馬回
開腹術
角分散
革命児
過現未
過失犯
火星年
貨物便
空約束
皮財布
関西馬
巻子本
関数族
漢蔵語
寒冷地
外国勢
機関座
旧軍人
共和政
去勢牛
近海物
金属片
技術面
行官庁
玉整理
苦味素
具申書
具体案
軍国調
軍当局
経済戦
警備員
警部補
競輪場
検査員
研米機
芸術論
現体制
現内閣
高木層
高野聖
国防論
古生界
古代切
誤投下
最賃法
細動脈
採綿器
作業班
左中間
殺人犯
佐幕派
三国志
三尊仏
散歩道
在東京
雑居地
雑文家
示圧計
子音群
止音器
市街図
止血帯
糸状虫
自然増
自然律
下着類
視地平
七面体
社会層
取材班
松根油
照射野
小主観
商店主
小東京
消毒液
商人街
書記補
食肉目
植物誌
食連星
処生訓
深紅色
進行相
新正月
親展書
新内閣
新発明
真犯人
深夜族
自公民
辞職願
辞書類
時事論
地蔵尊
実数体
実関数
実名詞
磁方位
事務屋
地元民
弱電器
純収入
純良品
条里制
女性軍
女生徒
女性徒
水酸根
静圧比
生活法
青化物
正教授
整経機
成功裏
製作所
生産額
制酸薬
製材業
清子音
政治色
生得権
生徒数
製氷皿
世界新
積算法
石油王
節炭器
線織面
戦時下
先生方
先先週
先着順
専門職
前車輪
前進角
前住所
草月流
早東戦
総務局
早明戦
総予算
組織体
増加分
増税案
帯黄色
対生葉
太陽光
多音節
多極化
単位元
単勝式
大西郷
大祖父
大納言
団地族
知覚知
力関係
知識層
知情意
茶器組
中以上
中辞典
沖積統
中毒死
定期便
適時打
天台宗
天然塩
電動式
電報局
投機熱
東照宮
当直員
都議選
徳川方
徳川家
徳川勢
登山口
特級品
動安定
同郷人
道議会
道交法
銅相場
動物達
同母姉
土台石
読解力
努力賞
内角球
内臓弓
難波潟
生学問
並製品
難事業
日運動
日本領
入金票
入港税
農漁民
延縄漁
白金族
判決文
貝独楽
筆記具
筆耕料
必読書
平教員
平党員
秒時計
深緑色
仏文学
風土記
付年表
物価高
文語調
文士連
分相機
文明館
勉強机
放生会
包装紙
補強筋
暴風域
民社党
明朝体
名作選
名詞句
名投手
名場面
毛製品
百千鳥
安月給
大和心
友人間
有力馬
要確認
容積比
立明戦
緑白色
労働相
若夫婦
木金土
火木金
支持力
実験値
主応力
試験機
液状化
地表面
正規化
全自動
変調器
導入部
主信号
混合器
高優先
回折損
格理論
合理論
自然類
主要部
先行詞
道具論
葉節点
論理和
参院選
承認図
変成器
補佐役
意見書
米市場
看護師
内安打
愛校心
愛党心
悪玉化
悪宣伝
暗号帳
位相差
意識下
移転先
育児書
一体感
一等地
印刷屋
運動家
英語劇
英米人
英米法
駅長室
演習場
演奏家
温泉宿
音楽隊
仮登記
加速器
家計費
歌劇場
歌唱力
花火師
課題曲
貨物室
会計係
解決法
解散権
解説書
解放感
開放感
改札係
改造車
改良品
海外版
開通式
開幕戦
革製品
革命軍
学芸員
学生課
学年末
活動力
巻頭言
慣用音
観劇会
観光局
観賞魚
関係詞
関数論
基準点
基本語
寄港地
機械科
機関室
機関長
記念樹
技術料
義務感
逆転層
吸収力
給水車
競争馬
教務課
教養部
興行界
筋肉質
金魚屋
銀時計
空気穴
訓練所
訓練生
形式論
形成期
形容語
経済面
警察力
警備隊
軽量級
芸術品
劇場街
建設費
建築業
憲兵隊
検出器
権利書
研究科
研究心
研究費
原子論
厳冬期
現代劇
現代史
現代版
現地人
限定詞
個体群
個体差
古書展
固定票
故障車
後半期
語学力
口話法
工作室
工場長
幸福感
広報課
広報誌
校長室
構成比
構築物
航海士
行楽客
行商人
行政学
講演料
高音部
高度差
高等科
合格点
合成音
合奏団
国語学
国際線
国内線
国内法
砂糖水
最終案
採石場
採点表
材料費
作業員
作詞家
作用点
雑貨店
参加国
散兵線
仕事量
四季報
始発駅
姉妹校
志望校
指揮権
指導員
指導力
支給額
紙細工
紙製品
試作車
試乗車
資金源
資本力
資本論
自習室
自信家
識別力
質量数
実業界
実験場
実体鏡
社長室
車内灯
手羽先
手配書
受信料
受領書
収益金
収集家
修正液
集中力
住宅費
重圧感
重量級
出演料
出世魚
準備室
順応力
処理場
初飛行
助手席
女子校
女友達
小品集
少数派
消防法
照会先
照準器
賞金王
乗降客
乗船券
常識家
常識人
食文化
新刊書
新人賞
新造船
新年号
申告書
申告制
真実味
真理値
親切心
親日派
人形劇
人事部
人情話
図書費
図像学
世帯数
制動灯
社民党
売春宿
性行動
性道徳
性本能
成長期
政権党
政府米
整骨師
整数比
整数論
整備工
生息地
精算所
精算書
精肉店
精米所
聖火台
製作費
製造所
製本屋
西洋史
青果物
積分法
接近戦
接続駅
設備費
専用線
戦車兵
船長室
選挙民
全国紙
素人筋
組合員
組合費
組織学
組織票
倉庫番
相似点
相続権
総務課
送付先
測定器
測定値
測量器
測量士
尊厳死
多数党
太陽風
体育祭
対数表
大型車
大衆車
大病人
単数形
短大生
短編集
団体客
男子校
知日派
地球人
中心部
中隊長
注文書
貯水量
貯蔵庫
調査員
調査団
調理法
直行便
賃借人
通産相
通知状
通訳官
低音部
定期戦
定常波
定年制
提出物
展示場
展示品
転居先
転送先
転入生
転任先
伝導体
電子音
登山道
登録料
都市部
投手戦
投手力
投書箱
投票数
東洋史
当事国
統語論
統率力
同系色
同国人
同情票
道徳上
得意客
得票数
特製品
特選品
特大号
特注品
特等席
特別室
特別職
特別席
読取機
読取器
二極化
二重丸
二分法
日程表
日付印
入館料
入場式
任命権
認証式
認定証
年代物
燃料費
納品書
納付書
農学部
配水管
梅雨空
白色光
発信局
発着所
発売元
反射角
反射光
反省会
反則金
反対派
版画家
批判力
秘書科
美術書
美術商
美術展
美術部
標識灯
標準型
表現力
不変量
副詞句
復元力
復原力
復刻版
複刻版
複製品
分隊長
分布図
文教族
文章題
文法書
平常心
閉会式
編集局
弁当代
保育料
保健室
保険屋
保守派
保存料
歩合給
補給線
補佐官
補助員
補助線
宝石商
宝石箱
放映権
放水車
法改正
訪問客
防衛費
満足感
未開人
未開地
未来学
密輸船
名人戦
命名法
明細表
面会室
模造紙
目的物
薬学部
油圧計
輸送力
優勝戦
優先席
優良店
有価物
有効打
有望株
有名校
遊休地
予備軍
予約係
予約制
予約席
理工科
理事国
理想論
料金表
料理番
量記号
領海線
類似品
冷蔵室
練習機
練習所
練習生
連続体
労働法
和声学
和声法
大洋州
三国人
保佐人
補助人
合議体
三悪道
対世効
無認識
平水夫
異人種
異民族
胃拡張
黄土色
街宣車
間氷期
丸屋根
円屋根
逆回転
急展開
極低温
銀灰色
軽電機
絹層雲
巻層雲
後置詞
後背地
公権力
鉱産物
今川焼
再加工
最後列
三和音
不生女
産油国
始生代
子安貝
小安貝
私家版
実定法
車前草
大葉子
十姉妹
書見台
諸経費
序二段
消息子
新生活
性科学
生野菜
税収入
舌平目
船会社
前宣伝
帯広告
帯番組
大仕事
大所帯
大代表
大納会
大発会
大発生
単母音
仲見世
長母音
転貸借
独航船
日計表
農学校
副音声
補集合
防風林
無安打
名文句
矢車草
夕景色
裏街道
陸海軍
立面図
冷暗所
四十路
水不足
大年増
全日本
宇宙研
医科研
多言語
情報学
精算人
好選手
通訳人
水道水
顔文字
悪液質
暗紅色
位相語
異数体
移住民
衣装方
遺存種
一次式
一太刀
引用書
右胸心
宇宙病
宇宙法
羽状脈
運動学
塩化金
塩化鉄
塩化銅
塩素水
横領罪
温帯林
下属音
仮道管
仮導管
価値論
加熱器
夏布団
家長権
家庭医
科学史
果菜類
火工品
花式図
花信風
過給機
過熟児
過熱器
画学生
回転角
回転計
回転子
回転窓
回転体
回転面
快楽説
海人酸
海成層
海洋法
海陸風
灰重石
灰色熊
界磁石
絵空事
絵空言
絵物語
開放創
外貨建
外気浴
外航船
外国法
外骨格
外車船
外出血
外性器
外務員
確信犯
角質層
角測量
角目鳥
閣内相
学習机
額面株
我楽多
寒紅梅
完全数
官能基
干海老
感染源
感熱紙
管状花
総務省
財務省
内閣府
臨時工
未知語
道徳劇
長電話
日常品
村議会
申立人
諸条件
入出金
調査部
受講生
英国民
大火傷
豆知識
無宗教
入門書
着手金
口述権
親方株
留守録
英英語
鉄格子
二次体
玉筋魚
小女子
短母音
鉱物油
裁断機
人民元
大法官
多国間
改革派
改正法
間接費
疑問票
工程線
高帯域
試験薬
事故死
失見当
出血熱
純利益
信任票
信用買
政府軍
生産量
接続料
線量計
大銀行
大衆薬
男女比
地上戦
地方局
通信料
低体温
独唱会
内科学
売上税
半棒術
貧困線
不交付
放送権
法史学
無効票
裏取引
六尺棒
旧漢字
同人誌
番号帳
野太刀
長太刀
長刀術
北東風
白鼻心
期待権
私人間
再生紙
補助輪
運営上
健康上
好条件
高金利
国民党
最上階
最年少
最年長
市庁舎
何方道
個人戦
団体戦
開口数
実体験
手作業
最終章
重軽傷
小型車
小動物
小論文
少子化
少人数
大金持
大発見
調査官
長期間
直営店
賃貸料
冬作物
同年代
入退院
年度末
筆忠実
不美人
物干台
未処理
名演技
友愛会
旅客船
両方向
青粉毒
道州制
丸一晩
中高年
王太子
王党派
工場主
君主制
君主政
大天使
多者間
関東軍
五車星
生命体
州議会
州議選
秘密裏
研修会
通信文
下宿生
熱発生
底意地
新開発
入植地
照明灯
協議書
商品力
農漁業
紙風船
小太刀
専門誌
係助詞
仕入高
論理積
負論理
声明文
高成長
経財相
組織図
外適応
開教師
魚料理
保温材
銀行印
部単位
空白文
指示子
通路側
多民族
食洗機
色校正
若者頭
年寄株
決定戦
新弟子
心技体
三役格
幕内格
十両格
幕下格
準優勝
同部屋
初土俵
初優勝
不戦敗
部屋頭
星取表
勝負俵
大金星
推挙式
四本柱
準年寄
二段目
新十両
新入幕
新三役
新大関
再十両
再入幕
絵番付
板番付
水引幕
優勝額
再出場
根岸流
紙番付
力士会
道産子
場所入
番付表
常陸梅
悪送球
味加減
五面体
受取書
強電線
弱電線
七方出
出張費
登山隊
温泉地
雨波貝
北寄貝
能天気
能転気
脳天気
正論理
格助詞
清水器
試用版
縦横比
名詞節
付加語
建具師
蔵書印
輸入量
指定詞
導波路
手取金
電子線
劇場版
礼拝所
連合体
木炭車
全面安
性産業
部長付
調査役
副長官
買物客
性体験
返読点
農業家
農場主
不足分
半島国
半島人
大建築
機関手
配置薬
大会社
登録証
肺実質
答弁書
登下校
貯金帳
無教会
改善点
受信箱
外交史
自由人
自由画
女子部
投機師
細工師
経営面
耳年増
厚労省
参加費
悪知識
植物相
経産省
大画面
自走式
文科省
検討会
文化省
無党派
標本室
辞書学
石刻文
本選挙
入口点
副総裁
光造形
大混乱
務長官
本部長
憲法上
投薬量
政調会
弁明書
外交術
農水省
農水産
投開票
大事業
必殺技
分社化
昨年夏
党首脳
野生犬
過電圧
加電圧
犯罪歴
光熱水
総支部
複合機
調整値
交流会
満作科
一財産
放射角
異人館
田虫葉
金糸梅
小真弓
白雲木
山法師
赤四手
警備兵
負傷兵
八十代
昼食代
不快感
行動学
省略形
変化形
変異形
酸性土
裏工作
学務課
負電気
負電荷
歯周病
小忠実
反義語
水文学
外国産
基本法
好印象
草石蚕
大変化
宇宙像
強結合
厳密解
弱結合
近似解
重力場
物性学
放射光
風信子
男友達
親時計
女主人
解氷期
退任展
裁判員
散布図
分散図
推移図
総合職
電磁弁
客単価
集客力
兄者人
不可算
短角牛
長角牛
非主要
名容詞
芸者屋
平社員
料理長
大海老
大試合
小部分
小部屋
小取回
支持層
入構証
増改築
反対番
加工乳
貿易上
大変革
勉強会
個体数
未確認
低燃費
停車駅
好業績
特別展
歴史書
生理痛
空気圧
最速化
問題視
疑問視
古着屋
所属長
大火事
高利益
実空間
記念誌
京阪奈
意味深
後夜祭
最優先
通過点
四分位
親代代
円関数
誤認識
存在感
一本化
拡張子
分教会
中童子
肉食鳥
土佐犬
短周期
不支持
頭子音
末子音
対馬音
漢字音
革表紙
皮表紙
金型費
殺処分
結納式
絶好調
特許品
火皿貝
落下物
中心街
日本初
貸金業
保険業
住空間
二等車
写真画
臨済宗
様子見
観相術
外事課
私年号
五葉松
生産児
利酒師
外宇宙
統語法
記者室
総書記
温泉卵
橋本病
空手着
天井画
音博士
貿易船
身障児
漁船員
大衆魚
無人駅
名門校
代書屋
校務員
決定打
京言葉
重視型
宗教色
収蔵庫
大日経
大自在
土産物
学問所
開山堂
念持仏
総裁選
時限目
薬業界
日本円
入管法
脳血管
自然史
支配下
延喜式
使命感
終助詞
今週末
全財産
副助詞
国家間
目的税
実行犯
新発見
両国間
主要因
平均台
悪党面
記録面
金市場
男生徒
男性徒
無名骨
日朝間
設計書
作業量
大角豆
交雑種
異性愛
不正常
群青色
収納室
収納庫
混合薬
感性界
感性論
年寄衆
水産品
輸出額
無公害
案内人
経理部
不信感
経理課
首長国
七変化
世界初
世帯員
信用残
業務課
業務部
業務上
固有種
吸水管
求積法
旧石器
急転回
身八口
浴衣地
中高型
頭高型
平板型
重犯罪
故意犯
形式上
議運委
防止策
事情通
不採算
日本新
秘境駅
版権物
調度品
文章体
落羽松
給油機
面接官
商売女
殺人課
輸入米
国産米
新素材
学士号
合計数
回想記
武勇談
体操服
豆黄金
収集品
馬鹿穴
最重要
五本指
温度差
日本鹿
支出金
電視台
関連語
不織布
水和物
不登校
中止法
中止形
作業着
無農薬
遊里語
理容室
勝負服
防衛省
防衛力
大浴場
現実味
悪印象
持久走
小便器
金準備
一形式
万葉調
着信音
非軍事
新冷戦
総重量
食事代
会費制
全方位
夏至祭
旅行券
色無地
色指定
色指数
共作曲
現地着
当社比
現場着
重力子
蔵骨器
調査課
心情論
自己満
無足人
過去問
尊大語
大部隊
吸収体
総画数
農園主
学生会
清潔感
結納品
動画家
集合知
半通夜
食器類
重電気
再就職
組織論
感染病
人工弁
負担感
改良型
安定期
降誕祭
丁度今
大流行
保安係
市民軍
大陸法
宗教法
肺動脈
案内役
呼吸筋
長方向
脳損傷
松果体
一欠片
移民局
卵料理
構造物
新首相
焼香台
手紙文
医師団
研修医
血流量
検査法
反射波
認定医
若年層
正常値
拡張期
収縮期
石灰質
海綿状
脳組織
粉末状
一分野
一家族
地上絵
急性期
性機能
脳底部
栄養物
断層像
健康人
仕事口
至福感
内面化
無力感
産卵管
外呼吸
内呼吸
肺呼吸
外来種
手術代
大失敗
統一感
技術点
講書始
皇族費
難読語
非協力
問題群
敵対国
用語法
関税局
外来魚
理念型
宅老所
身分証
公述人
特別会
仕事始
忠誠心
交通課
内閣法
打開策
打解策
法輪功
国務院
感染力
死亡例
感染例
脳動脈
報告例
修理店
大勝利
情報通
資金力
夫婦間
新成人
幼少期
大事件
新設校
上座部
新宗教
金光教
大本教
沖縄戦
無回答
仕事運
健康運
勉強運
八正道
八聖道
三法印
大衆部
失敗作
記者証
演技力
州警察
検死官
宣伝部
連座制
卒園式
輸入国
楽天地
白点病
大進歩
勤務医
数直線
大人数
点数係
族議員
新進党
産学官
逆方向
大学校
古賀派
町村派
山崎派
高村派
雑誌社
起業家
灯台草
厚労相
大逆手
黒人兵
多毛類
激戦地
入社式
差別語
送風口
独身男
新人類
有理化
有利化
犯人像
密出国
歌番組
気取子
非識字
新平民
白身魚
赤身魚
車検証
毛表皮
中国茶
中国酒
日本通
登場感
北前船
再発信
貿易量
特急便
再配達
新体験
新政府
学会誌
小売値
衣料品
昭和史
早退届
男性観
女性観
技師長
二輪草
炭素税
代動詞
記録会
総所得
女性語
客室係
社説面
大事故
物活論
無答責
基本金
六国史
日本紀
日本米
開音節
鼻母音
大和文
開口音
合口音
石地蔵
助産師
強談判
予算委
周産期
公欠届
指小辞
給紙機
表現法
形式知
準体言
定動詞
本動詞
道府県
後頭葉
頭頂葉
前頭骨
側頭骨
後頭骨
神経筋
疑問点
年相応
返答書
合計額
卵円窓
正円窓
毛様体
朝自習
防衛策
万聖節
自然体
反射能
氷下魚
都知事
少糖類
多糖類
熱分解
大豆粉
古書店
担当医
花見酒
汽水湖
氷河湖
背表紙
伝来語
大至急
中国史
残存種
分波器
老婦人
通知書
若衆道
人鳥類
枝尺取
白衛軍
府県制
一見客
準新作
本波布
真穴子
人間型
大女将
若女将
背理法
語用論
三分法
同一律
学校祭
大学祭
国語科
非常食
唱歌集
集合財
私的財
海綿体
前庭球
技術屋
死荷重
静荷重
下級財
上級財
逆進税
比例税
多関節
自由財
座頭虫
中間財
優等財
正常財
名古屋
北九州
権兵衛
三合会
初会合
便失禁
人面魚
学術誌
金花虫
歩行虫
大角羊
豆象虫
大象虫
真章魚
眼仁奈
団子虫
眼鏡熊
水章魚
天南星
順序数
周期表
三博士
無原罪
創造論
光伝導
光電導
受注額
水素化
酸素酸
人工肺
白金黒
操作部
処理部
送信部
中間値
中央値
金属音
示性値
精神波
国交省
受発注
大佐賀
非売知
比売知
赤目魚
眼奈太
総議員
白色体
木登魚
公公然
説話集
人屋根
一夜干
内乱罪
集団犯
結合犯
集合犯
人間道
三皇后
人格神
原始星
南十字
十字座
十二直
宿曜経
行程表
準教授
青人草
路線図
受信音
衣魚虫
雲母虫
九州弁
東北弁
食品群
未成熟
連勝式
音変化
外果皮
内果皮
中果皮
医学書
神聖視
感動文
副部長
九十路
食用花
高灯台
数時間
集中型
言葉数
読者数
原子団
半数体
二倍体
外出先
屋久鹿
水上機
水上下
動作主
田楽焼
地球照
県病院
無修正
法相宗
整合説
対応説
仏心宗
多雨林
上新粉
転法輪
土産品
宇賀神
医方明
置時計
山水牛
桜海老
新当流
常不軽
真言宗
大発作
小発作
立体視
古皮質
旧皮質
新皮質
外障眼
全体論
後成説
前成説
共感覚
浅羽鳥
文目鳥
百声鳥
無常鳥
田長鳥
油点草
時鳥草
呼子鳥
合法鳥
大百舌
行行子
石千鳥
小千鳥
黒歌鳥
下垂体
喜知次
来次第
不可得
出納帳
制気口
肉団子
精進物
重陽子
五角柱
六角柱
八角柱
半固体
内骨格
円口類
足根骨
中足骨
手根骨
中手骨
相転移
太陽鳥
太陽潮
大不敬
銭貨学
等黄卵
単純泉
酸性泉
酒石英
牛海老
二文字
時計草
州権論
長鼻類
少林流
正断層
逆断層
公会議
熱的死
同族列
同族体
中立説
共進化
赤芽球
変形体
波状熱
解決済
色見本
機織鳥
弓作成
知知武
自己目
紅毛船
無足類
針金虫
輪虫類
腹毛類
線虫類
線形虫
投機筋
慣用法
大原則
総務相
多角化
多年生
波布草
想像上
防衛戦
防衛線
自然食
輸出国
射干玉
野干玉
無着色
事例集
上気道
士師記
共鳴器
発音器
問答法
等値面
蒸発岩
仏教書
仏教家
散布体
原生代
完新世
中新世
始新世
最新世
現在世
運賃箱
古神道
前頭筋
眼輪筋
口輪筋
大胸筋
広背筋
平目筋
外転筋
内転筋
海綿質
海綿鉄
五大老
遊水地
天気雨
庭見草
初時雨
決定木
料理書
水深計
残圧計
土産店
主原因
転出先
統計法
転出届
水平社
六観音
六地蔵
六道銭
七観音
大谷派
高田派
木辺派
山元派
西山派
歌劇団
百合科
貧毛類
血清病
除感作
動原体
鉄骨造
推論式
推理式
話題作
満州族
帰宅部
巻頭歌
手水舎
再転送
指燃草
美化語
毒電波
火山群
火山砂
火山列
火山毛
風配図
根本悪
張力計
所属先
諸元表
一段上
矢視図
変動費
秋分点
冬至点
酸化数
小口径
高収入
提案書
牛乳計
色茶屋
視等級
交番所
運動部
文芸部
母文字
作編曲
舌三寸
労組法
量子数
並行論
相制説
半整数
直言歌
最悪期
近点年
近点月
児童会
頭状花
二次林
加圧器
面積計
臨界角
内容語
横海老
気功師
母平均
前年比
全画面
縦座標
総秘書
地域色
川八目
砂八目
経由地
前意識
理性論
九谷焼
丁字桜
大島桜
富士桜
夜開草
名目上
要出典
葉書大
林務官
失敗談
花角力
明清楽
白羊宮
処女宮
人馬宮
茶立虫
馬追虫
竹節虫
世界線
銀河群
銀河団
米食鳥
進学校
走行会
進行波
物質波
波動説
物質量
検知器
十八禁
大連立
順不同
表現型
代表権
在留届
空燃比
汽水域
税負担
糸球体
包合語
後氷期
倍数体
一倍体
三倍体
基本数
四倍体
警告色
絵手紙
午後一
深層水
底層水
中層水
上層水
予報円
着衣泳
地元語
精米機
経済史
経営上
採金地
手操作
雑貨屋
護教論
意味不
進行役
純正律
純正調
調子笛
十二律
六調子
太食調
大食調
陽音階
律音階
天人鳥
洗口液
香雨鳥
降河魚
降流魚
生態型
地方型
降海型
陸水学
頭胸部
出糸管
担子器
花独活
運動着
低木層
草本層
軍配虫
黄立羽
男根期
板皮類
吸虫類
肺吸虫
片山病
能力値
真羽太
赤羽太
本諸子
帯水層
打席数
天平尺
棒人間
編集版
宣伝文
金鉱脈
塩基対
三大洋
裁量権
関八州
空腹感
道陸神
絵馬堂
式部職
権現造
天満宮
引赤薬
発赤薬
神楽笛
式年祭
教部省
時代祭
例大祭
神社局
無格社
神田祭
全真教
大社教
神理教
神習教
実行教
黒住教
大成教
神宮教
犬四手
熊四手
陽明学
低料金
初出場
歯列弓
大阪弁
性理学
検電器
中子星
足垂星
雨降星
土人形
標本化
高圧水
大型化
類型化
模型化
四等官
調光器
法句経
通用口
法規制
書記素
世界樹
落書帳
静音化
一体型
十辺形
辞書形
句動詞
経験値
最高額
深径覚
準同型
和集合
閉区間
有限型
十二経
雨四光
現在形
誕生会
副詞節
五文型
心血管
中書省
門下省
利用料
都察院
給食室
複勝式
複試合
古雑誌
古時計
立志式
感電死
文否定
語否定
準否定
郷里制
司法省
千里竹
文明史
古英語
中英語
非定型
否定形
備前焼
満州語
立毛筋
起毛筋
思案顔
自宅裏
構想力
工場街
口頭語
山言葉
重量法
車前子
車前科
中務省
治部省
民部省
左弁官
閉音節
真名本
真字本
歌詞集
問題集
小海老
陸宿借
岡宿借
三光鳥
内陸部
太平州
点耳薬
防衛相
星宝貝
統合体
給油口
縮閉線
食習慣
木綿綿
映画会
表形式
文字間
探傷面
予約券
確認証
成果物
観念化
条虫類
走野老
車葉草
西洋梨
見島牛
割線法
安定液
毒舌家
地方官
音楽界
当日券
羽織虫
男性器
口内謝
円貨建
米国車
自在天
多聞天
多門天
広目天
増長天
持国天
聖観音
正観音
女学院
節約家
内道場
館内図
明治節
地久節
四方拝
四大節
体験版
一限目
小事件
均田制
体操着
五香粉
待雪草
松雪草
都鳥貝
黄心樹
川水雲
二糖類
名詞法
形容句
接中辞
正定業
輸配送
異次元
大師堂
善根宿
納経帳
島四国
分類群
二名法
三白眼
脳病院
層序学
八品詞
加持身
本地身
豊山派
身口意
小商人
非日常
神聖化
救貧法
弁神論
神義論
物神論
司会役
付着物
温野菜
原体験
理学士
参考本
周辺化
自明解
正定値
軽速歩
時間目
守衛所
自由訳
食料費
武道家
非通知
消化力
勤務地
急接近
消灯令
希塩酸
弱塩基
弱塩酸
観月会
技術員
代行業
同意書
整水器
十進数
八進数
移行期
移動局
一次局
宇宙局
英文字
演算器
演算数
演算表
演算部
応答側
横倍角
下位語
下位層
仮引数
仮原文
仮手続
仮想局
仮配列
可変部
課金制
過負荷
画面上
会話形
回線群
階層化
外部型
完全版
簡略版
観測値
関連図
危険域
基準値
規準値
基底解
基本値
基本文
記号列
起動側
逆編集
共通化
共通線
局管理
空状態
空白化
空白列
係数器
型定義
計数器
計測値
決定表
検出部
原資料
原文語
減算器
現位置
現在値
現在点
現地化
現付番
現要素
限定子
呼出側
呼処理
固有色
公開文
広帯域
構成節
構成体
構造型
構文素
行位置
行起点
行番号
行方向
高画質
高速化
高度化
国番号
左辺値
差分法
座標点
再割当
再計算
再始動
再実行
再接続
再設定
再宣言
再組立
再送信
最終値
最終版
最上位
最新版
最大数
細分化
作業域
雑時間
参照権
参照先
参照線
散布量
算術式
算術文
算術和
子操作
指定子
指動輪
試験群
試験体
字方向
時分割
次元数
自立型
実引数
実効値
実効長
実行文
実体文
実体木
手順書
受動局
修正版
終着局
集合型
集中化
集中局
従属局
重回帰
出回線
出口点
準内字
純正品
順序木
順番列
順編成
初期点
書簡箱
商用版
消光比
消磁器
照合機
証明証
上位語
上位層
上下限
上下列
上限値
情報群
条件式
色空間
色指標
色写像
色分解
色補正
信号局
新機能
新規呼
親操作
親要素
推定値
数字句
数値型
数値語
数表現
整数型
整数値
正規形
生映像
製表機
製品化
製品版
積分器
宣言子
宣言文
全集合
全体語
層管理
操作棒
走査器
送信器
送信側
増分量
束指標
属性型
属性表
多機能
多義語
対話型
対話形
代入文
大容量
単位列
単純型
単方向
断片化
知識木
地球局
地上波
地図帳
中断点
注記行
著作集
頂点色
直定数
通信行
通信節
通信量
通信路
通知型
低損失
低電力
低容量
定数式
電子式
電磁界
登録機
登録器
等化器
統一化
動画像
動作行
同位列
同期化
同時間
特定子
内容長
内容部
難語集
二次局
二重化
入回線
入力行
入力順
入力値
入力類
任意型
認証局
年日付
配電器
配列値
倍長語
発信元
発信源
発生順
否定積
否定和
非圧縮
非直結
必要語
標題誌
表計算
表示域
表示器
表示面
表要素
評価値
付番群
部品表
部分語
部分木
部分列
副電力
副要求
復号化
複号化
復号器
復調機
複合局
複合式
複合文
複合法
複数行
物理層
分散化
分周器
文関数
文字像
文書化
文書館
文書型
文番号
文脈列
平均化
米政府
辺線種
補助語
補数器
母関数
本体部
未規定
密結合
密閉型
名前群
明確化
木構造
輸出権
優先語
有効域
有効化
用語表
要求側
要素型
要素数
略成語
量集合
列番号
列変数
連結式
連続紙
論文集
論理型
論理図
出版地
可能形
航時機
無性語
電装品
低血糖
管理官
頭首工
計測器
保管庫
除光液
開発元
最高限
外眼筋
回転灯
直観像
対処法
単語表
当選券
電気式
本切羽
選炭機
副申書
論文誌
人工乳
複合体
受容器
資金面
大分類
野球人
就学生
公労委
公労法
証券化
深川飯
名産地
保健師
修正論
客観視
客観化
異世代
同世代
発生源
楽屋口
内輪差
不適合
高学歴
通学路
空心菜
預言書
歴代志
宮大工
豊後梅
大神楽
代神楽
木付子
金宝樹
満天星
青文字
小羊歯
天門冬
木工芸
数種類
鉱工業
領有権
極最近
皇民化
精算機
着色料
分注器
送信所
照会状
輸送車
手術着
旧憲法
表外字
誤表記
宗教史
最大手
法務部
空港駅
英語訳
前段階
身分制
権力欲
留置所
法教育
保存先
会見場
非球面
不存在
個人間
支配層
反主流
西洋語
医歯薬
賛成論
民法典
延命草
新材料
低学歴
常態化
多幸感
肉筆画
基本権
生命権
自然権
翌翌月
社会権
黒鹿毛
青鹿毛
川原毛
樹木医
主演作
公教育
自由民
保健省
様式化
注目株
資料館
商学部
不適正
雑種犬
事故米
色再現
正典化
感傷劇
調心輪
小型犬
中型犬
大型犬
水水母
近現代
構造色
法整備
兄貴分
先導車
北極点
角部屋
風化岩
送付状
地元産
映画学
乳飲料
発信機
無調整
拡音器
拡音機
検討図
順位表
無洗米
動詞句
資金難
除雪機
全面高
回向文
不要論
収蔵品
同志愛
同士愛
小山羊
子山羊
強意見
鉄道駅
温水器
神楽歌
相似比
文芸家
愛飲家
実業団
図工室
自同律
一風景
異国人
高等部
上方語
東京語
性形質
後形質
単結合
対生成
電子対
電子雲
染色質
単量体
人工湖
人口湖
未来人
天気祭
飲酒店
大王松
町全体
左官屋
視学官
法人格
得意技
植物館
航宙士
星間雲
好対照
神明社
神明造
落葉状
発展型
複母音
中二病
当番兵
導水管
接骨院
脳活動
高負荷
操体法
宣命体
貴大学
労働官
移植片
日本国
半時間
期間工
指文字
外出着
家庭劇
天師道
富士派
三鳥派
大時化
大馬鹿
青野菜
協和語
日満語
整備士
配位子
独参湯
帳台構
赤茶色
前庭窓
骨迷路
口径食
口径比
紀伝体
秘伝書
鼻科学
問題化
下足室
最大量
異世界
仮納付
職務上
保水力
属人法
西王母
新書判
半魚人
受身文
受動文
測量家
地域化
代当主
山王祭
八足門
増解結
好青年
警務官
警務隊
生毛体
応答長
体系学
空港税
北極線
南極線
理論値
特技兵
承認証
承認印
試合場
雑性花
個包装
天目台
一次回
先買権
金時豆
絹雲母
白雲母
大角鹿
物洗貝
太陽鏡
公理論
対数尺
単純語
支配株
性反応
単弓類
無弓類
本発明
補因子
性役割
多様体
交易路
積集合
開集合
差集合
点集合
閉集合
余集合
多系統
側系統
単系統
分岐学
長者貝
主原料
不応期
秋田貝
合成数
作用素
顔面骨
箱海老
有限体
動物間
推理力
紅樹林
使君子
四君子
同意味
発展場
万代草
調節卵
産官学
等値線
顔認証
教父学
談義所
現金化
使用域
最後発
本論文
表層形
何種類
共分散
空手道
五加木
電熱線
入力文
出土地
四重禁
民政党
民進党
石製品
放射状
車輪石
蒸発計
油菜科
古地理
美容室
親水基
海毛虫
実経験
異言語
計算上
上一段
下一段
熱電子
旅人木
大野貝
方向角
和時計
金水引
集積化
捨身技
一対多
多対多
梨子地
慣行犯
慣手段
活版所
統一法
再集計
千鳥草
船食虫
真旗魚
眼旗魚
目旗魚
四角豆
統制派
皇道派
障害児
処方薬
記号学
相手先
記号素
最高位
数分間
着味液
和解案
種付花
著名人
片眼鏡
先取点
半自動
半人工
全面積
黒旗魚
常連客
飛行体
海松菜
夜香木
連理草
黄体期
京都賞
片月見
白粉焼
資料集
老年期
法務官
評価減
連合野
臨界量
量水計
黒茶色
立体角
理想像
理財学
木化石
変化量
養子論
葉状体
遊走子
有肺類
有色体
事自体
聖書学
豊年祭
至上神
最高神
数値化
共役角
目的因
形相因
質料因
動力因
作用因
木質化
模式図
明順応
暗順応
無任所
無性芽
無月経
無気肺
無感動
夏安居
冬安居
金羊皮
可能態
自然学
放電灯
放出音
放射圧
放散虫
報時球
政策学
法制史
統辞論
博言学
代表所
代表処
粉砂糖
楽団員
自己愛
閉曲線
平歯車
文章法
粉白粉
物自体
石材店
常光線
補佐人
明治期
意志力
丸文字
航海法
長期化
副検事
父系制
河川水
放流水
出荷料
過電流
後世方
古医方
建築史
世界像
地百足
石百足
営巣地
田平子
異性化
遺産税
防水着
非友好
非現実
談義本
光線束
声楽曲
文庫版
計量化
計量士
洋装本
和装本
衛星船
白変種
小新聞
大新聞
業界人
張見世
黄血塩
周転円
検査係
発売所
度田舎
負担金
負担額
整骨院
無傷針
並穴針
紅梅焼
景観権
表題曲
楽屋裏
三柱門
白飛白
月下香
漢熟検
前評判
統計量
現代戦
自決権
難読化
修士号
学習法
保磁力
四分法
仮株券
仮種皮
国交相
小電力
過呼吸
火消役
定火消
走鳥類
平胸類
国民食
枝角類
児童館
格技場
古人骨
返金口
一呼吸
自小作
原初元
三益友
三損友
非処女
現病歴
学位記
礼拝式
連結詞
火打金
回帰式
海洋底
海緑石
灰長石
旅行社
閣外相
地下駅
開区間
開頭術
階段室
外交家
消防船
工作船
熱固定
計画書
太陽柱
女同士
男同士
非特異
正整数
固有射
高次元
陸上部
遊女屋
部活動
革工場
留年生
必勝法
長半径
背負子
原単位
停留場
待合所
新体詩
社交服
社交場
発送電
現代文
報連相
児童書
去年末
段級制
再整理
西洋館
熱帯国
講義室
内毒素
最下部
黄金比
教育令
徳政令
大商人
和包丁
新内節
四方竹
整理屋
根保証
再判定
留意点
二進数
音便形
発光器
輸送科
認証書
士大夫
修道服
非公認
上白糖
下流域
新市場
青金石
旧情報
熱損失
光損失
成長面
負投手
高得点
竹麦魚
視野角
指導標
仮想化
名詞止
体言止
土日月
日月火
森林地
建設地
半単純
完成版
研究部
印度洋
編入学
安全帯
未登録
外省人
本省人
因州弁
出雲弁
発信地
系統学
基本形
基本型
接頭詞
生政治
非自己
方言学
示談金
発音学
発声学
大貧民
顔認識
顔画像
力本説
非自立
完結相
州長官
接続法
条件法
農耕地
牛製品
形成体
再発表
干物女
四本足
地図学
現地語
差分商
水風船
大相場
通話口
土取場
文言葉
良質紙
脳波計
天気輪
鋼青色
大学士
逆転写
通行券
豆電灯
構築子
前期比
報道人
報道局
報道部
向河岸
今戸焼
路地口
美人画
不動尊
護身刀
路地裏
板屋根
製造場
運弓法
観音堂
液冷式
木工師
地底湖
方位神
八将神
天一神
分生子
遊山船
牛飼座
天文方
接眼鏡
人工物
不正解
金梅草
天然型
極東風
佐波理
深宇宙
開成所
矢場女
温泉場
出養生
角座標
亡者船
博打打
肺静脈
新憲法
大地主
公転面
油障子
雨障子
造像記
造仏所
線積分
女言葉
男言葉
官有地
肺血流
卵白質
下降調
文学書
演芸場
演芸館
縦格子
限量子
生活誌
宗教熱
面格子
名残雪
初松魚
小望月
手弱女
党本部
七曜星
畑仕事
初当選
佐保神
季言葉
調整役
光量計
開発費
実動車
実働車
最安値
低重力
最高値
交際術
衆院選
五時教
分光計
都護府
給水船
港則法
白子漁
当座帳
造形物
弁財船
弁才船
貯水場
勤勉家
演説会
放物面
面開発
小倉織
天明調
女部屋
男部屋
賛助員
健胃薬
女神子
副意識
現実界
出出虫
和算家
男皇子
十三仏
仏足石
可住地
得意場
大草原
水仕女
新面目
新世代
転輪王
輪宝貝
質問状
箱眼鏡
貝割菜
大内裏
十二門
富本銭
分国法
談林派
談林風
命数法
植生帯
山地帯
雲級図
友千鳥
千草色
少女子
平山城
台割表
八十神
川千鳥
群千鳥
役者絵
一分判
強弱法
満腹感
生砂糖
家族会
中間線
総務会
月平均
年平均
世代間
情報館
生型法
切妻造
事故機
通常型
東日本
中日本
財政面
先行馬
遊説先
有力筋
警備人
借用語
無人機
小豆飯
同位面
回転数
尊敬心
支石墓
不定形
学園長
県警察
心臓弁
染色法
十寸鏡
一中節
洋服店
整備室
国防相
小政党
打麦場
門付歌
鳥追棒
鳥追歌
細工所
武家造
南大門
内路地
外路地
平安宮
暗穴道
一本指
丸太船
新選組
丸子船
両院制
語中音
育種学
六神丸
風船玉
重病人
小料理
仏馬力
料飲店
団子屋
立版古
野博打
講談本
和漢薬
非暴力
持小屋
専売制
大目付
物質界
精神界
書道家
宿営地
鋼鉄製
郷友会
新所帯
新世帯
細石器
日輪草
地財法
手本紙
毛切石
部屋方
部屋子
横兵庫
手織機
自然木
月雪花
立女形
無愛敬
観世流
能太夫
水白粉
飯盛女
飯売女
高評価
家父入
絶好機
里内裏
茶屋女
遊山所
結構人
共同湯
女弁士
上荷船
発条指
長岡京
応天門
朝堂院
平城宮
発馬機
木工品
皇后宮
専修科
作物所
進物所
飛香舎
昭陽舎
手続法
実体法
英議会
政権下
管理権
親子月
春待月
雪待月
神在月
神有月
神去月
時雨月
紅葉月
早緑月
梅見月
雪消月
秋風月
木染月
紅染月
七夜月
風待月
常夏月
松風月
花残月
花見月
夢見月
言語化
船首像
石版刷
足関節
細工物
水機関
薬味皿
鹿火屋
海兵団
三具足
不変化
赤富士
接着面
装束能
新聞屋
六知事
寺務所
雪装束
落成祝
無境化
無国境
無境界
航海図
航海長
再発見
文脈化
模造刀
居合刀
絵羽織
人外境
起源説
語源説
支配頭
無点本
提重箱
散乱体
子宮口
真骨類
種子骨
完全花
完全葉
女地主
田計里
文芸誌
岩面高
石炭灰
指示語
風来人
海松食
三角貝
風台風
鳥飼病
満潮線
干潮線
潮上帯
潮間帯
潮下帯
玉貝科
水字貝
朝顔貝
未分化
動物極
植物極
中黄卵
中心体
部分割
不等割
変成帯
構造線
断層帯
断層線
断層面
断層湖
紅葉貝
雪眼鏡
雪野原
暴風雪
雪量計
雪氷学
大雪加
雪対策
終着点
人工歯
強心臓
心臓死
心臓形
内性器
羊背岩
三温糖
平準化
一生物
脳科学
民有地
取調室
馬鹿鳥
警視長
警視正
中心線
都会派
警音器
銀食器
女祭司
都人士
消防夫
女教師
女司祭
女教皇
平面角
肉布団
実世界
投機家
岩苦菜
親王家
問注所
中納言
鉱山学
牛肉屋
指定単
生息子
管理費
大手術
小手術
出合宿
梅花祭
長信銀
大宗教
一本歯
組体操
反語法
副大臣
実念論
模写説
反映論
女子会
年始着
冬景色
自動式
感潮域
実験所
保安院
放射計
放射熱
熱放射
雨久花
大水青
原発巣
転移巣
私保険
公保険
保険薬
自国民
防護服
守護人
松阪牛
土佐弁
無角牛
無角類
観音経
五七調
大会旗
菜種菜
現預金
川崎病
仲立業
二量体
三量体
四量体
強精薬
取水口
期近物
中間期
大店法
評価損
評価益
翌日物
部民制
成幼虫
人別帳
紅海月
大服茶
大福茶
神楽堂
初富士
初景色
初東風
告解師
初若菜
百物語
創作欲
南大頭
大漁旗
配給制
落下音
鼻音化
黒熱病
黒化液
高血糖
高品位
行動力
民間薬
春日和
貝寄風
仮入部
体制側
都市型
春早手
潮干潟
技科大
技術科
民自党
新局面
健康病
最遠点
制水弁
皇太孫
電力量
発受電
全地球
機能面
中山道
不安感
養生法
食道鏡
類似体
顔面筋
郵務局
音素論
源氏星
平家星
立飲屋
急拡大
静電場
静脈圧
青緑色
青化法
好決算
賛成票
株式化
留学先
清政府
革命派
電波源
除細動
電子戦
電位計
最深部
集音機
集積点
大強風
至軽風
関連痛
関節痛
開花期
開創器
長角果
長日月
長老派
経産相
鏡像体
真割引
鉱石車
金輪王
鉄芽球
金雲母
金緑石
金紅石
金庫株
病院長
重感染
重力計
重力波
酸性塩
精製塩
自然塩
水中毒
酸素化
酸性化
大資本
大勝負
酸化銅
現存在
配糖体
配合土
部分群
青血引
方頭魚
禁帯出
田諸子
望遠魚
数秘術
大恩人
夜光貝
達成感
過形成
社大党
言論界
研究書
中学年
運送品
運動野
感覚野
運動覚
造精器
蔵精器
造卵器
蔵卵器
筆写体
古代米
原料費
雪風巻
俳句会
一向宗
点灯管
口分田
通行証
通行料
非連続
接置詞
通行権
高土間
上層部
満州人
文具店
米軍機
絶対悪
州知事
犯罪人
再結成
商品化
中央駅
一定値
田舎人
古美術
対立王
軽質油
美容法
重質油
検定済
裏社会
同一化
水死体
少年課
転落死
警察医
推進部
政財界
食事会
有力紙
講師料
死亡地
総菜屋
成道会
相続分
家族観
調査法
骨角器
教養人
護民官
名選手
調査隊
仏教国
副将軍
南海岸
常灯明
古武術
売春街
近接学
近代人
手羽元
大親友
大病院
転写紙
軍事化
車輪止
高流量
絶飲食
印判屋
朗読会
文明人
起動力
走時表
演習室
通気管
赤銅鉱
赤星病
質問表
準学士
大百科
新発意
総合館
夏本番
食後酒
送水口
放水口
貯蔵物
貧歯類
財政家
取出口
遠島船
土手焼
写真展
単語帳
伝説上
大手行
投入口
大満足
半地下
熱成形
警察隊
水金梅
仕手柱
目付柱
大臣柱
切戸口
後見座
中正面
出発便
結節点
解散風
電灯線
短冊形
名物男
公選法
順位戦
友人宅
人情家
二国論
原画展
国立大
失望感
農村部
修正法
優良賞
大量死
仮決定
訓読文
機材庫
漢文典
和文体
漢文法
入庫車
洋包丁
包丁人
包丁師
株取引
下降期
追加額
未就学
朝学習
説明会
接続先
諸注意
番外地
純漢文
大乱戦
精神面
生活面
同期元
同期先
非可分
好位置
特別賞
全段階
再逆転
最終戦
太物店
税収増
党税調
配送便
鉄無地
検針済
実行委
指数化
前月比
電源車
調速機
制度化
軍高官
空調機
社員証
一門会
気血水
八反織
試験片
試験室
試験台
女兄弟
女姉妹
男兄弟
出場所
記号化
出張版
異業種
小所帯
暗記力
発想力
出題例
文章力
目安箱
給湯室
無酸素
有酸素
謝礼金
観光業
往来物
給茶機
給茶器
生物体
温暖化
演芸人
赤字額
多文化
一行物
小屋組
神経毒
有毒物
製造国
出資法
人気校
民有化
両院協
制服組
視話法
視覚野
視空間
乗船場
前小口
先安観
最終便
左胸心
人生論
教育論
大問題
縦方向
意義素
区間賞
三連休
独奏曲
高価格
大作家
丁重語
調査局
自分史
急発展
講習料
保安上
弱気筋
強気筋
成績書
科白劇
小屋根
大屋根
正気散
宮内官
自己像
武道館
古文字
春時雨
黒南風
南東風
同期会
大観衆
黒人参
相手国
一方向
議長国
飼育員
利用客
接続便
公立校
私立校
党幹部
国公立
女性史
英仏独
金属量
重元素
流動化
負担増
国家語
実用語
分権化
三単現
宗教上
民族上
土器片
人種上
音楽院
家族愛
上質葉
職業人
人間力
新方言
男性語
不良株
若者語
集会室
十二天
関節面
手札判
談話会
測高器
測光器
公開株
未開国
人造石
自然石
危急種
希少種
割安感
略礼服
職人技
料理酒
意気組
拡大管
太夫元
脳手術
追物射
複製権
複分解
補間法
補外法
字幕版
内陸湖
無口湖
不満気
着地点
室内灯
月見酒
内容美
内容積
海面下
全米一
衛兵所
血液病
小玉貝
八千種
香道具
共学校
非常灯
白海老
上手物
永楽銭
夢日記
薬物学
変若水
数字根
岩石層
高塩分
少年兵
自由帳
改編期
荷物車
立位置
全作品
色度図
舌圧子
興奮薬
軽車両
前処理
上行路
下行路
音数律
長春花
棒砂糖
太白星
砂糖計
白木耳
腹横筋
神足通
宿命通
六神通
機械室
出退勤
営業員
重役室
予告灯
新方式
夏学期
速報値
脈管学
丸耳象
背景幕
肺切除
肺性心
白梨樹
潮見表
平地林
西洋流
全快祝
紅大豆
全粉乳
日向夏
要相談
来月号
来月末
有機米
食中酒
百一物
野生児
保安課
保安庁
保育士
保育室
報恩講
荷物室
晴天域
内覧会
全宇宙
氷小豆
十八界
事業体
有資格
来訪神
楽天観
楽天論
六欲天
代謝物
日本字
青花紙
愛敬毛
愛敬紅
愛玉子
愛好会
種分化
種形成
異形成
外交配
純資産
九角形
二個一
十角形
六角星
輪状種
化石種
地球化
高精細
連体格
化楽天
四王天
相借家
入門機
敵味方
学級会
半自治
秋入学
結合角
和定食
会話力
黒歴史
前受金
土中水
合子草
海水面
沿岸流
美容液
予算化
塩場菜
左義長
健全化
海松色
海松茶
水松茶
無色界
洗顔料
日野菜
和食処
大気光
山頂光
大気差
対日照
夜光雲
航空法
国内製
動物種
女関係
難関大
植物種
異歯類
貧困層
移民団
出発地
腹直筋
苦鉄質
風適法
造山帯
遊漁船
発信力
島皮質
三角部
毒性学
比内鳥
大道走
小道走
命名権
法令線
収納箱
五念門
日射量
劇画調
球状帯
未解明
化石水
変異原
赤色灯
補助券
事件屋
矢状面
発射場
物性値
発明王
肉歯目
訪問地
訪問先
鼻周囲
商用車
上目線
意生身
従量制
未熟卵
集電体
測量学
直音化
生春巻
鉄工場
動物群
重歯目
個人語
老人語
火口箱
貨物箱
日不見
逆写像
生活科
近世語
吸着音
言語音
側面音
舌背音
舌頂音
反舌音
低線量
乗車証
分布域
暴走車
切紙絵
衛生局
現代風
黄金期
交通局
建設局
現業職
高野紙
異状死
外因死
間期死
次次発
雨落石
野面石
初登場
現業庁
印刷局
無信心
五文字
鏡文字
銀文字
縄文字
品文字
独歩高
独歩安
発起書
出展社
沖言葉
学生語
製品群
万馬券
統計値
分割表
共変量
検出力
作動油
語形成
最新作
方言量
和製語
社内便
飛魚座
深夜業
問題作
最近親
宝石学
半規管
呼出音
最優良
酒造米
山谷風
曲物屋
青海牛
国王印
証言台
初公開
原発相
世界博
万国博
府民税
都民税
高速船
存在量
火傷病
内内定
全否定
子供顔
子供衆
取材源
五具足
角質化
内国人
田舎間
中京間
未回答
新古品
金地金
家電店
道議選
知事選
機能美
大絶賛
家内制
岩緑青
買相場
売相場
愛国歌
郷土食
有力視
新装版
混合体
乳犬歯
黄皮木
青色光
眼鏡店
再注目
自信作
原風景
事業場
電車道
技術書
石鳥居
平家造
平屋造
平屋建
平家建
綿毛布
発色団
無酸紙
玉形弁
玉型弁
少納言
路線価
指点字
木造船
山背風
英語力
高重力
女子力
工具箱
日本馬
図書係
製板所
金物店
洋品屋
黒電話
太陽族
異空間
圧力差
易行道
誕生仏
絵画展
松虫草
沖縄学
退職願
洋学校
木質部
予定死
迷子犬
迷子札
文語形
口語形
浅木炭
自然光
禁止令
案内申
平家節
民族服
生出演
女真語
野生種
再導入
線文字
黄金株
何百個
箱水母
東京人
大阪人
細断機
保冷車
転呼音
大原女
三遊間
集印帳
保有株
四不像
口白鹿
牛皮消
旗章学
外国株
外国米
金属灰
読書灯
民放局
強塩基
独我論
快速調
夜出発
心雑音
迷演技
名調子
星形成
分子雲
関係筋
姉妹語
上代語
大正解
洗礼堂
有精卵
三美神
専門紙
関西人
無方針
入園式
終園式
大賛成
見送人
自然犯
法定犯
馬鹿女
裏階段
現政権
資本主
楽観視
肉製品
小旅行
情熱家
美青年
年増女
経験上
体節制
貸方票
方形骨
円周角
球状体
西京焼
便所神
熱暴走
主要紙
不協和
矢細工
野風増
通行本
無過失
命令調
中国学
有機酸
無機酸
古記録
節度使
差別化
帰属感
再入力
残業代
決起会
精神論
角柱形
応量器
病害虫
電磁力
中年男
中年女
具現化
木活字
富士講
最寄駅
分化能
帰化種
故障品
副主席
給食費
最貧国
制作費
財務相
組積造
着火材
着火燃
分光法
合意点
白千鳥
大千鳥
熱雑音
大三元
選考会
一手間
運次第
名義上
原画家
手元金
手許金
小三元
中北部
新天地
仏教語
大音量
英語人
混血人
生活音
本土人
赤水母
構成型
養成所
文字数
文字式
検査所
非承認
株仲間
無所得
諸手当
製氷室
現行品
魚焼器
断捨利
大守宮
雪中花
野生化
再手術
敵対視
改良版
仕事人
利用権
四行連
映写室
万病薬
日銀法
録音室
長財布
操縦法
格納箱
下足場
一生分
家相学
誕生地
身体上
血肉化
子供会
塩酸塩
不告知
絶対数
厚表紙
草書体
修理人
外人妻
操作法
学術書
日出国
生合成
機械類
子牛肉
放送分
理系女
道路上
警務部
至聖所
反定立
代用語
最下段
前夜式
非整合
準安定
送話口
老人学
側頭部
武士団
女校長
線条体
登録車
地下湖
展示室
人形焼
固定客
復帰作
養成校
生産国
待降節
不明点
病人食
生活感
給水池
大演説
結節状
結合価
現地紙
成木責
出場権
行優先
犯罪死
列優先
私物化
正選手
外来科
形成術
正位置
逆位置
場所代
等寒線
配当表
術中死
実用書
重装備
車社会
組織球
多客期
陽解法
評価式
大変形
初生値
土手道
政治論
止血法
利用法
精子数
素無視
失血死
松葉貝
青紅葉
冬野菜
干菜湯
寒苦鳥
紅葉酒
新小豆
花独楽
生活史
秋出水
中世語
小弓引
機内誌
故買屋
歌曲集
殺人刀
西洋種
異郷人
納期限
素屋根
飼育室
労働服
見物客
調査室
古今集
争議団
火格子
温泉街
参拝客
天道教
光分解
根性論
自分流
人工葉
伝統食
食養生
回復薬
正長石
自然銅
自然銀
福地鉱
車骨鉱
紅銀鉱
天青石
針鉄鉱
黒銅鉱
大阪石
上国石
異極鉱
紅柱石
鉄重石
電気石
葉長石
魚眼石
黄長石
親指族
保証状
守護代
未来記
社会派
基準線
純白色
中等部
小学部
機種変
許容差
社有地
有力説
平和裏
大太刀
両性愛
異性運
銀舎利
八頭身
大湯屋
人肉食
四川省
梨状筋
代用魚
和人地
式内社
保護法
謝恩使
練習台
国絵図
父子草
単花果
電子版
未収金
入手先
地方史
紅輪花
警告状
夜直鳥
肉骨粉
仮住所
官公署
製造物
演技派
紅花油
確定力
争点効
信義則
手相術
等価値
火水母
発芽米
九輪草
放牧場
水平器
接平面
重積分
未収録
星座図
呼吸点
内整理
布教師
医務官
住居費
所得割
七事式
名演説
好試合
配送料
原資産
五街道
昔人間
島宇宙
異性装
宣伝係
文法上
工程表
転勤族
大便所
未着品
特許群
低栄養
古地図
無料化
策略家
絶対視
絶対知
補助犬
入山料
天然水
料理通
三論宗
天然物
寒梅粉
女王国
金庫番
勝負所
電波料
校正室
終油礼
薬味酒
馬乳酒
最古参
自生地
二戸建
正義漢
北日本
南日本
大日本
大感謝
東京円
光増感
古民家
高山族
単連結
科技相
便所飯
視察員
判例集
窓側席
家出人
都庁舎
小劇場
月面車
生命感
深見草
演武場
蒸留所
反戦歌
鉄平石
人生初
赤海老
運上金
等圧面
縄文人
内定式
内定先
弁護側
大食家
検察側
発熱体
夫婦墓
無化調
担当官
低評価
炭火焼
正電荷
要冷蔵
操縦室
現役生
運用長
活荷重
新知識
線同期
支社長
補器室
異母妹
蒸気浴
発展家
適応力
女性誌
鉄道線
副成分
魚付林
買取屋
金券屋
法文化
細糸期
視力表
部分音
純収益
原糸体
糸状体
糖原質
糖原病
精製所
精細管
筋骨型
筋電計
筋形質
筋収縮
電話代
等張液
競走場
競売買
波長計
非表示
内航船
和小物
好中球
音楽室
私学校
神統記
平和学
新境地
相手側
練習会
宇治茶
静岡茶
貨物機
液状卵
加工卵
義父母
反省文
根野菜
公記録
高位株
低位株
清明祭
美文字
地元車
皮肉屋
大念仏
夜行便
主調音
最下階
生成器
席次表
担保権
助変数
育種価
相談室
母分散
相関図
送信元
燃料庫
文科相
神幸祭
要領書
最大級
大教室
低品質
法格言
人造語
仏具店
人口減
郡内織
神経管
神学生
入湯税
保存版
好酸球
野試合
言語野
生死観
無人化
今現在
法人化
作業道
暗者女
非円形
着陸船
休刊号
夕河岸
仮予約
円柱形
円柱状
重低音
行書体
個性派
要求書
事務職
暗電流
市条例
護憲派
原生地
卒原発
減原発
縮原発
丸大豆
分類辞
火輪船
評価額
終末期
保有熱
波来土
四法印
武家衆
公家衆
水先人
白帯下
無性愛
人工光
週休制
定着氷
多年氷
谷氷河
流氷野
周氷河
合成薬
赤古里
敬老金
近点角
荷物番
動詞化
臨参命
大陸命
大陸指
大海令
大海訓
大海指
全体像
黄赤色
教料書
局方品
寒水石
小玉銀
快感帯
大評判
開戦派
兵役法
色浴衣
収益化
二代目
博物誌
会員権
未公開
後処理
常動曲
月経痛
月経期
対象化
非平和
憲法学
聖天子
日天子
月天子
近親調
下中音
塩対応
看視人
磁電管
磁気力
磁束計
人定法
制定法
石灰化
短半径
極半径
知覚力
大海馬
味付卵
味玉子
均田法
出来役
意識化
室外機
真砂土
在国衆
試作版
発行人
意向形
水族園
青果店
実写化
都心部
当駅止
配席図
行列店
提案箱
部屋食
国産化
処分場
未申告
保安部
生権力
整氷車
水温計
真正午
視正午
首長族
通話表
諸事情
行動派
点灯夫
初紅葉
両政府
役割語
肥満体
軍基地
出荷先
正規生
臨時会
仁王経
活用表
旅行客
典型例
晩産化
過期産
正期産
採血法
応相談
風営法
戦争屋
朝食券
賛成派
金属質
天然木
天然林
理義字
登山届
原告団
敵性語
脳磁図
脳磁計
脳磁界
好評価
調理室
金砂鉱
整流管
作品集
小売業
衛生士
自衛団
大手紙
円熟味
三段腹
均質化
太極旗
決算書
孫会社
病院食
出来年
自治州
自治県
不安顔
小線源
地方札
角変位
変位計
世話係
特商法
無線家
冬戦争
生地屋
川穴子
宇宙機
比推力
四炭糖
学習書
銀行法
降圧薬
行政庁
決死行
上下巻
町年寄
町名主
大正月
女正月
映画人
展望窓
人民服
経験則
金糸卵
条件表
中戦車
豆戦車
軽戦車
平面波
神樹蚕
編曲家
逆格子
玉羊歯
田字草
紅羊歯
足病医
家父長
金玉糖
運転室
輸送管
吸収線
同圧線
同重体
特異質
片山貝
宮入貝
乱切法
海老根
確率場
山野草
水千鳥
土通草
土木通
水道代
社号標
蒸散計
蒸発散
両全花
風散布
小米草
非正規
商慣行
一輪草
重過失
対当額
単意論
単性説
単性論
仮現説
三道具
地蔵堂
鉄観音
車輪梅
小豆梨
中国梨
白文字
石持草
大字報
宝形造
方形造
定式幕
一重草
八進法
玉緑茶
農用地
岩南天
差異化
写字室
報告会
世間知
花見客
根生葉
根出葉
骨伝導
聖遺物
準光速
再発明
米百俵
日本型
輸入車
大得意
高気密
高断熱
教育力
銅配線
変速比
功労賞
女体化
計算式
死生学
等生化
売子宿
化身話
大博士
職分田
定積分
面積分
体積分
陽関数
積極論
基本列
物語風
失敗学
全順序
大博打
秘密箱
前日談
道徳経
四和音
三全音
賃労働
寺納豆
多様式
商習慣
固定側
肉食魚
多能工
単能工
産子数
判子絵
手合割
類別詞
河川学
九面体
十面体
年長組
物見台
多動児
試写会
雨羽織
部分和
整級数
基本群
熱化学
健常児
様式美
生気論
一線級
無香料
古気候
見学会
設定画
放射脳
魚問屋
数週間
数百万
行動家
植字工
救急科
性経験
限定品
階段下
多音字
貴方達
貴女達
四元数
八元数
清真教
造営材
上層語
基層語
略礼装
電動車
補給船
香港人
動静脈
点電荷
悪茶利
半紙本
海羊歯
分岐器
住警器
紀年法
正電極
負電極
姉者人
理容店
理容所
聖史劇
神秘劇
美容所
美容店
米国化
水素水
警保局
街道筋
都大路
作業台
地電流
新聞学
同値類
量化子
公現祭
十二夜
代数和
接戦州
激戦州
登高器
土負貝
増加量
職人芸
不定元
自殺点
姉妹船
七大州
保留音
月火水
火水木
水木金
波食台
外連味
愛上男
民主制
電話番
労基法
聖骨箱
観相家
救貧院
白丁花
地母神
転車台
賞金首
現代病
航空図
人文学
共重合
馬鹿安
論理値
長整数
短整数
創作物
点検口
旧皇族
無限定
中心力
生薬学
中毒学
痛単車
痛電車
旧車会
逆電圧
花大根
黒目豆
黒大豆
山母子
初夜権
生配信
右左折
障害走
造船学
物理量
天中殺
集成材
非自明
二等星
低予算
農民工
調査船
作用線
数秘学
司政官
若魚子
先発品
外光派
迷子石
給食係
風成土
風積土
量水標
量水器
水準点
測量標
直訳体
早付木
中高層
類型論
類型学
機会犯
立体美
子守熊
帯気音
無気音
県大会
求知心
独自色
相変態
軍事学
縦断面
八路軍
反故紙
反古紙
船名録
信号書
二遊間
落下点
移入種
使役犬
入学祝
内破音
入破音
再生毛
救急隊
聖画像
防衛軍
背広組
非会員
引火源
鉄警隊
横断線
後備役
社名版
英国病
司令船
機械船
殺虫灯
地面師
野戦食
行動食
草本帯
原田病
老年学
下部屋
時計学
温蔵庫
管理上
行政上
軽四輪
包有物
暗号法
高身長
共同浴
計測学
平行調
並行調
民族誌
竹夫人
竹婦人
序数詞
基数詞
映画賞
火山湖
足留薬
開水路
調節器
英語学
文章家
路面店
合金鉄
合金鋼
鉄合金
法科学
民間機
乳姉妹
魚子織
石大工
日常語
燃料油
電解水
返礼品
丸眼鏡
余因子
全域木
赤黒木
通信使
準天頂
無機塩
出国税
紅葉衣
歌物語
低炭素
無課金
合体字
共鳴箱
高級感
大悪人
大罪人
当身技
子実体
補装具
弱冷車
先先代
物質論
安置所
安置室
主戦場
路側帯
女社長
査定額
誤警報
筋肉美
指示棒
内製化
人工肉
軽禁固
風水説
風水師
八角鏡
神対応
仕事観
築年数
大根葉
小説化
退職届
一文銭
石包丁
基本音
東名阪
話題化
縦中横
提宇子
関特演
国防軍
心字池
右万字
左万字
借金苦
樹木園
天然石
情報局
縦横家
番組表
全人代
復興庁
飼育箱
花緑青
授乳室
深井戸
国民病
示性式
特産種
半化石
準化石
宅配人
一兵卒
単二型
単三型
単四型
単五型
単六型
人造氷
花前線
通信士
加工肉
成型肉
成形肉
結着肉
手羽肉
部分肉
小家族
後番組
諸兄姉
寒暖差
非上場
事務方
進化形
銅合金
育児語
最有力
無理筋
青海波
清海波
青海破
高級紙
成長痛
板発条
個人店
食人族
補給食
当時物
券面額
洗面室
太極図
不幸話
論理上
大株主
実質上
外交上
交流戦
銀古美
子供園
幼保園
金古美
少年愛
左横書
右横書
生活語
法動詞
活動詞
化学種
改善策
男体化
福音派
絶頂期
薬種屋
薬種商
幼物語
空気感
分断線
当時品
美食学
黒字化
異物感
関節学
調査書
体組成
体組織
対戦台
予備罪
通用音
統治下
日本流
追加点
紅白戦
新大陸
小麦畑
飼育場
常設展
絵地図
向岸流
新常態
副反応
地方風
解決案
目的化
小並感
重弁花
文字絵
停留点
残便感
造形美
造型美
極地法
塩風害
石油箱
山羊毛
合羽版
消防組
省人化
防護団
近代語
極弱火
自分事
野菜室
肺気胸
合弁花
内内示
善女人
善男子
混合気
旗指物
指小旗
縦倍角
殺傷力
通風管
希少糖
展望室
構内図
航空戦
群知能
朝夕食
食事処
和洋室
発着駅
大改正
単独室
仕事机
室内着
精選版
仏弟子
政官財
仏教学
食料庫
過去世
過去生
単回答
両墓制
功徳蔵
美人湯
炭酸泉
温泉浴
温泉学
温泉客
温泉権
温泉源
建設族
道路族
本登記
登録税
面会権
内装材
通気口
給気口
資産税
氷河学
新入荷
印刷版
福建省
貴州省
海南省
河北省
河南省
湖北省
湖南省
青海省
山東省
山西省
雲南省
毛筆画
所場代
単独犯
群像劇
群集劇
解体屋
起始点
区議会
酸味料
計算量
計量学
室内犬
室外犬
前会計
性自認
得点王
不均一
今週号
飲友達
有口湖
男性化
外見上
負動産
同日着
営業税
西夏語
赤身肉
分散相
検修場
相関詞
手入力
難関校
大赤字
分散質
血清型
外毒素
姉妹群
分子線
原子線
三糖類
在野党
指導医
可食部
鉱業権
様似鉱
豊羽鉱
桜井鉱
空間群
文様群
特異値
線形化
並列化
赤金鉱
原田石
岩手石
南部石
団地妻
下気道
種実類
梨状果
新鉱物
絶望視
管理員
大収納
子供室
構造化
断面積
円仏教
管理士
未加工
一定数
母者人
父者人
告解場
上祭服
属人化
文化面
年金額
浴仏会
開心術
災害級
内容量
美人妻
内容品
返送品
原産国
諸料金
論理行
物理行
自社製
検査薬
法制化
義務化
運送状
保管所
簡化字
制限高
売物件
打言葉
引用元
誕生月
通知音
小気候
大辞典
小辞典
調子物
小地域
料金箱
宅配車
指揮車
合流車
地上階
黄信号
地下階
会話語
自然金
断食月
同系語
究理学
桜並木
転路手
大議論
定番化
低家賃
上皇后
軍警察
初仕事
火山学
花鳥図
退位式
海外県
大先生
難事件
鳥目絵
女装家
正体字
言語権
男社会
異常値
福建語
芸者上
裏情報
金明竹
新型車
松葉油
八王子
競売品
消防官
鉱業法
位置皿
干葉飯
時計士
着物屋
和裁士
天下人
無給医
待機室
至極色
調整池
真行草
名台詞
戦上手
九段線
貯蔵穴
横穴墓
金銀銅
分割線
使用感
指南書
仏頂尊
植物肉
宝物庫
特化型
左半身
右半身
根付魚
後部席
主婦業
物置台
参加賞
牧場主
街路灯
素十六
父権制
中秋節
駅係員
五大陸
新商品
右上手
左上手
県外人
検事長
内水面
理容院
口呼吸
初出品
前打音
仏名会
残念会
冷水機
冷水器
事故車
試遊台
社長業
試遊版
武道場
少女愛
大方針
油井管
近過去
遠過去
根性悪
上面図
定食屋
届出人
乳児期
青竹色
訓練場
付加詞
交際官
波状雲
女性形
男性形
自主練
頭脳線
大豆肉
未精製
易感染
四念処
機織業
改革家
古参兵
回春型
果生型
初版本
清純派
竹小豆
文武官
秘密会
馬鹿舌
人新世
二黄卵
衣装持
梅花皮
火神鳴
水神鳴
明所視
装備品
強風域
酒合戦
鉱物相
水成論
安導券
安導権
保護室
子供兵
経済相
人数分
島言葉
感想戦
区画線
名画座
花粉学
確定石
区民館
無意志
上質紙
通訳士
無効化
反射材
花見幕
取調官
低糖質
野合戦
営業車
不殺生
梅春物
休耕地
定住化
入力法
担根体
旅行業
成果給
心配顔
業績給
在中物
二分心
性表現
棒姉妹
有名店
社会脳
大隊長
定型文
手間代
茶道口
赤黄色
火災雲
男子便
不定休
対人戦
紅葉鳥
物産館
素物語
遊標尺
手洗場
保護犬
支局長
宇宙軍
国民兵
教育相
七宝文
準二世
演劇部
配達員
非政府
政治局
変革期
有料化
赤系統
青系統
製造機
地方民
計算手
指関節
装備庁
属和音
春野菜
夏野菜
秋野菜
海帰派
最終財
基本財
小番付
個人蔵
日本病
激安店
兵部省
境界層
公議所
集議院
小中高
賃加工
野菜類
戦間期
原典版
湯治客
臨時便
密売買
無声化
有声化
生命愛
縮約版
貧書生
選仏場
品不足
活字化
節分草
物名歌
不安視
春景色
雨景色
人工鼻
観光省
納豆肥
比体積
異年号
地名学
尊属殺
貧困国
知能線
無食欲
低地帯
通勤客
仏料理
花頭窓
火灯窓
夢見草
血紅色
確実視
洋食器
沖縄語
画像石
再考察
代用字
回収車
無観客
服加減
熱回収
八割方
団子魚
学習帳
底辺層
勝負運
樹形図
光回線
軍大将
国政術
中古語
中古文
領主制
八八花
案内記
皇祖考
母教会
来店客
屋根窓
真名文
真字文
日語校
非同盟
自候生
空士長
実験論
空将補
海将補
陸将補
地理極
北磁極
具体詩
民芸紙
営業力
主婦層
病因学
持針器
東京弁
三善根
最下層
洋食化
参加型
京野菜
日留試
冊子版
筆文字
手加工
上方絵
橋上駅
地上駅
純損失
精液量
治工具
三戦神
祝勝会
紙加工
後加工
腸重積
名言集
野菜庫
前景化
場外戦
客体化
簡易版
南海道
西海道
出世欲
山羊乳
体表面
連通管
毒針毛
仕付銀
最外側
二連球
準特急
長崎絵
形状詞
色上質
特厚口
新出語
本場風
小隊長
内因死
電話台
神南備
復元品
会計室
大転子
小転子
反応式
黒種草
府県税
勢力図
天地眼
固形食
火田民
私立大
公立大
生木綿
大合唱
地頭代
花札屋
不就学
激変星
工芸家
配置図
三和土
飲食業
実測値
動画師
一次会
先住権
三次会
力加減
神前式
最確数
安息角
金包包
上級品
子生婦
幸運夫
最高作
新古車
絶不調
訓練機
天主堂
産業化
協賛金
作動音
正規品
射的屋
立法院