雨子
白口
右下
右手
右上
右足
右目
雨空
雨中
雨天
円本
王子
王手
王女
王水
王土
王立
音字
音名
音力
下火
下金
下見
下校
下車
下手
下女
下人
下水
下石
下草
下足
下男
下町
下名
下目
火花
火気
火足
火玉
火口
火山
火手
火先
火中
火力
花火
花見
花木
花林
花車
学校
学生
学年
学名
学文
学力
気学
気立
気力
休学
休校
休足
休日
男気
玉石
玉虫
金目
金力
空気
空車
空手
空中
空白
空名
月見
月日
見学
見本
口火
口気
口金
口耳
口車
口上
口先
口早
口中
校正
左右
左下
左手
左上
左足
左目
草子
山車
山女
山水
山林
子音
子女
子年
糸口
糸車
耳目
早手
手口
手先
手足
手本
出火
出花
出金
出先
出足
出土
出入
出目
出立
出力
女王
女子
女人
女生
女中
小雨
小学
小金
小耳
小人
小水
小生
小石
小町
上下
上気
上玉
上空
上手
上人
上水
上石
上足
上天
上白
上文
上目
森林
人気
人口
人山
人車
人出
人生
人足
人中
人名
水気
水玉
水子
水車
水生
水中
水虫
水手
水力
正音
正金
正月
正子
正字
正出
正大
正中
正文
正本
正目
正立
生糸
生年
青玉
青空
青草
青虫
青年
石火
石木
赤貝
赤字
先金
先月
先見
先口
先山
先手
先人
先生
先日
先入
先年
川下
白人
村雨
早見
早口
早耳
早足
草花
足音
足早
村人
大雨
大王
大火
大学
大気
大金
大空
大字
大手
大女
大小
大人
大水
大正
大生
大男
大日
大名
男子
男女
中学
中気
中空
中口
中糸
中耳
中手
中小
中正
中天
中日
中入
中年
中立
町人
町村
天下
天火
天花
天気
天金
天空
天子
天女
天上
天水
天生
天草
天日
天文
土手
土人
土石
土足
土木
日中
入目
入学
入金
入校
入手
入木
入力
年下
年玉
年金
年子
年上
年生
年男
年中
白金
白子
白日
木目
文学
文月
文字
文中
本音
本気
本校
本字
本人
本草
本日
本年
本名
名手
名人
名文
名木
名目
木石
目下
目玉
目上
目先
目白
文目
夕日
夕立
玉子
力学
力石
力足
林学
林立
雨気
雨足
雨水
花町
出水
出生
小女
人文
人目
人力
正気
先王
草木
天人
赤金
日本
入口
入水
年月
本文
足下
生花
入日
子犬
小犬
木立
名字
早生
糸竹
音大
小火
町中
名月
生気
町立
赤子
本土
山男
手玉
田虫
小手
金石
金気
赤土
日月
土中
名花
生水
大口
女手
青天
先学
金赤
赤口
手水
水草
女気
白目
手下
山手
車中
手中
山気
空文
空目
空耳
空音
金口
金字
金糸
中子
中火
中音
手車
手金
村立
石文
石竹
見目
車力
車上
文人
文名
火水
日夕
日子
日足
水火
水木
水先
夕月
小字
小男
小足
右左
青竹
青貝
名山
山人
山犬
校本
先天
虫気
字音
町名
出校
大力
大円
大白
大目
大足
気早
男手
力水
花入
花糸
月下
雨女
雨男
草本
本手
糸目
玉音
赤手
赤本
赤目
赤虫
生木
立木
立見
林木
白文
白玉
白糸
白雨
早天
早出
火木
月金
小目
小一
小名
立入
中二
土日
日出
日白
左耳
右文
木金
木耳
雨林
石女
年休
名犬
火田
夕空
車名
上右
上左
下右
下左
青白
目草
中人
青女
青花
水目
年女
早目
本学
口音
文正
天正
校名
赤日
本月
人日
名車
円文
生足
足先
中一
青目
花金
立大
赤花
月中
子月
小貝
大貝
雨月
人手
女竹
川竹
下文
犬子
雨音
月火
目木
火車
月立
上音
本目
川虫
目耳
天王
水石
赤玉
大玉
正見
先出
町石
生中
休出
耳石
目力
小子
天目
人月
目見
本天
水音
花貝
金文
生口
小車
石人
赤気
水文
天一
水貝
生貝
口子
日女
大年
中三
出女
耳貝
石貝
玉貝
生日
小虫
年見
足中
雨下
金円
名田
名水
名石
水金
正先
山月
女木
男木
山立
手力
山草
花月
月一
青石
上一
水月
女男
男名
入村
耳金
男山
女山
入山
円石
水天
出玉
中石
下木
上木
日土
森立
日天
月天
正円
中文
玉糸
小花
中男
花水
金土
石子
名子
空力
車校
花六
白犬
人年
石目
下土
青金
糸玉
小二
小三
小四
小五
小六
大耳
人天
天山
本金
青森
石見
大二
天川
下一
木草
手四
日文
字林
入玉
糸雨