明白
白地
天魚
雨子
白口
左行
多行
夜行
引当
引火
引見
引数
引用
引力
右下
右手
右上
右足
右方
右目
羽子
羽音
羽太
羽毛
羽目
雨雲
雨空
雨戸
雨声
雨中
雨天
雲海
雲間
雲形
雲高
雲上
雲水
雲母
円高
円心
円内
円本
園長
遠音
遠火
遠海
遠近
遠見
遠国
遠出
遠心
遠足
遠大
遠地
遠方
遠目
遠矢
遠来
王家
王国
王子
王室
王手
王女
王水
王朝
王土
王道
王立
黄花
黄海
黄金
黄口
黄体
黄鳥
黄土
黄白
家台
音楽
音字
音声
音頭
音読
音名
音力
下家
下火
下絵
下記
下金
下見
下戸
下校
下行
下国
下山
下車
下手
下書
下女
下心
下人
下図
下水
下石
下線
下船
下草
下足
下男
下地
下町
下田
下道
下読
下馬
下半
下番
下風
下聞
下方
下名
下目
下野
何回
何月
何才
何時
何人
何千
何点
何日
何年
何番
何百
何分
何方
夏山
夏場
夏虫
夏日
夏野
家学
家教
家兄
家計
家元
家作
家出
家書
家人
家声
家中
家長
家電
家内
家風
家名
家来
科学
歌会
歌学
歌手
歌書
歌心
歌人
歌道
歌風
火花
火気
火足
火玉
火元
火光
火口
火山
火手
火食
火星
火先
火中
火曜
火力
花火
花形
花見
花時
花鳥
花道
花木
花林
花車
画家
画会
画学
画才
画紙
画室
画手
画心
画人
画数
画道
画風
画本
会計
会見
会合
会社
会場
会食
会心
会長
会頭
会同
会読
会話
回帰
回教
回心
回数
回生
回線
回虫
回答
回文
回目
海外
海原
海国
海女
海馬
海上
海食
海水
海草
海中
絵画
絵図
絵本
外科
外角
外気
外形
外見
外語
外交
外国
外紙
外字
外耳
外車
外出
外場
外食
外人
外線
外電
外道
外聞
外米
外方
外野
外用
外来
町角
学園
学科
学会
学校
学生
学長
学内
学年
学名
学友
学理
学力
楽園
楽天
活気
活字
活用
活力
空風
間近
間口
間合
間食
間数
間男
間中
間話
丸一
丸公
丸毎
丸首
丸十
丸石
丸太
丸本
丸木
岩角
岩間
岩山
岩石
顔形
顔色
顔立
帰京
帰国
帰社
気学
気楽
形気
気色
気心
気前
気体
気長
気道
気風
気分
気立
気力
汽車
汽水
汽船
記入
記名
休会
休学
休校
休止
休場
休足
休電
休日
弓形
弓道
弓矢
牛車
牛肉
牛馬
魚貝
魚肉
京形
京女
京人
京地
京風
京方
男気
強引
強音
強気
強行
強国
強弱
強大
強風
強力
教王
教科
教会
教室
教書
教父
教本
教理
玉石
玉虫
玉門
近海
近目
近親
近東
近日
近年
近来
金魚
金言
金高
金星
金目
金曜
金力
空地
空間
空気
空言
空行
空車
空手
空色
空前
空中
空白
空母
空名
空理
兄後
兄姉
兄弟
形見
形体
計画
計算
計上
計数
鳥肉
月間
月見
月光
月色
月食
月日
月明
月夜
月曜
見学
見合
見地
見当
見聞
見方
見本
元気
元三
元手
元首
元朝
元日
元年
元方
元本
元来
原音
原画
原形
原語
原作
原子
原糸
原紙
原書
原色
原人
原図
原生
原虫
原点
原頭
原文
原本
原毛
原木
原野
原理
黒人
言草
言分
言方
言外
言語
言行
言明
古音
古家
古画
古学
古楽
古顔
古記
古語
古今
古字
古手
古書
古色
古人
古草
古体
古池
古茶
古刀
古道
古風
古米
古方
古木
古来
戸外
戸口
戸数
午後
午前
午年
後家
後学
後記
後金
後見
後作
後室
後手
後書
後場
後生
後先
後日
後年
後半
後方
語学
語気
語形
語原
語数
語長
語頭
交合
交通
交点
交読
交番
交友
光学
光子
光線
光電
光年
光明
公園
公家
公会
公海
公休
公教
公金
公言
公国
公算
公子
公社
公人
公図
公正
公電
公道
公売
公方
公明
公用
公理
公立
口火
口絵
口外
口角
口気
口金
口元
口語
口才
口耳
口車
口書
口上
口先
口前
口早
口茶
口中
口答
口頭
口内
広遠
工科
工学
工作
工数
広角
広場
広大
広野
校歌
校外
校正
校長
校内
校門
校友
新木
行先
行火
行楽
行間
行書
行数
行頭
行方
校売
高見
高音
高空
高原
高校
高山
高台
高大
高地
合口
合一
合羽
合間
合金
合計
合作
合算
合図
合切
合体
合同
合本
合理
合力
国王
国家
国歌
国花
国会
国外
国教
国語
国交
国字
国手
国書
国大
国中
国電
国土
国道
国内
国文
国名
国立
黒海
黒山
黒子
黒字
黒色
黒星
黒線
黒船
黒地
黒茶
黒点
黒土
黒肉
黒麦
黒風
黒米
黒木
黒目
今一
今夏
今回
今月
今古
今後
今時
今秋
今週
今春
今上
今人
今生
今冬
今風
今方
今夜
左右
左下
左記
左手
左上
左前
左足
左目
才学
才気
才子
才女
才色
才人
才分
才名
才力
細引
細工
細糸
細心
細雪
細分
細目
作家
作歌
作場
作図
作男
作土
作風
作文
作用
草紙
草子
山間
山寺
山車
山女
山上
山水
山川
山地
山中
山刀
山道
山林
算出
算数
算体
算用
姉上
姉弟
子音
子女
子弟
子年
子馬
小馬
子分
市会
市外
市子
市上
市場
市人
市中
市町
市長
市電
市内
市日
市門
市立
思考
糸口
糸車
字引
字画
字形
字体
時雨
時下
時間
時空
時計
時点
時分
耳目
自家
自活
自国
自作
自社
自首
自前
自体
自白
自分
自明
自立
自力
室外
室長
室内
早手
社会
社外
社交
社長
社内
社名
社用
車線
車体
車道
車内
車風
弱音
弱気
弱行
弱国
弱体
弱虫
弱弟
弱点
手間
手記
手近
手形
手元
手口
手紙
手首
手書
手心
手数
手先
手前
手足
手本
手話
玉算
首長
秋雨
秋気
秋口
秋風
秋分
船歌
週間
出家
出火
出花
出会
出合
出京
出金
出口
出時
出社
出場
出色
出先
出前
出足
出店
出土
出頭
出入
出馬
出番
出方
出目
出門
出来
出立
出力
春画
春休
春秋
春先
春風
春分
書記
書生
書体
書店
書道
書名
女王
女子
女親
女人
女生
女声
女体
女中
小雨
小学
小金
小計
小言
小国
小山
小耳
小船
小春
小食
少食
小心
小人
小水
小数
小生
小石
小雪
小川
小町
小鳥
小刀
小麦
小話
少時
少数
少年
上家
上下
上絵
上気
上記
上京
上玉
上空
上計
上古
上戸
上作
上紙
上手
上書
上場
上人
上図
上水
上石
上線
上前
上足
上体
上知
上長
上天
上田
上馬
上白
上半
上番
上文
上聞
上米
上目
上船
場合
場内
色気
色合
色紙
色弱
色女
色男
色目
食後
食前
食通
食道
食肉
食用
心外
心気
心地
心中
心理
新顔
新教
新形
新語
新作
新字
新車
新手
新人
新星
新生
新雪
新体
新入
新年
新風
新聞
新米
森林
親玉
親元
親子
親字
親切
親日
親父
親分
親方
親友
人家
人外
人間
人気
人魚
人形
人後
人語
人口
人工
人山
人時
人車
人出
人生
人声
人前
人足
人体
人中
人頭
人道
人肉
人馬
人名
人里
図画
図形
図書
水気
水牛
水玉
水子
水車
水上
水色
水星
水生
水中
水虫
水田
水道
水手
水分
水門
水曜
水力
水馬
数回
数学
数字
数人
数千
数多
数日
数年
数百
数名
数理
星雲
星空
星図
星夜
晴間
晴天
晴夜
正音
正教
正金
正月
正午
正子
正字
正室
正出
正書
正色
正数
正西
正切
正体
正大
正中
正朝
正直
正東
正当
正答
正南
正風
正文
正方
正北
正本
正目
正門
正立
生家
生活
生計
生後
生糸
生前
生体
生地
生長
生年
生母
生理
声楽
声高
声色
声明
声門
西口
西南
西日
西風
西北
青玉
青空
青春
青色
青図
青草
青虫
青年
石火
石工
石室
石頭
石木
赤貝
赤外
赤字
赤線
赤道
赤毛
切火
切花
切口
切子
切紙
切石
切立
切羽
切言
切手
切線
切点
雪見
雪国
雪女
雪男
雪中
雪道
先金
先月
先見
先古
先口
先考
先行
先高
先細
先山
先手
先週
先人
先生
先太
先知
先日
先入
先年
先番
先父
先方
先夜
知木
川下
川上
線画
線形
線分
船室
船首
船長
前科
前回
前記
前言
前古
前後
前行
前山
前車
前週
前書
前場
前人
前生
前線
前電
前頭
前日
前年
前文
前方
前名
前門
前夜
白人
組合
組長
村雨
早計
早見
早口
早耳
早足
早朝
角力
草花
草魚
草原
草書
草体
走行
足音
足首
足場
足早
村人
村長
多元
多言
多才
多少
多食
多数
多大
多読
多年
多分
多用
太古
太字
太刀
大刀
体外
体形
体言
体中
体長
体内
体力
台下
台顔
台形
台紙
台車
台場
台数
台石
台地
台頭
台本
台名
台木
大雨
大王
大家
大火
大会
大海
大学
大気
大形
大金
大空
大公
大工
大国
大作
大字
大社
大手
大書
大女
大小
大人
大水
大正
大生
大声
大切
大雪
大体
大男
大地
大日
大麦
大半
大分
大方
大名
大木
谷間
谷川
男子
男女
男色
男親
男前
知見
知人
知名
知力
地下
地形
地元
地上
地図
地点
地頭
地道
地方
地名
地理
地力
竹刀
竹馬
竹林
茶会
茶室
茶色
茶道
茶番
茶目
中外
中学
中間
中気
中京
中空
中形
中元
中原
中古
中口
中高
中国
中黒
中止
中糸
中耳
中手
中小
中心
中数
中正
中前
中天
中点
中東
中道
中肉
中日
中入
中年
中半
中分
中米
中立
中春
中冬
昼時
昼前
昼夜
朝会
朝顔
朝市
朝食
朝日
朝方
朝夕
町家
町会
町人
町村
町長
町内
町歩
長月
長女
長男
長年
長話
直下
直角
直言
直後
直交
直行
直出
直上
直線
直前
直中
直通
直刀
直売
直立
通学
通気
通行
通算
通知
通風
通分
通夜
通用
通話
山茶
弟分
弟妹
天雲
天下
天火
天花
天外
天顔
天気
天金
天空
天工
天国
天才
天子
天女
天上
天色
天心
天水
天晴
天生
天声
天草
天体
天台
天朝
天日
天馬
天父
天分
天文
天聞
天明
天来
天理
店子
店先
店長
店頭
店内
店番
点火
点画
点光
点字
点水
点数
点線
点茶
点頭
田園
田地
電気
電光
電工
電算
電子
電車
電場
電線
電池
電番
電文
電力
電話
時鳥
土間
土手
土人
土星
土石
土足
土台
土地
土木
土曜
土用
冬空
冬山
刀下
刀工
刀自
東雲
東歌
東海
東京
東口
東行
東国
東上
東西
東天
東南
東半
東方
東北
東門
当字
当時
当社
当人
当店
当日
当番
当分
当方
当用
頭角
頭金
頭上
頭目
同一
同音
同家
同気
同月
同校
同行
同国
同紙
同字
同時
同室
同社
同車
同書
同上
同色
同心
同数
同船
同前
同村
同地
同町
同店
同点
同道
同日
同年
同文
同門
同夜
道楽
道教
道行
道場
道理
道話
読手
読書
読点
内科
内角
内気
内金
内国
内耳
内室
内心
内線
内地
内池
内通
内分
内聞
内方
内野
内用
内力
長刀
南下
南海
南光
南口
南行
南山
南中
南朝
南半
南風
南米
南方
南北
南門
肉牛
肉色
肉食
肉親
肉体
日間
日記
日計
日光
日時
日食
日中
日当
日米
日歩
日夜
日曜
入目
入用
入園
入会
入学
入京
入金
入交
入校
入国
入室
入社
入手
入場
入船
入朝
入電
入道
入内
入木
入門
入来
入力
年下
年会
年回
年間
年玉
年金
年後
年子
年弱
年少
年上
年数
年生
年男
年中
年長
年内
年分
年来
馬市
馬車
馬頭
馬肉
馬力
売家
売切
売国
売女
売店
売買
売名
白羽
白金
白黒
白子
白紙
白書
白線
白昼
白鳥
白日
白米
白木
白夜
麦角
麦作
麦茶
麦田
木目
半円
半音
半角
半休
半弓
半玉
半金
半口
半国
半作
半紙
半時
半数
半生
半切
半長
半天
半田
半道
半白
半分
半夜
半里
番外
番犬
番人
番線
番組
番台
番地
番茶
番頭
番目
広目
父兄
父子
父上
父親
父母
父方
風雨
風雲
風下
風水
風雪
風船
風体
風土
風聞
風力
分家
分科
分会
分外
分光
分校
分子
分室
分社
分数
分体
分地
分店
分点
分売
分母
分木
分野
分立
分力
小米
文科
文学
文楽
文月
文語
文字
文体
文中
文通
文明
聞手
米語
米国
米作
米麦
米話
歩行
歩合
歩道
母音
母語
母校
母国
母子
母上
母親
母船
母体
母方
方角
方形
方言
北海
北光
北口
北行
北山
北上
北西
北朝
北天
北半
北米
北方
北門
本音
本家
本科
本気
本校
本国
本紙
本字
本社
本書
本場
本心
本人
本数
本線
本船
本草
本体
本朝
本店
本当
本道
本日
本年
本番
本名
本木
本来
毎回
毎時
毎週
毎朝
毎日
名家
名画
名言
名工
名作
名手
名人
名声
名前
名答
名文
名木
名目
名門
明方
明記
明言
明細
明星
明朝
明文
名茶
鳴声
毛糸
毛虫
毛頭
木戸
木場
木星
木石
木馬
木曜
目下
目玉
目高
目上
目星
目先
目前
目当
目白
目方
門戸
門口
門地
門弟
門番
文目
夜毎
夜雨
夜会
夜学
夜間
夜気
夜空
夜光
夜市
夜色
夜食
夜船
夜前
夜中
夜昼
夜長
夜鳥
夜道
夜風
夜分
夜明
夜来
野外
野牛
野犬
野原
野心
野人
野生
野草
野鳥
友引
友交
友人
夕顔
夕食
夕日
夕風
夕方
夕立
用船
曜日
用言
用語
用紙
用心
用水
用地
来会
来月
来光
来社
来車
来週
来書
来朝
来店
来電
来日
来年
来方
楽書
玉子
理科
理学
理工
理知
里子
里心
里方
立話
立夏
立秋
立春
立場
立体
立冬
立方
力学
力行
力作
力石
力走
力足
力点
林学
林間
林道
林内
林立
里言
里語
地虫
雨気
雨足
雨水
雲足
引船
円形
丸形
遠道
黄玉
黄色
黄水
黄道
音色
下作
下知
夏時
夏草
科白
川口
火矢
花園
花町
画工
海鳥
絵馬
金色
兄妹
元金
古歌
古寺
古金
古文
古本
口数
工場
行来
高名
合点
黒雲
黒白
今朝
今日
今年
今夕
姉妹
出国
出水
出生
出船
春雨
女形
女方
少女
小女
上方
人心
人数
人文
人目
人力
水鳥
正気
正道
西方
赤色
先王
前金
前足
前半
草木
茶店
中風
昼間
直答
弟子
天人
天地
天道
点心
東風
頭数
同人
赤金
読本
内海
内外
南国
南西
南東
日数
日本
入口
入水
年月
年頭
麦秋
半月
半日
半年
花紙
風車
分明
文書
北国
北東
北風
本文
毎月
毎年
明日
夜半
夜番
夜話
来春
来場
秋晴
足元
足下
年魚
生花
活花
入海
入日
売上
売子
売出
売手
売場
売行
王公
母家
回船
買手
海里
画一
画引
下体
科目
家門
川原
気合
切通
切地
組立
海月
水母
黒金
黒円
工合
子犬
小犬
子牛
小牛
小売
古言
木立
才知
細魚
子細
紙魚
知合
弱小
弱少
弱年
人知
先頭
台風
立前
近道
中秋
手当
手引
止金
同形
同名
話中
食出
売春
引合
引馬
引金
引算
引手
引戸
昼食
中食
古川
古里
母形
前売
丸顔
円顔
見通
名字
夜店
早生
長音
同学
合方
糸竹
歌声
音大
楽才
楽人
地声
頭声
室町
社歌
赤組
風上
国力
週休
早春
草食
多角
長大
何十
話声
小火
町中
道草
耳元
明年
名月
明月
用足
生気
園内
海道
牛歩
高直
自生
見分
帰朝
帰一
校合
手交
当直
通読
町立
中細
色白
小形
生新
雪白
木刀
文教
茶園
地歩
地文
長兄
土方
赤子
風光
外心
白色
日長
本分
本土
歩数
山男
地学
手玉
田虫
小手
星目
田楽
教頭
近作
金子
金石
月内
金気
広間
赤土
草地
谷地
長目
矢先
馬子
長石
図体
地金
地色
自今
寺社
自足
日月
女色
門出
川魚
間八
鳥貝
白魚
顔黒
新春
土中
赤紙
国体
直音
小声
小口
国本
小魚
毎分
目頭
名分
名花
明色
名刀
木工
目算
村里
内合
生水
肉太
肉声
大台
大口
女手
親船
生来
星食
青天
先学
車台
金赤
立米
赤口
同原
水引
日朝
空室
手水
水草
小才
小用
国風
遠山
名聞
山風
山家
女気
細字
海風
近火
大本
大門
外海
生魚
角行
白目
白雪
白雲
字書
工人
通人
朝見
朝野
手下
船人
書画
書家
土色
社寺
石高
図星
方今
方円
野点
春色
新茶
親王
親米
秋思
高下
国学
国人
山手
山野
市道
紙上
字数
時半
自室
車中
手中
週内
出走
古紙
小引
小道
小社
太子
太山
当地
売方
山場
山里
弱火
公田
金山
行年
茶人
茶話
山気
心算
長夜
声音
高声
雨風
組歌
矢羽
心太
活魚
高言
広言
元売
元高
元歌
原石
村雲
回天
回国
回春
回読
帰心
帰休
帰来
帰村
帰校
馬上
馬方
馬首
馬食
馬場
明春
明答
工手
空文
空目
空合
空耳
空谷
空茶
空家
空音
空馬
空電
谷風
公知
後人
後口
後天
後出
後光
後車
後門
後足
金工
金口
金字
金糸
戸毎
行人
行文
行水
行金
用字
用金
通力
通交
通計
通語
同体
読切
読会
読図
読後
頭分
頭字
頭書
語音
中子
中火
中音
朝来
朝風
朝家
朝間
首足
組手
組頭
冬日
冬毛
冬場
手工
手合
手羽
手車
手金
手長
週日
週番
村立
村会
村道
書中
書手
書目
書見
書林
書風
土工
土語
社中
社友
社風
社家
社線
社頭
石山
石弓
石文
石竹
石組
図工
図会
足形
足弱
数十
数万
方正
方里
方図
野天
野中
野手
野火
野合
野馬
野道
春本
春光
間色
間作
間道
間遠
見台
見目
見場
家父
車力
車上
車馬
夏作
夏鳥
広口
広原
光力
光体
光点
光頭
新刀
新月
新田
新地
新来
新書
新道
親木
親心
親交
親里
親近
親書
親鳥
親電
切目
文人
文才
文名
文弱
文理
文鳥
米中
米食
火水
火色
火線
門人
門下
門火
門外
門前
自火
自用
自画
自書
自記
日夕
日子
日用
日毎
日足
日直
年毎
年強
番手
番長
秋水
秋日
秋色
秋作
秋声
秋草
正木
船中
船方
船出
船台
船虫
船体
船足
船玉
船頭
水口
水火
水木
水心
水先
水明
水食
水船
水線
夜目
夕月
小字
小作
小男
小足
小夜
小知
小首
小昼
小歌
小頭
右左
国父
国母
国光
国原
国元
国鳥
活計
遠耳
新玉
青山
青木
青田
青地
青竹
青貝
青書
青馬
白馬
青雲
晴雨
星学
名山
名店
名馬
名数
名歌
買入
買方
売人
売文
鳴子
鳴戸
山人
山元
山下
山本
山犬
山形
山村
山国
山海
山鳥
山番
言上
言下
矢文
矢玉
矢来
矢場
交角
校本
校風
学才
学外
学風
教生
教学
教門
教場
女工
女心
紙入
紙子
紙花
紙数
地口
地中
地引
地心
地目
地合
地米
地場
地番
地歌
先天
西土
細大
細見
細雨
細道
計時
止水
道中
道心
道学
道糸
道家
道歌
虫気
字母
字音
字間
海人
海山
海内
海牛
海気
海黄
海図
海門
海魚
黒竹
場外
場数
町方
町名
歌口
出校
近古
近体
近国
近時
近間
絵心
見高
話頭
母線
毎夕
毎夜
当今
当月
当年
当夜
当家
大力
大弓
大山
大円
大白
大目
大同
大足
大風
大計
大食
大野
大黒
大船
大黄
大道
大数
太白
多毛
多生
多色
多肉
多作
多売
多雨
直読
気早
気室
気弱
入合
南画
男工
男手
男心
男声
心土
心学
心室
心音
心組
心頭
里人
里数
里親
理外
理数
力水
鳥人
鳥目
長上
長子
長文
長円
長生
長考
長足
長雨
長家
作画
強弓
強火
強直
強記
知友
知日
知行
花入
花色
花糸
月下
月毎
月形
月番
外力
外分
外地
木口
木本
木地
木通
木理
木組
木魚
目元
目今
目色
目地
目角
目茶
目線
目顔
高工
高木
高目
高年
高角
高弟
高足
高点
高風
高教
高話
高遠
高歌
毛玉
毛羽
毛色
毛足
魚道
川風
見番
羽虫
羽風
雨女
雨男
雨後
雨間
寺男
時人
時文
時日
耳語
色文
色糸
色里
色町
色黒
色絵
色道
草本
草市
草色
形木
形声
本丸
本山
本元
本手
本色
聞耳
聞知
聞書
算入
算木
子方
糸目
糸魚
肉池
肉細
弱電
玉体
玉音
赤手
赤心
赤本
赤目
赤地
赤虫
赤門
生木
生肉
生色
生形
生米
生国
生首
生紙
生番
雲台
雲気
田野
休心
角地
角貝
角店
角通
角番
立木
立会
立地
立見
立言
立国
立食
立番
林木
林野
岩戸
岩室
岩魚
岩場
食虫
食言
食間
弓手
弓馬
止男
白太
白文
白水
白玉
白光
白糸
白雨
白星
白話
雪上
雪下
雪山
雪玉
雪目
雪花
雪空
雪原
雪雲
雪線
風口
風月
風合
風見
風足
風前
風食
風教
早天
早出
早馬
早番
早道
楽土
楽長
楽音
牛刀
犬馬
小弟
少弟
小店
妹分
黄人
大店
角牛
活線
火木
学兄
岩頭
牛角
行体
行中
玉顔
月金
言海
工大
光来
高来
小目
左直
左方
小一
小名
自玉
自工
上声
切入
大兄
立入
谷水
中二
手刀
田家
田作
当行
同市
同小
同大
土日
日出
日白
母鳥
左耳
太糸
右文
用人
大歌
木金
木耳
少子
星形
冬鳥
雨林
戸車
公魚
工船
黒鳥
石女
車前
春歌
食分
図学
川船
走力
多目
体毛
昼顔
昼光
直話
年休
文言
毎食
小竹
名犬
野山
火田
花台
花野
海雪
海台
外書
当校
小書
牛後
兄上
赤肉
通電
通年
米人
先回
近場
出自
声道
本間
角出
土国
海地
数行
数社
線上
前月
前作
冬作
当会
夕空
王弟
前王
魚体
船内
手番
母数
里山
黄組
青組
車名
頭記
首記
直帰
直近
地気
色校
楽日
力紙
北玉
道長
上右
上左
下右
下左
通紙
青白
長虫
西語
車高
数歩
見知
本会
文頭
明夜
親水
船上
西下
人毎
電食
自走
自公
目草
中人
青女
青花
本歌
足長
米朝
家犬
黒番
米紙
園生
船外
前広
地毛
自毛
方立
水目
南天
目合
多体
地鳥
年女
早目
本学
角形
岩絵
正引
月毛
当来
寺内
声母
口音
毛見
来夏
入寺
切字
計里
天長
天元
長元
正元
元中
正長
文正
天正
元文
頭語
帰米
細石
才六
馬手
番太
山内
寺中
校名
楽車
中台
体色
外光
星人
赤日
本月
空引
人日
売地
合字
先公
名車
大石
円文
魚心
直火
船形
道内
赤絵
生足
角字
近村
足先
太目
水雲
海雲
入刀
帰天
大魚
黒石
白石
通園
中一
入市
鳥天
人鳥
生食
谷町
朝一
小父
小母
青目
知音
図南
日西
夜直
目黒
新古
花金
画角
音図
合音
気門
立大
赤点
絵組
学活
赤花
海自
少雨
毛先
月中
矢車
教母
黒体
赤魚
大頭
立刀
冬頭
糸頭
声聞
上冬
子月
外合
下合
上合
社日
肉月
上科
下前
首紙
首上
小貝
刀子
大貝
数分
魚田
冬木
夕雲
黒毛
内明
茶入
田長
鳥馬
羽白
星月
雨月
口細
西国
人手
女竹
弱竹
川竹
角岩
青魚
風鳥
原牛
魚鳥
線虫
当帰
下文
犬子
雨音
回音
花丸
元正
水魚
月火
岩虫
白田
本作
目木
名親
自知
火車
近点
遠点
月立
買春
頭花
大羽
上音
音画
理体
色玉
夜顔
本目
明楽
川虫
木走
後月
目耳
多形
左楽
雨鳥
土雲
日東
引赤
村社
天王
人長
赤木
体文
水石
矢竹
馬草
小室
赤玉
羽車
大玉
何語
中夏
何名
学食
星虫
矢虫
大鳥
小野
小田
細小
正見
正行
高一
高二
高三
石道
多時
頭光
本地
作出
行道
雪風
前出
先出
上市
内字
半語
分間
通字
町石
立教
山行
頭首
生中
口話
貝母
自切
春花
太線
細線
休出
来園
耳石
長姉
星草
青毛
白毛
小間
右図
出図
同左
語間
数間
何用
色数
目力
点手
小子
小妹
少妹
星間
牛耳
本田
読話
赤茶
中今
白土
女顔
大姉
茶花
台子
天目
時数
社大
原口
理力
同語
内道
書字
心耳
人月
石黄
古馬
回分
丸八
内数
力線
茶名
目見
夏中
本天
水音
花貝
丸字
引目
白声
園地
強雨
毎冬
食人
岩組
金文
糸道
寺子
古名
友子
道走
林家
船名
通船
車外
地子
強電
方竹
大前
生口
小車
石人
赤気
本図
組子
長毛
来校
公地
弱雨
左図
肉合
長手
馬体
水文
水理
車室
春山
小家
昼中
大川
土船
用木
算道
門内
足台
弓場
新円
図子
人見
上通
天一
耳当
里村
丸竹
風音
雨夜
雪間
風花
生半
花心
水貝
生貝
秋空
大行
村内
当金
馬道
口子
自色
本門
外山
日女
後朝
店立
親犬
風木
春社
大年
大才
明王
後夜
中夜
東学
音高
新内
白首
早船
外教
中門
内教
楽語
船場
母岩
前室
後頭
色子
女楽
昼三
中三
出女
間切
友会
姉分
茶船
朝空
木羽
春昼
黄冬
親月
池水
夏雲
電休
図絵
絵羽
里犬
点本
売日
風来
東名
車地
車知
耳貝
石貝
船貝
玉貝
日外
鳴鳥
雪夜
雪止
雪水
雪形
山雪
里雪
雪食
赤雪
春雪
雪室
生日
虫魚
毎夏
中店
春水
兄分
海手
本星
正楽
耳毛
金毛
小虫
行手
後山
来手
朝活
来学
理会
山外
半歩
食草
売色
年見
春田
足半
足中
作話
青星
春日
親石
雨下
門生
長頭
中頭
長角
金円
金頭
火魚
兄矢
早矢
数矢
赤米
名田
名水
園池
大言
大戸
走時
門中
名石
空店
明店
水金
正先
上首
地紙
小門
右記
山月
行草
店名
帰日
春気
新子
女木
男木
長歌
直長
馬名
山立
内食
晴男
晴女
地体
新船
手力
音数
犬科
日台
村戸
直人
山草
中太
花月
来秋
来冬
黒牛
方音
金時
来行
来話
楽毛
楽地
間紙
角食
間日
合火
月一
山食
夏羽
火頭
角回
台船
声点
家言
王父
王母
公空
直毛
入方
切絵
星石
青石
歌語
火風
大用
京間
道会
何頭
小顔
玉形
角家
外大
上一
水月
女男
雲茶
夏空
秋月
画力
白組
女直
水場
社食
顔中
用後
風草
遠行
小夏
男名
生馬
刀室
色石
帰園
点出
半間
海角
西京
矢作
長道
海鳴
友船
大森
高中
白道
台北
場風
男顔
入村
来京
小村
通名
教子
黒玉
名色
日語
首元
耳金
白茶
馬船
大知
明知
線毛
秋雪
雨雪
男山
女山
風戸
夏冬
切金
細金
入家
入山
当寺
当山
山名
冬月
聞茶
足刀
分画
正肉
科名
円石
自園
社地
鳥頭
会歌
同中
水天
食入
時花
入線
家用
正時
魚形
出玉
中石
母星
時角
直生
音場
長点
売電
同母
同父
新線
目数
紙土
入数
前玉
父馬
作刀
公女
気切
音形
下木
上木
雪茶
日土
野音
森立
半目
夜天
火船
入店
売高
小玉
人才
用土
日天
月天
同生
海口
矢石
海南
何色
休園
夏毛
自強
作中
野風
分合
夜用
山体
父王
父音
正円
空自
母貝
中文
新同
外生
内生
元夕
玉糸
考古
小花
買時
買場
細麦
作字
村切
食時
半顔
川田
中男
半夏
公船
花水
家国
白頭
青線
原水
切土
冬天
回青
西教
通言
新水
直道
体高
金土
水行
石子
名子
古形
丸走
切頭
馬毛
回頭
空力
車校
色水
自風
花六
黒犬
白犬
人年
秋夕
石理
石目
魚子
上元
下元
語中
年半
同通
名園
雲中
方書
通直
上国
多頭
大矢
木毛
上肉
内肉
校書
中朝
青肉
色名
左書
虫国
下土
町道
内見
電書
新京
行雲
市名
中計
秋高
西行
大外
当園
上門
外名
内名
活語
時中
多子
西夏
親中
貝肉
人用
車間
青金
直電
糸玉
地雨
火計
長弓
木道
秋雲
朝雲
山雲
魚市
魚店
地魚
小二
出丸
小三
小四
小五
小六
犬顔
母牛
黄牛
京男
右前
国方
地車
犬肉
長春
行星
王台
回書
空書
通理
校地
市国
里地
国歩
金地
工口
大耳
点前
早雪
回雪
新出
親雪
白肉
紙店
作絵
金光
心友
後来
丸台
多知
休室
人天
天山
新馬
本寺
道上
理気
妹兄
女書
人海
新知
聞見
日新
本金
同作
合紙
出雲
山口
高知
石川
長野
水戸
岩手
秋田
青森
石見
出羽
羽後
羽前
長声
大二
小丸
天川
答電
色上
新楽
男方
男形
引家
顔本