明白
白地
天魚
雨子
急度
白口
半平
列記
左行
助番
多行
波行
麦酒
夜行
悪意
悪運
悪化
悪寒
悪感
悪漢
悪気
悪球
悪玉
悪形
悪方
悪言
悪事
悪者
悪手
悪酒
悪習
悪所
悪書
悪女
悪場
悪心
悪神
悪人
悪水
悪声
悪相
悪天
悪投
悪童
悪道
悪筆
悪病
悪風
悪文
悪役
悪友
悪用
悪路
安楽
安気
安手
安酒
安住
安宿
安心
安神
安全
安息
安打
安着
安直
安定
安物
暗雲
暗君
暗号
暗合
暗算
暗室
暗色
暗中
暗転
暗部
暗流
委員
委曲
委細
意外
意気
意見
意思
意図
意地
意中
意馬
意表
意味
意力
医員
医院
医家
医科
医会
医界
医学
医業
医局
医事
医者
医書
医大
医長
医道
医薬
医用
員外
員数
引当
引火
引見
引数
引用
引力
飲口
飲手
飲代
飲薬
飲酒
飲助
飲食
飲用
院外
院号
院生
院長
院本
右下
右岸
右手
右上
右足
右方
右面
右目
右葉
羽根
羽子
羽音
羽化
羽太
羽毛
羽目
雨雲
雨具
雨空
雨戸
雨声
雨着
雨中
雨注
雨天
馬屋
運気
運休
運行
運算
運上
運転
運動
運筆
運命
運用
雲海
雲間
雲形
雲高
雲助
雲上
雲水
雲母
駅員
駅前
駅長
駅頭
駅名
円安
円曲
円高
円心
円柱
丸柱
円転
円内
円本
園長
遠泳
遠音
遠火
遠海
遠近
遠見
遠国
遠出
遠心
遠足
遠大
遠地
遠方
遠目
遠矢
遠洋
遠来
遠路
横顔
横行
横死
横車
横書
横線
横着
横長
横笛
横転
横道
横波
横文
横面
横木
横目
横様
王化
王家
王宮
王国
王子
王事
王室
王者
王手
王女
王水
王族
王朝
王土
王道
王物
王様
王立
黄花
黄海
黄金
黄口
黄身
黄体
黄鳥
黄土
黄白
黄緑
屋外
屋号
家号
屋根
家根
屋上
屋台
屋体
家台
屋内
温顔
温室
温色
温水
温点
温度
温湯
音階
音楽
音感
音曲
音字
音声
音速
音調
音頭
音読
音波
音名
音力
下意
下院
下家
下屋
下火
下界
下絵
下期
下記
下級
下金
下血
下見
下戸
下向
下校
下行
下国
下坂
下歯
下車
下手
下宿
下書
下女
下乗
下心
下人
下図
下水
下石
下線
下船
下草
下足
下男
下着
下町
下湯
下等
下道
下読
下馬
下半
下番
下表
下品
下部
下風
下物
下聞
下放
下方
下名
下命
下目
下問
下役
下薬
下様
下落
下流
化育
化学
化合
化身
化生
化石
何回
何月
何才
何事
何時
何者
何人
何千
何点
何度
何等
何日
何年
何番
何百
何物
何分
何方
何様
夏山
夏場
夏着
夏虫
夏日
夏服
夏物
夏野
家運
家屋
家学
家教
家業
家具
家兄
家計
家元
家作
家事
家主
家集
家出
家書
家人
家声
家相
家族
家中
家長
家庭
家電
家内
家風
家名
家来
家礼
家路
科学
歌会
歌学
歌曲
歌手
歌集
歌書
歌心
歌人
歌題
歌道
歌風
火屋
火花
火気
火足
火急
火玉
火元
火光
火口
火皿
火山
火事
火手
火酒
火食
火星
火先
火中
火柱
火薬
火曜
火力
花屋
花火
花客
花形
花見
花時
花実
花鳥
花道
花畑
花木
花林
荷車
荷主
荷受
荷重
荷船
荷足
荷台
荷電
荷馬
荷物
花美
花車
画意
画家
画会
画学
画期
画才
画紙
画室
画手
画集
画商
画心
画人
画数
画題
画談
画帳
画調
画定
画道
画板
画筆
画風
画本
画面
会意
会員
会飲
会期
会計
会見
会合
会式
会社
会主
会集
会所
会商
会場
会食
会心
会談
会長
会頭
会同
会読
会話
回帰
回教
回心
回数
回生
回線
回想
回送
回虫
回転
回答
回文
回目
回遊
回礼
回路
海員
海運
海外
海岸
海原
海港
海国
海事
海女
海馬
海上
海食
海深
海水
海草
海中
海面
海洋
海流
海路
界面
絵画
絵図
絵本
開院
開運
開園
開化
開花
開会
開館
開業
開局
開口
開校
開港
開山
開始
開場
開通
開店
開発
開平
開放
開明
開門
開立
階下
階級
階数
貝柱
外科
外角
外気
外局
外形
外見
外語
外交
外向
外国
外紙
外字
外耳
外車
外出
外場
外食
外人
外線
外相
外注
外電
外湯
外道
外皮
外部
外聞
外米
外方
外面
外野
外遊
外様
外用
外来
町角
角笛
角度
角皮
学院
学園
学科
学会
学界
学期
学究
学級
学業
学区
学校
学祭
学者
学習
学生
学長
学童
学内
学年
学部
学名
学問
学友
学理
学力
楽員
楽園
楽屋
楽曲
楽勝
楽章
楽想
楽天
活気
活字
活動
活発
活用
活力
活路
空風
寒気
寒空
寒暑
寒村
寒地
寒中
寒天
寒波
寒風
寒夜
寒流
感化
感光
感心
感想
感知
感電
感度
感動
感服
漢音
漢語
漢詩
漢字
漢文
漢和
間近
真近
間口
間合
間者
間食
間数
間男
間中
間話
屋形
館員
館長
丸味
円味
丸一
丸公
丸事
丸毎
丸首
丸十
丸石
丸太
丸本
丸木
丸薬
丸曲
岩屋
岩角
岩山
岩石
岩乗
顔形
顔色
顔面
顔役
顔立
期間
期待
期内
期日
気転
帰化
帰京
帰国
帰社
帰着
帰路
気運
気温
気化
気学
気楽
気球
気軽
形気
気色
気心
気前
気相
気息
気体
気長
気道
気配
気品
気風
気分
気味
気立
気流
気力
汽車
汽水
汽船
汽笛
記号
記事
記者
記章
記帳
記入
記名
起業
起工
起算
起草
起点
起電
起動
起用
起立
客員
客間
客室
客車
客船
客体
客土
休意
休会
休学
休業
休校
休止
休場
休息
休足
休転
休電
休日
宮中
弓具
弓形
弓道
弓矢
急足
急行
急坂
急死
急所
急場
急進
急切
急送
急速
急病
急用
急落
急流
球形
球根
球場
球体
究明
級数
級長
級友
牛車
牛肉
牛馬
牛皮
去月
去年
去来
魚屋
魚貝
魚肉
京形
京坂
京女
京人
京地
京表
京風
京物
京方
京葉
男気
強味
強意
強引
強音
強化
強気
強行
強国
強弱
強打
強大
強調
強度
強風
強力
教育
教員
教王
教化
教科
教会
教区
教室
教習
教書
教父
教本
教理
教練
業火
業界
業者
業病
業物
局員
局所
局地
局長
局番
局部
局面
曲物
曲悪
曲学
曲球
曲事
曲水
曲線
曲調
曲直
曲馬
曲筆
曲名
曲面
曲目
曲流
曲路
玉石
玉虫
玉門
近海
近目
近県
近所
近親
近世
近代
近東
近日
近年
近来
金魚
金銀
金具
金言
金庫
金高
金歯
金持
金星
金物
金平
金目
金曜
金力
銀漢
銀行
銀山
銀紙
銀色
区会
区間
区長
区点
区内
区分
苦界
苦学
苦楽
苦言
苦行
苦手
苦心
苦土
苦味
苦役
具足
具体
具有
空地
空間
空気
空言
空港
空行
空車
空手
空所
空色
空前
空想
空中
空調
空転
空白
空母
空名
空理
空路
君子
君主
係数
係船
係長
兄後
兄姉
兄弟
形見
形式
形相
形体
形勝
計画
計算
計上
計数
軽業
軽口
軽少
軽食
軽石
軽度
軽油
鳥肉
決意
決行
決算
決死
決勝
決心
決定
血目
血気
血球
血行
血色
血相
血族
血豆
血肉
月間
月見
月光
月事
月色
月食
月日
月次
月明
月面
月夜
月曜
犬歯
研学
研究
県下
県会
県道
県内
県立
見学
見合
見事
美事
見者
見地
見当
見物
見聞
見方
見本
元悪
元気
元号
元三
元始
元手
元首
元帳
元朝
元日
元年
元方
元本
元来
原意
原音
原画
原形
原語
原作
原始
原子
原糸
原紙
原詩
原書
原色
原人
原図
原生
原虫
原点
原頭
原動
原発
原板
原品
原物
原文
原本
原毛
原木
原薬
原油
原由
原理
黒人
言草
言分
言方
言外
言語
言行
言動
言明
言葉
古意
古音
古画
古学
古楽
古顔
古記
古曲
古血
古語
古今
古詩
古字
古式
古手
古書
古色
古人
古昔
古草
古体
古代
古池
古茶
古着
古都
古刀
古道
古筆
古風
古服
古米
古方
古来
古流
戸外
戸口
戸主
戸数
戸板
古事
湖上
湖水
湖面
午後
午前
午年
後家
後学
後期
後記
後金
後見
後作
後事
後室
後者
後手
後書
後場
後世
後生
後先
後日
後年
後発
後半
後部
後方
後味
後列
語意
語学
語感
語気
語形
語原
語根
語数
語族
語調
語長
語頭
語路
交感
交合
交通
交点
交読
交配
交番
交友
交遊
交流
光物
光学
光子
光線
光速
光電
光度
光年
光波
光明
公安
公園
公家
公会
公海
公開
公館
公休
公教
公金
公言
公庫
公国
公算
公使
公子
公事
公式
公社
公人
公図
公正
公定
公庭
公転
公電
公道
公売
公表
公平
公方
公明
公役
公有
公用
公理
公立
公路
口火
口絵
口外
口角
口気
口金
口元
口語
口才
口耳
口実
口車
口取
口受
口重
口書
口上
口先
口前
口早
口茶
口中
口調
口笛
口答
口頭
口内
口味
向岸
向寒
向暑
向上
向米
広遠
工員
工科
工学
工業
工具
工作
工事
工数
工面
幸福
広角
広場
広大
校医
校歌
校外
校章
校正
校長
校庭
校内
校門
校友
港口
港町
港内
油薬
新木
行先
行員
行火
行楽
行間
行使
行事
行者
行書
行商
行進
行数
行頭
行動
行方
行列
校売
高温
高音
高級
高空
高校
高次
高速
高台
高大
高地
高度
高等
高波
高配
号外
号館
号室
号車
号数
合口
相口
合意
合一
合羽
合間
合金
合計
合祭
合作
合算
合式
合宿
合図
相図
合切
合体
合着
間着
合調
合同
合本
合理
合流
合力
国王
国家
国歌
国花
国会
国外
国界
国教
国庫
国語
国交
国事
国字
国手
国書
国大
国中
国定
国鉄
国電
国土
国道
国内
国文
国名
国有
国立
黒海
黒血
黒山
黒子
黒字
黒色
黒星
黒線
黒船
黒炭
黒地
黒茶
黒点
黒土
黒豆
黒肉
黒麦
黒板
黒表
黒風
黒服
黒米
黒目
黒緑
今一
今夏
今回
今期
今月
今古
今後
今時
今次
今秋
今週
今春
今上
今人
今生
今度
今冬
今風
今方
今夜
今様
根暗
根気
根元
根原
根号
根太
左右
左下
左岸
左記
左手
左上
左前
左足
左目
才学
才気
才子
才女
才色
才人
才筆
才物
才分
才名
才力
祭神
祭日
祭礼
細引
細工
細糸
細事
細心
細身
細雪
小波
細部
細分
細面
細目
細流
坂道
作意
作家
作歌
作業
作曲
作詩
作者
作場
作図
作男
作土
作動
作病
作品
作風
作物
作文
作用
草紙
草子
山間
山寺
山車
山女
山水
山刀
山道
山羊
野羊
山林
算出
算数
算体
算定
算用
仕業
仕口
仕事
仕手
仕切
仕草
仕入
仕様
仕立
使者
使丁
使命
使役
使用
始業
始終
始動
始発
姉上
姉弟
子音
子宮
子局
子持
子守
子女
子息
子弟
子等
子年
子馬
小馬
子分
市会
市外
市区
市子
市上
市場
市人
市中
市長
市電
市内
市日
市部
市門
市有
市立
思考
思想
指向
指図
指数
指先
指定
指南
指名
仕度
止血
止宿
死角
死活
死期
死球
死去
死後
死語
死者
死神
死人
死体
糸口
糸車
紙面
詩形
詩集
詩人
仕合
歯音
歯科
歯学
歯形
歯根
歯車
歯石
歯面
歯列
事業
事局
事後
事実
事前
事相
事大
事物
事由
事理
字引
字画
字形
字体
寺院
持場
持前
持病
時雨
時下
時間
時期
時局
時空
時計
時相
時速
時代
時短
時点
時分
次会
次回
次期
次兄
次元
次号
次子
次式
次女
次章
次数
次代
次第
次男
次長
次点
次年
次表
耳鼻
耳目
自家
自活
自国
自作
自社
自主
自首
自習
自重
自身
自前
自他
自体
自転
自動
自白
自発
自筆
自負
自分
自明
自由
自立
自力
式場
式服
室温
室外
室長
室内
早手
実意
実家
実感
実業
実兄
実行
実習
実数
実線
実体
実地
実直
実父
実物
実母
実名
実用
実力
実話
写字
写実
写植
写真
写生
写本
社員
社会
社外
社交
社長
社内
社名
社用
車庫
車線
車体
車道
車内
車風
車両
弱音
弱気
弱行
弱国
弱者
弱体
弱虫
弱弟
弱点
主音
主家
主教
主君
主計
主語
主事
主上
主色
主食
主体
主題
主調
主長
主動
主日
主馬
主筆
主部
主物
主文
主命
主役
主薬
主用
主流
主力
守宮
家守
手間
手記
手近
手形
手軽
手元
手口
手指
手紙
手持
手首
手習
手書
手心
手数
手先
手前
手相
手足
手動
手配
手箱
手品
手本
手話
玉算
酒屋
酒気
酒場
酒代
酒名
首相
首長
首都
受皿
受入
受取
受身
受注
受動
受理
秋雨
秋気
秋口
秋風
秋分
終業
終局
終始
終止
終身
終息
終点
終電
終日
終夜
習作
習字
船歌
週間
集荷
集会
集金
集計
集光
集合
集中
集配
集落
住家
住持
住所
住人
実手
拾万
重科
重合
重出
重心
重水
重星
重代
重大
重点
重湯
重箱
重病
重文
重目
重役
重油
重用
重陽
重力
守公
宿屋
宿場
宿題
宿直
宿命
出物
出家
出火
出花
出荷
出会
出合
出京
出金
出血
出庫
出向
出港
出仕
出歯
出時
出社
出場
出色
出身
出世
出先
出前
出足
出題
出炭
出店
出度
出土
出湯
出頭
出動
出入
出馬
出発
出板
出番
出品
出方
出目
出門
出様
出来
出立
出力
春画
春休
春秋
春先
春風
春分
所感
所見
所作
所持
所長
所定
所有
所用
暑気
暑中
書院
書記
書庫
書式
書生
書体
書店
書道
書物
書名
書面
助教
助祭
助手
助走
助長
助命
助役
助力
女医
女王
女子
女神
女親
女人
女生
女声
女体
女中
女湯
女流
勝楽
勝算
勝者
勝手
勝負
商運
商家
商科
商会
商館
商業
商工
商港
商号
商才
商事
商社
商船
商大
商談
商店
商売
商品
商用
小雨
小屋
小学
小金
小計
小言
小国
小皿
小指
子指
小耳
小船
小春
小食
少食
小心
小人
小水
小数
小生
小石
小雪
小町
小鳥
小刀
小豆
小麦
小鼻
小品
小物
小面
小話
少時
少者
少数
少年
昭和
消化
消火
消去
消息
上板
上意
上屋
上家
上下
上荷
上界
上絵
上気
上記
上客
上級
上京
上玉
上空
上計
上古
上戸
上向
上作
上使
上紙
上歯
上手
上酒
上宿
上書
上場
上申
上人
上図
上水
上石
上線
上前
上足
上体
上代
上知
上長
上天
上等
上馬
上白
上箱
上半
上番
上表
上品
上部
上服
上物
上文
上聞
上米
上面
上目
上役
上流
乗気
乗員
乗号
乗合
乗算
乗車
乗数
乗船
上船
乗組
乗馬
場合
場所
場内
場味
場面
植字
植物
植林
色気
色合
色紙
色事
色弱
色女
色男
色調
色目
食後
食指
食事
食前
食通
食道
食肉
食品
食物
食用
心外
心気
心血
心持
心身
身心
神身
身神
心地
心中
心配
心服
心理
新館
新顔
新教
新曲
新形
新語
新作
新字
新式
新車
新手
新人
新星
新生
新雪
新体
新着
新調
新入
新年
新板
新風
新聞
新米
新味
新緑
森林
深味
深遠
深海
深度
深夜
申出
申分
申年
真赤
真意
真横
真夏
真顔
真空
真言
真実
真上
真心
目深
真深
真人
真水
真正
真西
真相
真打
心打
真竹
真昼
真冬
真東
真南
真美
真筆
真物
真北
真味
真理
神化
神学
神楽
神宮
神業
神社
神主
神代
神童
神道
神父
神風
神様
神話
親局
親玉
親元
親子
親指
親字
親身
親切
深切
親族
親日
親父
親分
親方
親友
親和
身形
身近
身空
身元
身上
身長
身内
身分
進化
進学
進級
進行
進出
進数
進度
進入
進歩
進路
人員
人家
人外
人間
人気
人魚
人君
人形
人後
人語
人口
人工
人山
人事
人時
人車
人出
人世
人生
人声
人前
人相
人足
人体
人中
人柱
人頭
人道
人肉
人波
人馬
人品
人物
人名
人命
人面
人里
図画
図形
図式
図書
図表
図面
水泳
水温
水化
水気
水牛
水玉
水銀
水子
水死
水車
水色
水星
水生
水着
水中
水柱
水虫
水道
水手
水主
水分
水平
水面
水門
水曜
水流
水力
水路
水馬
数回
数学
数字
数式
数人
数千
数多
数日
数年
数百
数秒
数名
数理
数列
世界
世間
世局
世才
世子
世事
世上
世人
世相
世代
世知
世話
整形
整合
整数
整地
整理
整流
整列
星雲
星空
星図
星夜
晴間
晴天
晴夜
正意
正音
正教
正業
正金
正月
正午
正号
正使
正子
正字
正式
正室
正出
正書
正色
正数
正西
正切
正体
正大
正中
正朝
正調
正直
正東
正当
正答
正南
正負
正風
正服
正物
正文
正方
正北
正本
正味
正面
真面
正目
正門
正立
正路
生育
生家
生活
生計
生後
生死
生糸
生身
生前
生息
生体
生地
生長
生年
生物
生母
生命
生理
声楽
声高
声色
声明
声門
西岸
西南
西日
西陽
西部
西風
西北
西洋
青玉
青空
青春
青色
青図
青草
青虫
青年
青物
昔式
昔日
昔風
昔話
石化
石火
石工
石持
石室
石炭
石庭
石頭
石木
石油
赤化
赤貝
赤外
赤字
赤線
赤道
赤面
赤毛
切火
切花
切口
切子
切紙
切石
切炭
切立
切羽
切開
切言
切歯
切実
切手
切線
切点
雪見
雪国
雪祭
雪女
雪男
雪中
雪道
雪路
先安
先客
先金
先君
先決
先月
先見
先古
先口
先考
先行
先高
先細
先山
先主
先取
先手
先週
先勝
先進
先人
先生
先太
先代
先知
先着
先度
先投
先日
先入
先年
先発
先番
先父
先負
先物
先方
先夜
先役
先様
知木
川下
線画
線形
線分
線路
船員
船室
船主
船首
船長
船旅
前科
前回
前期
前記
前言
前古
前後
前行
前号
前者
前車
前週
前書
前章
前場
前身
前進
前人
前世
前生
前線
前代
前庭
前電
前頭
前日
前年
前板
前表
前部
前文
前方
前名
前面
前門
前夜
前葉
前列
全員
全音
全家
全科
全開
全角
全館
全岸
全級
全局
全曲
全形
全戸
全校
全山
全市
全紙
全社
全集
全書
全勝
全心
全身
全人
全図
全数
全速
全体
全地
全長
全通
全天
全店
全都
全土
全島
全道
全日
全品
全部
全文
全米
全面
全力
白人
組曲
組合
組長
村雨
想起
想定
早期
早計
早見
早口
速口
早耳
早足
速歩
速足
早速
早朝
相手
相乗
相場
相対
相談
相当
角力
草花
草魚
草原
草書
草体
草笛
走行
走者
走路
送金
送受
送出
送電
息子
足音
足業
足首
足場
足早
足速
速記
速度
速力
村人
村長
他意
他家
他界
他県
他見
他行
他国
他山
他事
他社
他者
他出
他心
他生
他村
他店
他日
他年
他物
他聞
他方
他面
他流
他力
多元
多言
多幸
多才
多重
多少
多食
多数
多大
多読
多年
多分
多面
多様
多用
太古
太字
太刀
大刀
太陽
打開
打者
打数
打線
身体
体育
体温
体外
体感
体形
体言
体重
体中
体調
体長
体内
体面
体様
体力
対外
対角
対岸
対決
対向
対数
対談
対等
対面
対立
対話
代員
代休
代金
代言
代行
代作
代書
代人
代数
代走
代打
代地
代読
代入
代筆
代表
代品
代父
代物
代返
代母
代役
代用
代理
台下
台顔
台形
台紙
台車
台所
台場
台数
台石
台地
台帳
台頭
台本
台名
台木
大安
大意
大雨
大王
大火
大会
大海
大学
大気
大形
大局
大金
大空
大公
大工
大国
大根
大祭
大作
大皿
大使
大事
大字
大社
大手
大暑
大書
大女
大勝
大小
大人
大水
大正
大生
大声
大昔
大切
大雪
大全
大体
大代
大男
大地
大豆
大日
大波
大麦
大半
大部
大物
大分
大方
大名
第一
第二
題名
題目
谷間
炭化
短歌
短期
短気
短詩
短所
短大
短調
短刀
短波
短命
男根
男子
男女
男色
男親
男前
談合
談話
知見
知事
知人
知名
知命
知力
地下
地球
地区
地形
地元
地主
地酒
地所
地上
地図
地代
地点
地頭
地道
地平
地方
地味
地名
地面
地理
地力
竹刀
竹馬
茶屋
茶会
茶室
茶色
茶柱
茶道
茶畑
茶番
茶目
着工
着実
着手
着色
着心
着想
着服
着物
着目
着用
中医
中央
中外
中学
中間
中期
中気
中宮
中級
中京
中空
中形
中次
中古
中口
中高
中国
中黒
中皿
中止
中糸
中耳
中手
中州
中小
中心
中数
中世
中正
中前
中速
中柱
中庭
中天
中点
中東
中等
中肉
中日
中入
中年
中農
中波
中半
中部
中分
中米
中葉
中立
中流
中和
中春
中冬
昼時
昼前
昼夜
昼礼
柱石
柱頭
注意
注記
注入
注文
注目
丁子
丁字
丁重
丁数
丁度
丁年
丁半
丁目
帳場
帳面
朝会
朝顔
朝市
朝食
朝方
朝夕
朝礼
町家
町屋
町会
町人
町村
町長
町内
町歩
丁番
調合
調子
調書
調整
調声
調度
調薬
調理
調和
長期
長月
長持
長者
長所
長女
長短
長男
長調
長年
長旅
長話
鳥屋
直下
直角
直感
直言
直後
直交
直行
直出
直上
直進
直線
直前
直送
直中
直通
直刀
直売
直筆
直面
直立
直流
直列
追手
追究
追申
追想
追放
通院
通学
通気
通研
通行
通算
通商
通知
通帳
通風
通分
通夜
通用
通路
通話
山茶
定員
定期
定木
定時
定式
定住
定食
定数
定石
定着
定年
定本
定理
庭園
庭球
庭番
庭木
弟分
弟妹
鉄橋
鉄道
鉄板
鉄分
天意
天運
天雲
天下
天火
天花
天外
天漢
天顔
天気
天球
天業
天金
天空
天工
天国
天才
天使
天子
天主
天守
天助
天女
天上
天色
天心
天真
天水
天晴
天生
天声
天草
天体
天台
天柱
天朝
天童
天日
天馬
天父
天福
天分
天文
天聞
天命
天明
天来
天理
店員
店子
店主
店先
店長
店頭
店内
店番
転回
転業
転向
転校
転写
転出
転身
転生
転送
転調
転入
転売
転用
転落
点火
点画
点光
点字
点者
点水
点数
点線
点茶
点頭
田園
田植
田地
電化
電荷
電界
電気
電球
電光
電工
電算
電子
電車
電場
電線
電送
電池
電柱
電鉄
電動
電波
電番
電文
電流
電力
電話
時鳥
登記
登校
登山
登場
都会
都合
都市
都心
都度
都内
都風
都立
度合
度数
土間
土手
土人
土星
土石
土足
土台
土地
土着
土筆
土木
土曜
土用
冬空
冬山
冬物
刀下
刀工
刀自
刀身
刀礼
島根
島山
島人
島台
島中
島内
島風
投球
投手
投書
投石
投入
投薬
東雲
東歌
東海
東岸
東宮
東京
東口
東行
東国
東上
東進
東西
東天
東都
東南
東半
東部
東方
東北
東面
東門
東洋
湯気
湯元
湯船
当字
当身
当駅
当期
当局
当事
当時
当社
当人
当世
当店
当日
当番
当分
当方
当面
当用
等温
等級
等号
等身
等分
答申
豆本
頭角
頭金
頭取
頭上
頭皮
頭部
頭目
動員
動画
動向
動作
動体
動天
動転
動物
動力
同意
同一
同音
同化
同家
同感
同期
同気
同級
同業
同月
同県
同校
同行
同国
同根
同紙
同事
同字
同時
同室
同社
同車
同宿
同所
同書
同上
同乗
同色
同心
同数
同船
同前
同相
同族
同村
同地
同町
同調
同定
同店
同点
同等
同道
同日
同年
同筆
同病
同文
同門
同夜
同役
同様
同流
同列
童歌
童画
童顔
童子
童心
童話
道化
道楽
道教
道具
道行
道主
道場
道理
道路
道話
読手
読者
読書
読点
内意
内科
内界
内角
内気
内局
内金
内向
内港
内国
内事
内耳
内室
内実
内住
内助
内所
内心
内申
内線
内相
内談
内地
内池
内通
内定
内湯
内部
内服
内福
内分
内聞
内方
内命
内面
内用
内力
長刀
南下
南海
南岸
南光
南口
南行
南山
南進
南中
南朝
南都
南半
南風
南米
南方
南北
南面
南門
南洋
自乗
肉屋
肉牛
肉色
肉食
肉親
肉体
肉筆
日間
日記
日計
日光
日時
日食
日中
日当
日米
日歩
日夜
日曜
日和
入目
入用
入院
入園
入荷
入会
入学
入京
入金
入庫
入交
入校
入港
入国
入室
入社
入手
入所
入場
入植
入船
入朝
入定
入電
入湯
入道
入内
入木
入門
入来
入力
年下
年会
年回
年間
年期
年玉
年金
年後
年号
年祭
年始
年子
年次
年弱
年少
年上
年数
年生
年代
年歯
年男
年中
年長
年度
年内
年波
年配
年分
年来
年礼
農園
農家
農学
農業
農工
農場
農村
農地
農薬
農林
波線
波長
波頭
波動
馬具
馬市
馬車
馬丁
馬頭
馬肉
馬面
馬力
配下
配合
配乗
配色
配水
配線
配送
配電
配当
配分
配列
倍音
倍数
倍大
買取
売家
売切
売物
売国
売女
売店
売買
売名
白羽
白金
白黒
白子
白紙
白書
白身
白線
白昼
白日
白米
白夜
麦角
麦作
麦茶
麦笛
麦田
麦湯
麦畑
箱庭
木目
畑地
発育
発音
発火
発見
発言
発光
発行
発作
発車
発出
発色
発進
発生
発声
発想
発送
発着
発注
発電
発動
発売
発表
発病
発明
半円
半音
半開
半角
半期
半休
半弓
半球
半玉
半金
半口
半国
半作
半死
半紙
半時
半神
半身
半数
半生
半切
半長
半天
半島
半道
半農
半白
半分
半面
半夜
半里
反歌
反感
反間
反語
反身
反数
反対
反転
反動
反日
反発
反物
反米
反歩
反面
反毛
反目
反問
反落
反心
板紙
板前
板画
板元
番外
番犬
番号
番人
番線
番組
番台
番地
番茶
番頭
番目
悲運
悲鳴
広目
皮下
皮相
皮肉
美化
美学
美港
美女
美人
美大
美男
美点
美風
美味
美名
鼻音
鼻下
鼻歌
鼻口
鼻高
鼻根
鼻水
鼻先
鼻柱
鼻内
鼻面
鼻毛
鼻木
鼻薬
筆記
筆者
筆先
筆頭
筆箱
筆名
氷雨
氷屋
氷海
氷期
氷原
氷山
氷食
氷人
氷雪
氷炭
氷点
氷田
氷面
表意
表記
表具
表決
表口
表号
表紙
表出
表題
表通
表土
表白
表皮
表明
表面
表門
病院
病気
病苦
病原
病後
病死
病室
病弱
病人
病名
秒速
品物
品名
品目
着所
父兄
父子
父上
父親
父母
父方
負荷
負号
部員
部屋
部下
部外
部首
部数
部族
部長
部内
部品
部分
部面
部門
部落
風雨
風雲
風下
風化
風習
風水
風雪
風船
風速
風体
風土
風物
風聞
風流
風力
服役
服薬
服用
福音
物音
物語
物指
物事
物色
物心
物体
物品
物理
分院
分化
分家
分科
分会
分界
分外
分館
分業
分局
分区
分光
分校
分子
分室
分社
分宿
分乗
分身
分進
分数
分体
分地
分注
分店
分点
分配
分売
分秒
分母
分木
分野
分立
分流
分力
分列
小米
文意
文化
文科
文学
文楽
文月
文庫
文語
文字
文章
文体
文中
文調
文通
文筆
文部
文明
文面
聞手
強者
平安
平温
平家
平角
平気
平作
平時
平手
平水
平生
平定
平庭
平等
平日
平年
平板
平服
平分
平方
平明
平面
平落
平和
米屋
米語
米国
米作
米麦
米話
返歌
返金
返事
返上
返送
返答
返品
返礼
勉学
勉強
持合
歩行
歩合
歩調
歩道
母音
母語
母校
母港
母国
母子
母上
母親
母船
母体
母方
放火
放言
放出
放心
放水
放送
放題
放電
方角
方形
方言
方向
方式
方面
北海
北岸
北光
北行
北上
北進
北西
北朝
北天
北半
北部
北米
北方
北面
北門
北洋
本意
本員
本院
本屋
本音
本家
本科
本館
本気
本業
本局
本校
本国
本紙
本字
本社
本州
本書
本章
本場
本心
本人
本数
本線
本船
本草
本体
本題
本朝
本店
本島
本当
本道
本日
本年
本箱
本番
本部
本物
本名
本命
本来
本流
毎回
毎時
毎週
毎朝
毎度
毎日
毎秒
味方
身方
名医
名家
名画
名曲
名言
名工
名作
名実
名手
名所
名乗
名人
名声
名前
名湯
名答
名物
名文
名木
名目
名門
命運
命根
命数
命題
命中
命日
命名
明方
明暗
明記
明言
明細
明星
明朝
明度
明文
名酒
名茶
鳴声
鳴動
面画
面会
面子
面前
面相
面白
面目
毛糸
毛虫
毛頭
毛皮
毛筆
木星
木石
木炭
木馬
木箱
木曜
目安
目下
目玉
目高
目指
目次
目上
目星
目先
目前
目当
目白
目鼻
目方
目薬
問題
問答
門戸
門口
門歯
門地
門弟
門番
文目
夜毎
夜暗
夜雨
夜会
夜学
夜間
夜気
夜宮
夜業
夜曲
夜具
夜空
夜光
夜市
夜色
夜食
夜船
夜前
夜着
夜中
夜昼
夜長
夜鳥
夜道
夜風
夜分
夜明
夜来
野外
野球
野牛
野犬
野次
野心
野人
野生
野草
野鳥
矢面
矢表
役員
役者
役所
役場
役人
役目
薬屋
薬学
薬局
薬指
薬草
薬箱
薬品
薬物
薬味
油絵
油気
油虫
油田
友引
友交
友人
有様
有意
有形
有終
有人
有数
有声
有線
有体
有名
有用
有力
由来
遊心
遊休
遊女
遊里
夕顔
夕食
夕日
夕陽
夕風
夕方
夕立
予科
予感
予期
予見
予後
予行
予算
予習
予想
予知
予定
予表
用船
様体
曜日
様子
様式
様相
洋画
洋楽
洋間
洋館
洋語
洋式
洋室
洋酒
洋書
洋食
洋風
洋服
用意
用具
用言
用語
用紙
用事
用心
用水
用地
用度
用品
用命
羊肉
羊毛
葉書
陽画
陽気
陽光
陽子
陽皮
陽物
来意
来院
来会
来月
来光
来社
来車
来週
来書
来世
来談
来着
来朝
来店
来電
来日
来年
来方
来遊
落度
落下
落後
落語
落首
落書
楽書
落石
落第
落地
落丁
玉子
理科
理学
理工
理事
理神
理想
理知
理由
里子
里心
里方
立話
立夏
立秋
立春
立場
立体
立冬
立方
流音
流感
流血
流出
流水
流星
流石
流体
流通
流動
流入
流氷
流用
旅館
旅客
旅行
旅人
旅先
旅路
両院
両家
両岸
両口
両国
両耳
両者
両手
両人
両生
両全
両度
両刀
両頭
両日
両分
両方
両名
両面
両様
両洋
両用
両立
力泳
力学
力業
力行
力作
力石
力走
力足
力点
力投
力役
緑色
緑青
緑地
林学
林間
林業
林道
林内
林立
礼金
礼式
礼服
列国
列車
列島
練習
路線
路地
和人
和音
和歌
和楽
和牛
和金
和語
和紙
和室
和上
和食
和風
和服
和文
和平
和本
和洋
話者
話題
里言
里語
母指
地虫
悪業
悪計
悪血
悪口
悪行
悪日
悪馬
悪名
横糸
雨気
雨足
雨水
雲足
引船
円形
丸形
遠道
横風
黄玉
黄色
黄水
黄道
温習
音色
下作
下知
下葉
何所
夏時
夏草
家君
科白
火矢
花園
花町
荷役
画工
海神
海鳥
絵馬
外界
外庭
角界
球面
金色
兄妹
元金
元服
古歌
古寺
古酒
古金
古鉄
古物
古文
口数
工場
黄葉
行来
高名
合点
合板
黒雲
黒白
今昔
今朝
今日
今年
今夕
姉妹
詩歌
歯肉
主客
主根
主人
重荷
重手
出国
出所
出水
出生
出船
出鼻
春雨
助言
女形
女方
商人
少女
小女
上着
表着
上院
上世
上皮
上方
上様
乗客
食客
真直
真白
人心
人身
人数
人文
人目
人力
水鳥
水薬
正気
正客
正道
西方
赤色
切畑
先王
川面
前金
前足
前歯
前半
全国
早急
相反
草木
他言
他人
茶店
中指
中風
昼間
直球
直談
直答
直路
弟子
天神
天人
天地
天道
天路
見世
点心
島国
東風
頭数
同人
赤金
読本
内外
内宮
内庭
南国
南西
南東
日数
日本
入口
入水
年月
年頭
年表
波形
麦秋
発足
半月
半日
半年
反古
鼻血
鼻紙
花紙
鼻声
鼻息
氷室
氷水
氷柱
風車
分明
文書
平地
北国
北東
北風
本文
毎月
毎年
明日
問屋
夜寒
夜半
夜番
夜話
予言
来客
来春
来場
落葉
流行
両足
和名
上薬
秋晴
足元
足下
年魚
暗記
暗黒
育生
生花
活花
意向
入相
入海
入日
入歯
入物
雨期
受持
打消
売上
売子
売出
売手
売場
売行
運送
追風
王公
重味
母屋
母家
主屋
温和
会館
回章
回船
買手
買主
買物
海里
係員
花期
書取
画一
画引
下体
語部
科目
家門
気合
起原
気持
切通
切身
切味
切地
切物
切者
区画
組立
海月
水母
黒金
黒円
具合
工合
決起
決着
原注
子犬
小犬
幸運
子牛
小牛
交代
小売
古言
木立
古注
子羊
小羊
才知
細魚
仕上
仕方
仕着
仕組
子細
羊歯
紙魚
主意
拾集
主取
主持
正油
知合
仕分
事体
弱小
弱少
弱年
重体
上乗
人知
助平
正員
先頭
先登
全線
全船
全知
空豆
対日
台風
太平
章魚
立前
近道
近路
中秋
手当
定形
手帳
手引
天平
島主
島守
登用
取手
止金
取決
取組
取消
取調
取次
取引
取分
動気
同形
同名
中仕
中身
中味
投物
夏祭
夏向
荷送
入神
飲水
飲物
飲屋
乗手
乗場
乗物
箱船
鼻風
話中
花祭
鼻元
食出
晴着
売春
化物
板金
引合
引馬
引金
引算
引手
引戸
平目
平屋
昼食
中食
福引
両親
古里
部所
母形
前売
曲玉
丸顔
円顔
見返
神子
見通
見習
名字
虫歯
申入
申立
持主
持物
横丁
横町
他所
夜店
読取
読物
弱味
早生
長音
同学
合方
糸竹
歌声
原題
音詩
音大
階名
楽才
楽人
楽調
楽界
地声
頭声
室町
新橋
食育
社歌
赤組
早業
速業
大様
風上
風薬
国力
自問
週休
早春
草食
多角
長大
冬期
何十
話声
小火
町中
身軽
道草
見所
耳元
明年
名月
明月
用足
路上
和式
生起
生気
面談
引取
引受
院内
園内
横手
回向
海道
絵筆
開国
外洋
漢方
館内
客足
牛歩
高進
族生
高直
着火
打電
放流
表章
自生
開帳
活写
見分
帰朝
帰一
校合
味読
目礼
目送
落球
落馬
落着
立身
死守
消光
手交
習練
登板
当直
投下
登高
投宿
通読
遊泳
遊食
町立
中細
色白
小形
区立
生新
雪白
所期
全麦
馬身
木刀
部会
部活
部局
文教
分筆
病根
病身
茶園
着地
着駅
着氷
着意
着水
地歩
地表
地階
地文
長物
長打
長兄
調教
長命
調味
調練
長身
調色
柱面
注進
注水
注油
大福
第五
第三
打算
役牛
赤子
園丁
風波
風光
風向
服地
風味
船宿
分速
負数
外心
行幸
配本
配流
配役
発会
白色
板木
畑作
返電
日長
品行
筆力
放談
放校
本分
本土
歩数
山男
青葉
大洋
地学
手玉
田虫
緑虫
小手
物流
星目
田楽
葉月
神月
相子
教頭
近作
金石
金品
月内
県外
後進
受章
金気
広間
赤土
草地
谷地
長目
鉄線
土神
物持
野宿
矢先
宿六
馬子
長石
当板
道板
図体
地金
地色
時事
自今
時流
寺社
次週
自足
実姉
実相
日月
実妹
持薬
女色
門出
客死
川魚
荷葉
間八
鳥貝
白魚
顔黒
新春
陽春
定番
土中
和合
主神
赤紙
国体
直音
遊学
遊楽
遊子
小声
小魚
毎分
守刀
目頭
名分
名花
名君
明君
名勝
明色
名刀
実生
木工
毛根
目算
門柱
村里
内合
生水
肉太
肉声
農具
大台
大口
負目
面持
女手
親船
落日
落命
列強
練炭
練鉄
理路
路面
路用
緑化
緑茶
緑土
流木
流会
声調
整風
生業
生来
星食
青天
昔年
先学
車台
社屋
社運
色相
深部
身代
進言
神明
進物
深緑
詩才
子葉
金赤
平米
立米
赤口
漢名
表書
神式
同原
後宮
水引
日朝
消長
追号
鳴物
死相
実写
馬主
空室
父君
油紙
手水
着荷
文箱
宿世
船具
水鼻
水草
小才
小用
小路
国風
名聞
山風
山家
女気
神酒
細字
字面
海風
落人
近火
薬湯
外海
集注
草屋
生魚
角行
葉茶
白目
白雪
白雲
字書
和声
工人
金鉄
合服
間服
客人
客年
京都
用談
通人
配所
頭注
投打
投合
投身
朝見
朝野
首級
終生
終世
州都
手下
手練
船人
村落
所員
書写
書画
書家
土色
社寺
石柱
石高
図星
転化
勝地
登坂
登院
速球
数倍
方今
方円
野点
春色
対米
対局
対語
漢土
調馬
車屋
新茶
親王
親米
文相
筆生
秋思
宿所
宿駅
酒色
酒家
水指
水深
高下
高所
国学
国人
国対
山手
山陽
子役
市道
紙上
字数
持家
持出
持味
時半
自決
自室
自助
式部
実子
実弟
車中
取口
取水
手中
週内
重度
出走
酒店
宿木
古紙
小引
小事
小道
植生
小社
息女
早世
相思
大病
待命
太子
太山
炭田
鉄筆
鉄色
当地
答礼
当路
追記
売方
山場
山里
洋品
洋上
洋行
羊水
弱火
遊山
遊星
公田
客月
客語
行年
茶人
茶話
宿主
山気
西遊
大所
大業
祭文
心算
長夜
声音
高声
雨風
軽重
風神
組歌
矢羽
待合
心太
校注
転進
活魚
聞酒
高言
広言
速決
元売
元高
元歌
院主
館主
館外
原石
原曲
原級
和字
和書
和船
和漢
和親
運弓
運指
君国
君命
村雲
回天
回国
回春
回流
回読
帰心
帰服
帰休
帰来
帰村
帰投
帰校
帰港
帰農
血合
血書
血路
馬上
馬方
馬首
馬食
明主
明春
明美
明答
工手
空文
空目
空合
空耳
空身
空谷
空発
空茶
空家
空屋
空音
空荷
空馬
空電
空箱
空談
谷風
公知
港外
港図
口軽
後人
後口
後天
後出
後代
後光
後車
後門
後指
後送
後流
後足
後葉
発心
発向
発走
発起
発馬
発意
発話
発語
発駅
返本
返書
返球
金工
金口
金字
金主
金糸
金波
金員
金箱
金談
感受
急火
急使
急追
急転
音物
引物
暗緑
暗線
苦肉
苦虫
苦寒
客分
客用
戸毎
行人
行文
行水
行金
行宮
行旅
行路
動線
童女
用字
用役
用金
用筆
通力
通交
通有
通計
通運
通語
同体
同着
読切
読会
読図
読後
悲曲
悲話
悲歌
配車
配球
配船
歩度
豆板
豆炭
頭分
頭字
頭重
頭書
語音
中子
中火
中表
中音
朝来
朝風
朝酒
朝家
朝湯
朝間
首足
首題
組手
組頭
守役
受口
冬日
冬毛
冬服
冬着
冬場
終曲
終決
終車
終発
終期
手工
手代
手写
手合
手羽
手車
手金
手長
手業
手鼻
週日
週番
村立
村会
村有
村童
村道
都人
都下
都鳥
着岸
着発
着船
着雪
着電
書中
書手
書目
書役
書見
書林
書風
土工
土語
社中
社友
社主
社命
社風
社家
社章
社業
社線
社頭
石弓
石文
石竹
石板
石屋
石組
石筆
図工
図会
転地
転住
転学
転注
転音
転科
転記
身中
身命
身重
身持
実学
実見
実科
実員
実記
実理
取木
取皿
取所
取前
足代
足形
足弱
足湯
足軽
速写
速筆
速算
速読
族長
数十
数万
数次
数度
数等
送水
送風
送球
送話
方正
方里
方図
放列
放鳥
放歌
病中
病友
病体
病理
茶代
茶所
茶箱
野天
野手
野火
野合
野馬
野道
野路
局外
具申
春本
春光
春祭
春着
春寒
春陽
対人
対内
対生
対当
対空
対物
対流
対校
対顔
寒月
寒心
寒色
寒行
寒竹
寒国
寒点
漢人
漢学
漢書
漢族
間代
間色
間作
相作
間道
間遠
見台
見目
見神
見場
見様
調号
調音
調進
湖心
湖岸
家父
車力
車上
車代
車馬
下味
夏作
夏鳥
広口
広原
横根
横雲
泳者
光力
光体
光点
光頭
兄事
新刀
新月
新地
新来
新品
新酒
新書
新進
新道
新薬
親木
親心
親交
親里
親近
親柱
親書
親祭
親鳥
親筆
親等
親電
切目
味見
物見
文人
文才
文名
文事
文物
文弱
文理
文鳥
文集
文運
文様
文題
米中
米油
米所
米食
火水
火色
火消
火線
門人
門下
門火
門外
門前
門院
美文
美本
美田
美形
美声
美育
美服
美音
美食
美酒
美感
美談
美顔
自火
自用
自画
自注
自書
自記
階上
階乗
日夕
日子
日用
日毎
日足
日直
年毎
年式
年強
筆太
筆写
筆紙
筆答
筆意
筆算
筆談
番手
番所
番長
板子
板戸
板目
板屋
板書
始原
始期
式日
式台
式目
式次
等外
等式
等角
等速
等親
秋水
秋日
秋色
秋作
秋声
秋波
秋草
秋祭
秋期
宿根
宿帳
宿悪
宿運
宿業
宿意
酒手
酒客
題号
題字
題言
題画
題意
役名
船中
船方
船出
船台
船虫
船体
船医
船足
船板
船客
船級
船荷
船路
船玉
船頭
水火
水木
水心
水先
水油
水明
水物
水屋
水神
水食
水球
水船
水運
水練
水線
追分
追白
追送
追福
駅手
駅路
夜目
夜祭
夕月
号音
号笛
考究
宮人
宮守
宮室
宮家
宮様
小曲
小字
小作
小男
小足
小身
小使
小夜
小知
小者
小首
小昼
小寒
小童
小農
小歌
小頭
有心
有半
有色
有事
有配
有期
右左
国父
国母
国号
国主
国守
国光
国使
国原
国元
国鳥
国運
国漢
活物
活計
遠耳
遠島
相役
相客
相宿
箱屋
新玉
青地
青竹
青豆
青貝
青書
青息
青馬
白馬
青雲
晴雨
星学
星宿
星祭
平皿
名山
名主
名代
名号
名店
名品
名流
名馬
名筆
名数
名歌
名薬
買入
買方
売人
売文
売主
売品
売薬
鳴子
鳴戸
刀豆
山人
山犬
山守
山国
山海
山鳥
山番
言上
言下
言様
岸頭
期首
矢文
矢玉
矢来
矢場
指物
指頭
皮具
交角
校本
校主
校定
校服
校具
校風
学才
学外
学事
学風
教生
教主
教学
教具
教門
教場
女工
女心
女主
女坂
女物
女持
庭石
庭先
紙入
紙子
紙花
紙屋
紙帳
紙筆
紙数
地口
地中
地引
地心
地目
地合
地米
地相
地界
地場
地温
地番
地歌
整式
整調
神人
神木
神火
神気
神州
神色
神体
神助
神国
神前
神品
神速
神馬
神意
神橋
電命
電路
先天
西土
死力
死中
死文
死生
死肉
死地
死命
死物
死所
死海
死病
死線
死顔
細大
細君
細雨
細筆
細道
深化
深手
深長
深酒
深雪
深間
深意
計時
待人
持分
止水
道中
道心
道学
道糸
道家
道歌
虫気
虫薬
波風
波音
波面
波高
波間
波路
字母
字音
字間
海人
海山
海区
海内
海牛
海気
海黄
海図
海門
海魚
黒竹
場代
場外
場数
湯口
湯女
湯水
湯玉
湯花
湯屋
湯葉
湯波
油皮
上期
商学
落口
落手
落体
落花
落魚
落陽
打力
打水
打身
打点
打球
町方
町名
定立
定見
定言
定点
定宿
定温
定植
定業
歌口
出校
鉄人
鉄工
鉄山
鉄火
鉄心
鉄石
鉄血
鉄柱
鉄路
近古
近体
近事
近国
近時
近着
近間
近業
温石
練糸
練物
絵心
見高
話頭
母君
母物
母線
毎夕
毎号
毎次
毎夜
球界
球電
当今
当月
当代
当主
当年
当夜
当所
当家
当落
悪才
大力
大弓
大円
大白
大礼
大目
大同
大身
大君
大役
大足
大命
大味
大乗
大風
大度
大計
大食
大酒
大息
大船
大黄
大寒
大農
大数
大路
太白
多毛
多生
多色
多肉
多作
多売
多雨
多事
多発
多病
多感
直配
直読
植毛
植皮
左様
指金
祭主
祭式
祭事
祭服
祭具
祭場
気早
気重
気室
気弱
気短
入合
入部
内皮
内発
南画
男工
男手
男心
男坂
男声
男役
男物
心土
心学
心事
心室
心神
心音
心根
心組
心意
心頭
洋弓
洋犬
洋本
洋学
洋紙
洋銀
起毛
起死
起筆
里人
里数
里親
理外
理数
力水
力負
鳥人
鳥目
鳥追
薬方
薬代
薬用
薬礼
薬研
薬食
薬酒
薬理
薬園
表音
長上
長子
長文
長円
長生
長考
長足
長波
長雨
長家
長湯
帳元
作画
所行
所業
所思
強弓
強火
強直
強記
強談
知友
知日
知行
知育
知者
知歯
花入
花代
花氷
花色
花守
花糸
花柱
根毛
根方
根雪
銀地
銀糸
銀波
点薬
品形
品書
品番
品等
品数
決水
月下
月毎
月形
月番
外力
外分
外地
外事
外物
外宮
外商
外港
外題
木皮
木皿
木地
木通
木理
木組
木部
木魚
木葉
目元
目今
目色
目地
目角
目茶
目線
目顔
橋台
高工
高目
高年
高角
高弟
高足
高点
高風
高教
高歯
高話
高遠
高歌
高談
高調
高根
県人
県有
毛玉
毛羽
毛色
毛足
路銀
路頭
両三
両目
両前
魚油
魚板
魚道
魚族
川風
川路
面皮
面色
面当
面体
面長
面部
進上
進水
進取
進発
見番
羽虫
羽風
雨女
雨氷
雨男
雨後
雨間
寺男
時人
時化
時文
時日
時世
時運
詩友
詩文
詩心
詩作
詩学
詩想
詩語
耳打
耳語
色文
色糸
色里
色町
色物
色神
色黒
色悪
色絵
色道
色感
草本
草市
草色
草物
草根
草葉
緑玉
緑豆
緑林
緑雨
緑門
緑風
緑酒
緑野
形木
形代
形声
本丸
本元
本手
本代
本色
本式
聞耳
聞役
聞知
聞書
全会
全学
算入
算木
子方
糸目
糸遊
糸魚
福耳
福助
福相
福運
遊行
遊君
遊歩
遊金
遊客
農会
農作
農事
農相
農科
農期
農道
肉池
肉界
肉細
肉感
弱化
弱電
玉体
玉屋
玉音
赤手
赤心
赤本
赤目
赤地
赤虫
赤身
赤門
陽転
生木
生皮
生肉
生色
生形
生血
生米
生国
生首
生面
生酒
生紙
生動
生番
軽水
軽目
雲台
雲気
雲表
雲集
来期
流人
流言
流速
流転
休心
休神
休館
角地
角貝
角店
角柱
角通
角番
炭火
立木
立会
立地
立役
立見
立言
立命
立国
立者
立食
立番
立飲
林木
林野
葉身
葉物
葉風
岩戸
岩室
岩根
岩魚
岩場
業苦
旅心
旅所
食虫
食言
食間
弓手
弓馬
止男
止具
白太
白文
白玉
白光
白糸
白波
白雨
白面
白星
白酒
白話
白銀
雪上
雪下
雪山
雪玉
雪目
雪花
雪空
雪原
雪雲
雪線
礼物
礼楽
短小
短毛
短文
短日
短打
短見
短足
短夜
短音
風口
風月
風合
風見
風足
風前
風食
風教
早天
早出
早馬
早番
早道
楽土
楽長
楽音
牛刀
犬死
犬馬
先住
死点
消夏
消音
小弟
少弟
小店
生薬
他動
定休
庭前
右筆
妹分
黄人
大店
開銀
海相
角牛
化工
活線
火木
漢朝
学兄
岩頭
究理
教委
曲度
去声
近習
牛角
行体
行中
玉顔
玉章
玉代
銀笛
国表
月商
月相
月央
月金
言海
公住
工大
光来
高来
小箱
小目
左直
左表
左方
週期
宿学
首章
小委
小一
生者
小乗
昭代
勝着
小名
深交
真書
自玉
自工
字号
時習
実車
重工
上声
上進
昔時
世銀
切入
大兄
太守
立入
谷水
炭柱
短路
着米
中二
手刀
手役
天重
田家
田作
登科
当行
登第
取代
道央
同市
同小
同大
土日
日出
日白
日波
母鳥
左耳
筆才
羊雲
平声
太糸
平語
放光
店屋
女波
有夏
右文
用人
来由
旅次
大歌
木金
等方
木耳
外客
顔着
少子
食感
暗点
星形
炭取
冬鳥
雨林
遠投
気根
球速
強運
血刀
原酒
戸車
公魚
工船
黒鳥
石女
持方
車前
習合
春歌
食分
心皮
真皮
人定
図学
数表
青味
赤鼻
川船
全高
全問
走力
人様
多目
体毛
短目
地物
昼顔
昼光
直話
同和
年休
年商
配点
白州
部室
文言
毎期
毎食
力感
対地
注口
板場
名犬
野山
全休
予研
追行
発問
意字
温風
火取
火田
花台
花物
花野
花葉
画業
海幸
海進
海雪
海台
絵皿
開所
開度
開方
外書
落筆
実親
当校
点着
小書
牛後
整体
外銀
兄上
赤肉
西和
和西
表内
表外
商流
通電
角打
通年
米人
先回
同送
近場
出自
声道
相方
文具
本真
取方
薬名
手談
本葉
角出
土国
通事
黄味
温気
注力
県花
海地
所出
数行
数社
線上
前月
前作
度毎
冬作
当会
物書
夕空
両社
星界
同区
都銀
王弟
姉君
前王
宿星
麦球
洋文
魚体
船内
電着
正相
帳表
手番
配意
母数
白物
里山
黄組
青組
緑組
車名
国都
係合
分荷
花板
頭記
首記
弟君
夕礼
受肉
他州
直帰
直近
地気
色校
楽日
明荷
力紙
相星
手礼
北玉
算式
道長
通箱
上右
上左
下右
下左
通紙
歌物
青白
長虫
西語
番代
車高
数歩
波数
見知
本会
文頭
礼記
明夜
親水
暗箱
行所
板長
美白
式神
遠流
外板
船上
西下
人毎
港区
横列
電食
自走
自公
前転
目草
内着
天面
中人
青女
青花
本歌
氷魚
足長
県都
右横
米朝
家犬
食安
黒番
州外
州内
米紙
園生
船外
公助
階調
中皮
発水
肉球
調波
前広
緑葉
地毛
自毛
方立
絵面
豆科
真弓
水目
南天
目合
有道
多体
地鳥
角氷
集客
兄者
年女
名表
談語
早目
速目
大葉
員名
乗根
手短
本学
角形
赤味
転部
転石
男神
陽神
岩絵
正引
空様
発止
月毛
当来
頭身
岩板
声母
口音
反切
川波
階高
港市
月代
毛見
来夏
育休
山号
入寺
作庭
道号
白湯
切字
計里
天長
安和
天元
長和
長元
安元
正元
正安
正和
正平
元中
文和
正長
文安
文正
天正
元和
元文
明和
天和
頭語
帰米
油分
細石
寺号
子院
才六
馬手
番太
寺中
校名
水和
楽車
受花
中台
心柱
真柱
鼻頭
体色
和様
助六
後漢
外光
星人
青緑
板絵
木板
他車
赤日
本月
土面
空引
人日
売地
来館
終筆
反歯
合字
曲想
局名
金運
休部
先公
名車
円文
客気
羊皮
魚心
和算
直火
茶葉
船形
足根
道内
赤絵
号口
生足
角字
立礼
近村
足先
着生
対中
太目
水雲
海雲
入刀
度目
宿代
帰天
重電
細動
大魚
黒石
通園
中一
血流
氷上
入市
鳥天
開学
人鳥
生食
谷町
朝一
小父
小母
青目
知音
図南
日西
深皿
夜直
新古
強面
形動
体動
速急
筆界
花金
画角
洋字
音図
開音
合音
指事
生有
死有
中有
本有
神具
丁夜
気門
野面
立大
有休
帰島
赤点
絵組
学活
赤花
回族
海自
美道
波食
少雨
毛先
牛屋
広島
月中
矢車
葉虫
青歯
筆石
教母
黒体
農水
赤魚
大頭
竹笛
立刀
冬頭
糸頭
声聞
人界
上冬
子月
外合
下合
上合
本宮
新宮
今宮
宿曜
社日
肉月
列火
上科
小暑
音写
下前
上宮
下宮
首紙
首上
発頭
小貝
刀子
大貝
数分
西神
洋形
魚田
田遊
木所
紙箱
冬木
夕雲
黒毛
内明
油女
油目
油子
茶入
色身
旅鳥
田長
死出
鳥馬
羽白
星月
雨月
物化
持子
秋味
口細
西国
人手
女竹
弱竹
川竹
苦竹
漢竹
酒石
角岩
根深
青魚
風鳥
原牛
当院
魚鳥
線虫
金味
数発
当帰
下文
鳥皮
湯室
犬子
陽動
雨音
軽銀
回音
花丸
間葉
油物
消雪
肉柱
元正
水魚
門波
正写
月火
急雨
本皮
岩虫
黄血
感作
本作
目木
名親
正身
直身
自知
所生
国章
米州
和主
発毛
長球
火車
星表
近点
遠点
月立
買春
頭花
大羽
根音
上音
音画
理体
色玉
夜顔
本目
農大
明楽
母様
川虫
皮虫
木走
代引
後月
海氷
相同
夜酒
神族
目耳
多形
左楽
平調
雨鳥
土雲
病葉
日東
申楽
楽部
発赤
引赤
真麦
太笛
式年
薬室
庭火
県社
村社
柱間
黄酒
天王
人長
牛宿
調光
体文
速習
係止
回動
赤短
東漢
前漢
西漢
年央
戸部
礼部
工部
転院
水石
矢竹
馬草
土味
大箱
真名
真字
酒母
長銀
大神
赤玉
朝練
指羽
羽車
大玉
何語
中夏
何名
門葉
台流
反力
暑夏
平文
学食
星虫
矢虫
天部
後身
大鳥
細小
正見
正行
助業
正命
正定
高一
高二
高三
第四
全村
出定
石道
多時
空相
頭光
身光
本地
真風
作出
行道
豆球
耳落
泳動
雪風
正悪
横足
発場
中銀
歯間
前出
先出
上市
線表
空列
光化
主局
等化
等時
内字
倍角
倍速
発局
半語
分間
名礼
子安
通字
犬笛
町石
丁石
近医
立教
山行
詩行
長着
頭首
本曲
生中
第九
等色
口話
庫内
流線
追走
銀葉
面高
貝母
通流
遊具
自切
春花
配転
太線
細線
休出
去校
新期
来園
耳石
知客
長姉
星草
小部
青毛
白毛
茶湯
茶事
小間
月神
対自
真作
右図
日次
重苦
大悪
出図
南区
表目
漢才
代車
女院
同左
小業
語間
直和
数間
何用
医生
列福
根明
神名
客先
色数
始点
目力
転手
点手
柱体
小子
小妹
少妹
天板
星間
男運
女運
牛耳
両形
死苦
読話
天界
局紙
火病
帳台
帳代
赤茶
中今
女顔
所相
神門
大姉
丁合
庫院
打刀
茶花
後炭
正炭
台子
天目
仕服
時数
社大
地鉄
和国
多飲
理力
草炭
同語
内道
真先
白炭
神階
両部
和方
書字
弱起
心耳
銀目
人月
合皮
石黄
帳合
相待
日商
表地
鉄魚
古馬
所記
回分
着味
通級
氷温
丸八
都草
円相
和毛
内数
倍力
力線
茶名
葉理
洋白
受記
有界
転作
代親
高神
薬店
目板
目見
木化
夏中
本天
時球
悪地
水音
品玉
放下
花貝
丸字
対心
流下
工所
神力
平曲
引目
白声
円板
園地
美君
横流
花豆
洋算
直根
強雨
美品
毎冬
食人
下面
火球
岩組
金文
糸道
寺子
古名
明代
友子
道走
林家
船名
貝部
絵様
通船
鉄船
花炭
有理
明神
正丁
全期
血中
書箱
車外
地子
強電
筆画
指笛
油屋
方竹
詩化
長板
生口
小車
石人
配光
油火
赤気
真円
本図
組子
長毛
来校
和子
公地
間投
弱雨
左図
肉合
化転
波止
波戸
分有
長手
馬体
入館
苦鳴
水文
水理
宮門
曲用
車速
皮目
根石
車室
竹屋
小庭
客冬
橋板
小家
昼中
名題
土船
曲刀
用木
金神
中神
詩家
詩客
詩業
駅使
遊走
詩美
客星
算道
他校
番重
駅馬
門内
足台
矢庭
昔者
庭土
弓場
弓庭
新円
図子
上通
市章
天一
耳当
里村
葉音
丸竹
多動
投出
青鼻
追出
風音
雨夜
雪間
深秋
風花
生半
花心
雪代
春服
寒雨
寒雲
秋意
水貝
生貝
実動
秋空
大行
主柱
所内
人屋
新湯
本祭
村内
当金
当銀
買薬
男湯
国者
番屋
童男
庭口
馬道
見始
矢取
口子
女君
物外
他色
自色
漢直
王配
少童
湯立
神遊
本門
旅子
受宿
雲級
談林
朝寒
日女
後朝
店立
親犬
真屋
両下
風木
正対
春社
大年
大才
年神
明王
後夜
中夜
東学
開板
福楽
糸屋
音高
新内
直様
白首
身屋
南庭
早船
酒虫
本品
外教
白板
茶庭
中門
内教
楽語
式楽
長詩
表戸
船場
漢薬
対手
豆油
開先
茶商
月待
母岩
前室
外転
内転
湯番
分取
湯具
後頭
深林
色子
転合
定命
京童
広葉
女楽
昼三
中三
出女
間切
友会
姉分
茶船
力代
計帳
旅宿
工期
具名
朝陽
朝空
山畑
木羽
岩面
実年
書皮
春昼
秋暑
黄冬
親月
夏館
田守
池水
薬石
夏雲
電休
木橋
主公
化鳥
送配
歯元
図絵
絵羽
里犬
銀面
週次
始電
点本
立談
売日
物日
物前
木豆
風来
東名
車地
車知
耳貝
波貝
石貝
船貝
玉貝
日外
鳴鳥
落雪
雪夜
雪止
雪持
雪消
雪水
雪氷
雪形
山雪
里雪
雪食
赤雪
春雪
宿雪
雪室
細氷
中度
生日
終着
柱書
指板
虫魚
神使
毎夏
面角
中店
通物
起首
春水
兄分
町湯
中宿
風度
決答
詩会
海手
本星
農人
大州
正楽
耳毛
生歯
農書
金毛
小虫
行手
後山
来手
朝活
引波
来学
開式
農高
放線
受電
工区
流路
地銀
通期
期近
理会
品部
山外
豆打
半歩
平入
食草
大服
福茶
横板
寒九
火祭
丁銀
売色
年見
木守
数育
黒化
黄化
白化
当薬
足半
足中
食味
作話
青星
親石
雨下
本表
集村
軽風
間柱
門生
長頭
短頭
中頭
長角
炭車
金円
白味
配向
金頭
火魚
朝服
兄矢
早矢
数矢
酒米
赤米
湯取
名田
平場
名水
園池
赤血
公所
全州
足指
月役
休薬
薬中
黒味
黒身
医方
大言
転流
足部
大戸
走時
門中
名石
前医
筆屋
空店
明店
温玉
品題
水金
笛柱
正先
上首
地紙
小門
屋戸
屋前
坂路
住金
右記
終速
和酒
山月
和習
太物
行草
仕所
詩神
詩書
店名
帰日
夏期
春期
春気
遊園
神庫
新子
女木
男木
長歌
勝運
相銀
正横
君等
色味
表方
直長
音取
馬名
線区
商銀
山立
名橋
兄様
箱形
内食
晴男
晴女
地体
新船
血道
血石
血温
手力
虫部
取米
葉形
州走
水注
全作
色度
音数
名局
犬科
日台
村戸
雪面
下医
直人
山草
中太
食油
花月
園庭
来局
来県
来者
来秋
来所
来冬
来命
相合
王都
原反
終礼
礼紙
黒牛
方音
金時
来行
来集
来路
来話
楽毛
落月
落車
楽所
楽事
落字
落想
楽地
落鉄
間紙
間銀
合銀
角食
相店
相年
相番
相等
間日
合火
相引
月一
相物
間物
合物
西進
山食
湖口
夏羽
海緑
色界
他屋
向日
落研
火頭
開湯
有生
君父
古期
角回
台船
出州
住戸
平虫
声点
様方
山幸
黄皮
黒皮
犬皮
横言
温言
家言
表事
王父
王母
公空
直毛
名様
指声
入方
安車
切絵
洋物
和物
中物
気死
次発
星石
板石
青石
油石
油色
次客
歌語
火風
大用
校区
湖風
酒息
物相
組員
紙皿
角化
所場
京間
泳力
商屋
道会
落水
青短
次葉
馬着
何頭
小顔
多指
中歯
玉形
歯黒
角家
石打
子祭
外箱
自死
外大
来島
上一
同君
水月
女男
道着
短少
大取
助動
係助
終助
感取
雲茶
安者
夏空
秋月
相中
画力
物申
白組
女真
女直
水場
社食
顔中
用後
風草
遠行
小夏
市神
犬神
内神
花神
歌神
鳴神
行神
男名
生馬
刀室
落橋
軽声
色石
暗語
転活
洋医
路次
登園
帰園
庭内
点出
分級
悲調
半間
内柱
他教
鼻角
海角
西京
長路
長道
土代
死都
海鳴
友船
和色
高中
急風
波板
白道
台北
反中
死馬
箱物
詩体
場風
犬服
目面
面金
酒人
男顔
入村
来福
来京
打感
和薬
通名
白球
持手
豆男
代子
教子
鉄球
黒玉
名色
長鼻
受話
日語
体表
首元
平草
耳金
白茶
終活
馬船
終章
大知
明知
線毛
秋雪
雨雪
銀雪
男山
女山
風戸
夏冬
反流
切金
細金
入家
実食
漢水
寒水
入山
名詩
名帳
当寺
当山
乗鉄
組物
多客
洋刀
曲集
寒苦
年酒
冬月
野遊
古葉
聞茶
春意
足刀
投写
葉肉
小味
福神
横物
上湯
内調
手事
着回
秋寒
分画
後転
星様
正肉
科名
遊着
集住
円石
宮寺
自園
社地
平頭
着方
小柱
神農
化内
化外
名神
鳥頭
強取
乗口
会歌
同中
島外
面一
水天
球陽
小板
打手
公主
着金
門主
荷室
深青
丸皿
真神
食入
時花
入線
育毛
育林
全室
駅近
終油
終板
酒食
有文
家用
宮号
正時
氷頭
家着
魚形
出玉
出球
中石
母星
化調
時角
他書
配荷
送客
実字
助字
直生
音場
長点
短点
駅中
売電
花酒
船庫
同母
同父
新線
目数
発来
細根
紙土
笛竹
章動
神水
風笛
入数
空事
前玉
船祭
父馬
作刀
公女
学都
気切
他銀
駅家
部番
下階
上階
他筆
福木
音形
神幸
本身
神事
氷州
言表
下木
暗屋
暗者
上木
雪茶
筆毛
緑草
日局
日土
野音
立面
森立
生豆
休筆
半目
夜天
間章
山主
駅子
火船
入店
売高
雲客
実事
湯畑
作命
局方
白度
練度
病者
竹炭
助炭
小炭
人才
味酒
歩速
用土
全点
黒暗
終朝
日天
月天
月宮
鉄面
流局
品代
同生
真花
波力
海口
矢石
味玉
海南
何色
水族
休園
夏毛
自強
住屋
整氷
作中
野風
足乗
葉先
分合
夜用
銀歯
山体
父王
父音
何階
正円
薬事
空自
母貝
重音
実化
中文
全波
新同
外生
内生
元夕
主業
町代
玉糸
小球
遊人
女役
考古
門表
社号
小花
買時
買場
細麦
作字
村切
次作
農用
赤物
金葉
手皿
食時
半顔
下代
安目
親業
皮田
皮多
事力
次丁
仕丁
少丁
中男
白丁
実部
半夏
陽根
多調
公船
花水
家国
事計
白頭
重土
青線
原水
暗夜
軽雨
切土
冬天
回青
西教
等倍
通言
転帰
幸水
新水
列植
姉者
台屋
対飲
橋上
直道
神回
体高
金土
相人
水行
石子
石投
名子
銀玉
冬祭
対合
古形
育薬
丸走
聞様
手球
軽車
切頭
早発
馬毛
回頭
暗数
空力
車校
星列
来住
色水
米銀
自風
庭場
軽四
花六
油玉
油球
南流
北流
東流
西流
着港
黒犬
白犬
人年
園路
都有
薬科
秋夕
氷球
石理
石目
魚子
上元
下元
語中
年半
通所
主星
県紙
同通
黄落
有向
名園
持高
後根
神曲
上葉
雲中
福豆
水氷
実売
湖北
方書
通直
近流
上国
落木
多頭
木毛
元期
氷箱
上肉
両県
内肉
県央
氷島
和行
校書
中朝
放学
青肉
両校
古美
色名
左書
平行
左横
虫国
放楽
漢代
車列
神矢
下土
町道
青身
音度
内見
横持
県鳥
電書
後庭
集音
新都
新京
県土
行雲
市名
中計
男波
秋高
西行
表山
大外
緑園
相倍
当園
鉄馬
歩様
苦海
新駅
合筆
上門
外名
内名
起始
病休
活語
時中
庭中
多子
真中
西夏
星章
天宮
宮女
親中
羽板
母者
青漢
貝肉
人用
車間
配食
青金
都区
直電
転筆
秒角
根矢
糸玉
地雨
表店
表年
火計
長弓
転園
木道
心所
秋雲
朝雲
馬取
山雲
神王
終雪
玉酒
放生
米式
魚市
魚店
地魚
根魚
畑刀
小二
出丸
小三
小四
小五
小六
犬顔
母牛
黄牛
京男
右前
国方
地車
犬肉
室礼
長春
走向
行星
係柱
客前
王台
回書
進運
社有
空書
明所
通理
校地
市国
死絵
里地
反社
国歩
金地
正着
小酒
上波
春物
工口
大耳
他紙
代目
点前
細注
早雪
回雪
遊糸
新出
親雪
春運
白肉
野味
歌意
紙店
作絵
寒食
筆研
心友
後来
受苦
詩意
今世
和弓
両京
重九
丸台
文身
全一
都電
他地
多知
有米
馬医
妹君
休院
休室
国所
図化
生所
人天
草薬
物名
定日
雨意
天山
首部
漢服
門流
新葉
州立
新馬
本寺
道上
都道
理気
妹兄
羽球
安地
女書
世運
貝葉
人海
笛子
町丁
算筆
新知
聞見
日新
本所
配植
本金
車重
同作
地動
予等
小感
合紙
筆字
実飲
北送
立県
出雲
高知
前橋
岩手
青森
石見
出羽
羽後
羽前
岩代
重言
長声
大二
小丸
神命
天川
答電
色上
転子
追客
朝命
会者
宮相
悪食
新楽
男方
男形
引家
高商
県南
顔本