明白
白地
天魚
雨子
旗魚
機関
急度
白口
半平
散荷
列記
印度
加行
左行
佐行
謝文
助番
多行
河内
波行
発条
麦酒
夜行
愛育
愛飲
愛犬
愛護
愛好
愛国
愛妻
愛児
愛車
愛書
愛唱
愛情
愛息
愛鳥
愛読
愛馬
愛用
悪意
悪衣
悪運
悪化
悪果
悪貨
悪寒
悪感
悪漢
悪気
徒者
悪逆
悪球
悪玉
悪形
悪方
悪言
悪妻
悪事
悪質
悪者
悪手
悪酒
悪習
悪所
悪書
悪女
悪場
悪心
悪神
悪人
悪水
悪性
悪政
悪声
悪税
悪戦
悪相
悪態
悪天
悪徒
悪投
悪童
悪道
悪徳
悪熱
悪念
悪筆
悪評
悪病
悪婦
悪風
悪文
悪法
悪夢
悪役
悪友
悪用
悪令
悪例
悪路
圧覚
圧観
圧殺
圧死
圧出
圧勝
圧神
圧制
圧政
圧接
圧着
圧入
圧力
安易
安価
安楽
安気
安居
安産
安手
安酒
安住
安宿
安心
安神
安静
安全
安息
安打
安置
安着
安直
安定
安物
安保
暗雲
暗君
暗号
暗合
暗殺
暗算
暗示
暗室
暗唱
暗証
暗色
暗然
暗中
暗転
暗部
暗流
案下
案外
案件
案出
案内
以遠
以往
以下
以外
以後
以上
以西
以前
以東
以内
以南
以北
以来
位階
位官
位記
位次
位相
委員
委曲
委細
委任
委付
意外
意気
意義
意見
意志
意思
意識
意図
意地
意中
意馬
意表
意味
意力
易学
易経
易者
成手
移管
移行
移住
移出
移乗
移植
移設
移送
移着
移転
移動
移入
移民
衣香
衣食
衣帯
衣服
衣料
医員
医院
医家
医科
医会
医界
医学
医官
医業
医局
医師
医事
医者
医術
医書
医大
医長
医道
医博
医務
医薬
医用
井戸
井守
井底
育英
育児
育種
印画
印形
印行
印材
印刷
印紙
印字
印書
印章
印象
印税
印相
印池
印刀
印肉
印本
員外
員数
因果
因業
因子
因数
因由
引当
引火
引見
引照
引証
引数
引責
引接
引導
引用
引率
引卒
引力
引例
飲口
飲手
飲代
飲薬
飲酒
飲助
飲食
飲用
飲料
院外
院号
院政
院生
院長
院本
右下
右岸
右手
右上
右折
右足
右辺
右方
右面
右目
右葉
羽根
羽子
羽衣
羽音
羽化
羽織
羽太
羽毛
羽目
破目
雨雲
雨具
雨空
雨戸
雨声
雨着
雨中
雨注
雨天
雨量
馬屋
運営
運河
運気
運休
運航
運行
運算
運上
運勢
運転
運動
運筆
運命
運輸
運用
雲海
雲間
雲形
雲高
雲助
雲上
雲水
雲母
雲量
営業
営所
営倉
営巣
営造
営団
営利
営林
栄位
栄花
栄光
栄進
栄達
栄典
栄転
栄養
営養
永遠
永住
永世
永生
永続
永代
永日
永別
泳法
英気
英京
英語
英国
英詩
英資
英字
英書
英数
英断
英文
英米
英名
英和
衛所
衛星
衛生
衛兵
液化
液状
液性
液体
液面
液量
益金
益虫
益鳥
益友
駅員
駅舎
駅前
駅長
駅伝
駅頭
駅夫
駅弁
駅名
円安
円価
円貨
円規
円居
円曲
円高
円周
円心
円柱
丸柱
円転
円内
円本
円満
園芸
園児
園長
演歌
演技
演義
演曲
演芸
演算
演者
演習
演出
演説
演題
演武
演目
遠因
遠泳
遠音
遠火
遠海
遠眼
遠近
遠景
遠見
遠国
遠出
遠心
遠浅
遠祖
遠足
遠大
遠地
遠方
遠望
遠目
遠矢
遠洋
遠来
遠路
塩化
塩基
塩気
塩酸
塩焼
塩素
塩田
塩湯
塩豆
塩梅
塩物
塩分
塩味
塩類
往航
往事
往時
往信
往生
往昔
往日
往年
往復
往返
往来
往路
応急
応接
応戦
応対
応待
応答
応分
応報
応用
応力
横顔
横議
横行
横死
横車
横書
横線
横隊
横断
横着
横長
横笛
横転
横道
横波
横文
横暴
横面
横木
横目
横様
横領
王位
王化
王家
王宮
王国
王子
王師
王事
王室
王者
王手
王女
王城
王水
王制
王政
王族
王朝
王土
王統
王道
王物
王法
王様
王立
黄河
黄花
黄海
黄金
黄口
黄身
黄体
黄鳥
黄土
黄白
黄緑
岡目
沖積
沖天
沖縄
億兆
屋外
屋号
家号
屋根
家根
屋上
屋台
屋体
家台
屋内
温顔
温厚
温室
温順
温情
温色
温水
温帯
温点
温度
温湯
温熱
温容
温浴
温良
音価
音階
音楽
音感
音曲
音訓
音字
音質
音信
音声
音節
音素
音像
音速
音調
音程
音頭
音読
音波
音便
音名
音容
音量
音力
下位
下意
下院
下家
下屋
下火
下界
下絵
下期
下記
下級
下金
下句
下血
下見
下限
下戸
下向
下校
下行
下国
下坂
下阪
下山
下士
下歯
下車
下手
下宿
下書
下女
下乗
下城
下情
下職
下心
下臣
下人
下図
下水
下石
下線
下船
下草
下側
下足
下帯
下達
下男
下地
下着
下町
下田
下湯
下等
下道
下読
下熱
下馬
下半
下番
下肥
下表
下品
下付
下部
下風
下物
下聞
下放
下方
下名
下命
下目
下問
下野
下役
下薬
下様
下落
下略
下流
化育
化学
化合
化身
化成
化生
化石
仮屋
仮家
仮宮
仮橋
仮決
仮言
仮死
仮歯
仮借
仮初
仮植
仮親
仮数
仮性
仮声
仮想
仮相
仮定
仮病
仮面
仮役
何回
何月
何才
何事
何時
何者
何条
何人
何千
何卒
何点
何度
何等
何日
何年
何番
何百
何物
何分
何方
何様
価格
価額
加圧
加温
加害
加給
加減
加護
加工
加号
加算
加持
加水
加数
加勢
加増
加速
加入
加熱
加年
加配
加判
加筆
加法
加味
加役
加薬
加養
加里
可逆
可決
可動
可読
可燃
可能
可分
可変
可用
夏衣
夏山
夏場
夏着
夏虫
夏日
夏服
夏物
夏野
家運
家屋
家格
家学
家教
家業
家具
家兄
家計
家元
家財
家作
家産
家事
家主
家集
家出
家書
家常
家職
家信
家臣
家人
家政
家声
家相
家族
家中
家長
家庭
家伝
家電
家内
家風
家法
家名
家来
家礼
家令
家例
家路
家老
科学
科挙
科料
果菜
果実
果食
果然
果断
果肉
果皮
果物
果報
歌会
歌格
歌学
歌曲
歌手
歌集
歌書
歌唱
歌心
歌人
歌題
歌道
歌風
河港
河鹿
河水
河川
河童
河馬
火屋
火花
火器
火気
火足
火急
火玉
火元
火光
火口
火災
火皿
火山
火事
火手
火種
火酒
火食
火勢
火星
火先
火中
火柱
火熱
火夫
火薬
火曜
火力
個条
花弁
花屋
花火
花芽
花器
花客
花形
花見
花香
花札
花時
花実
花信
花束
花鳥
花道
花畑
花粉
花木
花梨
花林
花輪
荷札
荷車
荷主
荷受
荷重
荷船
荷足
荷台
荷電
荷縄
荷馬
荷物
花美
花車
課員
課外
課業
課金
課制
課税
課題
課長
課程
貨財
貨車
貨物
過去
過言
過失
過重
過小
過少
過食
過信
過多
過大
過程
過度
過当
過日
過熱
過半
過分
過料
過量
過労
画意
画因
画家
画会
画学
画期
画才
画材
画紙
画室
画質
画手
画集
画商
画心
画人
画数
画然
画素
画像
画題
画談
画帳
画調
画定
画道
画板
画筆
画布
画風
画報
画法
画本
画面
賀意
賀状
賀正
会意
会員
会飲
会期
会規
会議
会計
会見
会合
会式
会社
会主
会集
会所
会商
会場
会食
会心
会席
会戦
会則
会談
会長
会頭
会同
会堂
会得
会読
会費
会報
会話
解禁
解決
解散
解消
解職
解説
解体
解題
解答
解毒
解読
解任
解熱
解放
解法
解明
解約
回帰
回教
回航
回状
回心
回数
回生
回折
回線
回想
回送
回虫
回転
回答
回付
回復
快復
回文
回報
回目
回遊
回礼
回路
快楽
快活
快感
快挙
快作
快事
快晴
快走
快速
快調
快適
快刀
快方
改悪
改印
改行
改作
改札
改修
改心
改新
改正
改選
改組
改造
改題
改築
改定
改版
改変
改編
改名
改良
海員
海運
海外
海岸
海軍
海原
海港
海国
海参
海事
海女
海象
海馬
海上
海食
海深
海水
海草
海中
海底
海兵
海辺
海綿
海面
海洋
海陸
海流
海路
界面
絵画
絵図
絵本
開院
開運
開園
開演
開化
開花
開会
開館
開眼
開業
開局
開口
開校
開港
開山
開始
開示
開城
開場
開設
開戦
開祖
開通
開店
開発
開票
開平
開放
開明
開門
開立
階下
階級
階数
貝貨
貝柱
貝毒
貝類
外圧
外衣
外因
外科
外貨
外角
外観
外気
外局
外形
外径
外見
外語
外交
外向
外国
外紙
外資
外字
外耳
外車
外周
外出
外場
外食
外信
外人
外接
外線
外相
外注
外的
外典
外電
外湯
外灯
外道
外皮
外付
外部
外聞
外米
外方
外務
外面
外野
外遊
外様
外用
外来
害悪
害虫
害鳥
害毒
街角
町角
街区
街図
街灯
街頭
街道
街路
各位
各員
各駅
各界
各階
各月
各県
各個
各校
各行
各国
各市
各紙
各自
各室
各社
各種
各所
各省
各人
各地
各店
各部
各面
格安
格言
格差
格子
格式
格調
格別
各別
確言
確固
確実
確証
確信
確定
確答
確保
確報
確約
確率
確立
覚者
角材
角笛
角度
角皮
学位
学院
学園
学科
学課
学会
学界
学期
学究
学級
学業
学区
学芸
学校
学祭
学士
学資
学識
学舎
学者
学習
学術
学生
学説
学則
学卒
学長
学徒
学童
学内
学年
学費
学府
学部
学名
学問
学友
学理
学力
学歴
楽員
楽園
楽屋
楽観
楽器
楽曲
楽士
楽勝
楽章
楽想
楽隊
楽団
楽天
額面
活気
活字
活性
活動
活発
活版
活弁
活用
活量
活力
活路
松魚
空風
寒害
寒気
寒空
寒暑
寒村
寒帯
寒地
寒中
寒天
寒波
寒風
寒夜
寒流
寒冷
刊行
完結
完成
完全
完走
完敗
完備
官界
官許
官事
官舎
官職
官製
官能
官費
官報
官命
官用
官話
幹事
幹線
幹部
幹流
感応
感化
感覚
感泣
感興
感光
感謝
感情
感心
感性
感想
感知
感電
感度
感動
感服
慣行
慣習
慣性
慣用
慣例
漢英
漢音
漢語
漢詩
漢字
漢文
漢和
幹理
管区
管制
管内
管理
観客
観月
観光
観察
観賞
観戦
観測
観点
観念
間近
真近
間欠
間口
間合
間際
真際
間者
間食
間数
間接
間断
間男
間中
間話
関係
関所
関心
関西
関税
関節
関知
関東
関白
関門
関連
屋形
館員
館長
丸味
円味
丸一
丸公
丸事
丸毎
丸首
丸十
丸石
丸損
丸太
丸帯
丸底
丸本
丸木
丸薬
丸曲
岸辺
眼下
眼科
眼界
眼球
眼光
目差
眼指
眼識
眼点
眼目
眼力
岩塩
岩屋
岩角
岩間
岩山
岩石
岩乗
顔形
顔容
顔色
顔付
顔面
顔役
顔立
顔料
願意
願主
願酒
願書
願状
願文
願面
願力
喜色
器楽
器官
器具
器材
器物
器用
器量
基音
基幹
基金
基石
基地
基調
基底
基点
基板
基部
基本
寄合
寄道
寄金
寄港
寄航
寄宿
寄生
寄席
寄留
岐路
希求
希望
旗手
旗色
旗頭
旗挙
期間
期限
期待
期内
期日
期末
機運
機化
機会
機械
器械
機器
器機
機構
機材
機種
機首
機序
機先
機体
機長
機転
気転
機動
機内
機能
機略
帰化
帰京
帰結
帰国
帰社
帰順
帰省
帰属
帰着
帰任
帰路
気圧
気運
気温
気化
気学
気楽
気管
気球
気軽
気候
気功
気質
形気
気象
気色
気心
気勢
気性
気絶
気前
気相
気息
気体
気団
気長
気道
気配
気品
気風
気分
気味
気立
気流
気力
汽車
汽水
汽船
汽笛
季刊
季語
季候
季節
希少
希世
紀元
紀行
紀要
規格
規制
規則
規定
規程
規約
記号
記事
記者
記述
記章
記帳
記入
記念
紀念
記法
記名
記録
起案
起因
基因
起居
起業
起工
起算
起草
起点
起電
起動
起用
起立
技師
技手
技術
技能
技法
技量
義眼
義気
義訓
義兄
義姉
義歯
義手
義足
義弟
義父
義母
義妹
義務
義理
議案
議員
議院
議会
議決
議士
議事
議場
議席
議題
議長
議定
客員
客演
客観
客間
客室
客車
客席
客船
客体
客土
逆境
逆行
逆算
逆子
逆児
逆上
逆数
逆接
逆説
逆転
逆点
逆風
逆用
逆流
久方
休意
休演
休会
休学
休刊
休業
休校
休航
休講
休止
休場
休職
休戦
休息
休足
休転
休電
休日
休養
宮司
宮城
宮中
弓具
弓形
弓術
弓道
弓矢
急足
急行
急坂
急死
急所
急場
急進
急性
急切
急設
急送
急増
急造
急速
急病
急変
急務
急用
急落
急流
救急
救護
救出
救助
救世
救貧
救命
求愛
求職
求人
求積
求道
泣笑
泣虫
球技
球形
球根
球場
球状
球体
球団
究極
究明
級数
級長
級友
給血
給仕
給食
給水
給湯
給付
給油
給料
旧悪
旧衣
旧家
旧刊
旧官
旧慣
旧観
旧規
旧記
旧居
旧教
旧故
旧号
旧国
旧妻
旧作
旧師
旧字
旧時
旧式
旧識
旧主
旧習
旧章
旧臣
旧人
旧制
旧製
旧説
旧村
旧態
旧知
旧地
旧典
旧都
旧土
旧冬
旧道
旧波
旧夫
旧婦
旧風
旧物
旧聞
旧法
旧夢
旧名
旧約
旧友
旧来
旧流
旧領
旧例
牛舎
牛車
牛肉
牛馬
牛皮
去月
去勢
去年
去来
居間
居候
居住
居所
居留
挙行
挙国
挙止
挙式
挙手
挙証
挙動
挙兵
許可
許容
漁業
漁港
漁師
漁場
漁色
漁船
漁村
漁夫
漁父
漁労
魚屋
魚貝
魚群
魚精
魚肉
魚類
京形
京阪
京坂
京師
京女
京人
京地
京表
京風
京物
京方
京葉
男気
競泳
競演
競技
競合
競作
競争
競走
競馬
競売
競歩
競輪
共営
共栄
共益
共演
共学
共感
共産
共助
共生
共通
共犯
共編
共鳴
共有
共用
共立
協会
協議
協業
協賛
協商
協心
協調
協定
協約
協和
境界
境地
境内
境目
強味
強意
強引
強音
強化
強気
強健
強行
強国
強弱
強制
強勢
強打
強大
強調
強度
強風
強弁
強要
強力
教育
教員
教王
教化
教科
教会
教官
教義
教区
教訓
教材
教師
教示
教室
教授
教習
教書
教条
教職
教祖
教則
教団
教典
教徒
教導
教父
教本
教務
教養
教理
教練
興起
興業
興行
興国
興味
鏡像
鏡台
鏡板
鏡面
業因
業果
業火
業界
業者
業種
業績
業態
業病
業物
業報
業務
局員
局限
局所
局地
局長
局番
局部
局面
曲物
曲悪
曲解
曲学
曲技
曲球
曲芸
曲事
曲水
曲折
曲節
曲説
曲線
曲調
曲直
曲馬
曲筆
曲名
曲面
曲目
曲率
曲流
曲路
極悪
極意
極印
極右
極楽
極寒
極限
極小
極上
極性
極線
極大
極地
極点
極度
極東
極貧
極北
極力
玉石
玉虫
玉門
均一
均質
均整
均等
均分
禁漁
禁句
禁固
禁止
禁酒
禁所
禁書
禁制
禁則
禁足
禁断
禁物
禁輸
禁令
近海
近刊
近眼
近目
近県
近在
近似
近所
近親
近世
近接
近代
近東
近日
近年
近辺
近来
金印
金貨
金額
金管
金魚
金銀
金具
金型
金欠
金言
金庫
金高
金歯
金持
金星
金属
金物
金平
金脈
金目
金曜
金利
金力
銀河
銀貨
銀漢
銀器
銀行
銀山
銀紙
銀色
句意
句会
句義
句作
句集
句節
句点
句読
句法
区会
区間
区議
区検
区長
区点
区内
区費
区分
区別
区民
苦界
苦学
苦楽
苦境
苦言
苦行
苦手
苦笑
苦情
苦心
苦戦
苦土
苦味
苦役
苦労
具現
具象
具足
具体
具有
空地
空位
空間
空気
空軍
空言
空港
空行
空似
空車
空手
空所
空色
空席
空前
空想
空中
空調
空転
空白
空費
空母
空包
空名
空輸
空理
空陸
空冷
空路
熊手
君子
君主
君臣
君達
訓育
訓示
訓辞
訓点
訓読
訓令
訓練
訓連
訓話
群居
群生
群像
群体
群島
群落
軍衣
軍医
軍営
軍歌
軍学
軍楽
軍器
軍旗
軍機
軍規
軍紀
軍記
軍議
軍犬
軍功
軍港
軍国
軍使
軍士
軍師
軍資
軍事
軍車
軍手
軍書
軍情
軍職
軍神
軍人
軍制
軍勢
軍政
軍船
軍属
軍卒
軍隊
軍団
軍談
軍長
軍刀
軍道
軍馬
軍配
軍費
軍備
軍票
軍夫
軍部
軍服
軍法
軍民
軍務
軍門
軍容
軍用
軍略
軍旅
軍令
軍礼
軍路
郡県
郡部
係官
係数
係船
係争
係属
係長
係留
兄後
兄姉
兄弟
型紙
型番
形見
形式
形象
形状
形勢
形成
形相
形態
形体
形容
景観
景気
景勝
形勝
景色
景品
経営
経過
経験
経口
経世
経線
経典
経度
経費
経文
経由
経理
経歴
経路
径路
計画
計器
計算
計上
計数
計測
計略
計量
軽快
軽機
軽業
軽減
軽口
軽少
軽食
軽石
軽度
軽便
軽油
軽率
軽卒
軽量
鳥肉
芸者
芸術
芸人
芸大
芸当
芸能
芸風
芸名
欠員
欠課
欠航
欠字
欠席
欠損
欠点
欠番
欠文
欠落
欠礼
決意
決議
決行
決算
決死
決勝
決心
決戦
決然
決断
決定
決別
潔白
結果
結球
結局
結言
結語
結構
結合
結社
結集
結成
結石
結節
結束
結末
血圧
血液
血管
血眼
血目
血気
血球
血行
血色
血清
血相
血族
血統
血豆
血肉
月額
月刊
月間
月給
月極
月経
月見
月光
月事
月謝
月色
月食
月日
月次
月別
月報
月末
月明
月面
月夜
月曜
月例
件数
件名
健康
健在
健児
健勝
健全
健投
健筆
健歩
建議
建具
建国
建材
建設
建造
建築
建白
建物
建立
検印
検眼
検挙
検査
検察
検札
検事
検出
検証
検束
検定
検波
検便
検問
犬歯
犬舎
研学
研究
研修
県営
県下
県会
県議
県道
県内
県民
県立
見解
見学
見境
見合
見参
見事
美事
見識
見者
見地
見当
見物
見聞
見方
見本
険悪
険相
険路
元悪
元気
元軍
元結
元号
元三
元始
元手
元首
元祖
元帳
元朝
元日
元年
元標
元方
元本
元来
元老
原案
原意
原因
原音
原画
原器
原義
原句
原型
原形
原語
原鉱
原告
原罪
原作
原産
原始
原子
原糸
原紙
原詩
原種
原書
原状
原色
原人
原図
原生
原像
原則
原隊
原虫
原典
原点
原頭
原動
原発
原板
原版
原票
原品
原付
原物
原文
原本
原民
原綿
原毛
原木
原野
原薬
原油
原由
原理
原料
減圧
減価
減額
減産
減資
減少
減食
減数
減税
減速
減点
減配
減反
減法
減量
黒人
現価
現業
現金
現行
現在
現実
現象
現場
現状
現職
現世
現像
現代
現地
現物
現役
現用
言草
言種
言分
言方
言外
言語
言行
言質
言説
言伝
言動
言明
言葉
限界
限定
限度
個室
個人
個性
個体
個別
古意
古音
古家
古屋
古画
古格
古学
古楽
古顔
古器
古記
古義
古曲
古句
古訓
古血
古語
古今
古参
古史
古詩
古字
古式
古手
古書
古城
古色
古人
古制
古昔
古説
古巣
古草
古体
古代
古池
古茶
古着
古典
古伝
古都
古刀
古道
古版
古筆
古風
古服
古米
古方
古法
古木
古来
古流
古例
古老
故老
固化
固形
固型
固持
固辞
固守
固体
固定
固有
戸外
戸口
戸主
戸数
戸板
戸別
故意
故旧
故国
故事
古事
故人
故買
湖上
湖水
湖面
午後
午前
午年
後家
後学
後期
後記
後技
後金
後件
後見
後妻
後作
後産
後事
後室
後者
後手
後述
後書
後場
後世
後生
後先
後続
後置
後程
後日
後任
後年
後発
後半
後部
後編
後方
後味
後略
後列
語意
語学
語幹
語感
語気
語義
語句
語形
語原
語根
語順
語数
語族
語調
語長
語頭
語法
語末
語類
語路
語録
護衛
護岸
護持
護身
護送
交易
交感
交合
交差
交際
交情
交織
交信
交接
交戦
交通
交点
交読
交配
交番
交付
交友
交遊
交流
候鳥
候文
光物
光栄
光学
光景
光子
光線
光速
光電
光度
光年
光波
光明
光量
公安
公案
公営
公益
公園
公演
公家
公課
公会
公海
公開
公害
公館
公器
公義
公議
公休
公許
公共
公教
公金
公言
公庫
公告
公国
公差
公算
公使
公司
公子
公試
公事
公示
公式
公社
公準
公証
公職
公人
公図
公正
公設
公選
公然
公達
公団
公定
公庭
公的
公転
公電
公道
公徳
公売
公判
公費
公表
公評
公布
公武
公平
公辺
公報
公方
公法
公民
公務
公明
公役
公約
公有
公用
公理
公立
公領
公路
功業
功罪
功績
功徳
功名
功労
効果
効験
効能
功能
効用
効率
効力
厚意
厚顔
厚志
厚紙
厚手
厚情
厚生
厚相
厚地
厚着
厚板
厚皮
厚味
厚利
厚礼
口演
口火
口絵
口外
口角
口気
口金
口径
口元
口許
口語
口才
口耳
口実
口車
口取
口受
口授
口重
口述
口書
口上
口説
口先
口前
口早
口茶
口中
口調
口笛
口伝
口答
口頭
口内
口弁
口味
口約
向岸
向寒
向後
向暑
向上
向米
好意
好演
好学
好感
好漢
好機
好個
好手
好色
好調
好適
好転
好投
好評
好物
好例
広遠
工員
工科
工学
工業
工具
工芸
工作
工事
工数
工程
工費
工夫
功夫
工兵
工法
工務
工面
功者
幸福
広角
広義
広告
広場
広大
広野
講究
校医
校歌
校外
校旗
校紀
校規
校舎
校章
校正
校則
校長
校庭
校内
校門
校友
構外
構図
構成
構想
構造
構築
構内
構文
港口
港町
港内
耕具
耕作
耕地
考案
考課
考査
考察
考証
油薬
航海
航空
航行
航続
航程
航法
航路
新木
行先
行員
行火
行楽
行間
行使
行司
行事
行者
行書
行商
行進
行数
行成
行政
行程
行灯
行頭
行動
行方
行衛
行列
講演
講義
講師
講習
講談
講堂
講読
講評
講話
校売
鉱化
鉱業
鉱山
鉱質
鉱石
鉱物
鉱脈
香気
香港
香水
香草
香典
香道
香味
香木
香油
香料
高見
高圧
高位
高温
高音
高価
高額
高官
高級
高給
高空
高潔
高原
高校
高山
高次
高速
高卒
高台
高大
高地
高低
高度
高等
高熱
高波
高配
高評
号外
号館
号泣
号室
号車
号数
号令
合口
相口
合判
相判
間判
合意
合一
合羽
合格
合間
合議
合金
合計
合祭
合作
合算
合資
合式
合宿
合唱
合図
相図
合成
合切
合戦
合体
合着
間着
合調
合同
合評
合弁
合法
合本
合理
合流
合力
告口
告示
告辞
告達
告知
告白
告発
告別
国営
国益
国王
国家
国歌
国花
国会
国外
国旗
国技
国境
国界
国教
国庫
国語
国交
国際
国産
国史
国士
国事
国字
国手
国書
国勢
国政
国税
国大
国中
国定
国鉄
国電
国土
国道
国内
国費
国富
国文
国別
国防
国民
国務
国名
国有
国立
国連
黒海
黒血
黒山
黒子
黒衣
黒字
黒松
黒焼
黒色
黒星
黒線
黒船
黒帯
黒炭
黒地
黒茶
黒点
黒土
黒豆
黒肉
黒麦
黒板
黒表
黒風
黒服
黒米
黒木
黒目
黒眼
黒緑
今一
今夏
今回
今期
今月
今古
今後
今時
今次
今秋
今週
今春
今上
今人
今生
今程
今度
今冬
今風
今方
今夜
今様
根暗
根幹
根気
根本
根元
根原
根号
根治
根城
根性
根絶
根太
根底
混血
混交
混合
混在
混雑
混信
混成
混声
混戦
混同
混入
混迷
混浴
混和
佐官
左右
左下
左官
左岸
左記
左手
左上
左折
左前
左足
左目
差引
差歯
差益
差額
差配
差分
差別
査察
査証
査定
査読
査問
再案
再演
再会
再開
再刊
再帰
再起
再議
再挙
再興
再建
再現
再校
再考
再告
再三
再思
再出
再勝
再生
再製
再設
再説
再戦
再選
再送
再注
再転
再度
再読
再任
再燃
再敗
再発
再版
再犯
再変
再編
再遊
再来
再録
最愛
最悪
最外
最寄
最期
最強
最近
最古
最後
最高
最左
最終
最初
最小
最少
最新
最前
最早
最大
最短
最低
最適
最良
妻子
妻帯
才覚
才学
才幹
才器
才気
才芸
才子
才女
才色
才人
才徳
才能
才筆
才媛
才物
才分
才名
才略
才量
才力
採決
採血
採算
採取
採集
採炭
採点
採油
採用
災害
祭司
祭神
祭典
祭日
祭礼
細引
細工
細糸
細事
細心
細身
細説
細雪
小波
細部
細分
細面
細目
細流
菜葉
菜園
菜種
菜食
際限
際物
在位
在荷
在外
在学
在庫
在住
在所
在職
在日
在任
在来
在留
材質
材木
材料
罪悪
罪科
罪過
罪業
罪状
罪人
財貨
財界
財経
財産
財政
財団
財布
財物
財務
財力
坂道
阪神
酒菜
作意
作家
作歌
作興
作業
作曲
作詩
作者
作場
作図
作成
作製
作戦
作男
作土
作動
作病
作品
作風
作物
作文
作法
作用
作例
昨今
昨春
昨年
桜色
桜肉
桜飯
草紙
草子
刷本
刷新
刷数
刷毛
察知
札束
殺意
殺害
殺気
殺人
殺生
殺虫
雑音
雑貨
雑学
雑感
雑記
雑居
雑魚
雑言
雑事
雑種
雑然
雑草
雑多
雑談
雑念
雑費
雑品
雑文
雑兵
雑報
雑木
雑役
雑用
参院
参加
参画
参賀
参会
参観
参議
参宮
参向
参考
参事
参集
参照
参上
参政
参戦
参着
参朝
参堂
参道
参内
参入
参列
山間
山菜
山桜
山師
山寺
山車
山女
山上
山城
山水
山川
山地
山中
山刀
山道
山脈
山羊
野羊
山林
散会
散見
散在
散財
散水
散発
散布
散文
散歩
産院
産科
産休
産業
産後
産出
産地
産着
産衣
産物
産毛
算出
算術
算数
算体
算定
算程
算法
算用
賛歌
賛辞
賛助
賛成
賛同
賛美
酸化
酸欠
酸性
酸素
酸度
酸味
残基
残業
残金
残光
残高
残暑
残心
残像
残念
残飯
残務
残留
仕官
仕業
仕口
仕事
仕手
仕切
仕草
仕種
仕置
仕入
仕付
仕様
仕立
使者
使臣
使節
使丁
使徒
使命
使役
使用
司会
司教
司書
司法
司令
史家
史学
史官
史観
史眼
史詩
史実
史書
史上
史乗
史談
史的
史伝
史筆
史略
史料
士官
士気
士女
士長
始業
始終
始祖
始動
始発
始末
仕末
姉上
姉弟
子音
子宮
子局
子持
子守
子種
子女
子息
子孫
子弟
子等
子年
子馬
小馬
子分
市井
市営
市価
市会
市外
市街
市議
市区
市子
市松
市上
市場
市人
市制
市勢
市政
市税
市中
市長
市電
市内
市日
市費
市部
市民
市門
市有
市立
師家
師訓
師事
師説
師団
師長
師弟
師伝
師道
師表
師父
師門
師友
志学
志願
志向
志士
志集
志望
思案
思考
思想
思弁
指圧
指向
指示
指図
指数
指先
指定
指導
指南
指標
指名
指輪
指令
支給
支局
支持
支社
支出
支線
支隊
枝隊
支柱
支店
支点
支度
仕度
支配
支部
支脈
支流
枝豆
枝道
止血
止宿
死因
死角
死活
死期
死球
死去
死後
死語
死罪
死産
死者
死神
死人
死体
死別
氏子
氏神
氏名
師子
糸口
糸車
紙型
紙面
詩句
詩形
詩型
詩集
詩情
詩人
詩的
詩編
試案
試験
試行
試合
仕合
試作
試算
試写
試食
試着
試問
試薬
試用
試料
試練
資格
資金
資材
資産
資質
資本
資料
資力
飼育
飼料
歯音
歯科
歯芽
歯学
歯形
歯型
歯固
歯根
歯質
歯車
歯状
歯石
歯面
歯列
事共
事業
事局
事件
事故
事後
事実
事象
事情
事績
事前
事相
事大
事典
事犯
事物
事変
事務
事由
事理
事例
似顔
似非
児女
児孫
児童
字引
字画
字義
字句
字形
字体
字典
寺院
滋雨
持場
持前
持久
持参
持続
持病
時雨
時下
時価
時間
時期
時給
時局
時空
時計
時限
時効
時差
時勢
時節
時相
時速
時代
時短
時点
時分
時報
次位
次会
次回
次官
次期
次兄
次元
次号
次子
次式
次女
次序
次章
次条
次数
次席
次代
次第
次男
次長
次点
次年
次表
次便
滋養
治安
治具
治水
示教
示談
耳順
耳鼻
耳目
自愛
自営
自衛
自家
自覚
自活
自給
自国
自在
自作
自殺
自賛
自治
自社
自主
自首
自習
自修
自重
自省
自信
自身
自制
自席
自責
自説
自選
自前
自然
自他
自体
自転
自伝
自動
自働
自白
自発
自費
自筆
自負
自分
自暴
自明
自由
自立
自力
辞意
辞書
辞職
辞任
辞表
辞令
鹿追
式辞
式場
式典
式服
識見
識字
識者
識別
失意
失火
失格
失業
失禁
失血
失言
失語
失効
失考
失笑
失職
失政
失速
失地
失着
失調
失点
失当
失念
失敗
失費
失望
失名
失命
失明
失礼
室温
室外
室長
室内
早手
質屋
質素
質的
質点
質問
質量
実意
実印
実演
実家
実害
実感
実業
実兄
実験
実現
実効
実行
実際
実在
実質
実習
実証
実数
実績
実線
実測
実体
実態
実地
実直
実費
実父
実物
実母
実務
実名
実用
実利
実力
実例
実録
実話
舎営
舎兄
舎弟
舎利
写字
写実
写象
写植
写真
写生
写像
写本
社員
社会
社外
社交
社説
社長
社内
社名
社用
謝意
謝罪
謝辞
謝絶
謝礼
車検
車庫
車種
車線
車体
車道
車内
車風
車両
車輪
借手
借切
借方
借金
借財
借主
借人
借貸
借地
借用
借料
和布
弱音
弱気
弱行
弱国
弱志
弱者
弱卒
弱体
弱虫
弱弟
弱点
主因
主演
主音
主家
主格
主幹
主管
主観
主眼
主義
主教
主君
主計
主語
主査
主事
主上
主色
主食
主席
首席
主戦
主体
主題
主張
主調
主長
主動
主導
主日
主任
主馬
主犯
主筆
主婦
主部
主物
主文
主法
主脈
主務
主命
主役
主薬
主用
主要
主流
主力
取得
取材
守衛
守宮
家守
守護
守備
手間
手記
手技
手鏡
手近
手形
手軽
手芸
手元
手許
手口
手際
手指
手紙
手持
手首
手習
手術
手順
手書
手心
手数
手製
手先
手前
手相
手足
手提
手動
手配
手箱
手品
手法
手本
手話
手械
玉算
種子
種族
種別
種目
種類
酒屋
酒気
酒場
酒造
酒代
酒名
酒類
首相
首長
首都
首府
首輪
受皿
受入
受検
受験
受講
受取
受賞
受信
受身
受像
受注
受動
受粉
授粉
受容
受理
受領
授業
授受
受授
授賞
集録
周囲
周易
周回
周期
周航
周章
周知
周年
周波
周辺
周遊
周流
州境
州崎
修院
修営
修改
修学
修史
修士
修辞
修身
修整
修正
修築
修道
修復
修法
修養
修理
拾得
秋雨
秋気
秋口
秋風
秋分
終演
終刊
終業
終局
終結
終始
終止
終身
終戦
終息
終点
終電
終日
終末
終夜
習慣
習作
習字
習性
船歌
週刊
週間
週報
週末
集荷
集会
集金
集群
集計
集光
集合
集成
集積
集団
集中
集配
集約
集落
住家
住持
住所
住職
住人
住民
実手
拾万
重愛
重圧
重液
重科
重器
重機
重合
重罪
重殺
重出
重職
重心
重臣
重水
重星
重税
重積
重責
重説
重代
重大
重点
重湯
重任
重箱
重版
重病
重文
重目
重役
重油
重用
重要
重陽
重利
重量
重力
守公
宿屋
宿舎
宿借
宿場
宿題
宿直
宿望
宿命
祝賀
祝祭
祝辞
祝典
祝電
祝日
祝福
出物
出演
出家
出火
出花
出荷
出芽
出会
出合
出額
出願
出京
出金
出群
出軍
出欠
出血
出現
出庫
出口
出向
出港
出航
出講
出際
出札
出産
出仕
出師
出資
出歯
出時
出社
出城
出場
出色
出身
出世
出精
出席
出先
出前
出足
出題
出炭
出張
出典
出店
出度
出土
出湯
出頭
出動
出入
出馬
出発
出版
出板
出番
出費
出品
出府
出兵
出方
出目
出門
出様
出来
出立
出力
術語
述語
述部
春画
春休
春秋
春先
春風
春分
準急
準則
準縄
準備
準用
順礼
順守
順法
順位
順応
順化
順境
順行
順次
順序
順調
順番
順列
初演
初夏
初荷
初回
初期
初級
初志
初耳
初手
初秋
初出
初春
初心
初雪
初代
初冬
初等
初頭
初日
初版
初犯
初歩
初夢
初夜
初老
所以
所感
所管
所見
所在
所作
所産
所持
所信
所説
所属
所長
所定
所得
所望
所有
所用
暑気
暑中
書院
書記
書庫
書式
書生
書体
書店
書道
書評
書物
書名
書面
書類
助演
助教
助祭
助産
助辞
助手
助勢
助成
助走
助長
助命
助役
助力
女医
女王
女史
女子
女児
女神
女親
女人
女性
女生
女声
女体
女中
女湯
女流
序曲
序章
序説
序文
序列
勝楽
勝算
勝者
勝手
勝敗
勝負
勝利
商運
商家
商科
商会
商館
商機
商議
商業
商経
商工
商港
商号
商才
商事
商社
商状
商船
商大
商談
商店
商売
商標
商品
商法
商務
商用
商利
商略
商量
唱歌
唱道
小雨
小屋
小学
小金
小計
小結
小言
小康
小国
小皿
小山
小指
子指
小枝
小児
小耳
小船
小春
小食
少食
小心
小人
小水
小数
小生
小石
小節
小説
小雪
小川
小隊
小町
小鳥
小刀
小島
小豆
小麦
小判
小鼻
小品
小物
小変
小面
小話
少額
小額
少関
少佐
少時
少者
少数
少年
招集
招待
勝報
昭和
松原
松虫
松葉
松林
消化
消火
消去
消極
消失
消息
消毒
消費
消防
焼印
焼魚
照会
照合
照準
照度
照明
省営
省察
省線
省略
省令
笑顔
笑止
証印
証言
証書
証人
証明
象形
賞金
賞状
賞品
賞味
上板
上位
上意
上演
上屋
上家
上下
上荷
上界
上絵
上官
上気
上記
上議
上客
上級
上京
上玉
上句
上空
上計
上限
上古
上戸
上向
上航
上告
上作
上使
上司
上紙
上歯
上質
上手
上酒
上宿
上述
上書
上場
上申
上人
上図
上水
上製
上席
上石
上線
上前
上足
上体
上帯
上代
上達
上知
上長
上天
上田
上等
上馬
上白
上箱
上半
上番
上表
上品
上部
上服
上物
上文
上聞
上米
上辺
上面
上目
上役
上陸
上略
上流
上例
乗気
乗員
乗号
乗合
乗算
乗車
乗数
乗積
乗船
上船
乗組
乗馬
乗法
城下
城主
城代
城門
場合
場所
場内
場末
場味
場面
常時
常識
常習
常世
常設
常体
常任
常務
常用
常緑
常連
定連
情愛
情意
情感
情機
情景
情死
情事
情勢
状勢
情熱
情念
情夫
情婦
情報
条件
条文
条約
条理
条例
条令
状態
情態
属望
植字
植付
植物
植民
植林
織機
織工
織物
織目
職員
職業
職工
職場
職人
職能
職務
職歴
色気
色香
色合
色刷
色紙
色事
色弱
色女
色情
色素
色男
色調
色目
食塩
食器
食後
食指
食事
食前
食通
食堂
食道
食肉
食費
食品
食物
食用
食料
信愛
信管
信義
信教
信経
信号
信実
信者
信受
信書
信条
信心
信徒
信任
信念
信望
信約
信用
心外
心気
心境
心血
心持
心情
心身
身心
神身
身神
心地
心中
心底
真底
心的
心得
心配
心付
心服
心理
心労
新案
新芽
新刊
新館
新顔
新規
新旧
新居
新教
新興
新曲
新型
新形
新語
新妻
新作
新札
新参
新字
新式
新車
新手
新種
新人
新制
新星
新生
新税
新設
新説
新雪
新体
新築
新着
新調
新入
新任
新年
新版
新板
新婦
新風
新聞
新米
新味
新約
新緑
森林
深味
深遠
深海
深度
深夜
申出
申分
申告
申年
真赤
真意
真因
真横
真下
真価
真夏
真顔
真義
真逆
真空
真険
真言
真似
真実
真上
真情
真心
目深
真深
眼深
真人
真水
真性
真正
真西
真相
真打
心打
真竹
真昼
真冬
真東
真南
真美
真筆
真物
真北
真味
真綿
真勇
真理
真率
神化
神学
神楽
神官
神司
神宮
神業
神経
神社
神主
神性
神代
神童
神道
神徳
神父
神武
神風
神仏
神様
神話
臣下
臣民
親愛
親衛
親局
親玉
親元
親許
親子
親指
親字
親身
親切
深切
親族
親日
親父
親分
親方
親友
親類
親和
身形
身近
身空
身元
身許
身上
身長
身内
身分
身辺
進化
進学
進級
進境
進行
進出
進数
進度
進入
進歩
進路
人位
人員
人家
人外
人格
人間
人気
人魚
人境
人君
人形
人後
人語
人口
人工
人妻
人災
人材
人財
人参
人山
人士
人事
人時
人質
人車
人種
人出
人情
人臣
人世
人性
人生
人声
人選
人前
人祖
人相
人造
人足
人体
人達
人中
人柱
人的
人伝
人頭
人道
人肉
人波
人馬
人品
人付
人夫
人物
人別
人望
人脈
人民
人名
人命
人面
人里
人類
図案
図画
図解
図形
図示
図式
図書
図版
図表
図法
図面
水泳
水温
水化
水害
水気
水牛
水玉
水銀
水際
水子
水死
水車
水準
水精
水上
水色
水勢
水性
水星
水生
水素
水着
水中
水柱
水虫
水田
水道
水夫
水手
水主
水分
水兵
水平
水面
水門
水曜
水陸
水流
水力
水路
水馬
数回
数学
数寄
数個
数字
数式
数人
数千
数多
数日
数年
数百
数秒
数名
数理
数量
数列
世界
世間
世紀
世局
世才
世子
世事
世辞
世上
世人
世相
世帯
所帯
世代
世知
世伝
世変
世話
制圧
制球
制空
制限
制作
制札
制止
制勝
制定
制度
制動
制服
制約
制令
勢運
勢家
勢子
勢車
勢望
勢門
勢力
性愛
性格
性器
性急
性向
性行
性根
性差
性質
性的
性能
性病
性分
性別
成育
成果
成金
成句
成型
成形
成功
成人
成績
成長
成程
成年
成敗
成仏
成分
成立
政界
政局
政見
政治
政情
政体
政府
政変
政略
政令
整形
整合
整数
整然
整地
整備
整理
整流
整列
星雲
星空
星図
星団
星夜
晴間
晴天
晴夜
正位
正意
正音
正価
正課
正貨
正解
正格
正確
正覚
正眼
青眼
正規
正義
正教
正業
正金
正訓
正経
正月
正午
正号
正妻
正札
正使
正史
正子
正字
正式
正室
正出
正書
正常
正色
正数
正西
正接
正切
正則
正続
正体
正大
正中
正朝
正調
正直
正伝
正東
正当
正答
正統
正南
正犯
正負
正風
正副
正服
正物
正文
正兵
正編
正方
正北
正本
正味
正夢
正面
真面
正目
正門
正立
正路
清栄
清潔
清算
清酒
清書
清勝
清水
清貧
清流
生育
生家
生活
生協
生計
生検
生後
生産
生残
生死
生糸
生身
生成
生前
生息
生体
生態
生地
素地
生長
生徒
生得
生年
生物
生別
生保
生母
生命
生理
生録
精一
精液
精査
精細
精算
精子
精神
精進
精製
精選
精巣
精通
精度
精読
精肉
精米
精力
声楽
声高
声色
声帯
声望
声明
声門
製作
製図
製造
製鉄
製版
製氷
製品
製粉
製法
製本
製薬
西岸
西経
西口
西側
西南
西日
西陽
西部
西風
西北
西洋
青果
青玉
青空
青菜
青酸
青春
青色
青図
青草
青虫
青銅
青年
青物
静観
静止
静注
静的
静物
静脈
静夜
税額
税関
税金
税制
税別
税法
税務
税率
席上
昔式
昔日
昔風
昔話
石英
石化
石火
石橋
石工
石持
石室
石炭
石庭
石頭
石仏
石木
石油
積立
積雲
積極
積算
積雪
積分
積率
責任
責務
赤化
赤貝
赤外
赤軍
赤札
赤字
赤線
赤道
赤熱
赤飯
赤貧
赤面
赤毛
切火
切花
切口
切子
切紙
切石
切炭
切立
切愛
切羽
切開
切願
切言
切歯
切実
切手
切情
接線
切線
切断
接断
切望
接客
接近
接見
接合
接辞
接種
接受
接戦
接続
接待
接地
接着
接点
切点
接頭
折中
折半
設営
設計
設置
設定
設備
設問
設立
節気
節減
節酒
節食
節水
節制
節税
節点
節電
節度
節分
節約
説教
説得
説明
説話
雪害
雪景
雪見
雪国
雪祭
雪女
雪像
雪男
雪中
雪道
雪路
絶句
絶交
絶好
絶対
絶大
絶版
絶望
絶命
先安
先覚
先議
先客
先金
先君
先決
先月
先見
先古
先口
先考
先行
先高
先妻
先細
先在
先山
先師
先主
先取
先手
先週
先勝
先進
先人
先制
先生
先祖
先太
先代
先達
先知
先着
先程
先度
先投
先導
先日
先入
先任
先年
先発
先番
先非
先付
先父
先負
先物
先便
先方
先務
先夜
先役
先約
先様
先例
知木
川下
川岸
河岸
川上
戦火
戦記
戦局
戦国
戦災
戦士
戦死
戦時
戦車
戦術
戦勝
戦場
戦線
戦前
戦争
戦隊
戦犯
戦務
戦略
戦力
戦列
浅海
浅学
線画
線形
線型
線香
線分
線量
線路
船員
船室
船主
船首
船隊
船団
船長
船灯
船便
船旅
選挙
選曲
選考
選手
選集
選出
選定
選任
選別
前衛
前科
前回
前額
前官
前期
前記
前軍
前景
前件
前言
前古
前後
前行
前号
前菜
前山
前史
前者
前車
前借
前週
前述
前書
前章
前場
前条
前身
前進
前人
前世
前生
前節
前説
前線
前代
前置
前庭
前提
前電
前頭
前日
前任
前年
前板
前非
前表
前夫
先夫
前婦
先婦
前部
前文
前便
前方
前名
前面
前門
前夜
前約
前葉
前略
前例
前歴
前列
然程
左程
全員
全音
全家
全科
全快
全開
全角
全額
全館
全岸
全級
全局
全曲
全軍
全形
全景
全戸
全校
全山
全史
全市
全紙
全社
全集
全書
全勝
全焼
全心
全身
全人
全図
全数
全席
全然
全速
全損
全体
全隊
全地
全長
全通
全天
全店
全都
全土
全島
全道
全日
全能
全敗
全備
全品
全部
全文
全米
全編
全便
全面
全容
全量
全力
祖型
祖国
祖先
祖父
祖母
素因
素顔
素行
素材
素子
素質
素手
素人
白人
素数
素性
素生
素足
素直
素適
素的
素面
素養
組曲
組合
組織
組職
組成
組長
村雨
群雨
倉荷
倉庫
倉主
倉卒
草卒
総菜
想起
想像
想定
欠氷
早期
早計
早見
早口
速口
早耳
早足
速歩
速足
早速
早朝
巣箱
争議
争点
相応
相関
相殺
相似
相識
相手
相乗
相場
相席
合席
相続
相対
相談
相当
角力
総意
総会
総額
総計
総身
総数
総勢
総説
総体
総代
総長
総統
総評
総務
総理
総量
総領
総力
総和
草案
草花
草魚
草原
草書
草体
草笛
走行
走査
走者
走路
送金
送検
送受
送出
送信
送電
送付
送別
送料
増員
増加
増刊
増強
増減
増刷
増産
増資
増進
増税
増設
増大
増築
増長
増分
造形
造型
造語
造作
雑作
造船
造林
側圧
側泳
側近
側根
側室
側車
側線
側部
側辺
側面
側役
息子
束帯
束修
測地
測定
測度
測量
足音
足技
足業
足留
足首
足場
足早
足速
単皮
足労
速記
速達
速断
速度
速報
速力
属性
属名
続行
続出
続発
続編
続報
卒業
卒者
卒中
損益
損害
損失
損得
損保
村人
村長
村民
他愛
他意
他家
他界
他県
他見
他行
他国
他殺
他山
他事
他社
他者
他出
他心
他生
他村
他店
他日
他年
他念
他物
他聞
他方
他面
他流
他領
他力
多額
多岐
多義
多元
多言
多幸
多才
多産
多謝
多種
多重
多少
多情
多食
多数
多勢
多大
多読
多年
多分
多弁
多面
多様
多用
多量
太古
太字
太祖
大祖
太刀
大刀
太陽
打開
打者
打数
打線
打破
打率
身体
体育
体液
体温
体外
体格
体感
体技
体型
体形
体験
体現
体言
体質
体重
体制
体積
体中
体調
体長
体得
体内
体熱
体面
態様
体様
体要
体量
体力
対案
対応
対外
対格
対角
対岸
対決
対向
対支
対照
対象
対数
対戦
対談
対等
対比
対面
対立
対話
帯同
待機
待望
態勢
態度
貸付
貸家
貸屋
貸借
貸方
対治
隊員
隊長
代案
代位
代印
代員
代演
代価
代官
代願
代議
代休
代金
代言
代行
代講
代作
代参
代謝
代書
代人
代数
代走
代打
代地
代置
代読
代入
代任
代筆
代表
代品
代父
代物
代返
代弁
代母
代務
代役
代用
代理
台下
台顔
台形
台紙
台車
台所
台場
台数
台石
台地
台帳
台頭
台本
台名
台木
台輪
大安
大意
大雨
大王
大家
大屋
大火
大会
大海
大学
大気
大漁
大形
大局
大金
大空
大群
大型
大公
大工
大国
大根
大佐
大差
大祭
大作
大皿
大使
大志
大枝
大事
大字
大社
大手
大暑
大書
大女
大勝
大小
大賞
大臣
大人
大水
大勢
大正
大生
大声
大昔
大切
大雪
大戦
大全
大損
大体
大隊
大代
大男
大地
大豆
大徳
大日
大波
大麦
大半
大部
大仏
大物
大分
大別
大変
大便
大方
大望
大名
大木
大要
大陸
大量
第一
第二
題材
題名
題目
達者
達人
達成
谷間
谷川
谷底
単位
単一
単音
単価
単角
単漢
単眼
単機
単記
単級
単句
単元
単語
単作
単三
単式
単車
単色
単身
単数
単性
単線
単相
単打
単体
単帯
単調
単独
単発
単比
単複
単文
単弁
単葉
単利
炭化
炭酸
炭素
短歌
短期
短気
短詩
短所
短大
短調
短刀
短波
短命
団員
団結
団子
団体
団地
団長
断言
断固
断行
断罪
断種
断食
断水
断絶
断線
断然
断続
断定
断念
断面
男泣
男根
男子
男女
男色
男親
男性
男前
談義
談合
談笑
談話
知覚
知見
知事
知識
知人
知性
知的
知能
知名
知命
知力
地位
地衣
地下
地価
地球
地区
地形
地検
地元
地質
地主
地酒
地所
地上
地図
地勢
地帯
地代
地点
地頭
地道
地平
地方
地味
地名
地面
地理
地力
置場
竹材
竹製
竹刀
竹馬
竹林
竹輪
茶屋
茶会
茶器
茶室
茶色
茶柱
茶道
茶畑
茶番
茶目
着衣
着工
着実
着手
着色
着信
着心
着席
着想
着任
着服
着物
着目
着用
着陸
中位
中医
中央
中外
中学
中間
中期
中気
中宮
中級
中京
中共
中興
中句
中空
中型
中形
中景
中次
中元
中原
中古
中口
中高
中国
中黒
中佐
中皿
中支
中止
中糸
中耳
中手
中州
中小
中心
中数
中世
中性
中正
中絶
中前
中速
中隊
中断
仲断
中柱
中低
中庭
中程
中天
中点
中島
中東
中等
中堂
中道
中毒
中肉
中日
中入
中年
中農
中波
中破
中判
中半
中飯
中部
中分
中米
中保
中葉
中立
中略
中流
中老
中和
仲夏
仲間
仲居
中居
仲兄
仲春
中春
仲人
仲冬
中冬
仲買
仲保
仲立
昼時
昼前
昼飯
昼夜
昼礼
柱石
柱頭
注意
注解
注記
注入
注文
注目
虫類
貯金
貯水
丁子
丁字
丁重
丁数
丁度
丁年
丁半
丁目
兆民
帳場
帳面
張紙
張出
朝会
朝刊
朝顔
朝市
朝焼
朝食
朝日
朝方
朝夕
朝礼
塩風
町家
町屋
町会
町人
町村
町長
町内
町歩
町民
丁番
調印
調合
調査
調子
調書
調整
調声
調製
調節
調達
調停
調度
調薬
調理
調和
長官
長期
長久
長居
長月
長持
長者
長所
長女
長短
長男
長調
長年
永年
長編
長辺
長旅
長老
長話
鳥屋
鳥居
鳥類
鳥観
直営
直往
直下
直覚
直角
直感
直観
直結
直言
直後
直交
直航
直行
直参
直出
直上
直情
直進
直税
直接
直線
直前
直送
直属
直達
直中
直通
直伝
直刀
直売
直筆
直面
直立
直流
直列
追手
追加
追求
追究
追申
追想
追放
通院
通貨
通過
通学
通関
通気
通研
通行
通告
通算
通商
通常
通信
通説
通達
通知
通帳
通念
通風
通分
通報
通夜
通用
通例
通路
通話
山茶
低圧
低位
低雲
低下
低価
低回
低額
低級
低空
低減
低語
低資
低唱
低声
低速
低地
低置
低調
低度
低頭
低能
低迷
低木
低目
低落
低利
低率
停音
停会
停学
停止
停車
停職
停戦
停船
停電
停留
定員
定価
定格
定額
定期
定規
定木
定義
定時
定式
定住
定常
定職
定食
定数
定性
定石
定説
定着
定年
停年
定評
定本
定理
定量
定例
底豆
底本
底力
庭園
庭球
庭番
庭木
弟分
弟妹
提案
提起
提議
提言
提示
提出
提唱
提灯
程度
的屋
的確
適確
的中
適中
適応
適格
適合
適性
適正
適切
適度
適当
適任
適法
適用
適量
適例
鉄管
鉄橋
鉄鉱
鉄材
鉄製
鉄則
鉄道
鉄板
鉄分
典型
典故
典則
典物
典薬
典礼
天位
天意
天衣
天井
天運
天雲
天下
天河
天火
天花
天外
天漢
天眼
天顔
天機
天気
天泣
天球
天業
天極
天金
天空
天軍
天険
天候
天工
天国
天才
天災
天際
天産
天使
天子
天資
天質
天主
天守
天授
天助
天女
天象
天上
天職
天色
天心
天真
天水
天性
天成
天晴
天生
天声
天然
天祖
天草
天則
天測
天孫
天体
天台
天柱
天朝
天底
天堂
天童
天日
天馬
天府
天父
天福
天分
天文
天聞
天兵
天辺
天命
天明
天来
天理
天領
店員
店子
店主
店先
店長
店頭
店内
店番
転回
転機
転居
転業
転向
転校
転写
転借
転出
転職
転身
転生
転送
転調
転入
転任
転売
転変
転用
転落
点火
点画
点眼
点景
点検
点光
点在
点字
点示
点者
点水
点数
点線
点茶
点灯
点頭
伝手
伝家
伝記
伝授
伝習
伝世
伝説
伝線
伝送
伝達
伝単
伝統
伝導
伝道
伝馬
伝票
伝聞
伝法
伝来
伝令
田園
田舎
田植
田地
田畑
電圧
電位
電化
電荷
電解
電界
電器
電機
電気
電球
電極
電光
電工
電算
電子
電車
電場
電信
電線
電送
電断
電池
電柱
電鉄
電灯
電動
電波
電番
電文
電報
電流
電力
電話
徒花
徒手
徒弟
徒歩
徒労
時鳥
子規
登記
登校
登山
登場
登録
都会
都合
都市
都心
都度
都内
都風
都民
都立
努力
度合
度数
土間
土器
土産
土手
土人
土星
土石
土足
土台
土地
土着
土筆
土木
土曜
土用
冬季
冬空
冬山
冬物
刀下
刀工
刀自
刀術
刀身
刀礼
島根
島山
島司
島人
島台
島中
島内
島風
島民
投機
投球
投資
投手
投書
投石
投入
投票
投薬
東雲
東歌
東海
東岸
東宮
東京
東軍
東経
東口
東航
東行
東国
東上
東進
東清
東西
東天
東都
東独
東南
東半
東部
東方
東北
東面
東門
東洋
湯気
湯元
湯本
湯治
湯船
灯台
灯明
灯油
当字
当身
当駅
当期
当機
当局
当事
当時
当社
当初
当人
当世
当選
当然
当店
当日
当番
当分
当方
当面
当用
等温
等価
等級
等号
等差
等身
等分
等辺
答案
答申
答弁
統一
統計
統合
統治
統制
統率
豆富
豆本
豆料
豆類
頭角
頭金
頭取
頭上
頭皮
頭部
頭目
動員
動因
動画
動機
動議
動向
動作
動産
動体
動態
動的
動天
動転
動物
動脈
動量
動力
動輪
同位
同意
同一
同音
同化
同価
同家
同格
同感
同期
同気
同義
同級
同居
同業
同訓
同月
同県
同好
同校
同行
同国
同根
同罪
同士
同志
同紙
同事
同字
同時
同室
同質
同社
同車
同種
同宿
同所
同書
同省
同上
同乗
同情
同職
同色
同信
同心
同数
同勢
同性
同席
同説
同船
同前
同然
同祖
同相
同族
同村
同断
同地
同町
同調
同定
同店
同点
同等
同道
同日
同年
同筆
同病
同文
同門
同夜
同役
同様
同流
同類
同列
同労
導出
導体
導通
導電
導入
童歌
童画
童顔
童子
童心
童話
道程
道化
道楽
道義
道教
道具
道行
道主
道場
道徳
道標
道理
道路
道話
銅貨
銅山
銅線
銅像
得意
得手
得体
得点
得票
徳用
得用
徳利
特記
特技
特急
特級
特許
特訓
特功
特産
特使
特質
特種
特集
特賞
特色
特性
特製
特待
特大
特長
特定
特典
特売
特筆
特別
特報
特命
特約
特有
特例
毒液
毒殺
毒性
毒素
毒草
毒物
毒薬
独演
独学
独楽
独居
独国
独自
独習
独唱
独身
独走
独断
独特
独得
独立
読手
読解
読経
読者
読書
読点
読破
奈辺
奈落
内圧
内意
内因
内応
内科
内界
内角
内観
内気
内規
内義
内議
内局
内金
内訓
内径
内向
内港
内航
内国
内妻
内在
内事
内耳
内室
内実
内住
内祝
内助
内省
内所
内証
内職
内心
内申
内政
内積
内接
内戦
内線
内倉
内争
内相
内側
内達
内談
内地
内池
内通
内定
内的
内典
内湯
内部
内服
内福
内分
内聞
内包
内報
内方
内法
内務
内命
内面
内野
内約
内容
内用
内陸
内力
内輪
長刀
縄文
南下
南海
南岸
南極
南光
南口
南航
南行
南山
南支
南進
南中
南朝
南都
南半
南部
南風
南仏
南米
南方
南北
南満
南無
南面
南門
南洋
自乗
肉屋
肉眼
肉牛
肉色
肉食
肉親
肉体
肉筆
肉類
日課
日刊
日間
日記
日計
日光
日向
日産
日時
日照
日常
日食
日中
日程
日当
日独
日付
日米
日歩
日報
日夜
日曜
日輪
日和
入目
入用
入院
入営
入園
入荷
入会
入学
入居
入京
入金
入庫
入交
入校
入港
入国
入札
入試
入室
入質
入舎
入社
入手
入所
入賞
入城
入場
入植
入信
入船
入選
入隊
入団
入朝
入定
入電
入湯
入道
入内
入念
入梅
入費
入夫
入府
入仏
入綿
入木
入門
入浴
入来
入力
任意
任官
任期
任職
任地
任務
任命
任用
熱愛
熱意
熱気
熱血
熱情
熱心
熱線
熱帯
熱中
熱湯
熱病
熱弁
熱望
熱量
年益
年下
年賀
年会
年回
年額
年刊
年間
年季
年期
年給
年玉
年金
年限
年後
年功
年号
年差
年祭
年産
年始
年子
年次
年弱
年初
年少
年上
年数
年生
年税
年増
年代
年歯
年男
年中
年長
年度
年内
年波
年配
年分
年別
年報
年末
年来
年利
年輪
年礼
念願
念校
念写
念書
念頭
念仏
念力
燃焼
燃費
燃料
能楽
能事
能書
能動
能筆
能文
能面
能率
能力
農園
農家
農学
農協
農業
農工
農耕
農産
農場
農村
農地
農夫
農民
農薬
農林
波線
波長
波頭
波動
破格
破局
破産
破算
破水
破線
破損
破門
破約
馬具
馬市
馬車
馬術
馬丁
馬頭
馬肉
馬面
馬力
敗因
敗残
敗者
敗戦
敗走
敗北
配下
配給
配合
配乗
配色
配水
配線
配送
配属
配達
配置
配電
配当
配備
配布
配分
配列
倍音
倍加
倍額
倍旧
倍数
倍増
倍大
倍率
梅花
梅見
梅酒
梅林
買取
売家
売切
売物
売国
売女
売店
売買
売名
売約
芽子
博愛
博学
博士
博識
博大
博徒
博物
博聞
白衣
白羽
白金
白黒
白菜
白子
白紙
白書
白状
白身
白線
白昼
白鳥
白日
白熱
白米
白木
白夜
麦価
麦芽
麦角
麦作
麦束
麦茶
麦笛
麦田
麦湯
麦畑
麦粉
箱庭
木目
畑地
発育
発音
発火
発芽
発覚
発刊
発禁
発見
発現
発言
発光
発効
発行
発作
発散
発車
発出
発色
発信
発進
発生
発声
発想
発送
発達
発着
発注
発電
発動
発熱
発破
発売
発表
発病
発明
発令
判官
判決
判士
判子
判事
判者
判然
判断
判定
判読
判別
判明
判例
半円
半音
半価
半可
半解
半開
半角
半額
半旗
半期
半季
半休
半弓
半球
半玉
半金
半句
半径
半減
半口
半国
半作
半死
半紙
半時
半周
半神
半身
半数
半生
半切
半折
半長
半天
半田
半島
半道
半農
半白
半分
半面
半夜
半里
半輪
反英
反応
反歌
反感
反間
反共
反軍
反語
反照
反省
反証
反身
反数
反戦
反側
反則
反対
反転
反動
反独
反日
反発
反比
逆比
反物
反米
反別
反変
反歩
反面
反毛
反目
反問
反落
反心
反臣
板紙
板前
版下
版画
板画
版元
板元
版数
犯意
犯行
犯罪
犯人
飯場
飯店
番外
番犬
番号
番人
番線
番組
番台
番地
番茶
番頭
番付
番目
非運
悲運
悲観
悲願
悲酸
悲報
悲鳴
広目
比重
比熱
比率
比例
皮下
皮質
皮相
皮肉
肥大
肥満
肥料
費消
費用
非行
非常
非情
非人
非力
非礼
飛行
飛散
飛来
備考
備品
美化
美学
美観
美港
美術
美女
美人
美大
美男
美的
美点
美徳
美風
美味
美名
美容
鼻音
鼻下
鼻歌
鼻口
鼻高
鼻根
鼻水
鼻先
鼻祖
鼻柱
鼻内
鼻面
鼻毛
鼻木
鼻薬
鼻輪
必見
必殺
必治
必修
必勝
必然
必着
必中
必定
必読
必要
必用
筆記
筆者
筆順
筆先
筆頭
筆箱
筆法
筆名
標記
標語
標高
標識
標準
標定
標的
標本
氷雨
氷屋
氷河
氷解
氷海
氷期
氷結
氷原
氷山
氷食
氷人
氷雪
氷像
氷炭
氷点
氷田
氷面
氷輪
票決
表意
表解
表記
表具
表芸
表決
表現
表口
表号
表在
表紙
表示
標示
表出
表象
表情
表側
表題
標題
表通
表土
表白
表皮
表明
表面
表門
評価
評議
評決
評定
評判
病院
病気
病苦
病原
病後
病死
病室
病弱
病状
病人
病巣
病的
病名
秒速
品格
品質
品種
品性
品物
品名
品目
貧家
貧寒
貧苦
貧血
貧鉱
貧者
貧弱
貧相
貧土
貧農
貧富
貧民
不安
不意
不易
不一
不印
不運
不可
不快
不覚
不慣
不間
不器
不期
不義
不急
不興
不潔
不言
不語
不幸
不才
不在
不作
不参
不死
不時
不次
不実
不順
不信
不臣
不図
不勢
不正
不整
不戦
不全
不測
不足
不達
不断
不知
不着
不仲
不調
不通
不適
不当
不等
不動
不同
不徳
不二
不燃
不能
不敗
不買
不発
不備
不評
不服
不文
不平
不変
不便
不法
不満
不味
不明
不毛
不問
不予
不利
不理
不良
不例
不労
不老
不和
付物
付根
付札
付所
着所
付加
付会
付記
付議
付近
付言
付図
付則
付帯
付着
付注
付表
付和
阜頭
良人
夫君
夫妻
夫子
夫人
婦女
婦人
婦長
富強
富力
布告
布石
布団
府県
布設
父兄
父子
父上
父親
父母
父方
負荷
負号
負性
夫役
武運
武家
武学
武官
武器
武技
武教
武具
武芸
武庫
武功
武事
武者
武術
武神
武臣
武人
武断
武道
武徳
武備
武辺
武弁
武名
武問
武門
武勇
武略
武力
部位
部員
部屋
部下
部外
部材
部首
部数
部族
部隊
部長
部内
部品
部分
部面
部門
部落
部類
風雨
風雲
風下
風化
風格
風紀
風景
風習
風情
風水
風雪
風船
風速
風体
風土
風物
風聞
風流
風力
副因
副業
副使
副手
副書
副賞
副食
副題
副本
複本
副木
復改
復活
復刊
復帰
復旧
復興
復元
復原
復古
復習
復職
復調
復路
服毒
服役
服薬
服用
福音
福利
複眼
複合
複雑
複式
複写
複数
復数
複製
複利
仏印
仏家
仏果
仏貨
仏画
仏会
仏学
仏間
仏顔
仏器
仏気
仏教
仏具
仏経
仏語
仏工
仏国
仏作
仏参
仏師
仏事
仏寺
仏式
仏者
仏書
仏説
仏前
仏祖
仏像
仏典
仏徒
仏堂
仏道
仏文
仏法
仏名
仏門
仏様
仏領
仏力
物音
物価
物議
物件
物語
物産
物差
物指
物資
物事
物質
物証
物色
物心
物損
物体
物置
物的
物品
物理
分院
分営
分化
分家
分科
分課
分会
分解
分界
分外
分館
分岐
分業
分局
分極
分区
分光
分校
分際
分散
分子
分室
分社
分周
分宿
分乗
分身
分進
分数
分節
分体
分隊
分団
分地
分注
分店
分点
分銅
分配
分売
分秒
分布
分別
分母
分木
分野
分利
分立
分流
分留
分量
分力
分類
分列
粉雪
粉体
粉茶
粉米
小米
粉末
粉薬
文案
文意
文化
文科
文学
文楽
文官
文句
文型
文芸
文月
文庫
文語
文字
文章
文責
文節
文体
文中
文調
文通
文筆
文部
文法
文脈
文民
文明
文面
文例
聞手
強者
兵員
兵営
兵家
兵科
兵火
兵学
兵器
兵語
兵士
兵事
兵舎
兵車
兵種
兵書
兵食
兵数
兵制
兵船
兵卒
兵隊
兵団
兵長
兵馬
兵備
兵変
兵法
兵役
兵略
兵力
平安
平易
平温
平価
平家
平角
平気
平原
平作
平氏
平時
平手
平準
平常
平織
平信
平水
平生
平静
平然
平素
平定
平底
平庭
平等
平日
平熱
平年
平板
平版
平復
平服
平分
平方
平脈
平民
平明
平面
平野
平落
平和
米印
米屋
米価
米軍
米語
米国
米作
米麦
米飯
米粉
米話
別意
別院
別家
別科
別格
別間
別館
別記
別居
別業
別形
別件
別言
別個
別戸
別後
別口
別行
別号
別使
別紙
別事
別時
別辞
別室
別種
別状
別条
別製
別席
別送
別当
別堂
別売
別表
別物
別便
別報
別法
別路
変目
変圧
変位
変移
変化
変改
変格
変形
変災
変死
変事
変字
変質
変種
変色
変心
変身
変人
変数
変性
変成
変節
変造
変則
変速
変体
変態
変調
変通
変動
変物
変法
変名
変容
変量
編目
編曲
編成
編隊
編入
辺境
辺地
返歌
返金
返事
返辞
返上
返信
返送
返答
返品
返報
返礼
便意
便衣
便益
便管
便器
便所
便乗
便船
便通
便服
便法
便利
勉学
勉強
弁解
弁護
弁口
弁才
弁士
弁者
弁証
弁当
弁別
弁明
弁理
持合
保合
保安
保育
保温
保管
保健
保険
保護
保持
保守
保身
保税
保線
保全
保有
保養
保留
保冷
歩行
歩合
歩調
歩道
歩兵
墓標
墓表
母印
母音
母語
母校
母港
母国
母子
母上
母親
母性
母船
母体
母堂
母方
包囲
包丁
包皮
報告
報知
報道
報復
放火
放言
放出
放心
放水
放送
放題
放置
放電
放任
放熱
放念
放牧
方位
方角
方形
方言
方向
方式
方便
方法
方面
法案
法衣
法王
法外
法学
法規
法具
法師
法治
法人
法制
法線
法則
方則
法定
法的
法典
法務
法令
豊漁
豊作
豊年
豊富
豊満
暴飲
暴挙
暴君
暴行
暴食
暴走
暴徒
暴動
暴発
暴風
暴落
暴利
暴力
望遠
望月
貿易
防衛
防音
防火
防寒
防空
防災
防止
防人
防水
防虫
防毒
防犯
防備
北海
北岸
北境
北極
北光
北口
北航
北行
北山
北支
北上
北進
北西
北朝
北天
北半
北部
北米
北辺
北方
北満
北面
北門
北洋
北陸
牧師
牧人
牧草
牧童
牧野
牧羊
本案
本位
本意
本員
本院
本営
本屋
本音
本家
本科
本格
本管
本館
本願
本気
本義
本業
本局
本校
本国
本妻
本紙
本字
本質
本社
本州
本書
本省
本章
本場
本職
本心
本人
本数
本性
本節
本線
本船
本然
本草
本則
本体
本隊
本題
本朝
本店
本島
本当
本堂
本道
本日
本年
本能
本箱
本番
本部
本物
本望
本務
本名
本命
本木
本来
本流
本領
毎回
毎時
毎週
毎朝
毎度
毎日
毎秒
末茶
末期
末技
末広
末寺
末社
末女
末世
末生
末節
末代
末男
末日
末年
末法
満作
満員
満開
満月
満州
満場
満席
満足
味覚
味方
身方
未開
未刊
未完
未決
未見
未進
未成
未設
未然
未知
未着
未定
未読
未年
未聞
未満
未明
未来
未練
脈動
民意
民営
民家
民間
民業
民芸
民戸
民国
民事
民主
民宿
民情
民心
民人
民政
民生
民選
民団
民度
民徳
民風
民福
民兵
民法
民望
民有
民利
民力
民話
夢精
夢想
夢中
無益
無塩
無音
無学
無機
無休
無給
無形
無欠
無言
無限
無効
無口
無罪
無残
無事
無実
無上
無常
無情
無職
無色
無人
無水
無数
無声
無税
無線
無題
無断
無知
無地
無茶
無毒
無念
無能
無比
無法
無暴
無名
無用
無理
無料
無力
無礼
名案
名医
名家
名画
名義
名曲
名言
名工
名香
名作
名札
名産
名残
名士
名実
名手
名所
名乗
名状
名人
名声
名前
名湯
名答
名物
名文
名木
名目
名門
命運
命根
命数
命題
命中
命日
命脈
命名
命令
明方
明暗
明解
明快
明確
明記
明言
明細
明察
明示
明星
明朝
明度
明文
迷宮
迷子
迷信
迷夢
迷路
名酒
名茶
鳴声
鳴動
草綿
綿布
面画
面会
面子
面積
面接
面前
面相
面白
面目
毛糸
毛虫
毛頭
毛皮
毛筆
毛布
木管
木戸
木材
木場
木星
木製
木石
木造
木炭
木馬
木箱
木綿
木曜
目安
目印
目標
目下
目玉
目高
目指
目次
目上
目星
目先
目前
目測
目的
目当
目白
眼白
目鼻
眼付
目方
目薬
目録
問題
問答
門限
門戸
門口
門歯
門松
門地
門弟
門徒
門番
文目
夜毎
夜暗
夜雨
夜営
夜会
夜学
夜間
夜気
夜宮
夜業
夜曲
夜具
夜空
夜景
夜光
夜桜
夜市
夜色
夜食
夜戦
夜船
夜前
夜着
夜中
夜昼
夜長
夜永
夜鳥
夜道
夜風
夜分
夜明
夜来
野外
野球
野牛
野犬
野原
野菜
野次
野心
野人
野性
野生
野戦
野草
野鳥
野望
野良
矢印
矢面
矢表
役員
役者
役所
役場
役職
役人
役得
役目
約数
約束
約定
薬屋
薬価
薬学
薬局
薬師
薬指
薬草
薬箱
薬品
薬物
薬味
油井
油絵
油気
油菜
油断
油虫
油田
輸液
輸血
輸出
輸送
輸入
勇往
勇気
勇決
勇健
勇士
勇者
勇進
勇図
勇戦
勇断
勇飛
勇夫
勇婦
勇武
勇名
勇力
友愛
友引
友義
友軍
友交
友好
友情
友人
友成
友達
有様
有意
有益
有害
有機
有給
有形
有限
有功
有効
有罪
有志
有終
有人
有数
有声
有線
有体
有毒
有能
有望
有無
有名
有用
有料
有力
由来
遊心
遊休
遊興
遊女
遊説
遊底
遊牧
遊里
昨夜
夕刊
夕顔
夕焼
夕食
夕日
夕陽
夕風
夕方
夕立
予科
予覚
予感
予期
予見
予後
予行
予告
予算
予示
予習
予選
予想
予測
予断
予知
予定
予備
予表
予報
予防
予約
予令
余意
余栄
余角
余寒
余技
余興
余業
余計
余光
余香
余罪
余財
余事
余習
余情
余色
余勢
余談
余地
余得
余徳
余日
余熱
余念
余波
余白
余病
余風
余分
余聞
余命
余力
余類
余録
用船
容易
容器
容積
容態
容体
様体
容量
曜日
様子
容子
様式
様相
様態
洋画
洋楽
洋間
洋館
洋語
洋式
洋室
洋酒
洋書
洋食
洋風
洋服
用意
用具
用件
用言
用語
用紙
用事
用心
要心
用水
用地
用度
用品
用法
用命
用量
用例
羊肉
羊毛
葉書
要員
要因
要求
要件
要石
要素
要点
要望
要目
要領
陽画
陽気
陽極
陽光
陽子
陽性
陽皮
陽物
養育
養魚
養子
養女
養成
養生
養父
養母
浴室
浴場
来意
来院
来会
来観
来季
来月
来光
来航
来阪
来社
来車
来週
来書
来状
来信
来世
来談
来着
来朝
来店
来電
来日
来任
来年
来復
来方
来遊
来歴
落度
落下
落後
落語
落差
落札
落首
落書
楽書
落成
落石
落第
落地
落丁
玉子
利益
利害
利金
利口
利子
利息
利他
利点
利得
利用
利率
梨園
理科
理解
理学
理工
理事
理神
理性
理想
理知
理念
理非
理法
理由
里子
里心
里方
陸運
陸軍
陸行
陸上
陸戦
陸相
陸湯
陸風
陸路
率土
立話
立案
立夏
立秋
立春
立証
立場
立体
立冬
立方
立法
略記
略語
略字
略式
略取
略名
略歴
流音
流感
流血
流産
流出
流水
流星
流石
流体
流通
流動
流入
流氷
流布
流用
流量
留意
留学
留守
留主
留置
留保
旅館
旅客
旅行
旅人
旅先
旅団
旅程
旅費
旅路
領解
領会
両院
両家
両岸
両眼
両義
両極
両軍
両口
両国
両氏
両耳
両者
両手
両種
両人
両性
両生
両全
両像
両断
両度
両刀
両頭
両得
両日
両分
両便
両方
両名
両面
両様
両洋
両用
両立
両輪
料金
料理
料率
良好
良妻
良識
良質
良心
良性
良品
量感
量産
量子
量的
領事
領地
領土
領布
領有
力泳
力学
力業
力技
力行
力作
力士
力石
力説
力戦
力走
力足
力帯
力点
力投
力役
力量
緑色
緑青
緑地
林学
林間
林業
林道
林内
林立
輪回
輪講
輪転
輪番
類語
類似
類比
類別
令兄
令姉
令室
令状
令色
令息
令孫
令弟
令堂
令聞
令望
令妹
令名
例会
例解
例外
例規
例月
例言
例祭
例時
例示
例式
例証
例数
例題
例日
例年
例文
例話
冷性
冷飯
冷雨
冷害
冷覚
冷眼
冷気
冷血
冷語
冷光
冷笑
冷水
冷静
冷戦
冷然
冷肉
冷評
礼金
礼賛
礼式
礼状
礼節
礼服
歴仕
歴史
歴世
歴戦
歴代
歴朝
歴伝
歴日
歴任
歴遊
列挙
列国
列車
列席
列島
練功
練習
連歌
連休
連係
連結
連語
連行
連合
連子
連勝
連戦
連想
連続
連打
連帯
連隊
連中
連動
連日
連敗
連発
連番
連用
連立
練成
矢倉
路線
路地
労銀
労苦
労功
労災
労作
労使
労資
労組
労農
労務
労役
労力
労連
老後
老功
老妻
老子
老人
録音
録画
和人
和英
和音
和歌
和解
和楽
和牛
和金
和語
和紙
和室
和上
和食
和製
和独
和風
和服
和文
和平
和本
和洋
話者
話術
話題
話法
里言
里語
母指
枝折
旗下
混然
輪奈
非才
地虫
真木
愛想
愛着
悪業
悪計
悪血
悪口
悪行
悪日
悪馬
悪名
案文
横糸
印判
右側
雨気
雨足
雨水
雲足
引船
永久
円鏡
円形
丸型
丸形
円型
遠道
塩害
塩水
横風
黄玉
黄色
黄水
黄道
黄銅
黄熱
温習
音色
下作
下知
下民
下葉
化導
仮名
何故
何所
何程
加重
夏時
夏草
家居
家君
家訓
科白
河口
川口
火矢
花園
花街
花町
荷役
画工
画師
絵師
海神
海鳥
絵馬
外界
外側
外庭
各回
角界
眼鏡
願望
久遠
球面
旧型
旧事
旧年
旧版
金色
軍兵
軍役
兄妹
見栄
元金
元服
元利
古歌
古寺
古酒
古金
古鉄
古物
古文
古本
付子
口数
工場
黄葉
行来
行末
高名
合点
合板
黒雲
黒熊
黒白
今昔
今朝
今日
今年
今夕
左側
最上
最中
昨日
桜花
刷子
姉妹
師走
枝葉
詩歌
歯肉
借家
借屋
借問
主客
主根
主人
修業
修造
重囲
重荷
重厚
重手
重犯
重複
出漁
出国
出所
出水
出生
出船
出鼻
春雨
順風
初産
助言
女形
女方
商人
小便
少女
小女
省筆
上着
上衣
表着
上院
上世
上側
上皮
上方
上様
乗客
食客
真直
真白
人証
人心
人身
人数
人徳
人文
人目
人眼
人力
水鳥
水薬
世故
正気
正客
正道
精兵
西方
石綿
赤色
切畑
先王
川面
河面
浅緑
船底
前金
前足
前歯
前半
前輪
全国
全治
早急
相反
草木
卒去
他言
他人
大河
単衣
地境
築城
茶店
中指
中風
昼間
朝飯
直球
直談
直答
直路
弟子
天神
天人
天地
天道
天路
見世
点心
伝言
島国
東側
東風
灯火
頭数
同人
導管
道管
赤金
読本
内海
内外
内宮
内治
内示
内庭
南国
南西
南側
南東
日数
日本
入口
入水
奈何
年月
年頭
年表
波形
梅雨
博打
麦秋
麦飯
発足
水落
半月
半日
半年
反故
反古
鼻鏡
鼻血
鼻紙
花紙
鼻声
鼻息
氷室
氷水
氷柱
不具
不治
不定
不日
夫婦
富者
武士
武夫
風車
副官
仏心
仏性
分限
分明
文書
平均
平地
別人
別名
編者
墓参
墓石
墓地
北国
北側
北東
北風
牧場
本文
毎月
毎年
末席
末弟
末葉
末流
末路
民草
明日
暴言
問屋
夜寒
夜半
夜番
夜話
夕飯
予言
余人
浴衣
来客
来春
来場
落葉
流行
両側
両足
両損
冷酒
老弱
大和
和名
歴青
上薬
合印
相性
合性
合標
空巣
秋晴
挙句
足械
足元
足下
足許
圧服
編物
香魚
年魚
暗記
暗黒
案配
案分
育成
育生
生花
活花
意向
位置
位地
入相
入海
入日
入歯
入物
容物
因習
印箱
印綿
植木
雨季
雨期
受付
受持
打消
売上
売子
売出
売手
売場
売行
運送
英才
英知
海老
追風
王公
岡辺
沖合
置物
覚書
重味
母屋
母家
主屋
折紙
折目
温和
飼犬
会館
回章
回船
買手
買主
飼主
買物
海里
係員
花期
花季
夏季
書初
書留
書取
画一
画引
貸切
貸出
個所
過賞
仮説
仮設
下体
語部
格好
仮字
可成
科目
課目
家門
借物
河原
川原
関数
画賛
気合
効目
利目
起原
希書
基準
規準
機知
希図
寄付
気持
旧交
旧好
強固
共同
協同
協力
共力
切通
切札
切身
切味
布地
切地
切物
切者
技芸
区画
組立
組版
位負
海月
水母
黒金
黒円
具合
工合
群集
消印
決起
決着
結着
建言
検算
験算
検死
健実
下種
下司
原価
元価
元素
原素
原注
子犬
小犬
幸運
好運
子牛
小牛
交代
興敗
鉱夫
広報
小売
古希
古言
個数
木立
古注
小包
子羊
小羊
強情
才知
採録
逆様
作付
細魚
仕上
仕方
仕着
仕組
子細
羊歯
失神
失心
失態
失体
紙魚
衣魚
首位
主位
主意
修好
修交
拾集
習得
修得
主取
主持
週令
修練
主唱
首唱
首領
主領
賞賛
消灯
正油
少量
小量
唱和
知合
仕分
真個
心証
信服
事態
事体
実情
実状
辞典
弱小
弱少
弱年
重体
重態
上乗
上提
上程
人知
助平
成員
正員
折角
浅見
先頭
先登
全線
全船
全知
前兆
前編
総合
総社
側聞
率先
卒先
率直
卒直
卒然
率然
備付
空豆
対日
台風
太平
章魚
建前
立前
仮令
炭鉱
短編
近道
近路
中秋
仲秋
中編
兆候
直径
直経
付馬
付落
付人
付焼
包金
包紙
手当
定形
定型
手帳
手続
手引
照焼
天平
天変
伝唱
島主
島守
登用
時折
年老
年寄
取手
飛石
飛魚
飛火
留金
止金
取決
取組
取消
取調
取説
取次
取引
取分
動気
同形
同型
動静
動勢
同名
毒味
毒見
内検
内情
内状
中仕
仲仕
中身
中味
投物
夏祭
夏向
成行
縄張
何個
荷送
荷積
入神
願事
年令
能弁
飲水
飲物
飲屋
乗手
乗場
乗物
箱船
鼻風
話中
花祭
鼻許
鼻元
食出
張子
晴着
反旗
反逆
反徒
反復
売春
梅毒
馬鹿
破家
博労
化物
板金
引合
引馬
引金
引算
引手
引戸
日差
左利
必死
火付
単物
日焼
冷麦
表札
標札
平目
平屋
昼食
中食
不帰
不起
福引
付属
両親
不要
不用
不漁
古川
古河
古里
旧里
故里
古兵
付録
無様
不様
部所
無精
不精
編集
編修
別品
包帯
包容
保証
保母
母型
母形
前売
曲玉
末季
末香
丸顔
円顔
満点
見返
神子
見積
見通
見習
名字
民族
虫歯
申入
申立
持主
持物
焼鳥
焼肉
焼物
有利
養護
要約
横丁
横町
余生
余世
余所
他所
余程
夜店
読取
読物
弱味
来賀
類型
類形
歴年
労働
労動
早生
破物
各週
長音
低温
低音
同額
同学
合方
移調
糸竹
歌声
戦後
原題
音詩
音大
階名
楽才
楽人
楽師
楽調
楽典
楽界
地声
頭声
老師
室町
新橋
平成
弁天
食育
具備
社歌
赤組
早業
早技
速業
高然
綿羊
苦塩
帯留
帯皮
枝族
支族
消然
復唱
非議
大様
防具
浅墓
白粉
風上
貸間
風薬
国力
山積
時機
自問
週休
順路
水産
成算
節句
早春
草食
多角
達筆
長大
出梅
冬期
立札
何十
日給
話声
府立
防戦
小火
町中
街中
満面
身軽
道草
道順
見所
耳元
耳許
明年
無害
無心
無風
名月
明月
明治
要所
用足
用達
陸橋
留年
領海
領空
歴然
老化
老眼
路上
和式
生起
生気
精気
西紀
面談
衣類
引取
引受
院内
営農
英明
園内
横手
加点
回向
回戦
快勝
海戦
海道
絵筆
開国
外洋
学際
完工
完治
完勝
完投
完売
官民
漢方
漢法
管財
管長
観音
関取
館内
旗印
旗標
規正
技官
義勇
客足
救国
牛歩
高進
思料
思量
属目
族生
極希
順良
順当
軽易
高直
老練
性悪
類希
望見
物故
着火
着眼
着帯
打電
復命
布教
減殺
配付
版行
編制
放流
表章
引航
自弁
辞去
自生
開帳
開講
解組
活写
経略
検分
見分
結団
結実
帰朝
寄語
帰一
固着
校合
挙用
味読
目礼
目送
落球
落馬
落着
連破
輪唱
立身
老成
類焼
留任
流失
再調
際会
散花
支弁
死守
賞美
消光
焼香
招来
照査
手交
習練
走破
対置
対質
登板
当直
投下
登高
得道
特設
得心
投宿
通読
予察
遊泳
遊食
在校
絶息
増置
造成
望外
治下
町立
中細
現有
色白
常置
術後
快足
格外
管状
管下
小型
小形
区立
弓状
無配
無二
帯状
輪状
輪形
最南
清新
生新
石造
雪白
所期
所要
終極
大輪
帯緑
適時
等張
在野
全麦
絶世
馬身
米貨
牧笛
木刀
部会
部活
部局
文武
文教
分筆
物象
物情
部属
病根
病歴
病身
茶園
着地
着駅
着氷
着意
着水
地歩
地表
地階
築港
治国
築造
地文
治産
治世
長物
長打
長兄
調教
長命
調味
調練
張力
長身
調色
貯炭
虫害
柱面
注進
注水
注油
大福
第五
第三
大卒
男児
断交
打算
打席
伝動
道破
土方
銅鉱
独白
独力
毒矢
度量
枝毛
役牛
役務
赤子
赤児
園丁
布置
風波
風評
風光
風向
服地
服務
福徳
服罪
風味
船宿
富農
分速
布令
風説
節糸
負数
外心
岐阜
義人
逆徒
行幸
破談
破顔
敗軍
配本
配管
配流
配役
波状
発会
白票
白色
版木
板木
半焼
発布
畑作
機屋
法度
返電
返照
変転
非番
飛鳥
飛報
肥育
悲喜
飛球
費目
日永
日長
品行
品評
比類
筆力
放談
法博
方術
放校
本分
本土
本末
歩数
豊水
報徳
法要
評注
票田
評者
評点
山男
青葉
大洋
日仏
老父
老婦
地学
実梅
素焼
香箱
香合
香花
手玉
田虫
緑虫
小手
物流
星目
井目
飛箱
田楽
葉月
神月
相子
水綿
居室
漁民
共和
教頭
近作
金子
金石
金品
型式
経常
欠場
月産
月内
健保
県外
県勢
原資
減員
減益
減給
後進
護国
公舎
公述
好守
好天
鉱区
受章
松明
金気
広間
赤土
戦地
草地
谷地
長目
鉄線
土神
物持
野宿
矢先
領分
宿六
馬子
新報
長石
当板
道板
図体
老母
自害
地金
地色
時事
自序
時候
自今
滋味
地熱
自任
辞林
時流
寺社
次週
自足
実姉
実相
示達
自適
実益
日月
実技
実妹
実像
持薬
条虫
序次
情実
情火
情交
条目
常例
定席
城市
女色
常食
常態
順逆
授産
受精
授精
述作
門出
改易
花序
客死
貸金
加州
川辺
川魚
川底
河底
荷葉
検鏡
連理
間八
鳥貝
白魚
顔黒
総員
新春
陽春
波布
思議
財形
局舎
定番
綿花
連綿
見得
土中
和合
主神
赤紙
得分
徳分
独文
貸本
熱唱
飛地
厚底
国体
配信
白札
直音
遊学
遊楽
遊子
遊軍
遊芸
毛織
結縄
寄進
寄書
寄食
季春
小声
小口
国本
小魚
訓導
街着
毎分
守刀
満期
目頭
名分
名花
名君
明君
名勝
明色
名刀
綿糸
面識
実生
深山
木工
毛根
木版
目算
門柱
門脈
門札
問責
問罪
村里
脈管
内合
生水
熱戦
肉太
肉声
日参
庭師
農具
農政
大判
大台
大口
負目
面持
女手
親船
大関
落日
落城
落命
落選
礼法
列強
連作
練炭
練達
練鉄
連山
列伝
陸地
輪読
輪作
理路
立志
立像
理容
老木
路面
老年
路用
略服
良家
緑化
緑茶
緑土
良民
領内
良書
良材
流木
留飲
流会
流説
酸鼻
産婦
世評
精麦
声調
成虫
政談
西独
清風
整風
生業
精白
声価
政経
精根
生来
性来
精練
製紙
製糸
星食
青天
精油
席次
積年
昔年
石像
先学
選者
戦果
戦功
選民
先兵
戦績
船倉
船側
説法
接写
車台
社団
赤銅
写経
社屋
社運
質札
質入
司直
試乗
色相
深部
身代
進言
深耕
進講
神明
進物
深緑
親政
深浅
深謝
心像
司祭
詩才
質実
飼養
子葉
資財
氏族
官位
調略
金赤
平米
立米
赤口
漢名
表書
神式
同原
楽焼
後宮
水引
着底
日朝
焼死
高察
小職
消長
追号
特化
鳴物
死相
省字
実写
書法
墓所
馬主
空室
松風
後輪
粉炭
父君
油紙
手水
手職
着荷
徒然
石神
毒気
新香
文箱
宿世
船具
船橋
水辺
水底
水鼻
水草
小才
小用
小路
国風
遠山
名聞
山風
山家
利札
女気
神酒
神器
細字
皮衣
字面
海風
落人
近火
大本
大門
太夫
大夫
内孫
薬湯
初子
初孫
法主
外孫
外海
量目
漁期
集注
庭常
草屋
復校
生魚
流民
角行
葉茶
白目
白眼
白雪
白雲
白旗
日英
字書
水位
官辺
和声
君側
血判
無代
工人
容色
容共
発句
版図
金肥
金堂
金鉄
合服
間服
禁中
故実
客人
客年
客舎
京都
種皮
種馬
用便
用談
通人
続落
配所
父老
属官
属国
属領
頭注
頭領
投打
投合
投身
中卒
中衛
朝見
朝野
首級
祖述
守札
終生
終世
州都
手下
手札
手旗
手練
船人
村落
所員
書写
書状
書画
書家
土色
社寺
徒食
徒桜
石柱
石高
図星
団交
転化
転義
質草
質種
勝地
登坂
登院
証左
証紙
証票
総点
速球
数倍
送達
方今
方円
予価
野点
野営
野選
準星
春色
春季
春情
隊形
対句
対辺
対米
対局
対価
対語
賀表
漢土
現生
調馬
車屋
車寄
光熱
新茶
親王
親米
絶海
絶食
絶島
絶唱
絶景
絶無
節会
節季
文治
文相
迷鳥
迷答
階程
結願
開基
府下
筆生
筆勢
飯台
辞世
秋思
宿老
宿所
宿便
宿営
宿駅
宿願
酒色
酒保
酒家
酒精
提要
適材
適者
政所
水圧
水冷
水差
水指
水脈
水深
高下
高所
高率
国学
国軍
国情
国人
国対
今季
左辺
最下
最多
最長
在京
在米
昨秋
山手
山野
山陽
産品
産量
賛意
子役
市道
支所
紙上
字数
持家
持出
持味
時半
治験
自決
自室
自助
式部
失投
質感
実子
実勢
実戦
実弟
社告
車中
取口
取付
取水
守勢
手中
酒税
受給
秋季
週内
集結
集散
集票
重度
出走
酒店
宿木
古紙
故紙
唱導
小破
小引
小事
小道
小径
初校
章句
職分
植生
職責
職種
暑熱
省力
章節
小社
小史
祝言
集貨
相伝
草堂
息女
測深
早世
素志
相思
早産
大病
大過
大器
待命
太子
帯刀
太山
達観
炭田
短信
経糸
達意
底辺
低辺
定位
底角
底流
定則
鉄筆
鉄色
当地
特価
徳行
常夏
得度
徳義
特写
特等
答礼
当路
当節
灯心
追記
産声
売方
薬効
約分
山場
山里
養分
要談
要害
洋品
洋上
洋行
葉脈
要路
要略
羊水
弱火
遊民
遊山
遊星
残額
残雪
造営
増益
象眼
造兵
造花
造血
浴客
公田
金山
客月
客語
行年
茶人
茶話
宿主
焼畑
有徳
有職
国府
情人
名利
山気
女官
西遊
希代
連判
告文
大兵
大所
大逆
大技
大業
祭文
心算
長夜
初空
声音
高声
雨風
生類
軽重
好事
風神
布引
組歌
矢羽
待合
心太
校注
町制
町政
転進
悲境
活魚
利酒
聞酒
銀鉱
高言
広言
小編
唱名
新選
速決
耳輪
元売
元高
元歌
完本
院主
院議
官印
官立
官有
官名
官学
官金
官制
官版
官府
官紀
官軍
官設
官営
官給
官等
官業
官選
管領
館主
館外
課役
原石
原曲
原初
原級
丸材
和字
和書
和船
和漢
和戦
和親
和議
軍足
運弓
運指
君民
君国
君命
群小
群竹
群羊
群臣
群青
群発
群雲
村雲
群議
回天
回国
回春
回流
回訓
回読
回議
帰心
帰服
帰休
帰来
帰村
帰投
帰参
帰校
帰航
帰港
帰営
帰農
混用
混色
混作
混線
血合
血便
血脈
血書
血税
血戦
血路
墓前
墓場
無才
無毛
無手
無月
無札
無辺
無灯
無血
無位
無体
無台
無住
無告
無芸
無季
無価
無味
無始
無官
無明
無性
無根
無病
無宿
無産
無期
無量
無筆
無道
無勢
無想
無意
無電
無雑
徒飯
無熱
無類
馬上
馬方
馬肥
馬首
馬食
馬耕
馬場
馬料
明主
明春
明断
明美
明答
明達
明徳
明鏡
工手
工率
功力
功臣
功利
功過
空文
空目
空合
空耳
空身
空佐
空谷
空発
空茶
空家
空屋
空音
空荷
空馬
空夢
空戦
空電
空説
空際
空箱
現人
空談
谷風
浴用
浴後
容顔
公印
公刊
公序
公知
候由
候所
候間
港外
港図
口辺
口寄
口軽
口輪
後人
後口
後天
後出
後代
後光
後車
後門
後便
後軍
後指
後送
後流
後足
後備
後報
後葉
後景
後衛
半眼
発心
発向
発走
発起
発案
発航
発馬
発給
発意
発話
発語
発駅
発議
反例
返本
返付
返書
返球
版本
敗色
敗報
別命
辺土
破竹
破風
破屋
破船
破調
破鏡
今際
金工
金口
金仏
金字
金主
金糸
金波
金的
金城
金員
金粉
金側
金製
金箱
金談
金輪
鉄輪
減水
減号
減作
減等
減損
減塩
減算
感状
感受
感官
感得
急火
急告
急使
急信
急追
急転
急減
急報
給金
給費
給電
給養
音物
引物
暗緑
暗線
応手
応変
禁圧
禁札
禁教
禁鳥
禁衛
苦肉
苦虫
苦寒
苦節
苦熱
故山
故主
故知
故殺
各戸
客分
客用
客種
額際
航走
戸毎
行人
行文
行水
行状
行金
行軍
行宮
行旅
行路
行賞
重唱
動線
種火
種牛
種本
種名
種油
種板
種物
種紙
童女
用字
用兵
用役
用材
用金
用益
用務
用筆
用器
通力
通史
通好
通交
通有
通性
通計
通則
通航
通運
通解
通語
通観
同体
同率
同着
同量
銅色
銅板
銅製
銅器
銅鏡
続刊
続投
続物
続開
続演
読切
読会
読図
読後
読過
非命
非理
非望
非道
非業
非職
悲曲
悲話
悲歌
分脈
粉本
粉状
粉屋
粉食
貧打
配車
配球
配船
飛札
飛電
飛語
博引
父性
父祖
布切
布目
歩武
歩度
歩測
属格
属島
独仏
独行
独泳
独往
独英
独和
独修
独眼
独話
独語
主辞
柱状
豆板
豆炭
頭分
頭字
頭重
頭書
投技
投縄
語音
語脈
語勢
語史
語志
逆毛
逆手
逆心
逆光
逆臣
逆波
逆修
逆産
逆運
逆順
逆夢
油圧
油状
油性
油単
油然
油照
中子
中火
中表
中音
中席
朝来
朝臣
朝風
朝政
朝酒
朝家
朝湯
朝賀
朝間
朝議
首足
首題
祖師
祖語
組手
組頭
昨夕
昨冬
昨朝
潟湖
席画
席料
席順
守旧
守成
守兵
守役
守戦
受口
受任
受益
冬日
冬毛
冬服
冬着
冬場
終曲
終決
終車
終発
終期
手工
手代
手付
手写
手合
手羽
手兵
手車
手妻
手金
手長
手業
手勢
手塩
手鼻
手管
手織
昼席
週日
週番
週給
酸敗
酸類
村立
村会
村有
村童
村道
村費
孫子
罪名
罪責
損金
損料
都人
都下
都政
都鳥
都営
着岸
着発
着船
着雪
着順
着電
着類
書中
書手
書付
書札
書目
書判
書役
書見
書林
書信
書風
書経
書証
土工
土功
土民
土製
土管
土語
土質
土橋
社中
社友
社史
社主
社印
社命
社風
社則
社家
社務
社章
社費
社業
社歴
社線
社頭
徒死
徒名
徒行
徒費
石山
石弓
石文
石竹
石材
石版
石板
石屋
石粉
石組
石焼
石筆
石器
図工
図会
図説
図録
貯木
伝受
転地
転成
転位
転住
転学
転注
転音
転科
転記
転移
転属
転貸
転戦
断金
断案
断熱
室料
身中
身共
身命
身重
身持
実学
実見
実科
実員
実記
実理
実検
実景
実働
実説
勝因
勝率
勝景
乗務
登極
証文
取木
取札
取皿
取的
取所
取前
取粉
総出
総皮
総別
総花
総見
総画
総門
総則
総高
足代
足形
足型
足芸
足弱
足湯
足軽
束柱
速写
速成
速効
速筆
速算
速読
族長
数十
数万
数次
数度
数等
走法
送水
送風
送球
送辞
送話
方正
方里
方図
方略
防共
防食
防風
防雪
防暑
防熱
防護
放列
放鳥
放散
放歌
病中
病友
病欠
病因
病体
病毒
病舎
病変
病害
病理
病勢
病態
病識
余接
余切
舎費
茶代
茶所
茶席
茶飯
茶箱
序言
序数
野天
野中
野手
野火
野末
野史
野辺
野合
野師
野馬
野焼
野道
野路
謝状
謝金
局外
局報
具申
具案
具眼
春本
春光
春祭
春着
春寒
春陽
隊列
隊商
対人
対内
対生
対当
対空
対物
対流
対校
対顔
建売
寒月
寒心
寒色
寒行
寒竹
寒国
寒肥
寒点
寒梅
寒極
漢人
漢学
漢書
漢族
間夫
間代
間色
間作
相作
間然
間道
間遠
界標
見台
見目
見神
見料
見場
見様
現下
現今
現出
現任
現前
現品
現送
現高
現員
現勢
現数
調号
調法
調音
調進
築庭
毒手
毒虫
毒酒
毒害
毒婦
毒魚
毒筆
居士
居城
居然
湖心
湖底
湖岸
仮作
仮題
家父
車力
車上
車夫
車代
車馬
下味
夏作
夏鳥
往古
黄変
広口
広原
広量
横根
横雲
鉱水
鉱毒
鉱油
鉱害
泳者
光力
光束
光体
光点
光覚
光輪
光頭
兄事
新刀
新月
新田
新地
新来
新兵
新法
新品
新政
新修
新酒
新書
新造
新進
新道
新開
新薬
親木
親心
親任
親交
親里
親告
親近
親柱
親書
親祭
親鳥
親筆
親等
親電
切目
切要
絶品
絶後
絶家
絶勝
絶筆
絶賛
札付
札所
節用
節目
節米
節婦
節義
未発
味見
物見
物性
物量
物税
物種
文人
文才
文士
文末
文名
文事
文典
文物
文政
文弱
文理
文鳥
文集
文運
文勢
文様
文選
文題
米中
米仏
米材
米差
米油
米英
米松
米所
米独
米食
米倉
米産
米塩
米綿
迷走
火水
火色
火消
火縄
火線
門人
門下
門火
門付
門外
門灯
門前
門院
門構
門衛
美文
美本
美田
美形
美声
美技
美育
美服
美音
美食
美酒
美挙
美景
美感
美辞
美談
美質
美顔
資性
妻女
妻戸
妻室
自火
自失
自用
自余
自利
自画
自注
自書
自記
自得
焼酒
自製
臣事
臣服
臣節
階上
階乗
結氷
結句
開札
付票
付設
日夕
日子
日用
日毎
日印
日足
日直
日録
年毎
年式
年余
年率
年強
比価
筆太
筆圧
筆写
筆耕
筆紙
筆答
筆戦
筆意
筆算
筆談
鼻熊
編戸
番手
番兵
番卒
番所
番長
板子
板戸
板目
板屋
板書
飯米
飯屋
飯時
治山
治者
治略
治績
始原
始期
式日
式台
式目
式次
式法
試筆
試飲
試演
等外
等比
等式
等位
等角
等速
等量
等質
等親
辞色
秋水
秋日
秋色
秋作
秋冷
秋声
秋波
秋草
秋祭
秋期
宿志
宿根
宿料
宿帳
宿悪
宿運
宿業
宿意
酒手
酒毒
酒客
酒徒
酒席
酒量
酒器
酒倉
酒興
題号
題字
題言
題画
題意
題辞
適地
適作
適役
適所
適温
適評
適業
適薬
適職
正木
政争
政事
政教
政商
政務
政道
役夫
役名
船中
船方
船出
船台
船虫
船体
船医
船足
船板
船型
船客
船級
船荷
船路
船玉
船頭
術中
術計
術数
水口
水火
水木
水心
水先
水芸
水利
水防
水油
水肥
水明
水物
水屋
水神
水食
水耕
水浴
水菜
水球
水船
水量
水運
水練
水管
水線
水質
水鏡
追分
追白
追肥
追送
追福
追録
輪生
輪差
類火
類本
類句
類字
類同
類例
類音
類書
類歌
類題
駅手
駅路
夜目
夜祭
液肥
夕月
北限
在天
在中
在方
在世
在役
在英
在官
在室
在家
採石
採光
採鉱
号音
号笛
考究
考量
宮人
宮守
宮居
宮室
宮家
宮様
照応
照星
焼失
焼打
焼成
焼場
焼結
焼筆
焼飯
焼塩
消散
小曲
小伝
小成
小字
小作
小兵
小利
小男
小足
小身
小使
小夜
小知
小官
小者
小勇
小首
小昼
小差
小寒
小景
小童
小過
小勢
小農
小歌
小器
小頭
笑気
笑声
笑殺
笑話
答辞
有夫
有心
有半
有史
有司
有色
有余
有事
有価
有性
有配
有情
有産
有期
有税
有識
右左
国父
国母
国号
国主
国守
国光
国利
国使
国典
国法
国原
国元
国許
国鳥
国運
国漢
国禁
活物
活計
活殺
活眼
活歴
過客
遠耳
遠島
相好
相役
相客
相宿
相愛
想念
想望
箱屋
箱師
素首
素読
新玉
青山
青木
青史
青田
青地
青竹
青豆
青貝
青梅
青書
青息
青馬
白馬
青票
青雲
情史
情状
情味
情理
情話
情歌
情調
清音
清遊
清朝
清福
清適
晴雨
静心
静思
静態
静養
精虫
精舎
精強
精義
精農
精管
精銅
精確
星学
星宿
星祭
平皿
評伝
評言
評語
名山
名主
名代
名号
名句
名店
名取
名品
名流
名馬
名望
名筆
名数
名辞
名歌
名器
名薬
民具
買入
買方
買付
買得
売人
売文
売主
売価
売品
売薬
脈所
鳴子
鳴戸
刀豆
帯地
帯心
帯金
帯紙
帯電
世情
世態
浅手
浅黄
残月
残生
残余
残花
残物
残品
残香
残部
残照
線条
散光
散兵
散票
散開
散薬
産気
産別
産児
産金
産前
産室
産屋
産湯
産道
産額
山人
山元
山下
山本
山犬
山辺
山守
山形
山村
山河
山国
山海
山容
山鳥
山番
山程
山路
山際
義子
義士
義心
義民
義兵
義金
義軍
義挙
義絶
義戦
義旗
言上
言下
言条
言責
言辞
言様
岸頭
基数
基線
期成
期首
旗日
旗本
示度
示現
季末
季題
器財
安固
害心
害意
冷夏
領水
領主
領国
利水
利手
利発
利便
利根
利福
利器
歴程
底土
底止
底面
底荷
底魚
底意
矢文
矢玉
矢来
矢場
矢種
指折
指物
差物
指頭
億万
皮具
極内
極月
極左
極光
極言
極洋
極流
極細
極道
極暑
極量
極熱
交角
校本
校主
校定
校服
校具
校風
校訓
校務
学才
学外
学事
学制
学風
学修
学務
学報
学徳
学績
教生
教主
教学
教法
教具
教門
教案
教場
教程
教護
女工
女心
女主
女坂
女物
女持
女給
庭石
庭先
易断
氏人
氏寺
紙入
紙子
紙衣
紙花
紙価
紙屋
紙帳
紙筆
紙数
紙器
紙質
地口
地中
地引
地心
地目
地合
地米
地底
地変
地相
地界
地場
地温
地番
地税
地歌
地積
成文
成因
成体
成典
成約
成案
成魚
成鳥
成業
成語
城内
城外
城池
城兵
城府
整式
整版
整容
整復
整調
申達
神人
神木
神火
神気
神州
神色
神灯
神体
神助
神技
神国
神変
神前
神品
神政
神格
神速
神馬
神授
神意
神橋
神職
神鏡
電命
電略
電路
電熱
引札
先天
西土
死力
死中
死文
死生
死肉
死地
死児
死命
死物
死所
死毒
死海
死脈
死病
死票
死際
死線
死顔
細大
細民
細別
細君
妻君
細見
細雨
細則
細帯
細筆
細道
深化
深手
深長
深厚
深酒
深雪
深間
深意
計時
接台
待人
持分
持説
止水
得失
得物
統覚
統領
道士
道中
道心
道学
道糸
道念
道家
道歌
導水
導師
導線
祝事
祝酒
祝勝
祝意
祝歌
条規
虫気
虫酸
虫薬
波風
波音
波面
波高
波間
波路
増水
増血
増兵
増便
増発
増配
増量
増給
増結
増額
字母
字音
字訓
字間
字解
服属
婦道
婦徳
婦選
海人
海士
海山
海区
海内
海牛
海気
改機
海黄
海図
海防
海松
水松
海門
海容
海産
海魚
海損
海関
黒竹
夢見
夢現
夢路
場代
場外
場数
挙足
総角
湯口
湯女
湯水
湯玉
湯花
湯屋
湯葉
湯波
油皮
堂上
堂守
上底
上期
商学
商戦
良工
良友
良田
良医
良夜
良法
良知
良風
良計
良師
良案
良能
良馬
良貨
良港
良種
良薬
落口
落手
落体
落花
落魚
落陽
打力
打水
打身
打法
打点
打球
打順
灯下
灯光
町方
町名
定圧
定立
定見
定言
定法
常法
定点
定率
定宿
常宿
定温
定植
定業
定置
責苦
責馬
積木
積荷
積悪
寄木
寄目
歌口
歌境
出校
鉄人
鉄工
鉄山
鉄火
鉄心
鉄石
鉄血
鉄柱
鉄路
鉄器
機才
機上
機具
機根
機業
機織
近古
近因
近体
近状
近情
近臣
近事
近国
近時
近着
近景
近間
近業
希土
希有
温石
練糸
練兵
練物
連句
連年
連名
連投
連声
連夜
連枝
連記
連接
連関
絵心
絵札
絵像
見高
観入
観相
観桜
観梅
観望
観象
観照
観想
話好
話芸
話頭
母君
母物
母線
毎夕
毎号
毎次
毎夜
梅園
牧夫
牧牛
牧民
牧地
牧者
牧舎
牧神
牧歌
求心
救民
球界
球電
当今
当月
当代
当主
当付
当年
当夜
当所
当家
当落
当量
当確
当職
悪才
悪因
悪報
英主
英法
英貨
折戸
折本
折句
折線
折箱
製材
製油
製茶
製炭
製塩
大力
大弓
大山
大円
大功
大白
大礼
大目
大任
大老
大同
大成
大身
大君
大役
大足
大命
大典
大法
大味
大乗
大勇
大風
大度
大政
大計
大食
大酒
大師
大挙
大息
大破
大笑
大野
大黒
大略
大船
大敗
大黄
大寒
大道
大義
大農
大数
大罪
大路
大観
大願
太白
太初
太織
多毛
多生
多色
多肉
多作
多芸
多売
多雨
多事
多妻
多発
多能
多病
多望
多感
達文
達弁
達見
達識
直配
直読
植毛
植皮
置石
置所
置屋
徳化
徳目
徳育
徳性
徳政
徳望
特出
特立
特効
特注
特発
特高
特配
特務
特進
特電
特選
左様
然様
佐様
差足
差金
指金
差等
差損
祭主
祭式
祭事
祭服
祭具
祭政
祭場
祭器
圧麦
圧点
塩引
塩魚
塩税
気付
気早
気位
気重
気室
気弱
気脈
気短
愛社
愛孫
愛機
入合
入部
入漁
内皮
内発
南画
南限
男工
男手
男心
男坂
男声
男役
男物
心土
心因
心学
心材
心技
心事
心性
心室
心神
心音
心根
心眼
心組
心意
心機
心頭
心願
養老
養家
洋弓
洋犬
洋本
洋学
洋紙
洋梨
洋種
洋銀
象虫
象限
栄職
営舎
営庭
画境
桜草
桜紙
桜湯
街録
改元
改号
改進
記紀
起毛
起句
起死
起結
起筆
里人
里程
里数
里親
理外
理財
理数
力水
力負
力演
鳥人
鳥目
鳥追
薬方
薬代
薬用
薬礼
薬研
薬毒
薬食
薬害
薬酒
薬殺
薬液
薬理
薬園
薬種
料地
料紙
票数
標石
標旗
暴圧
暴民
暴状
暴政
暴悪
暴漢
表音
長上
長子
長文
長円
長生
長考
長足
長波
長径
長雨
長屋
長家
長湯
長講
帳元
張札
張番
常人
常会
常住
常事
常客
常春
常備
常温
常勝
常道
常数
常節
作画
所行
所業
所労
所思
所領
所願
初口
初生
初氷
初号
初年
初役
初花
初見
初物
初発
初音
初速
初経
初湯
景物
景教
強弓
強火
強圧
強兵
強直
強記
強飯
強暴
強談
競市
知友
知日
知行
知育
知者
知勇
知得
知略
知歯
知徳
声量
技工
解氷
解団
解字
解式
解版
解物
解語
単行
単勝
戦中
戦友
戦史
戦役
戦法
戦敗
戦備
戦費
戦雲
戦意
戦歴
戦旗
戦機
税目
説服
説経
花入
花代
花氷
花色
花守
花糸
花柱
限外
根毛
根方
根付
根雪
眼中
眼底
眼前
眼帯
眼病
銀地
銀糸
銀位
銀波
銀粉
銀側
銀製
銀輪
点差
点薬
犯則
法力
法文
法号
法名
法灯
法式
法身
法事
法例
法官
法服
法相
法科
法界
法理
法眼
法貨
法楽
法話
法語
法談
品形
品書
品番
品等
品数
快弁
快打
快味
快便
快音
快報
快絶
快漢
決水
決河
月下
月毎
月形
月利
月番
月評
月輪
外力
外分
外史
外伝
外地
外在
外材
外事
外法
外物
外宮
外商
外港
外輪
外題
木口
木仏
木本
木末
木皮
木皿
木地
木型
木通
木理
木組
木部
木魚
木像
木葉
木精
木質
目元
目許
眼元
眼許
目今
目色
目地
目角
目茶
目線
目顔
飛板
橋台
高工
高士
高木
高札
高目
高年
高角
高弟
高利
高足
高点
高風
高祖
高教
高菜
高歯
高話
高遠
高徳
高歌
高説
高談
高調
高根
県人
県令
県有
毛玉
毛羽
毛色
毛足
毛管
略史
略号
略伝
略体
略図
略言
略画
略述
略書
略章
略筆
略解
略説
路程
路銀
路標
路頭
両三
両目
両前
量器
魚灯
魚油
魚板
魚肥
魚信
魚粉
魚道
魚族
漁区
漁火
漁法
漁具
漁家
川風
河風
川路
訓告
訓義
訓電
関守
関頭
面皮
面色
面当
面体
面長
面差
面容
面責
面部
面構
面輪
満山
満天
満水
満目
満身
満車
満室
満票
満堂
満額
満願
綿弓
綿毛
綿油
綿雪
綿雲
信女
信士
信証
進上
進水
進取
進発
進軍
進航
集札
雑曲
雑件
雑色
雑物
雑則
雑食
雑書
雑務
雑税
雑損
雑話
雑歌
雑録
検圧
検字
検地
検体
検車
検品
検案
検校
検温
検番
見番
接木
接岸
羽虫
羽風
雨女
雨氷
雨男
雨後
雨間
寺男
時人
時化
時文
時日
時世
時好
時季
時制
時務
時評
時運
詩友
詩文
詩心
詩作
詩学
詩経
詩想
詩境
詩語
詩選
詩興
志気
耳打
耳底
耳語
士卒
士族
士道
息災
色文
色糸
色里
色町
色街
色物
色神
色黒
色悪
色覚
色絵
色道
色感
草本
草市
草色
草肥
草物
草根
草葉
造化
造反
造本
造言
造酒
造園
造機
熊祭
確守
確度
確然
確説
確聞
緑玉
緑豆
緑林
緑肥
緑雨
緑門
緑便
緑風
緑酒
緑野
倉本
向性
香車
香具
形木
形代
形声
形質
耕土
耕種
幸便
衣手
本丸
本山
本元
本手
本代
本件
本色
本式
本官
本復
本給
本選
肥厚
聞耳
聞役
聞知
聞書
陸生
陸海
陸送
陸産
陸続
全会
全学
選外
選良
選局
選果
選炭
選科
選書
選球
選評
選鉱
選歌
選管
算入
算木
貸元
貸手
貸主
貸席
貸料
貸費
子方
糸目
糸印
糸価
糸底
糸桜
糸遊
糸魚
糸織
思念
富札
富有
富国
富家
福耳
福助
福相
福運
遊行
遊技
遊君
遊歩
遊金
遊客
遊資
遊歴
農会
農作
農兵
農芸
農事
農法
農牧
農相
農科
農婦
農務
農期
農道
肉池
肉芽
肉的
肉界
肉細
肉感
肉質
復交
復位
復学
復員
復航
復配
復業
複文
複方
複音
複葉
複勝
複線
報国
報謝
弱化
弱電
弱酸
玉体
玉屋
玉音
玉菜
赤手
赤心
赤本
赤目
赤眼
赤地
赤虫
赤身
赤松
赤門
陽転
陽報
護法
生木
生皮
生肉
生色
生形
生血
生米
生国
生首
生面
生酒
生害
生紙
生動
生節
生番
性状
性情
径行
径庭
経水
経木
経伝
経学
経国
経師
経書
経堂
軽水
軽目
軽信
軽挙
軽罪
熱波
熱性
熱発
熱風
熱型
熱度
熱球
熱感
熱演
熱賛
熱願
織女
織元
織地
職印
職名
職安
職長
職制
職階
末孫
末筆
雲台
雲気
雲表
雲居
雲井
雲散
雲集
田夫
田野
欠本
欠号
欠目
欠便
欠食
欠格
欠配
欠講
講中
講社
講書
講説
来期
来演
流人
流言
流連
流速
流転
流罪
流質
好古
好打
好走
好配
好球
好望
好悪
好期
好戦
休心
休神
休耕
休漁
休館
要人
要用
要地
要式
要図
要具
要務
要港
要義
要職
帯下
約手
約言
角地
角灯
角貝
角店
角柱
角帯
角通
角番
角質
厚焼
炭火
炭団
炭焼
炭質
前付
立木
立会
立地
立技
立役
立見
立言
立命
立居
立国
立者
立食
立席
立番
立飲
立願
林木
林政
林野
林産
葉末
葉身
葉芽
葉物
葉風
葉桜
葉酸
談判
岩戸
岩室
岩根
岩脈
岩魚
岩場
業苦
旅心
旅所
旅情
食虫
食言
食間
飼鳥
飼葉
弓手
弓師
弓馬
弓張
留別
留男
止男
留具
止具
留鳥
留湯
老女
老中
老公
老手
老少
老生
老死
老来
老体
老兵
老臣
老実
老松
老酒
老害
老病
老農
老境
白太
白文
白水
白玉
白光
白糸
白波
白雨
白面
白星
白酒
白梅
白焼
白話
白熊
白銀
白銅
雪上
雪加
雪下
雪山
雪玉
雪目
雪花
雪空
雪原
雪雲
雪線
雪質
芸子
芸文
芸事
芸林
芸道
芸談
変型
変説
礼典
礼物
礼楽
短小
短毛
短文
短日
短打
短句
短見
短足
短夜
短音
短評
短資
風口
風月
風圧
風合
風防
風位
風見
風足
風前
風食
風帯
風害
風教
風眼
風解
早天
早出
早老
早馬
早番
早道
早飯
徒事
楽土
楽長
楽音
楽節
牛刀
犬死
犬馬
各方
折節
連星
領民
桜貝
昨紙
酸基
正塩
製織
赤経
先住
親好
死点
消夏
消音
焼身
小弟
少弟
小店
生薬
他動
体勢
定休
底数
庭前
登城
通弁
追試
業師
雑人
右筆
妹分
印面
雲景
英音
英武
栄落
英領
液安
塩浴
黄人
王孫
大店
音標
開銀
海景
海相
貨客
角牛
化工
河清
活線
活仏
火木
河流
官女
漢朝
外囲
学兄
岩頭
汽圧
機位
基教
季子
寄信
究理
教委
共役
鏡高
経史
共働
協働
曲管
曲度
去声
居常
切妻
近習
均勢
技研
義臣
牛角
行体
行中
玉顔
玉章
玉代
銀経
銀笛
空圧
国表
曲輪
訓解
郡制
郡長
経協
仮有
県境
県税
逆旅
月商
月相
月央
月金
言海
光照
公住
工大
鉱柱
高堂
工博
講武
行務
光来
高来
講和
国司
小箱
小目
根基
根菜
語格
左直
左表
左方
山径
産制
残柱
鹿皮
止観
識語
師資
失対
失保
士分
社共
週期
宿学
首章
主述
主節
小委
小一
生者
小乗
勝勢
昭然
昭代
勝着
小名
職組
織布
初葉
信金
深交
清国
真書
寺格
自玉
自工
字号
時習
実車
弱毒
重工
重変
情義
上声
上進
序歯
次類
数価
成空
清秋
青松
正比
精粉
昔時
世銀
切入
浅才
税調
候調
束群
素体
損率
損流
造次
属差
大兄
太守
多価
立入
谷水
単節
炭柱
短路
台辞
断路
治平
着米
中二
中飛
直輸
追刊
付木
庭訓
手刀
鉄粉
手機
手役
天重
田家
田作
電停
頭囲
登科
当行
投信
登第
投飛
都議
特快
共布
取代
導因
道央
道観
同市
同小
同大
道民
土日
日加
日出
日白
日波
農博
白兵
母鳥
半格
飛車
左耳
筆才
羊雲
比島
品位
比日
肥馬
標章
平声
風師
負極
複衣
複星
復答
復文
府庫
富鉱
府税
太糸
不犯
文博
平語
法会
放光
保無
本初
母材
店屋
道辺
民放
無死
明初
女波
綿実
薬包
有夏
遊失
右文
輸銀
用人
来由
梨花
梨果
陸岸
陸大
陸兵
利刀
略文
良久
良日
旅次
輪業
路加
連辞
労相
和気
和訓
大歌
木金
等方
木耳
成犬
桜祭
外客
成銀
成香
連量
欠品
顔着
参拾
不学
各停
政労
少子
食感
関説
暗点
上布
飛白
山側
立師
女達
初戦
星印
星型
星形
炭取
冬鳥
熱雲
達示
雨林
遠投
塩湖
快投
外報
外連
完調
旗門
気根
急冷
球速
旧館
居合
共起
強運
強酸
教歴
金器
決選
血刀
建学
見付
原液
原酒
戸車
公魚
工船
合札
黒鳥
差動
石女
小鹿
子鹿
試技
持方
質料
実包
社訓
車前
習合
集束
春歌
初球
勝差
常民
食分
心皮
新卒
新例
真皮
人定
図学
数表
青味
赤鼻
先史
川船
河船
全高
全問
走力
人様
多目
体毛
対極
大軍
単産
単子
単品
短目
地物
仲店
昼顔
昼光
直話
同和
独活
縄目
年休
年商
馬陸
配点
白州
判型
判形
部室
分断
文言
毎期
毎食
力感
労政
応札
楽句
小竹
図像
対地
注口
板場
名犬
野山
全休
予研
知財
追行
追完
解止
素案
発問
意字
液相
演述
塩安
黄経
温覚
温風
河漢
火取
火田
花材
花台
花物
花野
花葉
画業
解合
快気
海幸
海進
海雪
海台
絵皿
開管
開所
開度
開法
開方
階差
外書
官員
官治
官武
管球
落綿
布線
落筆
実親
法院
当校
起票
点着
総研
小書
極太
牛後
線状
整体
外銀
兄上
赤肉
職住
賀春
原末
事案
西和
和西
張形
表内
表外
食材
商流
通電
角打
通年
英人
米人
先回
類群
子機
親機
同送
建玉
近場
出自
性比
声道
相方
文具
本真
本間
無印
取方
陸連
薬名
手談
孫局
本葉
国側
角出
土国
通事
通辞
黄味
温気
注力
快食
県花
最速
昨週
試走
学参
損気
残置
海地
自軍
所出
数件
数行
数社
先述
線上
前月
前作
帯出
度毎
冬作
当会
物書
本状
名演
夕空
両社
星界
青粉
現調
現先
副長
同区
都銀
米兵
興銀
王弟
姉君
隊士
前王
宿星
圧面
麦球
洋文
鳴管
州議
魚体
船内
帳票
電着
減色
旅衣
留木
連画
正相
逆相
構体
帳表
手番
配意
母数
白物
府省
英検
里山
塩性
黄組
青組
緑組
焼損
車名
準州
国試
光機
国都
係合
採番
外積
分荷
花板
頭記
首記
線径
弟君
職位
結界
体術
文臣
帯板
見性
夕礼
麦類
本編
受肉
他州
直帰
法政
直近
地気
色校
楽日
明荷
力紙
張手
相星
手礼
北玉
輪湖
算式
道長
通箱
足輪
味塩
上右
上左
下右
下左
通紙
要説
法面
歌物
青白
長虫
周天
西語
念動
苦無
番代
車高
数歩
逆玉
波数
検知
見知
本会
文頭
礼記
老番
明夜
曲順
親水
仏花
暗箱
行所
板長
移築
英独
英仏
美白
式神
識神
遠流
外板
船上
前程
西下
人毎
港区
数種
横列
電食
自走
自公
前転
横材
目草
屋舎
内着
数独
実機
束子
天面
付保
祭官
票差
白飯
中人
青女
青花
旗弁
水飯
術者
枝角
政調
経産
前職
本歌
氷魚
参差
足長
単四
単二
県連
府連
都連
県都
無現
右横
旧市
米朝
京菜
家犬
犯歴
選時
食安
米側
軍歴
黒番
州外
州内
米紙
園生
船外
全総
入境
顔謝
公助
階調
元職
中皮
職質
発水
肉球
脈理
調波
前広
緑葉
側路
地毛
自毛
方立
特保
絵面
興産
豆科
真弓
水目
南天
残兵
印加
語例
復号
目合
勝機
有道
銀塩
主夫
色差
講述
漢検
折方
眼福
共形
多体
鹿肉
地鳥
男帯
改案
解像
角氷
集客
兄者
総記
年女
可算
鹿毛
固焼
昨夏
名表
香菜
談語
大阪
大坂
早目
速目
借入
小象
側転
大葉
入構
製番
員名
乗根
初刷
小熊
子熊
階建
手短
本学
細縄
英作
角形
角型
赤味
転部
転石
接助
精機
生技
男神
陽神
岩絵
特養
逆引
正引
空様
発止
月毛
当来
提子
寺内
頭身
岩板
声母
口音
反切
末文
川波
管外
型費
予兆
階高
港市
月代
検見
毛見
来夏
老犬
育休
読札
山号
入寺
初祖
作庭
道号
害者
白湯
素湯
順接
切字
計里
景雲
和銅
天応
天長
天徳
応和
康保
安和
天元
永観
長徳
長保
長和
長元
天喜
康平
永保
応徳
永長
康和
長治
天永
元永
天治
大治
永治
康治
天養
久安
平治
応保
永万
安元
養和
建久
正治
元久
建永
建保
建長
康元
正元
文応
文永
建治
正応
正安
徳治
応長
正和
文保
元応
元徳
建武
正平
建徳
元中
康永
文和
康安
応安
永和
永徳
志徳
康応
応永
正長
文安
康正
文正
明応
永正
大永
天正
元和
正保
正徳
元文
明和
安永
天保
文久
元治
観応
天和
梅肉
頭語
帰米
統語
油分
細石
板寄
寺号
法堂
子院
支院
枝院
官寺
鉱員
才六
馬手
番太
山内
寺中
校名
必敗
水和
楽車
馬連
相輪
受花
中台
板状
心柱
真柱
単立
前側
鼻頭
絵伝
体色
和様
飛雲
高検
助六
後漢
外光
星人
州法
青緑
板絵
木板
木印
他車
赤日
本月
土面
空引
立件
人日
交雑
食性
地象
売地
招福
演能
来館
熊送
金賞
銀賞
銅賞
正極
転折
破体
終筆
帰巣
熊虫
反歯
合字
漁協
球種
曲想
極相
極板
局名
金運
休部
先公
名車
大石
円文
客気
同法
羊皮
特上
魚心
和算
直火
茶葉
船形
足根
毒質
順光
送像
道内
絵付
赤絵
号口
品保
生管
生足
暴投
角字
名機
立礼
夜型
近村
金団
逆調
練香
足先
着生
戸建
対中
太目
性具
入格
分格
様格
内格
出格
所格
向格
共格
具格
水雲
海雲
付方
共作
女帯
布製
肥土
現着
入刀
径間
機変
雑味
度目
宿代
年型
金包
帰天
重電
大飯
細動
大魚
固電
黒石
白石
通園
減感
増感
快心
中一
散大
血流
熱水
氷上
残機
元型
句心
情動
入市
政客
貸室
包虫
鳥天
芸歴
外張
成道
金眼
卒園
冬芽
開学
人鳥
生食
谷町
借景
朝一
小父
毒男
独男
小母
苦菜
完食
完飲
術師
青目
清談
知音
図南
英日
日西
深皿
静置
編製
夜直
目黒
新古
判示
強面
特番
混炭
形動
体動
左変
佐変
良変
奈変
加変
速急
筆界
花金
画角
極製
和仏
洋字
音図
開音
合音
日比
指事
生有
死有
中有
本有
神具
丁夜
公欠
気門
野面
給紙
立大
有休
耳管
帰島
残菜
必達
赤点
養親
春節
絵組
学活
準正
赤鹿
赤花
回族
海自
仮足
美道
白軍
波食
少雨
愛様
毛先
種差
選言
牛屋
子達
約物
散茶
福岡
川崎
広島
埼玉
静岡
新潟
士師
月中
眼間
矢車
葉虫
青歯
破断
筆石
産生
像主
借字
教母
黒体
群部
早成
厚謝
農水
快然
赤魚
空然
現然
初編
母衣
大頭
竹笛
衛士
立刀
冬頭
糸頭
罪体
罪数
仏界
声聞
人界
季夏
季秋
季冬
上冬
子月
毛衣
外合
下合
上合
枝宮
本宮
別宮
新宮
今宮
大宮
大鹿
宿曜
雑節
社日
選日
肉月
列火
連火
語素
上科
小満
小暑
音写
真果
液果
下前
上宮
下宮
首紙
首上
円領
方領
往代
発頭
老頭
帰阪
小貝
刀子
類友
毛束
大貝
食編
経行
数分
山札
極体
西神
洋形
石帯
魚田
田遊
神田
木所
雑紙
紙箱
面的
特任
法性
清白
法輪
不識
冬木
夕雲
兵術
黒毛
因明
内明
仏図
油女
油目
油子
茶入
有念
報身
色身
応身
失行
旅鳥
田長
死出
鳥馬
羽白
白額
星月
太極
都卒
雨月
無極
物化
追河
持子
秋味
口細
西国
不道
復部
人手
女竹
弱竹
川竹
河竹
苦竹
漢竹
洋灯
酒石
角岩
根深
青魚
秋桜
語群
風鳥
原牛
当院
魚鳥
輪虫
線虫
適語
金味
漁史
元夫
元妻
数発
当帰
下文
鳥皮
湯室
犬子
犬児
陽動
雨音
軽銀
正典
回音
花丸
逆走
間葉
油物
消雪
肉柱
接心
印可
根管
仏眼
元正
水魚
門波
刀布
春機
改製
正写
高唱
月火
予熱
急雨
本皮
無字
岩虫
黄血
感作
燃素
日限
白田
本作
豆鹿
目木
名親
週案
青梨
正身
直身
自知
念話
仏身
所生
複塩
国章
限月
関電
米州
和主
発毛
長球
火車
石塩
山塩
星表
近点
遠点
月立
買春
頭花
綿羽
大羽
羽弁
羽枝
包葉
総包
葉序
特金
根音
上音
音画
理体
特講
神別
里桜
豆桜
色玉
夜顔
本目
林務
命婦
農大
清楽
明楽
母様
川虫
皮虫
聞法
見仏
観仏
木走
算賀
未申
地支
代引
後月
波型
海氷
相同
夜酒
直示
自機
神族
目耳
複相
応化
多型
多形
側芽
街金
採金
内府
上無
左楽
下無
勝絶
平調
雨鳥
口器
節間
仮根
土雲
眼張
目張
倍良
病葉
再入
日東
益人
太兆
申楽
散楽
楽部
発赤
引赤
真麦
太笛
式年
薬室
官人
庭火
府社
県社
社格
村社
階位
観心
関代
関副
春婦
柱間
黄酒
天王
人長
大証
布衣
参宿
牛宿
基語
群書
氏文
官司
細枝
主典
調光
河魚
黄梅
赤木
弁官
体文
速習
速修
係止
加群
回動
素元
赤短
日極
西周
東周
東漢
前漢
西漢
年央
天官
地官
春官
夏官
秋官
冬官
司徒
司空
司馬
戸部
礼部
兵部
工部
悲泣
立破
転院
前妻
間性
朝型
水石
矢竹
能管
編木
馬草
別体
土味
毛包
庭景
実桜
大箱
真名
真字
酒母
差羽
長銀
大神
卒族
小室
来孫
赤玉
朝練
雲孫
金銅
指羽
羽車
大玉
建水
何語
日共
中夏
何名
門葉
国保
台流
反力
土圧
暑夏
国造
野老
久木
平文
学食
星虫
矢虫
天部
後身
財番
借音
借訓
固相
大鳥
限目
小野
小田
細小
産女
正見
正行
助業
正命
正念
正定
音義
高一
高二
高三
第四
全村
出定
発願
石道
経本
開経
結経
本経
多時
空相
追給
気印
無徳
無有
能所
頭光
身光
本地
特管
経年
経時
真風
作出
術前
質店
内税
外税
所議
行道
両辺
師部
豆球
耳落
省内
西序
泳動
雪風
正悪
常歩
横足
歩法
発場
中銀
非文
在朝
標目
歯間
貯留
前出
先出
復電
複電
告解
上市
産学
結像
線表
給気
圧電
給送
局建
空列
結線
光化
主局
出側
節名
線種
束表
単紙
単票
転置
等化
等時
同報
内字
倍角
倍速
発局
半語
非数
付番
分間
名礼
連言
子安
通字
犬笛
町石
丁石
近医
立教
神伝
山行
保体
県政
角印
詩行
長着
頭首
本曲
管見
生中
馬印
馬標
馬験
在園
第九
等色
目付
害魚
口話
庫内
再見
流線
草付
追走
野梅
庭梅
銀葉
面高
貝母
通流
遊具
正逆
務所
自切
春花
配転
太線
細線
面布
休出
特休
去校
卒検
設変
新期
特区
底生
電情
来園
耳石
知客
良酒
犬種
長姉
星草
夕景
小部
検図
青毛
士人
白毛
売笑
綿作
愛器
茶湯
茶事
大寄
小間
月神
対自
黄衣
語種
声質
在院
真作
主菜
右図
日次
重苦
成女
新伝
日清
建屋
最北
大悪
出図
南区
表目
編図
漢才
代車
席外
地士
女院
同左
小技
小業
混文
合接
語間
神典
借間
具材
直和
数間
何用
医生
列福
根明
神名
客先
色数
旧族
始点
在社
雑題
残土
選好
放課
目力
糸倉
転手
点手
柱体
清笛
音圧
大検
小子
小妹
少妹
山梨
天板
星間
男運
女運
牛耳
両形
本田
春耕
成書
死苦
法益
属具
章程
読話
秒殺
天界
連写
観法
新仏
局紙
火病
示差
独参
本伝
帳台
帳代
技適
絶技
赤茶
兵農
中今
白土
塩橋
菜飯
史記
飯切
女顔
約因
縄編
所相
能相
神門
解結
居木
神像
大姉
室積
丁合
庫院
転句
生変
圧注
打刀
許状
茶花
達率
後炭
正炭
台子
天目
仕服
時数
社大
地鉄
残量
和国
基質
雑技
精飲
原口
多飲
提説
極書
理力
芽茶
真祖
草炭
同語
同案
内道
予参
真先
白炭
神位
神階
両部
和方
書字
標数
化仏
初度
動径
弱起
後周
責具
挙示
園舎
心耳
国訓
強的
特機
銀目
銀眼
折板
人月
合皮
石黄
帳合
梨地
能記
相待
絶待
日商
王府
表地
毒麦
未草
鉄魚
古馬
所記
回分
着味
野茨
非負
直留
個虫
通級
枝線
氷温
丸八
都草
円相
連玉
和毛
内数
留分
倍力
漢氏
連刷
連音
冷寒
冷温
例説
力線
領得
団茶
茶名
帯化
保父
葉理
葉状
洋白
授記
受記
有界
転作
代親
高神
薬店
約音
目板
目見
木化
明証
夏中
緑眼
本天
内属
法家
時球
報時
悪地
弁事
新貨
水音
墓園
品玉
輪子
放下
花貝
丸字
対心
流下
部別
銅版
布達
工所
湯液
神力
移流
引張
平曲
領略
徳器
世務
引目
白声
雲鏡
種芸
不食
老鳥
円板
園地
塩花
美君
格上
格下
張店
横流
病児
花豆
洋算
増勢
義親
精習
直根
強雨
断酒
常飲
線材
労金
美品
毎冬
単走
食人
灯体
丁香
下面
仮象
河食
火球
岩組
法術
格技
通約
当接
金文
使令
糸道
寺子
古名
明代
友子
者共
道走
内破
旅信
有要
林家
築後
築浅
歴女
字種
船名
義体
貝部
絵様
通船
鉄船
卒制
花炭
冬型
有理
複素
法体
便屋
司試
明神
正丁
全期
血中
念者
書箱
車外
地子
河谷
強電
初午
達士
筆画
女犯
精留
指笛
解隊
油屋
多極
副生
工種
土倉
馬軍
失活
方竹
法竹
詩化
別様
長板
大前
堂舎
生口
小車
主材
型物
差口
協治
石人
石製
旧情
配光
油火
防燃
単板
赤気
真円
複号
本図
組子
利生
前罪
光条
条線
外辺
内辺
長毛
来校
知解
区政
正法
和子
公地
官庫
酒旗
属州
間投
皮製
移記
最右
弱雨
左図
副菜
肉合
化転
妻白
妻黒
波止
波戸
商材
分有
長手
検真
付合
付台
馬体
入館
入管
苦鳴
水文
水理
支川
素魚
宮門
沖波
曲用
車速
安康
仏種
皮目
根石
工順
車室
地歴
春山
竹屋
小庭
客冬
橋板
小家
昼中
大川
名題
木札
句形
鉄塩
綿衣
綿服
布子
張板
土船
曲刀
用木
金神
中神
才英
大官
詩家
詩客
進士
詩業
駅使
伝録
旧詩
冷風
逆性
遊走
分枝
丁未
詩美
星官
客星
主鏡
減光
星群
算道
他校
希酸
番重
注連
駅馬
院試
光圧
門内
古松
足台
矢庭
昔者
庭土
弓場
弓庭
新円
生殺
図子
酸実
造像
増作
菜単
人見
造面
雑面
仏所
上通
市章
天一
耳当
里村
官船
葉音
死絶
丸竹
足底
無役
多動
投出
居高
和妻
青鼻
追出
風音
星河
雨夜
喜雨
雪間
深秋
風花
生半
花心
徒心
祝女
雪代
春衣
春服
花衣
初声
寒雨
寒雲
秋意
秋興
水貝
生貝
仕初
重賞
細管
実動
招木
秋空
大行
続航
副鏡
迷光
法雨
主柱
所内
人屋
比定
新湯
本祭
村内
当金
当銀
買薬
岡引
男湯
国者
都護
番屋
神札
童男
弁財
庭口
鹿子
損所
馬道
過者
過物
見始
矢取
口子
歩帯
欠所
女君
和鏡
独言
伝声
物外
最深
午飯
他色
仮色
自色
漢直
好味
王配
行徳
雑芸
少童
在宿
湯立
神遊
和産
本門
飛子
旅子
受宿
選対
舎人
雲級
月氏
月支
談林
上枝
下枝
外山
朝寒
平城
日女
後朝
名寄
記性
宮地
店立
親犬
議連
議運
風量
真屋
両下
風木
正対
春社
大年
大才
大災
年神
明王
後夜
中夜
順向
東学
粉種
眼圧
底質
開板
開版
貧村
福楽
糸屋
音高
茶利
新内
刊本
直様
病兵
白首
身屋
身舎
南庭
関船
早船
酒虫
持仏
出居
貧道
道仏
本品
外教
白板
飛過
都城
茶庭
中門
内教
神兵
角状
楽語
式楽
経脈
板橋
長詩
質物
表戸
在阪
船場
照葉
漢薬
対手
豆油
開先
高師
笑談
茶商
月待
街商
母岩
仏人
付室
前室
外転
内転
初風
湯番
分取
冷物
冷者
湯具
大額
勝山
訓言
後頭
初漁
高機
深林
島田
暗香
色子
転合
制統
定命
京童
広葉
燃木
常談
本統
清元
女楽
昼三
中三
出女
間切
友会
姉分
竹束
茶船
技協
初会
適期
田所
力代
計帳
任国
旅宿
工期
直衣
具名
朝陽
朝空
山畑
木羽
岩綿
岩面
実年
書皮
春昼
残寒
秋暑
黄冬
初月
令月
親月
梅月
桜月
正倉
寺領
清和
夏館
秋耕
田守
初市
池水
薬石
夏雲
電休
木橋
各条
仏土
地民
主公
司式
開浴
作務
化鳥
小松
寺務
送配
他種
禁野
無業
共在
再築
在地
歯元
図絵
絵羽
里犬
銀面
制式
体幹
海側
週次
商連
例語
院卒
始電
前仏
後仏
点本
素本
検数
立談
売日
物日
物前
毒化
愛酒
木豆
走性
雑酒
整序
風来
造仏
東名
集印
神機
車地
車知
耳貝
波貝
石貝
船貝
玉貝
日外
内帯
外帯
節理
鳴鳥
落雪
雪夜
雪輪
雪止
雪持
雪消
雪解
雪水
雪仏
雪氷
雪形
山雪
里雪
無雪
飛雪
雪食
赤雪
春雪
宿雪
圧雪
雪室
細氷
未生
着果
中度
松目
赤熊
最弱
生日
少許
現号
授章
終着
羊群
岩群
神成
無化
柱書
指板
周面
虫魚
神使
断章
低所
部費
毎夏
徒士
面角
家務
家司
中店
通物
起首
破題
春水
兄分
町湯
字眼
詩眼
念友
念人
中宿
風度
末家
決答
詩会
弁説
海手
本星
農人
大州
正楽
雑楽
耳毛
個物
生歯
農書
金毛
北堂
小虫
行手
後山
来手
朝活
引波
寄波
来学
開式
農高
放線
陸自
無角
向付
早弁
平包
受電
冷製
温製
工区
観護
減弱
流路
管路
仏位
総局
地銀
通期
期近
理会
部民
品部
海保
山外
豆打
半歩
平入
妻入
予祝
食積
食草
大服
福茶
初事
横板
寒九
火祭
丁銀
冬菜
貝焼
売色
年見
役責
新粉
木守
能平
数育
功程
黒質
黒化
黄化
白化
験者
想察
当薬
水毒
貝寄
春田
半成
魚種
最遠
足囲
測位
足半
足中
食味
飛節
売付
作話
青星
額角
無敗
寄場
群山
春日
親石
黒液
英王
静電
雨下
本表
格率
集村
散村
軽風
限局
間質
間柱
門生
長頭
短頭
中頭
長角
鉱車
炭車
金円
白味
塩角
酸価
配向
金頭
火魚
欠望
朝服
無点
録取
混植
兄矢
早矢
精原
矢束
数矢
酒米
赤米
風選
湯取
黄飯
名田
辺防
本機
平場
名水
井水
園池
余効
軽質
州兵
赤血
重質
言述
公所
全州
足指
肉厚
月役
休薬
薬中
算額
黒味
黒身
医方
常灯
復社
近位
大言
転流
足部
大戸
走時
門中
名石
冷点
前医
復円
賞辞
賞典
筆屋
心象
貧小
空店
明店
事観
観経
温玉
経題
品題
編章
水金
燃油
金梅
笛柱
便追
正先
水損
修行
上首
地紙
小門
屋戸
屋前
証取
坂路
阪路
住金
貸物
右記
終速
訓化
語序
和酒
山月
親兵
財投
非熱
和習
好位
短観
太物
新編
断筆
行草
調性
説示
仕所
詩神
詩書
試金
交連
児相
評説
店名
帰日
夏期
春期
春気
多夫
遊園
神庫
新子
女木
男木
単館
初動
共修
長歌
勝運
独禁
減車
増車
相銀
正横
修成
君等
色味
神鹿
表方
石経
不成
直長
音取
桜重
出禁
県費
馬名
線区
商銀
信組
板厚
山立
測候
測光
産炭
満都
領置
名橋
兄様
折丁
箱型
箱形
内食
徒毛
移牧
上編
下編
歩卒
和協
晴男
晴女
厚目
打設
太師
太保
大保
地体
機外
新船
血道
血石
血温
陸貝
鏡貝
半建
手力
鹿木
虫部
取米
取永
厚様
厚葉
葉形
復水
州走
水注
指差
荷印
芽球
芽体
全作
断頭
色度
色価
船軍
禁色
音数
名局
牛飯
寒熱
犬科
日台
村戸
雪面
下医
丸暴
能才
直人
徒罪
徒人
山草
耕田
中太
食油
極味
花月
園庭
放冷
来局
来県
独古
来者
来秋
来所
来冬
来命
相合
往者
王都
原反
終礼
礼紙
軍持
黒牛
方案
法意
法音
方音
金時
付毛
来行
来札
来集
来路
来話
楽毛
落月
落車
楽所
落照
楽事
落字
落勢
落想
落帯
楽地
落鉄
落梅
間紙
間銀
合銀
愛校
愛日
種間
角食
初句
弱勢
相店
愛重
相年
愛念
相番
相等
間日
合火
相引
月一
相物
間物
合物
老梅
西進
山食
湖口
夏羽
海緑
色界
他屋
別火
不落
向日
落研
余年
火灯
火頭
開湯
有生
湯量
飲師
君父
断口
古期
角回
仏徳
転質
台船
出州
文香
基材
断岩
目結
残戸
節祭
住戸
平虫
声点
様方
雑肉
山幸
桜皮
黄皮
黒皮
犬皮
好発
性海
頭職
経管
徒言
横言
温言
家言
単型
単形
皮弁
表事
王父
王母
公空
級別
直毛
名様
差上
差声
指声
入方
京滋
芸香
安車
切絵
寒酸
混酸
葉菜
洋物
和物
中物
気死
経死
次発
星石
板石
青石
油石
油色
次客
熱学
無信
両個
独歩
停波
歌語
火風
迷言
金性
金位
初品
大用
黒便
町営
枝肉
逆元
京官
外官
校区
湖風
酒息
物相
組員
自損
他損
的場
改質
紙皿
内官
現国
角化
所場
害人
京間
泳力
商屋
道議
道会
多選
初表
初参
落水
各様
青短
次葉
馬着
何頭
母熊
毒女
副文
独女
小顔
特服
欠指
多指
中歯
学的
玉型
玉形
小的
準的
数的
全的
買弁
比量
歯黒
再構
角家
好客
石打
印地
子祭
外箱
自死
外大
外群
町議
来島
女護
上一
同君
製板
丁種
真説
水月
女男
最安
愛迷
小戦
道着
現法
公比
短少
大取
助動
格助
連体
係助
終助
公利
感取
雲茶
安者
情弱
浅木
夏空
体養
社協
秋月
相中
相仲
画力
物申
白組
府内
血浴
女真
女直
区快
辺材
水場
数検
社食
顔中
各科
用後
共色
風草
遠行
小夏
市神
犬神
内神
産神
枝神
花神
河神
歌神
鳴神
行神
栄名
男名
厚司
厚子
生馬
焼型
旗章
付勢
刀室
聞香
落橋
軽声
観能
個目
色石
迷案
暗語
丸査
迷演
迷界
迷曲
迷作
転活
名説
迷説
迷想
類義
兵衛
無勉
洋医
素札
要解
路次
防雨
登園
帰園
初給
常着
祝別
民暴
庭内
焼石
点出
殺法
分級
判箱
悲調
半間
内柱
側板
毛帯
他教
鼻角
海角
提題
西京
暴牛
製肉
矢師
矢作
的矢
計約
伝写
長路
長道
土代
死都
海鳴
友船
外臣
市報
和色
大森
河道
高中
急風
自演
波板
応器
店印
体節
白道
台北
反中
死馬
素書
児子
箱物
雑益
雑観
雑犬
雑交
詩体
場風
順子
犬服
魚眼
目面
投句
下衣
持札
絶念
非鉄
面金
酒人
神境
天児
静音
横周
男顔
入村
来福
来京
中底
光害
打感
持芸
和薬
小村
通名
解囲
和約
末子
白球
山折
持手
豆男
代子
不告
教子
鉄球
玉状
無主
黒玉
名色
長鼻
受話
固目
日語
体表
首元
必置
平句
平草
耳鏡
耳金
耳標
白茶
考試
不育
卒後
徒卒
終活
馬船
水軍
終章
庫堂
大知
明知
編年
編地
毛程
線毛
末妹
素食
変分
秋雪
雨雪
銀雪
男山
女山
風戸
夏冬
反流
切金
細金
結目
経皮
入家
長崎
有塩
加塩
実食
業法
内衣
漢水
寒水
在居
居在
入山
名詩
矢張
名帳
当寺
当山
乗鉄
組物
競場
山名
多客
海禁
名城
陽的
通底
洋刀
保活
往査
松皮
松川
航送
曲集
寒苦
年酒
冬月
野遊
古葉
春灯
畑焼
聞茶
利茶
春意
春興
足刀
投写
説破
直臣
葉肉
小味
素牛
笑仏
福神
常衣
横物
上湯
前張
内調
手事
着回
陸電
秋寒
陸島
分画
後転
星様
正肉
夜飯
正報
科名
治効
属人
遊着
単五
属地
寒桜
集住
冬桜
円石
宮寺
自園
社領
社地
身毒
申毒
平頭
性技
着方
土建
小柱
神農
石基
局在
化内
化外
名神
鳥頭
豆果
節果
単果
石果
苦参
強取
罪証
申述
圧条
乗口
差縄
指縄
常在
講会
徒金
会歌
同中
島外
側道
品証
常規
面一
在館
水天
球陽
小板
積金
特少
食養
打手
鳥飯
公主
着金
予圧
門主
個社
荷室
財相
深青
丸皿
真神
食入
食害
時花
清冷
入線
線素
育毛
育林
集英
在特
類話
全室
駅近
中量
油団
他説
説述
終油
終板
酒食
無文
有文
建主
必食
身位
完母
外政
学法
確変
家用
基体
火防
宮号
正時
全英
氷頭
中綿
短報
修習
家着
薬浴
期望
来城
群行
常考
魚形
損減
出玉
出球
感圧
中石
母星
細断
長城
化調
時角
他書
配荷
唱題
送客
実字
助字
順手
減災
小像
直生
術野
音場
長点
短点
駅中
売電
花酒
船庫
同母
同父
勇兵
写仏
新線
快演
目数
内製
発来
細根
紙土
紀伝
糸状
師管
管足
管束
減設
等圧
筆録
笛竹
章動
神水
外航
風笛
入数
空事
国選
要事
前玉
船祭
変顔
父馬
作刀
公女
学都
気切
他銀
駅家
静圧
部番
動圧
桜人
犬桜
明弁
下階
上階
他筆
相加
残差
造水
福木
余説
音形
音型
神幸
体側
試製
本身
神事
対馬
敗着
氷州
言表
現社
下木
暗屋
暗者
上木
雪茶
筆毛
浴舎
緑草
塩茶
日局
保水
日土
野音
立面
芽生
森立
生豆
葉群
常夜
休筆
半目
夜天
間章
山主
駅子
産機
限流
底部
火船
入店
売高
雲客
示指
無終
実事
側筆
産直
末等
湯畑
参命
作命
海総
金満
別字
局方
白度
上士
衛護
小玉
練度
病者
追証
残席
竹炭
散炭
助炭
小炭
人才
味酒
歩速
採種
用土
全点
素見
黒暗
終朝
白象
中輪
日天
月天
月宮
銀鏡
鉄面
流局
服種
品代
同生
真花
初鳴
欠測
波力
海口
矢石
矢状
味玉
単球
海南
場札
組札
早梅
何色
老働
花塩
強塩
水族
深田
再話
笑門
配席
雑肥
焼土
休園
夏毛
自強
官本
住屋
特学
整氷
作中
野風
営力
整枝
末客
便名
仮構
球児
採火
足乗
特願
連取
造立
葉先
分合
同属
夜用
銀歯
山体
父王
父音
修旅
不応
何階
居館
紙管
顔芸
正円
戦区
薬事
空自
理義
茶素
母貝
重音
実化
歯周
混乗
昨季
中文
全波
新同
外生
内生
士業
民画
奈良
省都
黒札
金鉱
年確
個食
固食
作略
差略
梅色
元夕
菜心
方士
方技
清見
帰隊
軍才
主業
町代
力率
玉糸
地厚
投戦
無目
防鳥
小球
減容
遊人
女役
根際
力価
分置
考古
位格
門標
門表
黒変
社号
小花
減便
買時
買場
細麦
単意
岩梅
雪梨
豆梨
重種
玉眼
類化
菜豆
強精
有責
作字
村切
次作
農用
赤物
熊肉
仏女
金葉
小旗
価数
急焼
手皿
食時
帰責
半顔
下代
修景
減歩
安目
筆札
散積
親業
陸士
変電
皮田
皮多
川田
河田
位田
功田
郡司
大領
少領
職田
史生
事力
解官
欠官
官物
出挙
老丁
次丁
仕丁
白布
白張
課口
少丁
中男
課戸
白丁
実部
半夏
陽根
試買
採水
差音
指芸
多調
直積
増白
公船
産子
冷菜
面圧
花水
家国
事計
白頭
重土
側位
立位
青線
敗勢
関手
句例
複体
素点
原水
暗夜
軽雨
毒親
未病
切土
減流
病衣
冬天
好字
旧札
回青
西教
等倍
通言
転帰
単糸
幸水
新水
養方
列植
固結
姉者
台屋
建家
損者
損友
対飲
橋上
量化
直道
証果
美婦
神回
周長
体高
像面
常花
金土
相人
経血
水行
石子
石投
名子
特損
銀玉
冬祭
何型
破折
対合
昼帯
古形
敗余
圧状
英学
育薬
丸走
旧車
逆電
肉粉
他害
聞様
手球
建軍
共変
敗肉
眼肉
禁薬
軽車
切枝
切頭
断切
殺屋
別電
早発
打製
民工
馬毛
回頭
最東
最西
変声
力積
暗数
京城
風成
土性
祖神
空力
唱法
車校
星列
来住
断機
節日
戦馬
下令
官地
紙製
色水
逆位
投法
略表
城館
共紙
化性
米銀
留心
自風
庭場
味得
保修
馬産
軽四
花六
包有
油玉
油球
団練
水団
南流
北流
東流
西流
着港
黒犬
白犬
人年
園路
時法
都有
物標
演台
薬科
種数
残材
秋夕
統失
氷球
板材
液冷
足浴
手浴
石理
石目
魚子
上元
下元
語中
年半
民屋
留数
通所
主星
隊務
県紙
枝条
同通
発報
黄落
火綿
寄主
有向
名園
持高
固技
伝書
別学
旗国
貯食
体菜
香害
低塩
争友
勝義
後根
古材
神曲
上葉
病妻
鉱体
雲中
福豆
水氷
実売
有印
湖北
方書
通直
留出
愛徳
近流
上国
落木
多頭
建場
大矢
木毛
望観
絶起
便女
元期
改氏
次戦
単六
氷箱
減肉
上肉
両県
球質
初桜
内肉
内質
初語
紀年
県央
急便
氷島
輪行
奈行
和行
校書
中朝
放学
型代
雑器
青肉
兵児
両校
古美
色名
左書
虫札
散打
平行
左横
球際
包菜
性学
虫国
放楽
漢代
車列
前席
後席
宮内
脈石
神矢
用弁
額金
末額
額当
下土
混走
検身
町道
青身
音度
内見
副編
増成
輪縄
留職
横持
陽圧
県鳥
初学
電書
後庭
重弁
集音
進法
中軍
新都
新京
象鳥
県土
帰城
行雲
市名
送粉
中計
男波
移用
秋高
青焼
西行
清代
岩松
表山
旗持
大外
旗指
旗差
緑園
相倍
縄師
当園
航戦
鉄馬
社保
強殺
比興
仏子
横飯
歩様
酒塩
苦海
報土
新駅
粉物
合筆
余数
相接
像容
積水
版面
暴雨
上門
外名
内名
隊旗
他責
起始
各日
病休
活語
着差
時中
庭中
連単
連複
多子
真中
庭桜
河海
西夏
来沖
北周
検修
星章
弓兵
天宮
所務
鉱酸
側方
精鉱
粉鉱
宮女
親中
羽板
毛鉱
点群
白質
州牧
母者
出職
居職
青漢
山居
山井
貝肉
令和
造字
人用
車間
配食
管楽
別日
青金
都区
直電
士民
転筆
秒角
飛天
府営
道営
仏英
根矢
糸玉
地雨
表店
表年
郡境
標柱
軍場
数札
火計
長弓
転園
木道
心所
不害
秋雲
朝雲
馬取
山雲
神王
古布
終雪
仏格
玉酒
西軍
願人
放生
米式
英式
魚市
魚店
地魚
根魚
寒松
畑刀
小二
駅務
出丸
付置
小三
小四
小五
小六
犬顔
母牛
黄牛
京男
右前
国方
早版
試遊
地車
犬肉
重連
湯種
室礼
長春
走向
余席
乗機
極夜
種井
例句
行星
清美
係柱
岩梨
客前
住居
王台
好晴
飛入
回書
旧図
進運
条章
昭示
率由
断歯
康福
兵額
準行
静定
情形
社有
空書
明所
保衛
通理
泣男
泣女
焼色
集居
守則
書芸
官兵
合営
香子
現時
領導
在民
校地
省思
残任
黄旗
会務
耕芸
器皿
市国
業容
死絵
里地
下辺
反社
中辺
種石
国歩
金地
造物
演練
正着
極技
小酒
上波
後側
春物
改令
工口
大耳
他紙
代目
増備
夜職
昼職
点前
細注
中衣
早雪
回雪
素話
有婦
遊標
有妻
無妻
遊士
遊糸
温故
新出
軍種
下議
英紙
文協
親雪
利雪
春運
白肉
野味
黄連
歌意
官服
紙店
作絵
寒食
冷食
筆研
金光
性夢
墓上
解義
義解
志業
変易
変故
左眼
右眼
心友
後来
素願
素望
受苦
整置
正置
時余
詩余
史要
減音
属七
属音
側女
側妻
州税
側目
詩意
今世
和弓
両京
群遊
残欠
語別
重九
丸台
菜類
文身
全一
墓室
素衣
素意
都電
格組
旧君
旧訓
特牛
貧生
他地
多知
辞謝
雑語
紙版
導引
挙例
保命
大害
有米
馬医
妹君
休院
休室
国所
図化
生所
人天
草薬
物名
定日
春望
雨意
天山
首部
応護
漢服
別語
門流
比容
非器
水災
連字
満地
新葉
州立
新馬
無食
産飯
食素
魚菜
本寺
余話
刷師
道上
府道
都道
伝助
理気
大覚
手損
手得
辺上
妹兄
仏和
末造
羽球
雑戸
官戸
居中
安地
女書
観者
世運
領野
書紀
書史
海佐
貝葉
人海
笛子
菜切
町丁
再検
算筆
新知
必備
祖考
聞見
日新
本所
老大
配植
本金
車重
行法
同作
兵災
地動
地利
余等
予等
連木
小感
合紙
筆字
実飲
絶体
覚路
組香
香札
北送
兵庫
立県
出雲
加賀
能登
宮崎
熊本
佐賀
山口
岡山
松山
高知
香川
高松
徳島
愛知
滋賀
福井
石川
富山
長野
群馬
前橋
高崎
栃木
水戸
福島
岩手
秋田
青森
常陸
陸前
信州
豊後
備前
石見
肥後
豊前
周防
肥前
出羽
羽後
羽前
下総
備後
岩代
陸中
測線
肥州
良化
豊州
両豊
備州
陸州
連通
毒毛
重言
民鉄
快急
厚口
長声
郡民
極似
大二
小丸
目札
神命
天川
答電
印圧
色上
金札
鉄札
冷感
完泳
転子
常見
像法
追客
都税
道税
愛神
朝命
会者
宮相
酸葉
悪食
勇魚
新楽
男方
男形
解停
引家
母側
父側
高商
経界
県南
無間
顔本